 icedemo

 Timestamp is 5a547490 (Tue Jan  9 15:51:44 2018)

 Preferred load address is 0000000140000000

 Start         Length     Name                   Class
 0001:00000000 00028ecbH .text$mn                CODE
 0001:00028ed0 00000012H .text$mn$00             CODE
 0001:00028ee2 00000036H .text$x                 CODE
 0002:00000000 00000448H .idata$5                DATA
 0002:00000448 00000010H .00cfg                  DATA
 0002:00000458 00000008H .CRT$XCA                DATA
 0002:00000460 00000008H .CRT$XCAA               DATA
 0002:00000468 00000008H .CRT$XCZ                DATA
 0002:00000470 00000008H .CRT$XIA                DATA
 0002:00000478 00000008H .CRT$XIAA               DATA
 0002:00000480 00000008H .CRT$XIAC               DATA
 0002:00000488 00000008H .CRT$XIZ                DATA
 0002:00000490 00000008H .CRT$XPA                DATA
 0002:00000498 00000008H .CRT$XPZ                DATA
 0002:000004a0 00000008H .CRT$XTA                DATA
 0002:000004a8 00000008H .CRT$XTZ                DATA
 0002:000004b0 00000000H .gfids$x                DATA
 0002:000004b0 00006304H .rdata                  DATA
 0002:000067b4 00000244H .rdata$zzzdbg           DATA
 0002:000069f8 00000008H .rtc$IAA                DATA
 0002:00006a00 00000008H .rtc$IZZ                DATA
 0002:00006a08 00000008H .rtc$TAA                DATA
 0002:00006a10 00000008H .rtc$TZZ                DATA
 0002:00006a18 00003c6cH .xdata                  DATA
 0002:0000a684 00000000H .edata                  DATA
 0002:0000a684 000000f0H .idata$2                DATA
 0002:0000a774 00000014H .idata$3                DATA
 0002:0000a788 00000448H .idata$4                DATA
 0002:0000abd0 00000848H .idata$6                DATA
 0003:00000000 00002ad4H .data                   DATA
 0003:00002ae0 00001d40H .bss                    DATA
 0004:00000000 000031ecH .pdata                  DATA

  Address         Publics by Value              Rva+Base               Lib:Object

 0000:00000000       __guard_fids_count         0000000000000000     <absolute>
 0000:00000000       ___safe_se_handler_count   0000000000000000     <absolute>
 0000:00000000       __guard_fids_table         0000000000000000     <absolute>
 0000:00000000       ___safe_se_handler_table   0000000000000000     <absolute>
 0000:00000100       __guard_flags              0000000000000100     <absolute>
 0000:00000000       __ImageBase                0000000140000000     <linker-defined>
 0001:00002710       main                       0000000140003710 f   icedemo.obj
 0001:00002bf0       __local_stdio_printf_options 0000000140003bf0 f i icedemo.obj
 0001:00002c00       __local_stdio_scanf_options 0000000140003c00 f i icedemo.obj
 0001:00002c10       _snprintf                  0000000140003c10 f i icedemo.obj
 0001:00002c70       printf                     0000000140003c70 f i icedemo.obj
 0001:00002cd0       sscanf                     0000000140003cd0 f i icedemo.obj
 0001:00002d20       pjnath_init                0000000140003d20 f   pjnath-x86_64-x64-vc14-release:errno.obj
 0001:00002d60       pjnath_perror              0000000140003d60 f   pjnath-x86_64-x64-vc14-release:errno.obj
 0001:000052e0       pj_ice_calc_foundation     00000001400062e0 f   pjnath-x86_64-x64-vc14-release:ice_session.obj
 0001:000053e0       pj_ice_get_cand_type_name  00000001400063e0 f   pjnath-x86_64-x64-vc14-release:ice_session.obj
 0001:00005400       pj_ice_sess_add_cand       0000000140006400 f   pjnath-x86_64-x64-vc14-release:ice_session.obj
 0001:00005700       pj_ice_sess_change_role    0000000140006700 f   pjnath-x86_64-x64-vc14-release:ice_session.obj
 0001:00005760       pj_ice_sess_create         0000000140006760 f   pjnath-x86_64-x64-vc14-release:ice_session.obj
 0001:00005a70       pj_ice_sess_create_check_list 0000000140006a70 f   pjnath-x86_64-x64-vc14-release:ice_session.obj
 0001:00005ec0       pj_ice_sess_destroy        0000000140006ec0 f   pjnath-x86_64-x64-vc14-release:ice_session.obj
 0001:00005ef0       pj_ice_sess_on_rx_pkt      0000000140006ef0 f   pjnath-x86_64-x64-vc14-release:ice_session.obj
 0001:000060f0       pj_ice_sess_options_default 00000001400070f0 f   pjnath-x86_64-x64-vc14-release:ice_session.obj
 0001:00006110       pj_ice_sess_send_data      0000000140007110 f   pjnath-x86_64-x64-vc14-release:ice_session.obj
 0001:00006250       pj_ice_sess_set_options    0000000140007250 f   pjnath-x86_64-x64-vc14-release:ice_session.obj
 0001:000062c0       pj_ice_sess_set_prefs      00000001400072c0 f   pjnath-x86_64-x64-vc14-release:ice_session.obj
 0001:00006340       pj_ice_sess_start_check    0000000140007340 f   pjnath-x86_64-x64-vc14-release:ice_session.obj
 0001:00007f80       pj_ice_strans_cfg_copy     0000000140008f80 f   pjnath-x86_64-x64-vc14-release:ice_strans.obj
 0001:00008150       pj_ice_strans_cfg_default  0000000140009150 f   pjnath-x86_64-x64-vc14-release:ice_strans.obj
 0001:00008260       pj_ice_strans_create       0000000140009260 f   pjnath-x86_64-x64-vc14-release:ice_strans.obj
 0001:00008610       pj_ice_strans_destroy      0000000140009610 f   pjnath-x86_64-x64-vc14-release:ice_strans.obj
 0001:00008620       pj_ice_strans_enum_cands   0000000140009620 f   pjnath-x86_64-x64-vc14-release:ice_strans.obj
 0001:00008760       pj_ice_strans_get_def_cand 0000000140009760 f   pjnath-x86_64-x64-vc14-release:ice_strans.obj
 0001:00008880       pj_ice_strans_get_role     0000000140009880 f   pjnath-x86_64-x64-vc14-release:ice_strans.obj
 0001:000088a0       pj_ice_strans_get_running_comp_cnt 00000001400098a0 f   pjnath-x86_64-x64-vc14-release:ice_strans.obj
 0001:000088d0       pj_ice_strans_get_ufrag_pwd 00000001400098d0 f   pjnath-x86_64-x64-vc14-release:ice_strans.obj
 0001:00008960       pj_ice_strans_has_sess     0000000140009960 f   pjnath-x86_64-x64-vc14-release:ice_strans.obj
 0001:00008980       pj_ice_strans_init_ice     0000000140009980 f   pjnath-x86_64-x64-vc14-release:ice_strans.obj
 0001:00008cb0       pj_ice_strans_sendto       0000000140009cb0 f   pjnath-x86_64-x64-vc14-release:ice_strans.obj
 0001:00008f10       pj_ice_strans_sess_is_complete 0000000140009f10 f   pjnath-x86_64-x64-vc14-release:ice_strans.obj
 0001:00008f30       pj_ice_strans_sess_is_running 0000000140009f30 f   pjnath-x86_64-x64-vc14-release:ice_strans.obj
 0001:00008f60       pj_ice_strans_start_ice    0000000140009f60 f   pjnath-x86_64-x64-vc14-release:ice_strans.obj
 0001:000091c0       pj_ice_strans_stop_ice     000000014000a1c0 f   pjnath-x86_64-x64-vc14-release:ice_strans.obj
 0001:0000b080       pj_stun_attr_clone         000000014000c080 f   pjnath-x86_64-x64-vc14-release:stun_msg.obj
 0001:0000b0e0       pj_stun_binary_attr_init   000000014000c0e0 f   pjnath-x86_64-x64-vc14-release:stun_msg.obj
 0001:0000b170       pj_stun_errcode_attr_create 000000014000c170 f   pjnath-x86_64-x64-vc14-release:stun_msg.obj
 0001:0000b280       pj_stun_get_attr_name      000000014000c280 f   pjnath-x86_64-x64-vc14-release:stun_msg.obj
 0001:0000b2d0       pj_stun_get_class_name     000000014000c2d0 f   pjnath-x86_64-x64-vc14-release:stun_msg.obj
 0001:0000b320       pj_stun_get_err_reason     000000014000c320 f   pjnath-x86_64-x64-vc14-release:stun_msg.obj
 0001:0000b3b0       pj_stun_get_method_name    000000014000c3b0 f   pjnath-x86_64-x64-vc14-release:stun_msg.obj
 0001:0000b3e0       pj_stun_msg_add_attr       000000014000c3e0 f   pjnath-x86_64-x64-vc14-release:stun_msg.obj
 0001:0000b410       pj_stun_msg_add_binary_attr 000000014000c410 f   pjnath-x86_64-x64-vc14-release:stun_msg.obj
 0001:0000b4c0       pj_stun_msg_add_empty_attr 000000014000c4c0 f   pjnath-x86_64-x64-vc14-release:stun_msg.obj
 0001:0000b550       pj_stun_msg_add_errcode_attr 000000014000c550 f   pjnath-x86_64-x64-vc14-release:stun_msg.obj
 0001:0000b5d0       pj_stun_msg_add_msgint_attr 000000014000c5d0 f   pjnath-x86_64-x64-vc14-release:stun_msg.obj
 0001:0000b630       pj_stun_msg_add_sockaddr_attr 000000014000c630 f   pjnath-x86_64-x64-vc14-release:stun_msg.obj
 0001:0000b6c0       pj_stun_msg_add_string_attr 000000014000c6c0 f   pjnath-x86_64-x64-vc14-release:stun_msg.obj
 0001:0000b790       pj_stun_msg_add_uint64_attr 000000014000c790 f   pjnath-x86_64-x64-vc14-release:stun_msg.obj
 0001:0000b830       pj_stun_msg_add_uint_attr  000000014000c830 f   pjnath-x86_64-x64-vc14-release:stun_msg.obj
 0001:0000b8c0       pj_stun_msg_check          000000014000c8c0 f   pjnath-x86_64-x64-vc14-release:stun_msg.obj
 0001:0000ba20       pj_stun_msg_create         000000014000ca20 f   pjnath-x86_64-x64-vc14-release:stun_msg.obj
 0001:0000ba90       pj_stun_msg_create_response 000000014000ca90 f   pjnath-x86_64-x64-vc14-release:stun_msg.obj
 0001:0000bb90       pj_stun_msg_decode         000000014000cb90 f   pjnath-x86_64-x64-vc14-release:stun_msg.obj
 0001:0000c170       pj_stun_msg_encode         000000014000d170 f   pjnath-x86_64-x64-vc14-release:stun_msg.obj
 0001:0000c550       pj_stun_msg_find_attr      000000014000d550 f   pjnath-x86_64-x64-vc14-release:stun_msg.obj
 0001:0000c590       pj_stun_msg_init           000000014000d590 f   pjnath-x86_64-x64-vc14-release:stun_msg.obj
 0001:0000c630       pj_stun_sockaddr_attr_init 000000014000d630 f   pjnath-x86_64-x64-vc14-release:stun_msg.obj
 0001:0000d750       pj_stun_msg_destroy_tdata  000000014000e750 f   pjnath-x86_64-x64-vc14-release:stun_session.obj
 0001:0000d7f0       pj_stun_session_cancel_req 000000014000e7f0 f   pjnath-x86_64-x64-vc14-release:stun_session.obj
 0001:0000d8b0       pj_stun_session_create     000000014000e8b0 f   pjnath-x86_64-x64-vc14-release:stun_session.obj
 0001:0000da50       pj_stun_session_create_ind 000000014000ea50 f   pjnath-x86_64-x64-vc14-release:stun_session.obj
 0001:0000db50       pj_stun_session_create_req 000000014000eb50 f   pjnath-x86_64-x64-vc14-release:stun_session.obj
 0001:0000dce0       pj_stun_session_create_res 000000014000ece0 f   pjnath-x86_64-x64-vc14-release:stun_session.obj
 0001:0000de30       pj_stun_session_destroy    000000014000ee30 f   pjnath-x86_64-x64-vc14-release:stun_session.obj
 0001:0000df40       pj_stun_session_on_rx_pkt  000000014000ef40 f   pjnath-x86_64-x64-vc14-release:stun_session.obj
 0001:0000e1c0       pj_stun_session_respond    000000014000f1c0 f   pjnath-x86_64-x64-vc14-release:stun_session.obj
 0001:0000e2b0       pj_stun_session_retransmit_req 000000014000f2b0 f   pjnath-x86_64-x64-vc14-release:stun_session.obj
 0001:0000e350       pj_stun_session_send_msg   000000014000f350 f   pjnath-x86_64-x64-vc14-release:stun_session.obj
 0001:0000e6d0       pj_stun_session_set_credential 000000014000f6d0 f   pjnath-x86_64-x64-vc14-release:stun_session.obj
 0001:0000e770       pj_stun_session_set_log    000000014000f770 f   pjnath-x86_64-x64-vc14-release:stun_session.obj
 0001:0000e780       pj_stun_session_set_software_name 000000014000f780 f   pjnath-x86_64-x64-vc14-release:stun_session.obj
 0001:0000e7f0       pj_stun_session_set_user_data 000000014000f7f0 f   pjnath-x86_64-x64-vc14-release:stun_session.obj
 0001:0000e840       pj_stun_session_use_fingerprint 000000014000f840 f   pjnath-x86_64-x64-vc14-release:stun_session.obj
 0001:0000ed50       pj_stun_auth_cred_dup      000000014000fd50 f   pjnath-x86_64-x64-vc14-release:stun_auth.obj
 0001:0000ee00       pj_stun_auth_valid_for_msg 000000014000fe00 f   pjnath-x86_64-x64-vc14-release:stun_auth.obj
 0001:0000ee90       pj_stun_authenticate_request 000000014000fe90 f   pjnath-x86_64-x64-vc14-release:stun_auth.obj
 0001:0000f460       pj_stun_authenticate_response 0000000140010460 f   pjnath-x86_64-x64-vc14-release:stun_auth.obj
 0001:0000f640       pj_stun_create_key         0000000140010640 f   pjnath-x86_64-x64-vc14-release:stun_auth.obj
 0001:0000f6e0       pj_stun_req_cred_info_dup  00000001400106e0 f   pjnath-x86_64-x64-vc14-release:stun_auth.obj
 0001:0000faf0       pj_stun_sock_cfg_default   0000000140010af0 f   pjnath-x86_64-x64-vc14-release:stun_sock.obj
 0001:0000fb50       pj_stun_sock_create        0000000140010b50 f   pjnath-x86_64-x64-vc14-release:stun_sock.obj
 0001:00010120       pj_stun_sock_destroy       0000000140011120 f   pjnath-x86_64-x64-vc14-release:stun_sock.obj
 0001:00010200       pj_stun_sock_get_info      0000000140011200 f   pjnath-x86_64-x64-vc14-release:stun_sock.obj
 0001:00010430       pj_stun_sock_get_user_data 0000000140011430 f   pjnath-x86_64-x64-vc14-release:stun_sock.obj
 0001:00010440       pj_stun_sock_op_name       0000000140011440 f   pjnath-x86_64-x64-vc14-release:stun_sock.obj
 0001:000104d0       pj_stun_sock_sendto        00000001400114d0 f   pjnath-x86_64-x64-vc14-release:stun_sock.obj
 0001:000105b0       pj_stun_sock_start         00000001400115b0 f   pjnath-x86_64-x64-vc14-release:stun_sock.obj
 0001:000116c0       pj_turn_alloc_param_copy   00000001400126c0 f   pjnath-x86_64-x64-vc14-release:turn_session.obj
 0001:000116d0       pj_turn_alloc_param_default 00000001400126d0 f   pjnath-x86_64-x64-vc14-release:turn_session.obj
 0001:000116e0       pj_turn_session_alloc      00000001400126e0 f   pjnath-x86_64-x64-vc14-release:turn_session.obj
 0001:00011920       pj_turn_session_bind_channel 0000000140012920 f   pjnath-x86_64-x64-vc14-release:turn_session.obj
 0001:00011b80       pj_turn_session_create     0000000140012b80 f   pjnath-x86_64-x64-vc14-release:turn_session.obj
 0001:00011de0       pj_turn_session_destroy    0000000140012de0 f   pjnath-x86_64-x64-vc14-release:turn_session.obj
 0001:00011e30       pj_turn_session_get_info   0000000140012e30 f   pjnath-x86_64-x64-vc14-release:turn_session.obj
 0001:00011f20       pj_turn_session_get_user_data 0000000140012f20 f   pjnath-x86_64-x64-vc14-release:turn_session.obj
 0001:00011f30       pj_turn_session_on_rx_pkt  0000000140012f30 f   pjnath-x86_64-x64-vc14-release:turn_session.obj
 0001:000120c0       pj_turn_session_sendto     00000001400130c0 f   pjnath-x86_64-x64-vc14-release:turn_session.obj
 0001:000123d0       pj_turn_session_set_credential 00000001400133d0 f   pjnath-x86_64-x64-vc14-release:turn_session.obj
 0001:00012450       pj_turn_session_set_log    0000000140013450 f   pjnath-x86_64-x64-vc14-release:turn_session.obj
 0001:00012460       pj_turn_session_set_perm   0000000140013460 f   pjnath-x86_64-x64-vc14-release:turn_session.obj
 0001:000126c0       pj_turn_session_set_server 00000001400136c0 f   pjnath-x86_64-x64-vc14-release:turn_session.obj
 0001:00012a10       pj_turn_session_set_user_data 0000000140013a10 f   pjnath-x86_64-x64-vc14-release:turn_session.obj
 0001:00012a20       pj_turn_session_shutdown   0000000140013a20 f   pjnath-x86_64-x64-vc14-release:turn_session.obj
 0001:00012a60       pj_turn_state_name         0000000140013a60 f   pjnath-x86_64-x64-vc14-release:turn_session.obj
 0001:00013830       pj_turn_sock_alloc         0000000140014830 f   pjnath-x86_64-x64-vc14-release:turn_sock.obj
 0001:00013970       pj_turn_sock_bind_channel  0000000140014970 f   pjnath-x86_64-x64-vc14-release:turn_sock.obj
 0001:000139a0       pj_turn_sock_cfg_default   00000001400149a0 f   pjnath-x86_64-x64-vc14-release:turn_sock.obj
 0001:000139e0       pj_turn_sock_create        00000001400149e0 f   pjnath-x86_64-x64-vc14-release:turn_sock.obj
 0001:00013cc0       pj_turn_sock_destroy       0000000140014cc0 f   pjnath-x86_64-x64-vc14-release:turn_sock.obj
 0001:00013d10       pj_turn_sock_get_info      0000000140014d10 f   pjnath-x86_64-x64-vc14-release:turn_sock.obj
 0001:00013d60       pj_turn_sock_get_user_data 0000000140014d60 f   pjnath-x86_64-x64-vc14-release:turn_sock.obj
 0001:00013d70       pj_turn_sock_sendto        0000000140014d70 f   pjnath-x86_64-x64-vc14-release:turn_sock.obj
 0001:00013da0       pj_turn_sock_set_log       0000000140014da0 f   pjnath-x86_64-x64-vc14-release:turn_sock.obj
 0001:00013db0       pj_turn_sock_set_perm      0000000140014db0 f   pjnath-x86_64-x64-vc14-release:turn_sock.obj
 0001:00013dd0       pj_turn_sock_set_user_data 0000000140014dd0 f   pjnath-x86_64-x64-vc14-release:turn_sock.obj
 0001:00013e10       _guard_check_icall_nop     0000000140014e10 f   MSVCRT:guard_support.obj
 0001:00013e10       _initialize_denormal_control 0000000140014e10 f   MSVCRT:denormal_control.obj
 0001:00013e10       _initialize_invalid_parameter_handler 0000000140014e10 f   MSVCRT:invalid_parameter_handler.obj
 0001:00014430       pj_stun_msg_dump           0000000140015430 f   pjnath-x86_64-x64-vc14-release:stun_msg_dump.obj
 0001:00014ac0       sprintf                    0000000140015ac0 f i pjnath-x86_64-x64-vc14-release:stun_msg_dump.obj
 0001:00014b40       pj_stun_client_tsx_create  0000000140015b40 f   pjnath-x86_64-x64-vc14-release:stun_transaction.obj
 0001:00014c50       pj_stun_client_tsx_get_data 0000000140015c50 f   pjnath-x86_64-x64-vc14-release:stun_transaction.obj
 0001:00014c50       pj_stun_session_get_user_data 0000000140015c50 f   pjnath-x86_64-x64-vc14-release:stun_session.obj
 0001:00014c60       pj_stun_client_tsx_on_rx_msg 0000000140015c60 f   pjnath-x86_64-x64-vc14-release:stun_transaction.obj
 0001:00014d80       pj_stun_client_tsx_retransmit 0000000140015d80 f   pjnath-x86_64-x64-vc14-release:stun_transaction.obj
 0001:00014dd0       pj_stun_client_tsx_schedule_destroy 0000000140015dd0 f   pjnath-x86_64-x64-vc14-release:stun_transaction.obj
 0001:00014ec0       pj_stun_client_tsx_send_msg 0000000140015ec0 f   pjnath-x86_64-x64-vc14-release:stun_transaction.obj
 0001:00014ff0       pj_stun_client_tsx_set_data 0000000140015ff0 f   pjnath-x86_64-x64-vc14-release:stun_transaction.obj
 0001:00015010       pj_stun_client_tsx_stop    0000000140016010 f   pjnath-x86_64-x64-vc14-release:stun_transaction.obj
 0001:000152f0       pjlib_util_init            00000001400162f0 f   pjlib-util-x86_64-x64-vc14-release:errno.obj
 0001:00015310       pjlib_util_strerror        0000000140016310 f   pjlib-util-x86_64-x64-vc14-release:errno.obj
 0001:00015d50       pj_getopt_long             0000000140016d50 f   pjlib-util-x86_64-x64-vc14-release:getopt.obj
 0001:000166e0       pj_dns_parse_addr_response 00000001400176e0 f   pjlib-util-x86_64-x64-vc14-release:resolver.obj
 0001:00016a00       pj_dns_resolver_cancel_query 0000000140017a00 f   pjlib-util-x86_64-x64-vc14-release:resolver.obj
 0001:00016a80       pj_dns_resolver_create     0000000140017a80 f   pjlib-util-x86_64-x64-vc14-release:resolver.obj
 0001:00016c90       pj_dns_resolver_destroy    0000000140017c90 f   pjlib-util-x86_64-x64-vc14-release:resolver.obj
 0001:00016e70       pj_dns_resolver_set_ns     0000000140017e70 f   pjlib-util-x86_64-x64-vc14-release:resolver.obj
 0001:00016fe0       pj_dns_resolver_start_query 0000000140017fe0 f   pjlib-util-x86_64-x64-vc14-release:resolver.obj
 0001:00017f20       pj_crc32_calc              0000000140018f20 f   pjlib-util-x86_64-x64-vc14-release:crc32.obj
 0001:00017f50       pj_crc32_update            0000000140018f50 f   pjlib-util-x86_64-x64-vc14-release:crc32.obj
 0001:00018030       pj_hmac_sha1_final         0000000140019030 f   pjlib-util-x86_64-x64-vc14-release:hmac_sha1.obj
 0001:00018090       pj_hmac_sha1_init          0000000140019090 f   pjlib-util-x86_64-x64-vc14-release:hmac_sha1.obj
 0001:00018200       pj_hmac_sha1_update        0000000140019200 f   pjlib-util-x86_64-x64-vc14-release:hmac_sha1.obj
 0001:00018a00       pj_md5_final               0000000140019a00 f   pjlib-util-x86_64-x64-vc14-release:md5.obj
 0001:00018ac0       pj_md5_init                0000000140019ac0 f   pjlib-util-x86_64-x64-vc14-release:md5.obj
 0001:00018af0       pj_md5_update              0000000140019af0 f   pjlib-util-x86_64-x64-vc14-release:md5.obj
 0001:00019c30       pj_dns_srv_cancel_query    000000014001ac30 f   pjlib-util-x86_64-x64-vc14-release:srv_resolver.obj
 0001:00019d10       pj_dns_srv_resolve         000000014001ad10 f   pjlib-util-x86_64-x64-vc14-release:srv_resolver.obj
 0001:0001a880       pj_dns_get_type_name       000000014001b880 f   pjlib-util-x86_64-x64-vc14-release:dns.obj
 0001:0001a950       pj_dns_make_query          000000014001b950 f   pjlib-util-x86_64-x64-vc14-release:dns.obj
 0001:0001aa90       pj_dns_packet_dup          000000014001ba90 f   pjlib-util-x86_64-x64-vc14-release:dns.obj
 0001:0001af10       pj_dns_parse_packet        000000014001bf10 f   pjlib-util-x86_64-x64-vc14-release:dns.obj
 0001:0001c650       pj_sha1_final              000000014001d650 f   pjlib-util-x86_64-x64-vc14-release:sha1.obj
 0001:0001c7a0       pj_sha1_init               000000014001d7a0 f   pjlib-util-x86_64-x64-vc14-release:sha1.obj
 0001:0001c7d0       pj_sha1_update             000000014001d7d0 f   pjlib-util-x86_64-x64-vc14-release:sha1.obj
 0001:0001c8e0       pj_get_version             000000014001d8e0 f   pjlib-x86_64-x64-vc14-release:config.obj
 0001:0001c9c0       pj_atexit                  000000014001d9c0 f   pjlib-x86_64-x64-vc14-release:os_core_win32.obj
 0001:0001c9f0       pj_atomic_create           000000014001d9f0 f   pjlib-x86_64-x64-vc14-release:os_core_win32.obj
 0001:0001ca30       pj_atomic_dec_and_get      000000014001da30 f   pjlib-x86_64-x64-vc14-release:os_core_win32.obj
 0001:0001ca90       pj_atomic_destroy          000000014001da90 f   pjlib-x86_64-x64-vc14-release:os_core_win32.obj
 0001:0001caa0       pj_atomic_get              000000014001daa0 f   pjlib-x86_64-x64-vc14-release:os_core_win32.obj
 0001:0001cb10       pj_atomic_inc              000000014001db10 f   pjlib-x86_64-x64-vc14-release:os_core_win32.obj
 0001:0001cb70       pj_enter_critical_section  000000014001db70 f   pjlib-x86_64-x64-vc14-release:os_core_win32.obj
 0001:0001cbe0       pj_getpid                  000000014001dbe0 f   pjlib-x86_64-x64-vc14-release:os_core_win32.obj
 0001:0001cc40       pj_init                    000000014001dc40 f   pjlib-x86_64-x64-vc14-release:os_core_win32.obj
 0001:0001cda0       pj_leave_critical_section  000000014001dda0 f   pjlib-x86_64-x64-vc14-release:os_core_win32.obj
 0001:0001ce10       pj_mutex_create            000000014001de10 f   pjlib-x86_64-x64-vc14-release:os_core_win32.obj
 0001:0001ce90       pj_mutex_create_simple     000000014001de90 f   pjlib-x86_64-x64-vc14-release:os_core_win32.obj
 0001:0001ce90       pj_mutex_create_recursive  000000014001de90 f   pjlib-x86_64-x64-vc14-release:os_core_win32.obj
 0001:0001cf10       pj_mutex_destroy           000000014001df10 f   pjlib-x86_64-x64-vc14-release:os_core_win32.obj
 0001:0001cf90       pj_mutex_lock              000000014001df90 f   pjlib-x86_64-x64-vc14-release:os_core_win32.obj
 0001:0001d010       pj_mutex_trylock           000000014001e010 f   pjlib-x86_64-x64-vc14-release:os_core_win32.obj
 0001:0001d0a0       pj_mutex_unlock            000000014001e0a0 f   pjlib-x86_64-x64-vc14-release:os_core_win32.obj
 0001:0001d120       pj_sem_destroy             000000014001e120 f   pjlib-x86_64-x64-vc14-release:os_core_win32.obj
 0001:0001d1d0       pj_sem_post                000000014001e1d0 f   pjlib-x86_64-x64-vc14-release:os_core_win32.obj
 0001:0001d280       pj_sem_trywait             000000014001e280 f   pjlib-x86_64-x64-vc14-release:os_core_win32.obj
 0001:0001d2f0       pj_sem_wait                000000014001e2f0 f   pjlib-x86_64-x64-vc14-release:os_core_win32.obj
 0001:0001d460       pj_shutdown                000000014001e460 f   pjlib-x86_64-x64-vc14-release:os_core_win32.obj
 0001:0001d5e0       pj_term_set_color          000000014001e5e0 f   pjlib-x86_64-x64-vc14-release:os_core_win32.obj
 0001:0001d6e0       pj_thread_check_stack      000000014001e6e0 f   pjlib-x86_64-x64-vc14-release:os_core_win32.obj
 0001:0001d740       pj_thread_create           000000014001e740 f   pjlib-x86_64-x64-vc14-release:os_core_win32.obj
 0001:0001d910       pj_thread_destroy          000000014001e910 f   pjlib-x86_64-x64-vc14-release:os_core_win32.obj
 0001:0001d9c0       pj_thread_get_name         000000014001e9c0 f   pjlib-x86_64-x64-vc14-release:os_core_win32.obj
 0001:0001da30       pj_thread_init             000000014001ea30 f   pjlib-x86_64-x64-vc14-release:os_core_win32.obj
 0001:0001da90       pj_thread_join             000000014001ea90 f   pjlib-x86_64-x64-vc14-release:os_core_win32.obj
 0001:0001db90       pj_thread_local_alloc      000000014001eb90 f   pjlib-x86_64-x64-vc14-release:os_core_win32.obj
 0001:0001dc00       pj_thread_local_free       000000014001ec00 f   pjlib-x86_64-x64-vc14-release:os_core_win32.obj
 0001:0001dc60       pj_thread_local_get        000000014001ec60 f   pjlib-x86_64-x64-vc14-release:os_core_win32.obj
 0001:0001dc70       pj_thread_local_set        000000014001ec70 f   pjlib-x86_64-x64-vc14-release:os_core_win32.obj
 0001:0001dcc0       pj_thread_register         000000014001ecc0 f   pjlib-x86_64-x64-vc14-release:os_core_win32.obj
 0001:0001ddd0       pj_thread_sleep            000000014001edd0 f   pjlib-x86_64-x64-vc14-release:os_core_win32.obj
 0001:0001de30       pj_thread_this             000000014001ee30 f   pjlib-x86_64-x64-vc14-release:os_core_win32.obj
 0001:0001dfc0       ioqueue_dispatch_exception_event 000000014001efc0 f   pjlib-x86_64-x64-vc14-release:ioqueue_select.obj
 0001:0001e120       ioqueue_dispatch_read_event 000000014001f120 f   pjlib-x86_64-x64-vc14-release:ioqueue_select.obj
 0001:0001e3b0       ioqueue_dispatch_write_event 000000014001f3b0 f   pjlib-x86_64-x64-vc14-release:ioqueue_select.obj
 0001:0001e7c0       pj_ioqueue_accept          000000014001f7c0 f   pjlib-x86_64-x64-vc14-release:ioqueue_select.obj
 0001:0001e980       pj_ioqueue_connect         000000014001f980 f   pjlib-x86_64-x64-vc14-release:ioqueue_select.obj
 0001:0001eac0       pj_ioqueue_create          000000014001fac0 f   pjlib-x86_64-x64-vc14-release:ioqueue_select.obj
 0001:0001ecc0       pj_ioqueue_destroy         000000014001fcc0 f   pjlib-x86_64-x64-vc14-release:ioqueue_select.obj
 0001:0001eda0       pj_ioqueue_get_user_data   000000014001fda0 f   pjlib-x86_64-x64-vc14-release:ioqueue_select.obj
 0001:0001edb0       pj_ioqueue_is_pending      000000014001fdb0 f   pjlib-x86_64-x64-vc14-release:ioqueue_select.obj
 0001:0001edc0       pj_ioqueue_lock_key        000000014001fdc0 f   pjlib-x86_64-x64-vc14-release:ioqueue_select.obj
 0001:0001ede0       pj_ioqueue_op_key_init     000000014001fde0 f   pjlib-x86_64-x64-vc14-release:ioqueue_select.obj
 0001:0001edf0       pj_ioqueue_poll            000000014001fdf0 f   pjlib-x86_64-x64-vc14-release:ioqueue_select.obj
 0001:0001f280       pj_ioqueue_recv            0000000140020280 f   pjlib-x86_64-x64-vc14-release:ioqueue_select.obj
 0001:0001f410       pj_ioqueue_recvfrom        0000000140020410 f   pjlib-x86_64-x64-vc14-release:ioqueue_select.obj
 0001:0001f5d0       pj_ioqueue_register_sock   00000001400205d0 f   pjlib-x86_64-x64-vc14-release:ioqueue_select.obj
 0001:0001f600       pj_ioqueue_register_sock2  0000000140020600 f   pjlib-x86_64-x64-vc14-release:ioqueue_select.obj
 0001:0001f770       pj_ioqueue_send            0000000140020770 f   pjlib-x86_64-x64-vc14-release:ioqueue_select.obj
 0001:0001f940       pj_ioqueue_sendto          0000000140020940 f   pjlib-x86_64-x64-vc14-release:ioqueue_select.obj
 0001:0001fb60       pj_ioqueue_set_concurrency 0000000140020b60 f   pjlib-x86_64-x64-vc14-release:ioqueue_select.obj
 0001:0001fb80       pj_ioqueue_set_lock        0000000140020b80 f   pjlib-x86_64-x64-vc14-release:ioqueue_select.obj
 0001:0001fbf0       pj_ioqueue_unlock_key      0000000140020bf0 f   pjlib-x86_64-x64-vc14-release:ioqueue_select.obj
 0001:0001fc10       pj_ioqueue_unregister      0000000140020c10 f   pjlib-x86_64-x64-vc14-release:ioqueue_select.obj
 0001:0001fe00       pj_gethostip               0000000140020e00 f   pjlib-x86_64-x64-vc14-release:sock_common.obj
 0001:000206a0       pj_getipinterface          00000001400216a0 f   pjlib-x86_64-x64-vc14-release:sock_common.obj
 0001:00020950       pj_sock_bind_random        0000000140021950 f   pjlib-x86_64-x64-vc14-release:sock_common.obj
 0001:00020b00       pj_sock_setsockopt_sobuf   0000000140021b00 f   pjlib-x86_64-x64-vc14-release:sock_common.obj
 0001:00020ca0       pj_sockaddr_cmp            0000000140021ca0 f   pjlib-x86_64-x64-vc14-release:sock_common.obj
 0001:00020df0       pj_sockaddr_cp             0000000140021df0 f   pjlib-x86_64-x64-vc14-release:sock_common.obj
 0001:00020e40       pj_sockaddr_get_addr       0000000140021e40 f   pjlib-x86_64-x64-vc14-release:sock_common.obj
 0001:00020e70       pj_sockaddr_get_addr_len   0000000140021e70 f   pjlib-x86_64-x64-vc14-release:sock_common.obj
 0001:00020ea0       pj_sockaddr_get_len        0000000140021ea0 f   pjlib-x86_64-x64-vc14-release:sock_common.obj
 0001:00020ed0       pj_sockaddr_get_port       0000000140021ed0 f   pjlib-x86_64-x64-vc14-release:sock_common.obj
 0001:00020f00       pj_sockaddr_has_addr       0000000140021f00 f   pjlib-x86_64-x64-vc14-release:sock_common.obj
 0001:00020f90       pj_sockaddr_in_set_str_addr 0000000140021f90 f   pjlib-x86_64-x64-vc14-release:sock_common.obj
 0001:00021070       pj_sockaddr_init           0000000140022070 f   pjlib-x86_64-x64-vc14-release:sock_common.obj
 0001:00021150       pj_sockaddr_print          0000000140022150 f   pjlib-x86_64-x64-vc14-release:sock_common.obj
 0001:000212c0       pj_sockaddr_set_port       00000001400222c0 f   pjlib-x86_64-x64-vc14-release:sock_common.obj
 0001:00021310       pj_sockaddr_set_str_addr   0000000140022310 f   pjlib-x86_64-x64-vc14-release:sock_common.obj
 0001:00021400       pj_sockaddr_synthesize     0000000140022400 f   pjlib-x86_64-x64-vc14-release:sock_common.obj
 0001:00021520       pj_get_netos_error         0000000140022520 f   pjlib-x86_64-x64-vc14-release:os_error_win32.obj
 0001:00021550       platform_strerror          0000000140022550 f   pjlib-x86_64-x64-vc14-release:os_error_win32.obj
 0001:000216a0       pj_errno_clear_handlers    00000001400226a0 f   pjlib-x86_64-x64-vc14-release:errno.obj
 0001:000216c0       pj_perror                  00000001400226c0 f   pjlib-x86_64-x64-vc14-release:errno.obj
 0001:000216e0       pj_perror_2                00000001400226e0 f   pjlib-x86_64-x64-vc14-release:errno.obj
 0001:00021710       pj_perror_3                0000000140022710 f   pjlib-x86_64-x64-vc14-release:errno.obj
 0001:00021740       pj_perror_4                0000000140022740 f   pjlib-x86_64-x64-vc14-release:errno.obj
 0001:00021860       pj_register_strerror       0000000140022860 f   pjlib-x86_64-x64-vc14-release:errno.obj
 0001:00021980       pj_strerror                0000000140022980 f   pjlib-x86_64-x64-vc14-release:errno.obj
 0001:00021b40       pj_log_write               0000000140022b40 f   pjlib-x86_64-x64-vc14-release:log_writer_stdout.obj
 0001:00021c00       pj_log                     0000000140022c00 f   pjlib-x86_64-x64-vc14-release:log.obj
 0001:00022190       pj_log_1                   0000000140023190 f   pjlib-x86_64-x64-vc14-release:log.obj
 0001:000221c0       pj_log_3                   00000001400231c0 f   pjlib-x86_64-x64-vc14-release:log.obj
 0001:000221f0       pj_log_4                   00000001400231f0 f   pjlib-x86_64-x64-vc14-release:log.obj
 0001:00022220       pj_log_5                   0000000140023220 f   pjlib-x86_64-x64-vc14-release:log.obj
 0001:00022250       pj_log_get_color           0000000140023250 f   pjlib-x86_64-x64-vc14-release:log.obj
 0001:000222c0       pj_log_get_decor           00000001400232c0 f   pjlib-x86_64-x64-vc14-release:log.obj
 0001:000222d0       pj_log_get_level           00000001400232d0 f   pjlib-x86_64-x64-vc14-release:log.obj
 0001:000222e0       pj_log_init                00000001400232e0 f   pjlib-x86_64-x64-vc14-release:log.obj
 0001:00022350       pj_log_pop_indent          0000000140023350 f   pjlib-x86_64-x64-vc14-release:log.obj
 0001:00022380       pj_log_push_indent         0000000140023380 f   pjlib-x86_64-x64-vc14-release:log.obj
 0001:000223b0       pj_log_set_log_func        00000001400233b0 f   pjlib-x86_64-x64-vc14-release:log.obj
 0001:000223c0       pj_create_random_string    00000001400233c0 f   pjlib-x86_64-x64-vc14-release:string.obj
 0001:00022510       pj_str                     0000000140023510 f   pjlib-x86_64-x64-vc14-release:string.obj
 0001:00022540       pj_strcat                  0000000140023540 f   pjlib-x86_64-x64-vc14-release:string.obj
 0001:00022580       pj_strcat2                 0000000140023580 f   pjlib-x86_64-x64-vc14-release:string.obj
 0001:000225d0       pj_strcmp                  00000001400235d0 f   pjlib-x86_64-x64-vc14-release:string.obj
 0001:00022650       pj_strcpy                  0000000140023650 f   pjlib-x86_64-x64-vc14-release:string.obj
 0001:00022680       pj_strdup                  0000000140023680 f   pjlib-x86_64-x64-vc14-release:string.obj
 0001:000226d0       pj_strdup2                 00000001400236d0 f   pjlib-x86_64-x64-vc14-release:string.obj
 0001:00022750       pj_strdup2_with_null       0000000140023750 f   pjlib-x86_64-x64-vc14-release:string.obj
 0001:000227c0       pj_stricmp                 00000001400237c0 f   pjlib-x86_64-x64-vc14-release:string.obj
 0001:00022850       pj_strncpy                 0000000140023850 f   pjlib-x86_64-x64-vc14-release:string.obj
 0001:000228a0       pj_strncpy_with_null       00000001400238a0 f   pjlib-x86_64-x64-vc14-release:string.obj
 0001:000228f0       pj_utoa                    00000001400238f0 f   pjlib-x86_64-x64-vc14-release:string.obj
 0001:00022900       pj_utoa_pad                0000000140023900 f   pjlib-x86_64-x64-vc14-release:string.obj
 0001:000229c0       pj_pool_alloc              00000001400239c0 f   pjlib-x86_64-x64-vc14-release:pool.obj
 0001:00022a10       pj_pool_allocate_find      0000000140023a10 f   pjlib-x86_64-x64-vc14-release:pool.obj
 0001:00022b50       pj_pool_calloc             0000000140023b50 f   pjlib-x86_64-x64-vc14-release:pool.obj
 0001:00022bc0       pj_pool_create             0000000140023bc0 f   pjlib-x86_64-x64-vc14-release:pool.obj
 0001:00022c80       pj_pool_create_int         0000000140023c80 f   pjlib-x86_64-x64-vc14-release:pool.obj
 0001:00022d70       pj_pool_destroy_int        0000000140023d70 f   pjlib-x86_64-x64-vc14-release:pool.obj
 0001:00022db0       pj_pool_get_capacity       0000000140023db0 f   pjlib-x86_64-x64-vc14-release:pool.obj
 0001:00022dc0       pj_pool_get_used_size      0000000140023dc0 f   pjlib-x86_64-x64-vc14-release:pool.obj
 0001:00022e00       pj_pool_getobjname         0000000140023e00 f   pjlib-x86_64-x64-vc14-release:pool.obj
 0001:00022e10       pj_pool_init_int           0000000140023e10 f   pjlib-x86_64-x64-vc14-release:pool.obj
 0001:00022eb0       pj_pool_release            0000000140023eb0 f   pjlib-x86_64-x64-vc14-release:pool.obj
 0001:00022ed0       pj_pool_reset              0000000140023ed0 f   pjlib-x86_64-x64-vc14-release:pool.obj
 0001:00022ef0       pj_pool_safe_release       0000000140023ef0 f   pjlib-x86_64-x64-vc14-release:pool.obj
 0001:00023400       pj_caching_pool_destroy    0000000140024400 f   pjlib-x86_64-x64-vc14-release:pool_caching.obj
 0001:00023510       pj_caching_pool_init       0000000140024510 f   pjlib-x86_64-x64-vc14-release:pool_caching.obj
 0001:00023770       pj_timer_entry_init        0000000140024770 f   pjlib-x86_64-x64-vc14-release:timer.obj
 0001:00023790       pj_timer_heap_cancel       0000000140024790 f   pjlib-x86_64-x64-vc14-release:timer.obj
 0001:00023820       pj_timer_heap_cancel_if_active 0000000140024820 f   pjlib-x86_64-x64-vc14-release:timer.obj
 0001:000238c0       pj_timer_heap_create       00000001400248c0 f   pjlib-x86_64-x64-vc14-release:timer.obj
 0001:000239d0       pj_timer_heap_destroy      00000001400249d0 f   pjlib-x86_64-x64-vc14-release:timer.obj
 0001:00023a00       pj_timer_heap_poll         0000000140024a00 f   pjlib-x86_64-x64-vc14-release:timer.obj
 0001:00023b80       pj_timer_heap_schedule     0000000140024b80 f   pjlib-x86_64-x64-vc14-release:timer.obj
 0001:00023c60       pj_timer_heap_schedule_w_grp_lock 0000000140024c60 f   pjlib-x86_64-x64-vc14-release:timer.obj
 0001:00024160       pj_gethostname             0000000140025160 f   pjlib-x86_64-x64-vc14-release:sock_bsd.obj
 0001:00024200       pj_htonl                   0000000140025200 f   pjlib-x86_64-x64-vc14-release:sock_bsd.obj
 0001:00024210       pj_htons                   0000000140025210 f   pjlib-x86_64-x64-vc14-release:sock_bsd.obj
 0001:00024220       pj_inet_aton               0000000140025220 f   pjlib-x86_64-x64-vc14-release:sock_bsd.obj
 0001:000242b0       pj_inet_ntop               00000001400252b0 f   pjlib-x86_64-x64-vc14-release:sock_bsd.obj
 0001:000243e0       pj_inet_pton               00000001400253e0 f   pjlib-x86_64-x64-vc14-release:sock_bsd.obj
 0001:00024510       pj_ntohl                   0000000140025510 f   pjlib-x86_64-x64-vc14-release:sock_bsd.obj
 0001:00024520       pj_ntohs                   0000000140025520 f   pjlib-x86_64-x64-vc14-release:sock_bsd.obj
 0001:00024530       pj_sock_accept             0000000140025530 f   pjlib-x86_64-x64-vc14-release:sock_bsd.obj
 0001:000245d0       pj_sock_bind               00000001400255d0 f   pjlib-x86_64-x64-vc14-release:sock_bsd.obj
 0001:00024680       pj_sock_bind_in            0000000140025680 f   pjlib-x86_64-x64-vc14-release:sock_bsd.obj
 0001:00024750       pj_sock_close              0000000140025750 f   pjlib-x86_64-x64-vc14-release:sock_bsd.obj
 0001:000247b0       pj_sock_connect            00000001400257b0 f   pjlib-x86_64-x64-vc14-release:sock_bsd.obj
 0001:00024840       pj_sock_getsockname        0000000140025840 f   pjlib-x86_64-x64-vc14-release:sock_bsd.obj
 0001:000248d0       pj_sock_getsockopt         00000001400258d0 f   pjlib-x86_64-x64-vc14-release:sock_bsd.obj
 0001:00024980       pj_sock_recv               0000000140025980 f   pjlib-x86_64-x64-vc14-release:sock_bsd.obj
 0001:00024a20       pj_sock_recvfrom           0000000140025a20 f   pjlib-x86_64-x64-vc14-release:sock_bsd.obj
 0001:00024ad0       pj_sock_send               0000000140025ad0 f   pjlib-x86_64-x64-vc14-release:sock_bsd.obj
 0001:00024b70       pj_sock_sendto             0000000140025b70 f   pjlib-x86_64-x64-vc14-release:sock_bsd.obj
 0001:00024c20       pj_sock_setsockopt         0000000140025c20 f   pjlib-x86_64-x64-vc14-release:sock_bsd.obj
 0001:00024cd0       pj_sock_socket             0000000140025cd0 f   pjlib-x86_64-x64-vc14-release:sock_bsd.obj
 0001:00024de0       pj_time_val_normalize      0000000140025de0 f   pjlib-x86_64-x64-vc14-release:types.obj
 0001:000251e0       pj_grp_lock_acquire        00000001400261e0 f   pjlib-x86_64-x64-vc14-release:lock.obj
 0001:000251f0       pj_grp_lock_add_handler    00000001400261f0 f   pjlib-x86_64-x64-vc14-release:lock.obj
 0001:00025270       pj_grp_lock_add_ref        0000000140026270 f   pjlib-x86_64-x64-vc14-release:lock.obj
 0001:00025290       pj_grp_lock_create         0000000140026290 f   pjlib-x86_64-x64-vc14-release:lock.obj
 0001:000253f0       pj_grp_lock_dec_ref        00000001400263f0 f   pjlib-x86_64-x64-vc14-release:lock.obj
 0001:00025430       pj_grp_lock_get_ref        0000000140026430 f   pjlib-x86_64-x64-vc14-release:lock.obj
 0001:00025440       pj_grp_lock_release        0000000140026440 f   pjlib-x86_64-x64-vc14-release:lock.obj
 0001:00025450       pj_grp_lock_tryacquire     0000000140026450 f   pjlib-x86_64-x64-vc14-release:lock.obj
 0001:00025460       pj_lock_acquire            0000000140026460 f   pjlib-x86_64-x64-vc14-release:lock.obj
 0001:00025480       pj_lock_create_null_mutex  0000000140026480 f   pjlib-x86_64-x64-vc14-release:lock.obj
 0001:000254a0       pj_lock_create_recursive_mutex 00000001400264a0 f   pjlib-x86_64-x64-vc14-release:lock.obj
 0001:000254b0       pj_lock_create_simple_mutex 00000001400264b0 f   pjlib-x86_64-x64-vc14-release:lock.obj
 0001:000254c0       pj_lock_destroy            00000001400264c0 f   pjlib-x86_64-x64-vc14-release:lock.obj
 0001:000254e0       pj_lock_release            00000001400264e0 f   pjlib-x86_64-x64-vc14-release:lock.obj
 0001:00025500       pj_lock_tryacquire         0000000140026500 f   pjlib-x86_64-x64-vc14-release:lock.obj
 0001:00025520       pj_list_erase              0000000140026520 f   pjlib-x86_64-x64-vc14-release:list.obj
 0001:00025540       pj_list_insert_after       0000000140026540 f   pjlib-x86_64-x64-vc14-release:list.obj
 0001:00025560       pj_list_insert_before      0000000140026560 f   pjlib-x86_64-x64-vc14-release:list.obj
 0001:00025580       pj_array_erase             0000000140026580 f   pjlib-x86_64-x64-vc14-release:array.obj
 0001:000255c0       pj_hash_calc               00000001400265c0 f   pjlib-x86_64-x64-vc14-release:hash.obj
 0001:00025680       pj_hash_create             0000000140026680 f   pjlib-x86_64-x64-vc14-release:hash.obj
 0001:000256f0       pj_hash_first              00000001400266f0 f   pjlib-x86_64-x64-vc14-release:hash.obj
 0001:00025730       pj_hash_get                0000000140026730 f   pjlib-x86_64-x64-vc14-release:hash.obj
 0001:00025860       pj_hash_next               0000000140026860 f   pjlib-x86_64-x64-vc14-release:hash.obj
 0001:000258c0       pj_hash_set                00000001400268c0 f   pjlib-x86_64-x64-vc14-release:hash.obj
 0001:00025a60       pj_hash_set_np             0000000140026a60 f   pjlib-x86_64-x64-vc14-release:hash.obj
 0001:00025be0       pj_hash_this               0000000140026be0 f   pjlib-x86_64-x64-vc14-release:hash.obj
 0001:00025c10       pj_rand                    0000000140026c10 f   pjlib-x86_64-x64-vc14-release:rand.obj
 0001:00025cf0       pj_gettimeofday            0000000140026cf0 f   pjlib-x86_64-x64-vc14-release:os_time_win32.obj
 0001:00025d90       pj_time_decode             0000000140026d90 f   pjlib-x86_64-x64-vc14-release:os_time_win32.obj
 0001:00025e40       pj_qos_get_params          0000000140026e40 f   pjlib-x86_64-x64-vc14-release:sock_qos_common.obj
 0001:00025e70       pj_sock_apply_qos          0000000140026e70 f   pjlib-x86_64-x64-vc14-release:sock_qos_common.obj
 0001:00025f60       pj_sock_apply_qos2         0000000140026f60 f   pjlib-x86_64-x64-vc14-release:sock_qos_common.obj
 0001:00026450       pj_activesock_cfg_default  0000000140027450 f   pjlib-x86_64-x64-vc14-release:activesock.obj
 0001:00026480       pj_activesock_close        0000000140027480 f   pjlib-x86_64-x64-vc14-release:activesock.obj
 0001:000264f0       pj_activesock_create       00000001400274f0 f   pjlib-x86_64-x64-vc14-release:activesock.obj
 0001:000266e0       pj_activesock_get_user_data 00000001400276e0 f   pjlib-x86_64-x64-vc14-release:activesock.obj
 0001:000266f0       pj_activesock_send         00000001400276f0 f   pjlib-x86_64-x64-vc14-release:activesock.obj
 0001:000267f0       pj_activesock_sendto       00000001400277f0 f   pjlib-x86_64-x64-vc14-release:activesock.obj
 0001:00026840       pj_activesock_start_connect 0000000140027840 f   pjlib-x86_64-x64-vc14-release:activesock.obj
 0001:00026860       pj_activesock_start_read   0000000140027860 f   pjlib-x86_64-x64-vc14-release:activesock.obj
 0001:000269c0       pj_activesock_start_recvfrom 00000001400279c0 f   pjlib-x86_64-x64-vc14-release:activesock.obj
 0001:00026be0       pj_getaddrinfo             0000000140027be0 f   pjlib-x86_64-x64-vc14-release:addr_resolv_sock.obj
 0001:00026d60       pj_gethostbyname           0000000140027d60 f   pjlib-x86_64-x64-vc14-release:addr_resolv_sock.obj
 0001:000273d0       pj_enum_ip_interface       00000001400283d0 f   pjlib-x86_64-x64-vc14-release:ip_helper_win32.obj
 0001:00027500       pj_exception_id_alloc      0000000140028500 f   pjlib-x86_64-x64-vc14-release:except.obj
 0001:00027570       pj_exception_id_free       0000000140028570 f   pjlib-x86_64-x64-vc14-release:except.obj
 0001:000275b0       pj_pop_exception_handler_  00000001400285b0 f   pjlib-x86_64-x64-vc14-release:except.obj
 0001:000275f0       pj_push_exception_handler_ 00000001400285f0 f   pjlib-x86_64-x64-vc14-release:except.obj
 0001:00027650       pj_throw_exception_        0000000140028650 f   pjlib-x86_64-x64-vc14-release:except.obj
 0001:00027710       pj_pool_create_on_buf      0000000140028710 f   pjlib-x86_64-x64-vc14-release:pool_buf.obj
 0001:00027880       pj_get_timestamp           0000000140028880 f   pjlib-x86_64-x64-vc14-release:os_timestamp_win32.obj
 0001:000278e0       pj_get_timestamp_freq      00000001400288e0 f   pjlib-x86_64-x64-vc14-release:os_timestamp_win32.obj
 0001:00027940       pj_generate_unique_string  0000000140028940 f   pjlib-x86_64-x64-vc14-release:guid_win32.obj
 0001:00027a20       pj_gettickcount            0000000140028a20 f   pjlib-x86_64-x64-vc14-release:os_timestamp_common.obj
 0001:00027ae0       PJ_FD_CLR                  0000000140028ae0 f   pjlib-x86_64-x64-vc14-release:sock_select.obj
 0001:00027b90       PJ_FD_COUNT                0000000140028b90 f   pjlib-x86_64-x64-vc14-release:sock_select.obj
 0001:00027ba0       PJ_FD_ISSET                0000000140028ba0 f   pjlib-x86_64-x64-vc14-release:sock_select.obj
 0001:00027be0       PJ_FD_SET                  0000000140028be0 f   pjlib-x86_64-x64-vc14-release:sock_select.obj
 0001:00027c70       PJ_FD_ZERO                 0000000140028c70 f   pjlib-x86_64-x64-vc14-release:sock_select.obj
 0001:00027ca0       pj_sock_select             0000000140028ca0 f   pjlib-x86_64-x64-vc14-release:sock_select.obj
 0001:00027e50       pj_sock_set_qos_params     0000000140028e50 f   pjlib-x86_64-x64-vc14-release:sock_qos_bsd.obj
 0001:00027f80       pj_sock_set_qos_type       0000000140028f80 f   pjlib-x86_64-x64-vc14-release:sock_qos_bsd.obj
 0001:00027fae       __WSAFDIsSet               0000000140028fae f   ws2_32:WS2_32.dll
 0001:00027fb4       __raise_securityfailure    0000000140028fb4 f   MSVCRT:gs_report.obj
 0001:00027fe8       __report_gsfailure         0000000140028fe8 f   MSVCRT:gs_report.obj
 0001:000280bc       __report_rangecheckfailure 00000001400290bc f   MSVCRT:gs_report.obj
 0001:000280d0       __report_securityfailure   00000001400290d0 f   MSVCRT:gs_report.obj
 0001:00028250       __GSHandlerCheck           0000000140029250 f   MSVCRT:_gshandler_.obj
 0001:00028270       __GSHandlerCheckCommon     0000000140029270 f   MSVCRT:_gshandler_.obj
 0001:000282e0       __security_check_cookie    00000001400292e0 f   MSVCRT:_amdsecgs_.obj
 0001:0002856c       mainCRTStartup             000000014002956c f   MSVCRT:exe_main.obj
 0001:00028580       __isa_available_init       0000000140029580 f   MSVCRT:_cpu_disp_.obj
 0001:00028760       __chkstk                   0000000140029760 f   MSVCRT:_chkstk_.obj
 0001:00028760       _alloca_probe              0000000140029760 f   MSVCRT:_chkstk_.obj
 0001:000287b4       __scrt_acquire_startup_lock 00000001400297b4 f   MSVCRT:utility.obj
 0001:000287f0       __scrt_initialize_crt      00000001400297f0 f   MSVCRT:utility.obj
 0001:0002883c       __scrt_initialize_onexit_tables 000000014002983c f   MSVCRT:utility.obj
 0001:00028908       __scrt_is_nonwritable_in_current_image 0000000140029908 f   MSVCRT:utility.obj
 0001:000289a4       __scrt_release_startup_lock 00000001400299a4 f   MSVCRT:utility.obj
 0001:000289c8       __scrt_uninitialize_crt    00000001400299c8 f   MSVCRT:utility.obj
 0001:000289f4       _onexit                    00000001400299f4 f   MSVCRT:utility.obj
 0001:00028a44       atexit                     0000000140029a44 f   MSVCRT:utility.obj
 0001:00028a5c       __security_init_cookie     0000000140029a5c f   MSVCRT:gs_support.obj
 0001:00028b10       _get_startup_argv_mode     0000000140029b10 f   MSVCRT:argv_mode.obj
 0001:00028b18       _get_startup_file_mode     0000000140029b18 f   MSVCRT:file_mode.obj
 0001:00028b20       ?__scrt_initialize_type_info@@YAXXZ 0000000140029b20 f   MSVCRT:tncleanup.obj
 0001:00028b30       __scrt_initialize_default_local_stdio_options 0000000140029b30 f   MSVCRT:default_local_stdio_options.obj
 0001:00028b4c       __scrt_is_user_matherr_present 0000000140029b4c f   MSVCRT:matherr_detection.obj
 0001:00028b58       __scrt_get_dyn_tls_init_callback 0000000140029b58 f   MSVCRT:dyn_tls_init.obj
 0001:00028b60       __scrt_get_dyn_tls_dtor_callback 0000000140029b60 f   MSVCRT:dyn_tls_dtor.obj
 0001:00028b68       __scrt_fastfail            0000000140029b68 f   MSVCRT:utility_desktop.obj
 0001:00028cb0       _get_startup_commit_mode   0000000140029cb0 f   MSVCRT:commit_mode.obj
 0001:00028cb0       __scrt_initialize_winrt    0000000140029cb0 f   MSVCRT:utility_desktop.obj
 0001:00028cb0       _get_startup_new_mode      0000000140029cb0 f   MSVCRT:new_mode.obj
 0001:00028cb0       pj_stun_client_tsx_destroy 0000000140029cb0 f   pjnath-x86_64-x64-vc14-release:stun_transaction.obj
 0001:00028cb0       _get_startup_thread_locale_mode 0000000140029cb0 f   MSVCRT:thread_locale.obj
 0001:00028cb0       _matherr                   0000000140029cb0 f   MSVCRT:matherr.obj
 0001:00028cb4       __scrt_is_managed_app      0000000140029cb4 f   MSVCRT:utility_desktop.obj
 0001:00028d08       __scrt_set_unhandled_exception_filter 0000000140029d08 f   MSVCRT:utility_desktop.obj
 0001:00028d18       __scrt_unhandled_exception_filter 0000000140029d18 f   MSVCRT:utility_desktop.obj
 0001:00028d50       _RTC_Initialize            0000000140029d50 f   MSVCRT:_initsect_.obj
 0001:00028d9c       _RTC_Terminate             0000000140029d9c f   MSVCRT:_initsect_.obj
 0001:00028de8       _guard_check_icall         0000000140029de8 f i MSVCRT:checkcfg.obj
 0001:00028df0       __scrt_is_ucrt_dll_in_use  0000000140029df0 f   MSVCRT:ucrt_detection.obj
 0001:00028e00       IsProcessorFeaturePresent  0000000140029e00 f   kernel32:KERNEL32.dll
 0001:00028e06       memset                     0000000140029e06 f   vcruntime:VCRUNTIME140.dll
 0001:00028e0c       memcpy                     0000000140029e0c f   vcruntime:VCRUNTIME140.dll
 0001:00028e12       memcmp                     0000000140029e12 f   vcruntime:VCRUNTIME140.dll
 0001:00028e18       longjmp                    0000000140029e18 f   vcruntime:VCRUNTIME140.dll
 0001:00028e1e       __telemetry_main_invoke_trigger 0000000140029e1e f   vcruntime:VCRUNTIME140.dll
 0001:00028e24       __telemetry_main_return_trigger 0000000140029e24 f   vcruntime:VCRUNTIME140.dll
 0001:00028e2a       __C_specific_handler       0000000140029e2a f   vcruntime:VCRUNTIME140.dll
 0001:00028e30       __intrinsic_setjmp         0000000140029e30 f   vcruntime:VCRUNTIME140.dll
 0001:00028e30       _setjmp                    0000000140029e30 f   vcruntime:VCRUNTIME140.dll
 0001:00028e36       exit                       0000000140029e36 f   ucrt:api-ms-win-crt-runtime-l1-1-0.dll
 0001:00028e3c       fmod                       0000000140029e3c f   ucrt:api-ms-win-crt-math-l1-1-0.dll
 0001:00028e42       _seh_filter_exe            0000000140029e42 f   ucrt:api-ms-win-crt-runtime-l1-1-0.dll
 0001:00028e48       _set_app_type              0000000140029e48 f   ucrt:api-ms-win-crt-runtime-l1-1-0.dll
 0001:00028e4e       __setusermatherr           0000000140029e4e f   ucrt:api-ms-win-crt-math-l1-1-0.dll
 0001:00028e54       _configure_narrow_argv     0000000140029e54 f   ucrt:api-ms-win-crt-runtime-l1-1-0.dll
 0001:00028e5a       _initialize_narrow_environment 0000000140029e5a f   ucrt:api-ms-win-crt-runtime-l1-1-0.dll
 0001:00028e60       _get_initial_narrow_environment 0000000140029e60 f   ucrt:api-ms-win-crt-runtime-l1-1-0.dll
 0001:00028e66       _initterm                  0000000140029e66 f   ucrt:api-ms-win-crt-runtime-l1-1-0.dll
 0001:00028e6c       _initterm_e                0000000140029e6c f   ucrt:api-ms-win-crt-runtime-l1-1-0.dll
 0001:00028e72       _exit                      0000000140029e72 f   ucrt:api-ms-win-crt-runtime-l1-1-0.dll
 0001:00028e78       _set_fmode                 0000000140029e78 f   ucrt:api-ms-win-crt-stdio-l1-1-0.dll
 0001:00028e7e       __p___argc                 0000000140029e7e f   ucrt:api-ms-win-crt-runtime-l1-1-0.dll
 0001:00028e84       __p___argv                 0000000140029e84 f   ucrt:api-ms-win-crt-runtime-l1-1-0.dll
 0001:00028e8a       _cexit                     0000000140029e8a f   ucrt:api-ms-win-crt-runtime-l1-1-0.dll
 0001:00028e90       _c_exit                    0000000140029e90 f   ucrt:api-ms-win-crt-runtime-l1-1-0.dll
 0001:00028e96       _register_thread_local_exe_atexit_callback 0000000140029e96 f   ucrt:api-ms-win-crt-runtime-l1-1-0.dll
 0001:00028e9c       _configthreadlocale        0000000140029e9c f   ucrt:api-ms-win-crt-locale-l1-1-0.dll
 0001:00028ea2       _set_new_mode              0000000140029ea2 f   ucrt:api-ms-win-crt-heap-l1-1-0.dll
 0001:00028ea8       __p__commode               0000000140029ea8 f   ucrt:api-ms-win-crt-stdio-l1-1-0.dll
 0001:00028eae       _initialize_onexit_table   0000000140029eae f   ucrt:api-ms-win-crt-runtime-l1-1-0.dll
 0001:00028eb4       _register_onexit_function  0000000140029eb4 f   ucrt:api-ms-win-crt-runtime-l1-1-0.dll
 0001:00028eba       _crt_atexit                0000000140029eba f   ucrt:api-ms-win-crt-runtime-l1-1-0.dll
 0001:00028ec0       terminate                  0000000140029ec0 f   ucrt:api-ms-win-crt-runtime-l1-1-0.dll
 0001:00028ec8       __scrt_stub_for_acrt_uninitialize 0000000140029ec8 f   MSVCRT:ucrt_stubs.obj
 0001:00028ec8       __scrt_stub_for_acrt_initialize 0000000140029ec8 f   MSVCRT:ucrt_stubs.obj
 0001:00028ec8       __acrt_uninitialize        0000000140029ec8 f   MSVCRT:ucrt_stubs.obj
 0001:00028ec8       __vcrt_uninitialize        0000000140029ec8 f   MSVCRT:ucrt_stubs.obj
 0001:00028ec8       __acrt_initialize          0000000140029ec8 f   MSVCRT:ucrt_stubs.obj
 0001:00028ec8       __vcrt_initialize          0000000140029ec8 f   MSVCRT:ucrt_stubs.obj
 0001:00028ee0       _guard_dispatch_icall_nop  0000000140029ee0 f   MSVCRT:_guard_dispatch_.obj
 0002:00000000       __imp_GetCurrentProcess    000000014002a000     kernel32:KERNEL32.dll
 0002:00000008       __imp_GetModuleHandleW     000000014002a008     kernel32:KERNEL32.dll
 0002:00000010       __imp_IsDebuggerPresent    000000014002a010     kernel32:KERNEL32.dll
 0002:00000018       __imp_InitializeSListHead  000000014002a018     kernel32:KERNEL32.dll
 0002:00000020       __imp_GetSystemTimeAsFileTime 000000014002a020     kernel32:KERNEL32.dll
 0002:00000028       __imp_IsProcessorFeaturePresent 000000014002a028     kernel32:KERNEL32.dll
 0002:00000030       __imp_TerminateProcess     000000014002a030     kernel32:KERNEL32.dll
 0002:00000038       __imp_SetUnhandledExceptionFilter 000000014002a038     kernel32:KERNEL32.dll
 0002:00000040       __imp_UnhandledExceptionFilter 000000014002a040     kernel32:KERNEL32.dll
 0002:00000048       __imp_RtlVirtualUnwind     000000014002a048     kernel32:KERNEL32.dll
 0002:00000050       __imp_RtlLookupFunctionEntry 000000014002a050     kernel32:KERNEL32.dll
 0002:00000058       __imp_RtlCaptureContext    000000014002a058     kernel32:KERNEL32.dll
 0002:00000060       __imp_QueryPerformanceFrequency 000000014002a060     kernel32:KERNEL32.dll
 0002:00000068       __imp_QueryPerformanceCounter 000000014002a068     kernel32:KERNEL32.dll
 0002:00000070       __imp_LoadLibraryA         000000014002a070     kernel32:KERNEL32.dll
 0002:00000078       __imp_GetProcAddress       000000014002a078     kernel32:KERNEL32.dll
 0002:00000080       __imp_FreeLibrary          000000014002a080     kernel32:KERNEL32.dll
 0002:00000088       __imp_SystemTimeToFileTime 000000014002a088     kernel32:KERNEL32.dll
 0002:00000090       __imp_FileTimeToSystemTime 000000014002a090     kernel32:KERNEL32.dll
 0002:00000098       __imp_GetLocalTime         000000014002a098     kernel32:KERNEL32.dll
 0002:000000a0       __imp_FormatMessageA       000000014002a0a0     kernel32:KERNEL32.dll
 0002:000000a8       __imp_SetConsoleTextAttribute 000000014002a0a8     kernel32:KERNEL32.dll
 0002:000000b0       __imp_TlsFree              000000014002a0b0     kernel32:KERNEL32.dll
 0002:000000b8       __imp_TlsSetValue          000000014002a0b8     kernel32:KERNEL32.dll
 0002:000000c0       __imp_TlsGetValue          000000014002a0c0     kernel32:KERNEL32.dll
 0002:000000c8       __imp_TlsAlloc             000000014002a0c8     kernel32:KERNEL32.dll
 0002:000000d0       __imp_GetCurrentThreadId   000000014002a0d0     kernel32:KERNEL32.dll
 0002:000000d8       __imp_GetStdHandle         000000014002a0d8     kernel32:KERNEL32.dll
 0002:000000e0       __imp_CloseHandle          000000014002a0e0     kernel32:KERNEL32.dll
 0002:000000e8       __imp_GetLastError         000000014002a0e8     kernel32:KERNEL32.dll
 0002:000000f0       __imp_InitializeCriticalSection 000000014002a0f0     kernel32:KERNEL32.dll
 0002:000000f8       __imp_EnterCriticalSection 000000014002a0f8     kernel32:KERNEL32.dll
 0002:00000100       __imp_LeaveCriticalSection 000000014002a100     kernel32:KERNEL32.dll
 0002:00000108       __imp_TryEnterCriticalSection 000000014002a108     kernel32:KERNEL32.dll
 0002:00000110       __imp_DeleteCriticalSection 000000014002a110     kernel32:KERNEL32.dll
 0002:00000118       __imp_ReleaseSemaphore     000000014002a118     kernel32:KERNEL32.dll
 0002:00000120       __imp_WaitForSingleObject  000000014002a120     kernel32:KERNEL32.dll
 0002:00000128       __imp_Sleep                000000014002a128     kernel32:KERNEL32.dll
 0002:00000130       __imp_GetCurrentProcessId  000000014002a130     kernel32:KERNEL32.dll
 0002:00000138       __imp_CreateThread         000000014002a138     kernel32:KERNEL32.dll
 0002:00000140       __imp_GetCurrentThread     000000014002a140     kernel32:KERNEL32.dll
 0002:00000148       \177KERNEL32_NULL_THUNK_DATA 000000014002a148     kernel32:KERNEL32.dll
 0002:00000150       __imp___telemetry_main_return_trigger 000000014002a150     vcruntime:VCRUNTIME140.dll
 0002:00000158       __imp___telemetry_main_invoke_trigger 000000014002a158     vcruntime:VCRUNTIME140.dll
 0002:00000160       __imp_longjmp              000000014002a160     vcruntime:VCRUNTIME140.dll
 0002:00000168       __imp_memmove              000000014002a168     vcruntime:VCRUNTIME140.dll
 0002:00000170       __imp_memcmp               000000014002a170     vcruntime:VCRUNTIME140.dll
 0002:00000178       __imp_memcpy               000000014002a178     vcruntime:VCRUNTIME140.dll
 0002:00000180       __imp_memset               000000014002a180     vcruntime:VCRUNTIME140.dll
 0002:00000188       __imp_strchr               000000014002a188     vcruntime:VCRUNTIME140.dll
 0002:00000190       __imp_memchr               000000014002a190     vcruntime:VCRUNTIME140.dll
 0002:00000198       __imp___intrinsic_setjmp   000000014002a198     vcruntime:VCRUNTIME140.dll
 0002:000001a0       __imp___C_specific_handler 000000014002a1a0     vcruntime:VCRUNTIME140.dll
 0002:000001a8       \177VCRUNTIME140_NULL_THUNK_DATA 000000014002a1a8     vcruntime:VCRUNTIME140.dll
 0002:000001b0       __imp_recvfrom             000000014002a1b0     ws2_32:WS2_32.dll
 0002:000001b8       __imp_recv                 000000014002a1b8     ws2_32:WS2_32.dll
 0002:000001c0       __imp_ntohs                000000014002a1c0     ws2_32:WS2_32.dll
 0002:000001c8       __imp_ntohl                000000014002a1c8     ws2_32:WS2_32.dll
 0002:000001d0       __imp_inet_addr            000000014002a1d0     ws2_32:WS2_32.dll
 0002:000001d8       __imp_htons                000000014002a1d8     ws2_32:WS2_32.dll
 0002:000001e0       __imp_htonl                000000014002a1e0     ws2_32:WS2_32.dll
 0002:000001e8       __imp_getsockopt           000000014002a1e8     ws2_32:WS2_32.dll
 0002:000001f0       __imp_send                 000000014002a1f0     ws2_32:WS2_32.dll
 0002:000001f8       __imp_connect              000000014002a1f8     ws2_32:WS2_32.dll
 0002:00000200       __imp_closesocket          000000014002a200     ws2_32:WS2_32.dll
 0002:00000208       __imp_sendto               000000014002a208     ws2_32:WS2_32.dll
 0002:00000210       __imp_bind                 000000014002a210     ws2_32:WS2_32.dll
 0002:00000218       __imp_accept               000000014002a218     ws2_32:WS2_32.dll
 0002:00000220       __imp_ioctlsocket          000000014002a220     ws2_32:WS2_32.dll
 0002:00000228       __imp_WSAGetLastError      000000014002a228     ws2_32:WS2_32.dll
 0002:00000230       __imp_WSACleanup           000000014002a230     ws2_32:WS2_32.dll
 0002:00000238       __imp_WSAStartup           000000014002a238     ws2_32:WS2_32.dll
 0002:00000240       __imp_setsockopt           000000014002a240     ws2_32:WS2_32.dll
 0002:00000248       __imp_gethostname          000000014002a248     ws2_32:WS2_32.dll
 0002:00000250       __imp_WSAIoctl             000000014002a250     ws2_32:WS2_32.dll
 0002:00000258       __imp_WSASocketA           000000014002a258     ws2_32:WS2_32.dll
 0002:00000260       __imp_WSAAddressToStringA  000000014002a260     ws2_32:WS2_32.dll
 0002:00000268       __imp_WSAStringToAddressA  000000014002a268     ws2_32:WS2_32.dll
 0002:00000270       __imp_gethostbyname        000000014002a270     ws2_32:WS2_32.dll
 0002:00000278       __imp___WSAFDIsSet         000000014002a278     ws2_32:WS2_32.dll
 0002:00000280       __imp_select               000000014002a280     ws2_32:WS2_32.dll
 0002:00000288       __imp_getsockname          000000014002a288     ws2_32:WS2_32.dll
 0002:00000290       \177WS2_32_NULL_THUNK_DATA 000000014002a290     ws2_32:WS2_32.dll
 0002:00000298       __imp_atoi                 000000014002a298     ucrt:api-ms-win-crt-convert-l1-1-0.dll
 0002:000002a0       \177api-ms-win-crt-convert-l1-1-0_NULL_THUNK_DATA 000000014002a2a0     ucrt:api-ms-win-crt-convert-l1-1-0.dll
 0002:000002a8       __imp__set_new_mode        000000014002a2a8     ucrt:api-ms-win-crt-heap-l1-1-0.dll
 0002:000002b0       __imp_free                 000000014002a2b0     ucrt:api-ms-win-crt-heap-l1-1-0.dll
 0002:000002b8       __imp_malloc               000000014002a2b8     ucrt:api-ms-win-crt-heap-l1-1-0.dll
 0002:000002c0       \177api-ms-win-crt-heap-l1-1-0_NULL_THUNK_DATA 000000014002a2c0     ucrt:api-ms-win-crt-heap-l1-1-0.dll
 0002:000002c8       __imp__configthreadlocale  000000014002a2c8     ucrt:api-ms-win-crt-locale-l1-1-0.dll
 0002:000002d0       \177api-ms-win-crt-locale-l1-1-0_NULL_THUNK_DATA 000000014002a2d0     ucrt:api-ms-win-crt-locale-l1-1-0.dll
 0002:000002d8       __imp___setusermatherr     000000014002a2d8     ucrt:api-ms-win-crt-math-l1-1-0.dll
 0002:000002e0       __imp_fmod                 000000014002a2e0     ucrt:api-ms-win-crt-math-l1-1-0.dll
 0002:000002e8       \177api-ms-win-crt-math-l1-1-0_NULL_THUNK_DATA 000000014002a2e8     ucrt:api-ms-win-crt-math-l1-1-0.dll
 0002:000002f0       __imp__cexit               000000014002a2f0     ucrt:api-ms-win-crt-runtime-l1-1-0.dll
 0002:000002f8       __imp_exit                 000000014002a2f8     ucrt:api-ms-win-crt-runtime-l1-1-0.dll
 0002:00000300       __imp___p___argv           000000014002a300     ucrt:api-ms-win-crt-runtime-l1-1-0.dll
 0002:00000308       __imp__c_exit              000000014002a308     ucrt:api-ms-win-crt-runtime-l1-1-0.dll
 0002:00000310       __imp___p___argc           000000014002a310     ucrt:api-ms-win-crt-runtime-l1-1-0.dll
 0002:00000318       __imp__register_thread_local_exe_atexit_callback 000000014002a318     ucrt:api-ms-win-crt-runtime-l1-1-0.dll
 0002:00000320       __imp_terminate            000000014002a320     ucrt:api-ms-win-crt-runtime-l1-1-0.dll
 0002:00000328       __imp__crt_atexit          000000014002a328     ucrt:api-ms-win-crt-runtime-l1-1-0.dll
 0002:00000330       __imp__register_onexit_function 000000014002a330     ucrt:api-ms-win-crt-runtime-l1-1-0.dll
 0002:00000338       __imp__initialize_onexit_table 000000014002a338     ucrt:api-ms-win-crt-runtime-l1-1-0.dll
 0002:00000340       __imp__initterm            000000014002a340     ucrt:api-ms-win-crt-runtime-l1-1-0.dll
 0002:00000348       __imp__get_initial_narrow_environment 000000014002a348     ucrt:api-ms-win-crt-runtime-l1-1-0.dll
 0002:00000350       __imp__exit                000000014002a350     ucrt:api-ms-win-crt-runtime-l1-1-0.dll
 0002:00000358       __imp__seh_filter_exe      000000014002a358     ucrt:api-ms-win-crt-runtime-l1-1-0.dll
 0002:00000360       __imp__set_app_type        000000014002a360     ucrt:api-ms-win-crt-runtime-l1-1-0.dll
 0002:00000368       __imp__initterm_e          000000014002a368     ucrt:api-ms-win-crt-runtime-l1-1-0.dll
 0002:00000370       __imp__configure_narrow_argv 000000014002a370     ucrt:api-ms-win-crt-runtime-l1-1-0.dll
 0002:00000378       __imp__initialize_narrow_environment 000000014002a378     ucrt:api-ms-win-crt-runtime-l1-1-0.dll
 0002:00000380       \177api-ms-win-crt-runtime-l1-1-0_NULL_THUNK_DATA 000000014002a380     ucrt:api-ms-win-crt-runtime-l1-1-0.dll
 0002:00000388       __imp_fopen                000000014002a388     ucrt:api-ms-win-crt-stdio-l1-1-0.dll
 0002:00000390       __imp_puts                 000000014002a390     ucrt:api-ms-win-crt-stdio-l1-1-0.dll
 0002:00000398       __imp__set_fmode           000000014002a398     ucrt:api-ms-win-crt-stdio-l1-1-0.dll
 0002:000003a0       __imp___acrt_iob_func      000000014002a3a0     ucrt:api-ms-win-crt-stdio-l1-1-0.dll
 0002:000003a8       __imp_fwrite               000000014002a3a8     ucrt:api-ms-win-crt-stdio-l1-1-0.dll
 0002:000003b0       __imp___stdio_common_vsscanf 000000014002a3b0     ucrt:api-ms-win-crt-stdio-l1-1-0.dll
 0002:000003b8       __imp___stdio_common_vsprintf 000000014002a3b8     ucrt:api-ms-win-crt-stdio-l1-1-0.dll
 0002:000003c0       __imp___stdio_common_vfprintf 000000014002a3c0     ucrt:api-ms-win-crt-stdio-l1-1-0.dll
 0002:000003c8       __imp_fflush               000000014002a3c8     ucrt:api-ms-win-crt-stdio-l1-1-0.dll
 0002:000003d0       __imp_fclose               000000014002a3d0     ucrt:api-ms-win-crt-stdio-l1-1-0.dll
 0002:000003d8       __imp___p__commode         000000014002a3d8     ucrt:api-ms-win-crt-stdio-l1-1-0.dll
 0002:000003e0       __imp_fgets                000000014002a3e0     ucrt:api-ms-win-crt-stdio-l1-1-0.dll
 0002:000003e8       \177api-ms-win-crt-stdio-l1-1-0_NULL_THUNK_DATA 000000014002a3e8     ucrt:api-ms-win-crt-stdio-l1-1-0.dll
 0002:000003f0       __imp_strtok               000000014002a3f0     ucrt:api-ms-win-crt-string-l1-1-0.dll
 0002:000003f8       __imp__strnicmp            000000014002a3f8     ucrt:api-ms-win-crt-string-l1-1-0.dll
 0002:00000400       __imp_strncpy              000000014002a400     ucrt:api-ms-win-crt-string-l1-1-0.dll
 0002:00000408       __imp_strncmp              000000014002a408     ucrt:api-ms-win-crt-string-l1-1-0.dll
 0002:00000410       __imp_tolower              000000014002a410     ucrt:api-ms-win-crt-string-l1-1-0.dll
 0002:00000418       __imp_isspace              000000014002a418     ucrt:api-ms-win-crt-string-l1-1-0.dll
 0002:00000420       \177api-ms-win-crt-string-l1-1-0_NULL_THUNK_DATA 000000014002a420     ucrt:api-ms-win-crt-string-l1-1-0.dll
 0002:00000428       __imp_rand                 000000014002a428     ucrt:api-ms-win-crt-utility-l1-1-0.dll
 0002:00000430       \177api-ms-win-crt-utility-l1-1-0_NULL_THUNK_DATA 000000014002a430     ucrt:api-ms-win-crt-utility-l1-1-0.dll
 0002:00000438       __imp_CoCreateGuid         000000014002a438     ole32:ole32.dll
 0002:00000440       \177ole32_NULL_THUNK_DATA  000000014002a440     ole32:ole32.dll
 0002:00000448       __guard_check_icall_fptr   000000014002a448     MSVCRT:guard_support.obj
 0002:00000450       __guard_dispatch_icall_fptr 000000014002a450     MSVCRT:guard_support.obj
 0002:00000458       __xc_a                     000000014002a458     MSVCRT:initializers.obj
 0002:00000468       __xc_z                     000000014002a468     MSVCRT:initializers.obj
 0002:00000470       __xi_a                     000000014002a470     MSVCRT:initializers.obj
 0002:00000488       __xi_z                     000000014002a488     MSVCRT:initializers.obj
 0002:00000490       __xp_a                     000000014002a490     MSVCRT:initializers.obj
 0002:00000498       __xp_z                     000000014002a498     MSVCRT:initializers.obj
 0002:000004a0       __xt_a                     000000014002a4a0     MSVCRT:initializers.obj
 0002:000004a8       __xt_z                     000000014002a4a8     MSVCRT:initializers.obj
 0002:00000660       ??_C@_0CJ@GKFBHIPI@Invalid?5STUN?5message?5?$CIPJNATH_EIN@ 000000014002a660     pjnath-x86_64-x64-vc14-release:errno.obj
 0002:00000690       ??_C@_0DD@EDOPFABO@Invalid?5STUN?5message?5length?5?$CIPJN@ 000000014002a690     pjnath-x86_64-x64-vc14-release:errno.obj
 0002:000006d0       ??_C@_0EA@DFHBMLHL@Invalid?5or?5unexpected?5STUN?5messa@ 000000014002a6d0     pjnath-x86_64-x64-vc14-release:errno.obj
 0002:00000710       ??_C@_0DG@KPHKFJAB@STUN?5transaction?5has?5timed?5out?5?$CI@ 000000014002a710     pjnath-x86_64-x64-vc14-release:errno.obj
 0002:00000748       ??_C@_0DD@OHEENKIB@Too?5many?5STUN?5attributes?5?$CIPJNATH@ 000000014002a748     pjnath-x86_64-x64-vc14-release:errno.obj
 0002:00000780       ??_C@_0DG@BPOIAHEF@Invalid?5STUN?5attribute?5length?5?$CIP@ 000000014002a780     pjnath-x86_64-x64-vc14-release:errno.obj
 0002:000007b8       ??_C@_0DF@BKFKBCGF@Found?5duplicate?5STUN?5attribute?5?$CI@ 000000014002a7b8     pjnath-x86_64-x64-vc14-release:errno.obj
 0002:000007f0       ??_C@_0DP@ENOHKACM@STUN?5FINGERPRINT?5verification?5fa@ 000000014002a7f0     pjnath-x86_64-x64-vc14-release:errno.obj
 0002:00000830       ??_C@_0EH@EPGNFFEB@Invalid?5STUN?5attribute?5after?5MES@ 000000014002a830     pjnath-x86_64-x64-vc14-release:errno.obj
 0002:00000880       ??_C@_0EB@DAIGGIDN@Invalid?5STUN?5attribute?5after?5FIN@ 000000014002a880     pjnath-x86_64-x64-vc14-release:errno.obj
 0002:000008d0       ??_C@_0EJ@JLJGOHGB@STUN?5?$CIXOR?9?$CJMAPPED?9ADDRESS?5attrib@ 000000014002a8d0     pjnath-x86_64-x64-vc14-release:errno.obj
 0002:00000920       ??_C@_0DM@IEAEKGHC@STUN?5IPv6?5attribute?5not?5supporte@ 000000014002a920     pjnath-x86_64-x64-vc14-release:errno.obj
 0002:00000960       ??_C@_0DC@EGLMCOFO@Invalid?5STUN?5address?5family?5valu@ 000000014002a960     pjnath-x86_64-x64-vc14-release:errno.obj
 0002:000009a0       ??_C@_0EE@HCGFHPNA@Invalid?5STUN?5server?5or?5server?5no@ 000000014002a9a0     pjnath-x86_64-x64-vc14-release:errno.obj
 0002:000009e8       ??_C@_0DG@FKMKCCEE@STUN?5object?5has?5been?5destoyed?5?$CIP@ 000000014002a9e8     pjnath-x86_64-x64-vc14-release:errno.obj
 0002:00000a20       ??_C@_0CK@OFPAPMME@ICE?5session?5not?5available?5?$CIPJNAT@ 000000014002aa20     pjnath-x86_64-x64-vc14-release:errno.obj
 0002:00000a50       ??_C@_0DB@PAOLMMAD@ICE?5check?5is?5in?5progress?5?$CIPJNATH@ 000000014002aa50     pjnath-x86_64-x64-vc14-release:errno.obj
 0002:00000a88       ??_C@_0CO@LKKAIKIM@All?5ICE?5checklists?5failed?5?$CIPJNAT@ 000000014002aa88     pjnath-x86_64-x64-vc14-release:errno.obj
 0002:00000ac0       ??_C@_0EG@MFEBLALG@Default?5target?5doesn?8t?5match?5any@ 000000014002aac0     pjnath-x86_64-x64-vc14-release:errno.obj
 0002:00000b08       ??_C@_0CP@DPHDFCDB@Invalid?5ICE?5component?5ID?5?$CIPJNATH@ 000000014002ab08     pjnath-x86_64-x64-vc14-release:errno.obj
 0002:00000b38       ??_C@_0CP@HLPIHNCD@Invalid?5ICE?5candidate?5ID?5?$CIPJNATH@ 000000014002ab38     pjnath-x86_64-x64-vc14-release:errno.obj
 0002:00000b68       ??_C@_0CP@EDCECICF@Source?5address?5mismatch?5?$CIPJNATH_@ 000000014002ab68     pjnath-x86_64-x64-vc14-release:errno.obj
 0002:00000b98       ??_C@_0DC@PHBGNIPK@Missing?5ICE?5SDP?5attribute?5?$CIPJNAT@ 000000014002ab98     pjnath-x86_64-x64-vc14-release:errno.obj
 0002:00000bd0       ??_C@_0DJ@KABJLAFL@Invalid?5SDP?5?$CCcandidate?$CC?5attribut@ 000000014002abd0     pjnath-x86_64-x64-vc14-release:errno.obj
 0002:00000c10       ??_C@_0EA@EDMJLPFH@No?5host?5candidate?5associated?5wit@ 000000014002ac10     pjnath-x86_64-x64-vc14-release:errno.obj
 0002:00000c50       ??_C@_0EK@PIKHJBD@Controlled?5agent?5timed?5out?5waiti@ 000000014002ac50     pjnath-x86_64-x64-vc14-release:errno.obj
 0002:00000ca0       ??_C@_0DB@PGNALPFC@Invalid?1unsupported?5transport?5?$CIP@ 000000014002aca0     pjnath-x86_64-x64-vc14-release:errno.obj
 0002:00000cd8       ??_C@_0BI@EOEFPHGO@Unknown?5pjnath?5error?5?$CFd?$AA@ 000000014002acd8     pjnath-x86_64-x64-vc14-release:errno.obj
 0002:00000cf0       ??_C@_0BJ@CCAJIKCJ@Unknown?5STUN?5err?9code?5?$CFd?$AA@ 000000014002acf0     pjnath-x86_64-x64-vc14-release:errno.obj
 0002:00000d0c       ??_C@_06DJHOIPC@?$CFs?3?5?$CFs?$AA@ 000000014002ad0c     pjnath-x86_64-x64-vc14-release:errno.obj
 0002:00000d14       ??_C@_04OODOLJMA@host?$AA@ 000000014002ad14     pjnath-x86_64-x64-vc14-release:ice_session.obj
 0002:00000d1c       ??_C@_05PIPPPLPJ@srflx?$AA@ 000000014002ad1c     pjnath-x86_64-x64-vc14-release:ice_session.obj
 0002:00000d24       ??_C@_05HOGLIJFH@prflx?$AA@ 000000014002ad24     pjnath-x86_64-x64-vc14-release:ice_session.obj
 0002:00000d2c       ??_C@_05JPBNCBLI@relay?$AA@ 000000014002ad2c     pjnath-x86_64-x64-vc14-release:ice_session.obj
 0002:00000d34       ??_C@_06KJCACDIO@Frozen?$AA@ 000000014002ad34     pjnath-x86_64-x64-vc14-release:ice_session.obj
 0002:00000d40       ??_C@_07OFINCGEG@Waiting?$AA@ 000000014002ad40     pjnath-x86_64-x64-vc14-release:ice_session.obj
 0002:00000d48       ??_C@_0M@ENHIJGMI@In?5Progress?$AA@ 000000014002ad48     pjnath-x86_64-x64-vc14-release:ice_session.obj
 0002:00000d58       ??_C@_09OCHKHMJA@Succeeded?$AA@ 000000014002ad58     pjnath-x86_64-x64-vc14-release:ice_session.obj
 0002:00000d64       ??_C@_06CMLPEGNC@Failed?$AA@ 000000014002ad64     pjnath-x86_64-x64-vc14-release:ice_session.obj
 0002:00000d6c       ??_C@_04IBDNPPCI@Idle?$AA@ 000000014002ad6c     pjnath-x86_64-x64-vc14-release:ice_session.obj
 0002:00000d78       ??_C@_07JKJCPGE@Running?$AA@ 000000014002ad78     pjnath-x86_64-x64-vc14-release:ice_session.obj
 0002:00000d80       ??_C@_09MIJAKHKB@Completed?$AA@ 000000014002ad80     pjnath-x86_64-x64-vc14-release:ice_session.obj
 0002:00000d90       ??_C@_07NBCGADJA@Unknown?$AA@ 000000014002ad90     pjnath-x86_64-x64-vc14-release:ice_session.obj
 0002:00000d98       ??_C@_0L@KHGPKCEO@Controlled?$AA@ 000000014002ad98     pjnath-x86_64-x64-vc14-release:ice_session.obj
 0002:00000da8       ??_C@_0M@PMDOMEDL@Controlling?$AA@ 000000014002ada8     pjnath-x86_64-x64-vc14-release:ice_session.obj
 0002:00000db4       ??_C@_03BBKEAIF@?$DP?$DP?$DP?$AA@ 000000014002adb4     pjnath-x86_64-x64-vc14-release:ice_session.obj
 0002:00000db8       ??_C@_04MAAPIHIO@?$CFc?$CFx?$AA@ 000000014002adb8     pjnath-x86_64-x64-vc14-release:ice_session.obj
 0002:00000dc0       ??_C@_07GBFPDLAH@icess?$CFp?$AA@ 000000014002adc0     pjnath-x86_64-x64-vc14-release:ice_session.obj
 0002:00000dc8       ??_C@_0DD@KKPCGINH@ICE?5session?5created?0?5comp_cnt?$DN?$CFd@ 000000014002adc8     pjnath-x86_64-x64-vc14-release:ice_session.obj
 0002:00000e00       ??_C@_0L@EPMNHNJ@aggressive?$AA@ 000000014002ae00     pjnath-x86_64-x64-vc14-release:ice_session.obj
 0002:00000e10       ??_C@_07KMAJHHLM@regular?$AA@ 000000014002ae10     pjnath-x86_64-x64-vc14-release:ice_session.obj
 0002:00000e18       ??_C@_0BO@JMOAKFOG@ICE?5nomination?5type?5set?5to?5?$CFs?$AA@ 000000014002ae18     pjnath-x86_64-x64-vc14-release:ice_session.obj
 0002:00000e38       ??_C@_0BJ@NIGKKAOP@ICE?5session?5?$CFp?5destroyed?$AA@ 000000014002ae38     pjnath-x86_64-x64-vc14-release:ice_session.obj
 0002:00000e58       ??_C@_0O@IDPHLJDO@ice_session?4c?$AA@ 000000014002ae58     pjnath-x86_64-x64-vc14-release:ice_session.obj
 0002:00000e68       ??_C@_0BK@DCHLELMI@Destroying?5ICE?5session?5?$CFp?$AA@ 000000014002ae68     pjnath-x86_64-x64-vc14-release:ice_session.obj
 0002:00000e88       ??_C@_0BD@IJCAAGMH@Role?5changed?5to?5?$CFs?$AA@ 000000014002ae88     pjnath-x86_64-x64-vc14-release:ice_session.obj
 0002:00000ea0       ??_C@_0GB@IJEEDFAM@Candidate?5?$CFd?5added?3?5comp_id?$DN?$CFd?0?5@ 000000014002aea0     pjnath-x86_64-x64-vc14-release:ice_session.obj
 0002:00000f08       ??_C@_0BM@OBJDMFGB@?4?4?2src?2pjnath?2ice_session?4c?$AA@ 000000014002af08     pjnath-x86_64-x64-vc14-release:ice_session.obj
 0002:00000f28       ??_C@_0BH@DGBKCPGB@?$CFd?3?5?$FL?$CFd?$FN?5?$CFs?3?$CFd?9?9?$DO?$CFs?3?$CFd?$AA@ 000000014002af28     pjnath-x86_64-x64-vc14-release:ice_session.obj
 0002:00000f40       ??_C@_02DKCKIIND@?$CFs?$AA@ 000000014002af40     pjnath-x86_64-x64-vc14-release:ice_session.obj
 0002:00000f48       ??_C@_09DIDNPBBH@nominated?$AA@ 000000014002af48     pjnath-x86_64-x64-vc14-release:ice_session.obj
 0002:00000f58       ??_C@_0O@MFBJAADI@not?5nominated?$AA@ 000000014002af58     pjnath-x86_64-x64-vc14-release:ice_session.obj
 0002:00000f68       ??_C@_0BD@DIAOJGPO@?5?$CFs?5?$CI?$CFs?0?5state?$DN?$CFs?$CJ?$AA@ 000000014002af68     pjnath-x86_64-x64-vc14-release:ice_session.obj
 0002:00000f80       ??_C@_0CG@OPDLDKOC@Check?5?$CFs?3?5state?5changed?5from?5?$CFs?5@ 000000014002af80     pjnath-x86_64-x64-vc14-release:ice_session.obj
 0002:00000fa8       ??_C@_0CH@OMPOKJDI@Checklist?3?5state?5changed?5from?5?$CFs@ 000000014002afa8     pjnath-x86_64-x64-vc14-release:ice_session.obj
 0002:00000fd0       ??_C@_0DG@GJLGANE@Base?5candidate?5?$CFs?3?$CFd?5not?5found?5f@ 000000014002afd0     pjnath-x86_64-x64-vc14-release:ice_session.obj
 0002:00001008       ??_C@_0BA@NHCOBJOF@duplicate?5found?$AA@ 000000014002b008     pjnath-x86_64-x64-vc14-release:ice_session.obj
 0002:00001018       ??_C@_0L@GPOKGCHH@equal?5base?$AA@ 000000014002b018     pjnath-x86_64-x64-vc14-release:ice_session.obj
 0002:00001028       ??_C@_0BF@GMFHLHC@Check?5?$CFs?5pruned?5?$CI?$CFs?$CJ?$AA@ 000000014002b028     pjnath-x86_64-x64-vc14-release:ice_session.obj
 0002:00001040       ??_C@_0HF@MCFKOKNI@Controlled?5agent?5timed?9out?5in?5wa@ 000000014002b040     pjnath-x86_64-x64-vc14-release:ice_session.obj
 0002:000010b8       ??_C@_0CA@JLAONEAB@ICE?5process?5complete?0?5status?$DN?$CFs?$AA@ 000000014002b0b8     pjnath-x86_64-x64-vc14-release:ice_session.obj
 0002:000010d8       ??_C@_0L@DAPINKOE@Valid?5list?$AA@ 000000014002b0d8     pjnath-x86_64-x64-vc14-release:ice_session.obj
 0002:000010e8       ??_C@_0BA@OAPJPHMG@?5?5and?5nominated?$AA@ 000000014002b0e8     pjnath-x86_64-x64-vc14-release:ice_session.obj
 0002:000010f8       ??_C@_00CNPNBAHC@?$AA@     000000014002b0f8     pjnath-x86_64-x64-vc14-release:ice_session.obj
 0002:00001100       ??_C@_0BJ@LDLHNMFG@Check?5?$CFd?5is?5successful?$CFs?$AA@ 000000014002b100     pjnath-x86_64-x64-vc14-release:ice_session.obj
 0002:00001120       ??_C@_0CK@IDKEAGPB@Check?5?$CFs?5to?5be?5failed?5because?5st@ 000000014002b120     pjnath-x86_64-x64-vc14-release:ice_session.obj
 0002:00001150       ??_C@_0CC@KCAFFELN@Cancelling?5check?5?$CFs?5?$CIIn?5Progress@ 000000014002b150     pjnath-x86_64-x64-vc14-release:ice_session.obj
 0002:00001180       ??_C@_0GO@IEBBDPMP@All?5checks?5have?5completed?4?5Contr@ 000000014002b180     pjnath-x86_64-x64-vc14-release:ice_session.obj
 0002:000011f0       ??_C@_0DJ@IFENMLDG@All?5checks?5have?5completed?0?5start@ 000000014002b1f0     pjnath-x86_64-x64-vc14-release:ice_session.obj
 0002:00001230       ??_C@_0CE@MENGPKBF@Scheduling?5nominated?5check?5in?5?$CFd@ 000000014002b230     pjnath-x86_64-x64-vc14-release:ice_session.obj
 0002:00001254       ??_C@_01JLIPDDHJ@?3?$AA@   000000014002b254     pjnath-x86_64-x64-vc14-release:ice_session.obj
 0002:00001258       ??_C@_0CD@DGJOKAPD@Error?3?5no?5checklist?5can?5be?5creat@ 000000014002b258     pjnath-x86_64-x64-vc14-release:ice_session.obj
 0002:00001280       ??_C@_0BD@LGGHIMDK@Checklist?5created?3?$AA@ 000000014002b280     pjnath-x86_64-x64-vc14-release:ice_session.obj
 0002:00001298       ??_C@_0CI@CBEMIFEA@Sending?5connectivity?5check?5for?5c@ 000000014002b298     pjnath-x86_64-x64-vc14-release:ice_session.obj
 0002:000012c0       ??_C@_0BM@GMPCDDCD@Error?5creating?5STUN?5request?$AA@ 000000014002b2c0     pjnath-x86_64-x64-vc14-release:ice_session.obj
 0002:000012e0       ??_C@_0BL@CLDMLOKE@Error?5sending?5STUN?5request?$AA@ 000000014002b2e0     pjnath-x86_64-x64-vc14-release:ice_session.obj
[...]
 0004:0000297c       $pdata$0$schedule_entry    000000014003d97c     pjlib-x86_64-x64-vc14-release:timer.obj
 0004:00002988       $pdata$1$schedule_entry    000000014003d988     pjlib-x86_64-x64-vc14-release:timer.obj
 0004:00002994       $pdata$schedule_w_grp_lock 000000014003d994     pjlib-x86_64-x64-vc14-release:timer.obj
 0004:000029a0       $pdata$pj_gethostname      000000014003d9a0     pjlib-x86_64-x64-vc14-release:sock_bsd.obj
 0004:000029ac       $pdata$0$pj_gethostname    000000014003d9ac     pjlib-x86_64-x64-vc14-release:sock_bsd.obj
 0004:000029b8       $pdata$2$pj_gethostname    000000014003d9b8     pjlib-x86_64-x64-vc14-release:sock_bsd.obj
 0004:000029c4       $pdata$3$pj_gethostname    000000014003d9c4     pjlib-x86_64-x64-vc14-release:sock_bsd.obj
 0004:000029d0       $pdata$pj_inet_aton        000000014003d9d0     pjlib-x86_64-x64-vc14-release:sock_bsd.obj
 0004:000029dc       $pdata$pj_inet_ntop        000000014003d9dc     pjlib-x86_64-x64-vc14-release:sock_bsd.obj
 0004:000029e8       $pdata$pj_inet_pton        000000014003d9e8     pjlib-x86_64-x64-vc14-release:sock_bsd.obj
 0004:000029f4       $pdata$0$pj_inet_pton      000000014003d9f4     pjlib-x86_64-x64-vc14-release:sock_bsd.obj
 0004:00002a00       $pdata$1$pj_inet_pton      000000014003da00     pjlib-x86_64-x64-vc14-release:sock_bsd.obj
 0004:00002a0c       $pdata$2$pj_inet_pton      000000014003da0c     pjlib-x86_64-x64-vc14-release:sock_bsd.obj
 0004:00002a18       $pdata$3$pj_inet_pton      000000014003da18     pjlib-x86_64-x64-vc14-release:sock_bsd.obj
 0004:00002a24       $pdata$4$pj_inet_pton      000000014003da24     pjlib-x86_64-x64-vc14-release:sock_bsd.obj
 0004:00002a30       $pdata$pj_sock_accept      000000014003da30     pjlib-x86_64-x64-vc14-release:sock_bsd.obj
 0004:00002a3c       $pdata$pj_sock_bind        000000014003da3c     pjlib-x86_64-x64-vc14-release:sock_bsd.obj
 0004:00002a48       $pdata$pj_sock_bind_in     000000014003da48     pjlib-x86_64-x64-vc14-release:sock_bsd.obj
 0004:00002a54       $pdata$pj_sock_close       000000014003da54     pjlib-x86_64-x64-vc14-release:sock_bsd.obj
 0004:00002a60       $pdata$pj_sock_connect     000000014003da60     pjlib-x86_64-x64-vc14-release:sock_bsd.obj
 0004:00002a6c       $pdata$pj_sock_getsockname 000000014003da6c     pjlib-x86_64-x64-vc14-release:sock_bsd.obj
 0004:00002a78       $pdata$pj_sock_getsockopt  000000014003da78     pjlib-x86_64-x64-vc14-release:sock_bsd.obj
 0004:00002a84       $pdata$pj_sock_recv        000000014003da84     pjlib-x86_64-x64-vc14-release:sock_bsd.obj
 0004:00002a90       $pdata$pj_sock_recvfrom    000000014003da90     pjlib-x86_64-x64-vc14-release:sock_bsd.obj
 0004:00002a9c       $pdata$pj_sock_send        000000014003da9c     pjlib-x86_64-x64-vc14-release:sock_bsd.obj
 0004:00002aa8       $pdata$pj_sock_sendto      000000014003daa8     pjlib-x86_64-x64-vc14-release:sock_bsd.obj
 0004:00002ab4       $pdata$pj_sock_setsockopt  000000014003dab4     pjlib-x86_64-x64-vc14-release:sock_bsd.obj
 0004:00002ac0       $pdata$pj_sock_socket      000000014003dac0     pjlib-x86_64-x64-vc14-release:sock_bsd.obj
 0004:00002acc       $pdata$pj_time_val_normalize 000000014003dacc     pjlib-x86_64-x64-vc14-release:types.obj
 0004:00002ad8       $pdata$create_mutex_lock   000000014003dad8     pjlib-x86_64-x64-vc14-release:lock.obj
 0004:00002ae4       $pdata$0$create_mutex_lock 000000014003dae4     pjlib-x86_64-x64-vc14-release:lock.obj
 0004:00002af0       $pdata$2$create_mutex_lock 000000014003daf0     pjlib-x86_64-x64-vc14-release:lock.obj
 0004:00002afc       $pdata$3$create_mutex_lock 000000014003dafc     pjlib-x86_64-x64-vc14-release:lock.obj
 0004:00002b08       $pdata$grp_lock_acquire    000000014003db08     pjlib-x86_64-x64-vc14-release:lock.obj
 0004:00002b14       $pdata$grp_lock_destroy    000000014003db14     pjlib-x86_64-x64-vc14-release:lock.obj
 0004:00002b20       $pdata$0$grp_lock_destroy  000000014003db20     pjlib-x86_64-x64-vc14-release:lock.obj
 0004:00002b2c       $pdata$2$grp_lock_destroy  000000014003db2c     pjlib-x86_64-x64-vc14-release:lock.obj
 0004:00002b38       $pdata$3$grp_lock_destroy  000000014003db38     pjlib-x86_64-x64-vc14-release:lock.obj
 0004:00002b44       $pdata$4$grp_lock_destroy  000000014003db44     pjlib-x86_64-x64-vc14-release:lock.obj
 0004:00002b50       $pdata$grp_lock_release    000000014003db50     pjlib-x86_64-x64-vc14-release:lock.obj
 0004:00002b5c       $pdata$grp_lock_tryacquire 000000014003db5c     pjlib-x86_64-x64-vc14-release:lock.obj
 0004:00002b68       $pdata$pj_grp_lock_add_handler 000000014003db68     pjlib-x86_64-x64-vc14-release:lock.obj
 0004:00002b74       $pdata$pj_grp_lock_add_ref 000000014003db74     pjlib-x86_64-x64-vc14-release:lock.obj
 0004:00002b80       $pdata$pj_grp_lock_create  000000014003db80     pjlib-x86_64-x64-vc14-release:lock.obj
 0004:00002b8c       $pdata$0$pj_grp_lock_create 000000014003db8c     pjlib-x86_64-x64-vc14-release:lock.obj
 0004:00002b98       $pdata$6$pj_grp_lock_create 000000014003db98     pjlib-x86_64-x64-vc14-release:lock.obj
 0004:00002ba4       $pdata$8$pj_grp_lock_create 000000014003dba4     pjlib-x86_64-x64-vc14-release:lock.obj
 0004:00002bb0       $pdata$9$pj_grp_lock_create 000000014003dbb0     pjlib-x86_64-x64-vc14-release:lock.obj
 0004:00002bbc       $pdata$pj_grp_lock_dec_ref 000000014003dbbc     pjlib-x86_64-x64-vc14-release:lock.obj
 0004:00002bc8       $pdata$pj_hash_calc        000000014003dbc8     pjlib-x86_64-x64-vc14-release:hash.obj
 0004:00002bd4       $pdata$pj_hash_create      000000014003dbd4     pjlib-x86_64-x64-vc14-release:hash.obj
 0004:00002be0       $pdata$pj_hash_get         000000014003dbe0     pjlib-x86_64-x64-vc14-release:hash.obj
 0004:00002bec       $pdata$pj_hash_set         000000014003dbec     pjlib-x86_64-x64-vc14-release:hash.obj
 0004:00002bf8       $pdata$pj_hash_set_np      000000014003dbf8     pjlib-x86_64-x64-vc14-release:hash.obj
 0004:00002c04       $pdata$pj_hash_this        000000014003dc04     pjlib-x86_64-x64-vc14-release:hash.obj
 0004:00002c10       $pdata$pj_rand             000000014003dc10     pjlib-x86_64-x64-vc14-release:rand.obj
 0004:00002c1c       $pdata$get_base_time       000000014003dc1c     pjlib-x86_64-x64-vc14-release:os_time_win32.obj
 0004:00002c28       $pdata$pj_gettimeofday     000000014003dc28     pjlib-x86_64-x64-vc14-release:os_time_win32.obj
 0004:00002c34       $pdata$pj_time_decode      000000014003dc34     pjlib-x86_64-x64-vc14-release:os_time_win32.obj
 0004:00002c40       $pdata$pj_sock_apply_qos   000000014003dc40     pjlib-x86_64-x64-vc14-release:sock_qos_common.obj
 0004:00002c4c       $pdata$pj_sock_apply_qos2  000000014003dc4c     pjlib-x86_64-x64-vc14-release:sock_qos_common.obj
 0004:00002c58       $pdata$ioqueue_on_accept_complete 000000014003dc58     pjlib-x86_64-x64-vc14-release:activesock.obj
 0004:00002c64       $pdata$0$ioqueue_on_accept_complete 000000014003dc64     pjlib-x86_64-x64-vc14-release:activesock.obj
 0004:00002c70       $pdata$1$ioqueue_on_accept_complete 000000014003dc70     pjlib-x86_64-x64-vc14-release:activesock.obj
 0004:00002c7c       $pdata$2$ioqueue_on_accept_complete 000000014003dc7c     pjlib-x86_64-x64-vc14-release:activesock.obj
 0004:00002c88       $pdata$ioqueue_on_connect_complete 000000014003dc88     pjlib-x86_64-x64-vc14-release:activesock.obj
 0004:00002c94       $pdata$ioqueue_on_read_complete 000000014003dc94     pjlib-x86_64-x64-vc14-release:activesock.obj
 0004:00002ca0       $pdata$ioqueue_on_write_complete 000000014003dca0     pjlib-x86_64-x64-vc14-release:activesock.obj
 0004:00002cac       $pdata$0$ioqueue_on_write_complete 000000014003dcac     pjlib-x86_64-x64-vc14-release:activesock.obj
 0004:00002cb8       $pdata$1$ioqueue_on_write_complete 000000014003dcb8     pjlib-x86_64-x64-vc14-release:activesock.obj
 0004:00002cc4       $pdata$pj_activesock_close 000000014003dcc4     pjlib-x86_64-x64-vc14-release:activesock.obj
 0004:00002cd0       $pdata$1$pj_activesock_close 000000014003dcd0     pjlib-x86_64-x64-vc14-release:activesock.obj
 0004:00002cdc       $pdata$2$pj_activesock_close 000000014003dcdc     pjlib-x86_64-x64-vc14-release:activesock.obj
 0004:00002ce8       $pdata$pj_activesock_create 000000014003dce8     pjlib-x86_64-x64-vc14-release:activesock.obj
 0004:00002cf4       $pdata$0$pj_activesock_create 000000014003dcf4     pjlib-x86_64-x64-vc14-release:activesock.obj
 0004:00002d00       $pdata$1$pj_activesock_create 000000014003dd00     pjlib-x86_64-x64-vc14-release:activesock.obj
 0004:00002d0c       $pdata$2$pj_activesock_create 000000014003dd0c     pjlib-x86_64-x64-vc14-release:activesock.obj
 0004:00002d18       $pdata$3$pj_activesock_create 000000014003dd18     pjlib-x86_64-x64-vc14-release:activesock.obj
 0004:00002d24       $pdata$4$pj_activesock_create 000000014003dd24     pjlib-x86_64-x64-vc14-release:activesock.obj
 0004:00002d30       $pdata$5$pj_activesock_create 000000014003dd30     pjlib-x86_64-x64-vc14-release:activesock.obj
 0004:00002d3c       $pdata$pj_activesock_send  000000014003dd3c     pjlib-x86_64-x64-vc14-release:activesock.obj
 0004:00002d48       $pdata$1$pj_activesock_send 000000014003dd48     pjlib-x86_64-x64-vc14-release:activesock.obj
 0004:00002d54       $pdata$3$pj_activesock_send 000000014003dd54     pjlib-x86_64-x64-vc14-release:activesock.obj
 0004:00002d60       $pdata$4$pj_activesock_send 000000014003dd60     pjlib-x86_64-x64-vc14-release:activesock.obj
 0004:00002d6c       $pdata$pj_activesock_start_read 000000014003dd6c     pjlib-x86_64-x64-vc14-release:activesock.obj
 0004:00002d78       $pdata$1$pj_activesock_start_read 000000014003dd78     pjlib-x86_64-x64-vc14-release:activesock.obj
 0004:00002d84       $pdata$2$pj_activesock_start_read 000000014003dd84     pjlib-x86_64-x64-vc14-release:activesock.obj
 0004:00002d90       $pdata$3$pj_activesock_start_read 000000014003dd90     pjlib-x86_64-x64-vc14-release:activesock.obj
 0004:00002d9c       $pdata$5$pj_activesock_start_read 000000014003dd9c     pjlib-x86_64-x64-vc14-release:activesock.obj
 0004:00002da8       $pdata$7$pj_activesock_start_read 000000014003dda8     pjlib-x86_64-x64-vc14-release:activesock.obj
 0004:00002db4       $pdata$8$pj_activesock_start_read 000000014003ddb4     pjlib-x86_64-x64-vc14-release:activesock.obj
 0004:00002dc0       $pdata$pj_activesock_start_recvfrom 000000014003ddc0     pjlib-x86_64-x64-vc14-release:activesock.obj
 0004:00002dcc       $pdata$1$pj_activesock_start_recvfrom 000000014003ddcc     pjlib-x86_64-x64-vc14-release:activesock.obj
 0004:00002dd8       $pdata$2$pj_activesock_start_recvfrom 000000014003ddd8     pjlib-x86_64-x64-vc14-release:activesock.obj
 0004:00002de4       $pdata$3$pj_activesock_start_recvfrom 000000014003dde4     pjlib-x86_64-x64-vc14-release:activesock.obj
 0004:00002df0       $pdata$5$pj_activesock_start_recvfrom 000000014003ddf0     pjlib-x86_64-x64-vc14-release:activesock.obj
 0004:00002dfc       $pdata$7$pj_activesock_start_recvfrom 000000014003ddfc     pjlib-x86_64-x64-vc14-release:activesock.obj
 0004:00002e08       $pdata$8$pj_activesock_start_recvfrom 000000014003de08     pjlib-x86_64-x64-vc14-release:activesock.obj
 0004:00002e14       $pdata$send_remaining      000000014003de14     pjlib-x86_64-x64-vc14-release:activesock.obj
 0004:00002e20       $pdata$pj_getaddrinfo      000000014003de20     pjlib-x86_64-x64-vc14-release:addr_resolv_sock.obj
 0004:00002e2c       $pdata$0$pj_getaddrinfo    000000014003de2c     pjlib-x86_64-x64-vc14-release:addr_resolv_sock.obj
 0004:00002e38       $pdata$5$pj_getaddrinfo    000000014003de38     pjlib-x86_64-x64-vc14-release:addr_resolv_sock.obj
 0004:00002e44       $pdata$7$pj_getaddrinfo    000000014003de44     pjlib-x86_64-x64-vc14-release:addr_resolv_sock.obj
 0004:00002e50       $pdata$8$pj_getaddrinfo    000000014003de50     pjlib-x86_64-x64-vc14-release:addr_resolv_sock.obj
 0004:00002e5c       $pdata$9$pj_getaddrinfo    000000014003de5c     pjlib-x86_64-x64-vc14-release:addr_resolv_sock.obj
 0004:00002e68       $pdata$pj_gethostbyname    000000014003de68     pjlib-x86_64-x64-vc14-release:addr_resolv_sock.obj
 0004:00002e74       $pdata$MyGetAdapterAddresses 000000014003de74     pjlib-x86_64-x64-vc14-release:ip_helper_win32.obj
 0004:00002e80       $pdata$MyGetIpAddrTable    000000014003de80     pjlib-x86_64-x64-vc14-release:ip_helper_win32.obj
 0004:00002e8c       $pdata$enum_ipv4_interface 000000014003de8c     pjlib-x86_64-x64-vc14-release:ip_helper_win32.obj
 0004:00002e98       $pdata$0$enum_ipv4_interface 000000014003de98     pjlib-x86_64-x64-vc14-release:ip_helper_win32.obj
 0004:00002ea4       $pdata$1$enum_ipv4_interface 000000014003dea4     pjlib-x86_64-x64-vc14-release:ip_helper_win32.obj
 0004:00002eb0       $pdata$2$enum_ipv4_interface 000000014003deb0     pjlib-x86_64-x64-vc14-release:ip_helper_win32.obj
 0004:00002ebc       $pdata$3$enum_ipv4_interface 000000014003debc     pjlib-x86_64-x64-vc14-release:ip_helper_win32.obj
 0004:00002ec8       $pdata$4$enum_ipv4_interface 000000014003dec8     pjlib-x86_64-x64-vc14-release:ip_helper_win32.obj
 0004:00002ed4       $pdata$5$enum_ipv4_interface 000000014003ded4     pjlib-x86_64-x64-vc14-release:ip_helper_win32.obj
 0004:00002ee0       $pdata$7$enum_ipv4_interface 000000014003dee0     pjlib-x86_64-x64-vc14-release:ip_helper_win32.obj
 0004:00002eec       $pdata$enum_ipv4_ipv6_interface 000000014003deec     pjlib-x86_64-x64-vc14-release:ip_helper_win32.obj
 0004:00002ef8       $pdata$pj_enum_ip_interface 000000014003def8     pjlib-x86_64-x64-vc14-release:ip_helper_win32.obj
 0004:00002f04       $pdata$unload_iphlp_module 000000014003df04     pjlib-x86_64-x64-vc14-release:ip_helper_win32.obj
 0004:00002f10       $pdata$exception_cleanup   000000014003df10     pjlib-x86_64-x64-vc14-release:except.obj
 0004:00002f1c       $pdata$pj_exception_id_alloc 000000014003df1c     pjlib-x86_64-x64-vc14-release:except.obj
 0004:00002f28       $pdata$pj_exception_id_free 000000014003df28     pjlib-x86_64-x64-vc14-release:except.obj
 0004:00002f34       $pdata$pj_pop_exception_handler_ 000000014003df34     pjlib-x86_64-x64-vc14-release:except.obj
 0004:00002f40       $pdata$pj_push_exception_handler_ 000000014003df40     pjlib-x86_64-x64-vc14-release:except.obj
 0004:00002f4c       $pdata$pj_throw_exception_ 000000014003df4c     pjlib-x86_64-x64-vc14-release:except.obj
 0004:00002f58       $pdata$0$pj_throw_exception_ 000000014003df58     pjlib-x86_64-x64-vc14-release:except.obj
 0004:00002f64       $pdata$1$pj_throw_exception_ 000000014003df64     pjlib-x86_64-x64-vc14-release:except.obj
 0004:00002f70       $pdata$pj_pool_create_on_buf 000000014003df70     pjlib-x86_64-x64-vc14-release:pool_buf.obj
 0004:00002f7c       $pdata$pool_buf_cleanup    000000014003df7c     pjlib-x86_64-x64-vc14-release:pool_buf.obj
 0004:00002f88       $pdata$stack_alloc         000000014003df88     pjlib-x86_64-x64-vc14-release:pool_buf.obj
 0004:00002f94       $pdata$pj_get_timestamp    000000014003df94     pjlib-x86_64-x64-vc14-release:os_timestamp_win32.obj
 0004:00002fa0       $pdata$pj_get_timestamp_freq 000000014003dfa0     pjlib-x86_64-x64-vc14-release:os_timestamp_win32.obj
 0004:00002fac       $pdata$pj_generate_unique_string 000000014003dfac     pjlib-x86_64-x64-vc14-release:guid_win32.obj
 0004:00002fb8       $pdata$pj_gettickcount     000000014003dfb8     pjlib-x86_64-x64-vc14-release:os_timestamp_common.obj
 0004:00002fc4       $pdata$0$pj_gettickcount   000000014003dfc4     pjlib-x86_64-x64-vc14-release:os_timestamp_common.obj
 0004:00002fd0       $pdata$1$pj_gettickcount   000000014003dfd0     pjlib-x86_64-x64-vc14-release:os_timestamp_common.obj
 0004:00002fdc       $pdata$PJ_FD_CLR           000000014003dfdc     pjlib-x86_64-x64-vc14-release:sock_select.obj
 0004:00002fe8       $pdata$PJ_FD_ISSET         000000014003dfe8     pjlib-x86_64-x64-vc14-release:sock_select.obj
 0004:00002ff4       $pdata$PJ_FD_SET           000000014003dff4     pjlib-x86_64-x64-vc14-release:sock_select.obj
 0004:00003000       $pdata$PJ_FD_ZERO          000000014003e000     pjlib-x86_64-x64-vc14-release:sock_select.obj
 0004:0000300c       $pdata$pj_sock_select      000000014003e00c     pjlib-x86_64-x64-vc14-release:sock_select.obj
 0004:00003018       $pdata$default_block_alloc 000000014003e018     pjlib-x86_64-x64-vc14-release:pool_policy_malloc.obj
 0004:00003024       $pdata$default_block_free  000000014003e024     pjlib-x86_64-x64-vc14-release:pool_policy_malloc.obj
 0004:00003030       $pdata$default_pool_callback 000000014003e030     pjlib-x86_64-x64-vc14-release:pool_policy_malloc.obj
 0004:0000303c       $pdata$pj_sock_set_qos_params 000000014003e03c     pjlib-x86_64-x64-vc14-release:sock_qos_bsd.obj
 0004:00003048       $pdata$pj_sock_set_qos_type 000000014003e048     pjlib-x86_64-x64-vc14-release:sock_qos_bsd.obj
 0004:00003054       $pdata$__raise_securityfailure 000000014003e054     MSVCRT:gs_report.obj
 0004:00003060       $pdata$__report_gsfailure  000000014003e060     MSVCRT:gs_report.obj
 0004:0000306c       $pdata$__report_rangecheckfailure 000000014003e06c     MSVCRT:gs_report.obj
 0004:00003078       $pdata$__report_securityfailure 000000014003e078     MSVCRT:gs_report.obj
 0004:00003084       $pdata$capture_current_context 000000014003e084     MSVCRT:gs_report.obj
 0004:00003090       $pdata$capture_previous_context 000000014003e090     MSVCRT:gs_report.obj
 0004:0000309c       $pdata$__GSHandlerCheck    000000014003e09c     MSVCRT:_gshandler_.obj
 0004:000030a8       $pdata$__GSHandlerCheckCommon 000000014003e0a8     MSVCRT:_gshandler_.obj
 0004:000030c0       $pdata$?pre_c_initialization@@YAHXZ 000000014003e0c0     MSVCRT:exe_main.obj
 0004:000030cc       $pdata$?post_pgo_initialization@@YAHXZ 000000014003e0cc     MSVCRT:exe_main.obj
 0004:000030d8       $pdata$?pre_cpp_initialization@@YAXXZ 000000014003e0d8     MSVCRT:exe_main.obj
 0004:000030e4       $pdata$?__scrt_common_main_seh@@YAHXZ 000000014003e0e4     MSVCRT:exe_main.obj
 0004:000030f0       $pdata$mainCRTStartup      000000014003e0f0     MSVCRT:exe_main.obj
 0004:000030fc       $pdata$__isa_available_init 000000014003e0fc     MSVCRT:_cpu_disp_.obj
 0004:00003114       $pdata$__scrt_acquire_startup_lock 000000014003e114     MSVCRT:utility.obj
 0004:00003120       $pdata$__scrt_initialize_crt 000000014003e120     MSVCRT:utility.obj
 0004:0000312c       $pdata$__scrt_initialize_onexit_tables 000000014003e12c     MSVCRT:utility.obj
 0004:00003138       $pdata$__scrt_is_nonwritable_in_current_image 000000014003e138     MSVCRT:utility.obj
 0004:00003144       $pdata$__scrt_release_startup_lock 000000014003e144     MSVCRT:utility.obj
 0004:00003150       $pdata$__scrt_uninitialize_crt 000000014003e150     MSVCRT:utility.obj
 0004:0000315c       $pdata$_onexit             000000014003e15c     MSVCRT:utility.obj
 0004:00003168       $pdata$atexit              000000014003e168     MSVCRT:utility.obj
 0004:00003174       $pdata$__security_init_cookie 000000014003e174     MSVCRT:gs_support.obj
 0004:00003180       $pdata$__scrt_initialize_default_local_stdio_options 000000014003e180     MSVCRT:default_local_stdio_options.obj
 0004:0000318c       $pdata$__scrt_fastfail     000000014003e18c     MSVCRT:utility_desktop.obj
 0004:00003198       $pdata$__scrt_is_managed_app 000000014003e198     MSVCRT:utility_desktop.obj
 0004:000031a4       $pdata$__scrt_unhandled_exception_filter 000000014003e1a4     MSVCRT:utility_desktop.obj
 0004:000031b0       $pdata$_RTC_Initialize     000000014003e1b0     MSVCRT:_initsect_.obj
 0004:000031bc       $pdata$_RTC_Terminate      000000014003e1bc     MSVCRT:_initsect_.obj
 0004:000031d4       $pdata$?filt$0@?0??__scrt_common_main_seh@@YAHXZ@4HA 000000014003e1d4     MSVCRT:exe_main.obj
 0004:000031e0       $pdata$__scrt_is_nonwritable_in_current_image$filt$0 000000014003e1e0     MSVCRT:utility.obj
