 latency

 Timestamp is 5a547491 (Tue Jan  9 15:51:45 2018)

 Preferred load address is 0000000140000000

 Start         Length     Name                   Class
 0001:00000000 0001044fH .text$mn                CODE
 0001:00010450 00000012H .text$mn$00             CODE
 0001:00010462 00000036H .text$x                 CODE
 0002:00000000 00000338H .idata$5                DATA
 0002:00000338 00000010H .00cfg                  DATA
 0002:00000348 00000008H .CRT$XCA                DATA
 0002:00000350 00000008H .CRT$XCAA               DATA
 0002:00000358 00000008H .CRT$XCZ                DATA
 0002:00000360 00000008H .CRT$XIA                DATA
 0002:00000368 00000008H .CRT$XIAA               DATA
 0002:00000370 00000008H .CRT$XIAC               DATA
 0002:00000378 00000008H .CRT$XIZ                DATA
 0002:00000380 00000008H .CRT$XPA                DATA
 0002:00000388 00000008H .CRT$XPZ                DATA
 0002:00000390 00000008H .CRT$XTA                DATA
 0002:00000398 00000008H .CRT$XTZ                DATA
 0002:000003a0 00000000H .gfids$x                DATA
 0002:000003a0 0000f234H .rdata                  DATA
 0002:0000f5d4 00000244H .rdata$zzzdbg           DATA
 0002:0000f818 00000008H .rtc$IAA                DATA
 0002:0000f820 00000008H .rtc$IZZ                DATA
 0002:0000f828 00000008H .rtc$TAA                DATA
 0002:0000f830 00000008H .rtc$TZZ                DATA
 0002:0000f838 000016ccH .xdata                  DATA
 0002:00010f04 00000000H .edata                  DATA
 0002:00010f04 000000dcH .idata$2                DATA
 0002:00010fe0 00000014H .idata$3                DATA
 0002:00010ff8 00000338H .idata$4                DATA
 0002:00011330 00000750H .idata$6                DATA
 0003:00000000 00000ad4H .data                   DATA
 0003:00000ae0 000013b8H .bss                    DATA
 0004:00000000 00001440H .pdata                  DATA

  Address         Publics by Value              Rva+Base               Lib:Object

 0000:00000000       __guard_fids_count         0000000000000000     <absolute>
 0000:00000000       ___safe_se_handler_count   0000000000000000     <absolute>
 0000:00000000       ___safe_se_handler_table   0000000000000000     <absolute>
 0000:00000000       __guard_fids_table         0000000000000000     <absolute>
 0000:00000100       __guard_flags              0000000000000100     <absolute>
 0000:00000000       __ImageBase                0000000140000000     <linker-defined>
 0001:000003f0       main                       00000001400013f0 f   latency.obj
 0001:00000570       __local_stdio_printf_options 0000000140001570 f i latency.obj
 0001:00000580       printf                     0000000140001580 f i latency.obj
 0001:000005e0       pjmedia_port_destroy       00000001400015e0 f   pjmedia-x86_64-x64-vc14-release:port.obj
 0001:00000600       pjmedia_port_get_frame     0000000140001600 f   pjmedia-x86_64-x64-vc14-release:port.obj
 0001:00000630       pjmedia_port_info_init     0000000140001630 f   pjmedia-x86_64-x64-vc14-release:port.obj
 0001:000006d0       _snprintf                  00000001400016d0 f i pjmedia-x86_64-x64-vc14-release:errno.obj
 0001:00000730       pjmedia_strerror           0000000140001730 f   pjmedia-x86_64-x64-vc14-release:errno.obj
 0001:00000d60       pjmedia_wav_player_get_len 0000000140001d60 f   pjmedia-x86_64-x64-vc14-release:wav_player.obj
 0001:00000da0       pjmedia_wav_player_port_create 0000000140001da0 f   pjmedia-x86_64-x64-vc14-release:wav_player.obj
 0001:000012a0       pjmedia_format_get_audio_format_detail 00000001400022a0 f   pjmedia-x86_64-x64-vc14-release:format.obj
 0001:00003090       get_libsrtp_errstr         0000000140004090 f   pjmedia-x86_64-x64-vc14-release:transport_srtp.obj
 0001:000033b0       pjmedia_transport_srtp_start 00000001400043b0 f   pjmedia-x86_64-x64-vc14-release:transport_srtp.obj
 0001:00003970       pjmedia_transport_srtp_stop 0000000140004970 f   pjmedia-x86_64-x64-vc14-release:transport_srtp.obj
 0001:00003ac0       sprintf                    0000000140004ac0 f i pjmedia-x86_64-x64-vc14-release:transport_srtp.obj
 0001:00003ff0       pjmedia_wave_hdr_file_to_host 0000000140004ff0 f   pjmedia-x86_64-x64-vc14-release:wave.obj
 0001:00003ff0       _guard_check_icall_nop     0000000140004ff0 f   MSVCRT:guard_support.obj
 0001:00003ff0       _initialize_denormal_control 0000000140004ff0 f   MSVCRT:denormal_control.obj
 0001:00003ff0       _initialize_invalid_parameter_handler 0000000140004ff0 f   MSVCRT:invalid_parameter_handler.obj
 0001:00004000       pjmedia_sdp_attr_create    0000000140005000 f   pjmedia-x86_64-x64-vc14-release:sdp.obj
 0001:000040b0       pjmedia_sdp_attr_find      00000001400050b0 f   pjmedia-x86_64-x64-vc14-release:sdp.obj
 0001:00004160       pjmedia_sdp_media_deactivate 0000000140005160 f   pjmedia-x86_64-x64-vc14-release:sdp.obj
 0001:00004180       pjmedia_sdp_media_find_attr 0000000140005180 f   pjmedia-x86_64-x64-vc14-release:sdp.obj
 0001:000041b0       pj_base64_decode           00000001400051b0 f   pjlib-util-x86_64-x64-vc14-release:base64.obj
 0001:00004390       pj_base64_encode           0000000140005390 f   pjlib-util-x86_64-x64-vc14-release:base64.obj
 0001:00004600       pj_atexit                  0000000140005600 f   pjlib-x86_64-x64-vc14-release:os_core_win32.obj
 0001:00004630       pj_enter_critical_section  0000000140005630 f   pjlib-x86_64-x64-vc14-release:os_core_win32.obj
 0001:000046a0       pj_init                    00000001400056a0 f   pjlib-x86_64-x64-vc14-release:os_core_win32.obj
 0001:00004800       pj_leave_critical_section  0000000140005800 f   pjlib-x86_64-x64-vc14-release:os_core_win32.obj
 0001:00004870       pj_mutex_create            0000000140005870 f   pjlib-x86_64-x64-vc14-release:os_core_win32.obj
 0001:000048f0       pj_mutex_destroy           00000001400058f0 f   pjlib-x86_64-x64-vc14-release:os_core_win32.obj
 0001:00004970       pj_mutex_lock              0000000140005970 f   pjlib-x86_64-x64-vc14-release:os_core_win32.obj
 0001:000049f0       pj_mutex_trylock           00000001400059f0 f   pjlib-x86_64-x64-vc14-release:os_core_win32.obj
 0001:00004a80       pj_mutex_unlock            0000000140005a80 f   pjlib-x86_64-x64-vc14-release:os_core_win32.obj
 0001:00004b00       pj_sem_destroy             0000000140005b00 f   pjlib-x86_64-x64-vc14-release:os_core_win32.obj
 0001:00004bb0       pj_sem_post                0000000140005bb0 f   pjlib-x86_64-x64-vc14-release:os_core_win32.obj
 0001:00004c60       pj_sem_trywait             0000000140005c60 f   pjlib-x86_64-x64-vc14-release:os_core_win32.obj
 0001:00004cd0       pj_sem_wait                0000000140005cd0 f   pjlib-x86_64-x64-vc14-release:os_core_win32.obj
 0001:00004e40       pj_shutdown                0000000140005e40 f   pjlib-x86_64-x64-vc14-release:os_core_win32.obj
 0001:00004fc0       pj_term_set_color          0000000140005fc0 f   pjlib-x86_64-x64-vc14-release:os_core_win32.obj
 0001:000050c0       pj_thread_check_stack      00000001400060c0 f   pjlib-x86_64-x64-vc14-release:os_core_win32.obj
 0001:00005120       pj_thread_get_name         0000000140006120 f   pjlib-x86_64-x64-vc14-release:os_core_win32.obj
 0001:00005190       pj_thread_init             0000000140006190 f   pjlib-x86_64-x64-vc14-release:os_core_win32.obj
 0001:000051f0       pj_thread_local_alloc      00000001400061f0 f   pjlib-x86_64-x64-vc14-release:os_core_win32.obj
 0001:00005260       pj_thread_local_free       0000000140006260 f   pjlib-x86_64-x64-vc14-release:os_core_win32.obj
 0001:000052c0       pj_thread_local_get        00000001400062c0 f   pjlib-x86_64-x64-vc14-release:os_core_win32.obj
 0001:000052d0       pj_thread_local_set        00000001400062d0 f   pjlib-x86_64-x64-vc14-release:os_core_win32.obj
 0001:00005320       pj_thread_register         0000000140006320 f   pjlib-x86_64-x64-vc14-release:os_core_win32.obj
 0001:00005430       pj_thread_sleep            0000000140006430 f   pjlib-x86_64-x64-vc14-release:os_core_win32.obj
 0001:00005490       pj_thread_this             0000000140006490 f   pjlib-x86_64-x64-vc14-release:os_core_win32.obj
 0001:000054a0       pj_errno_clear_handlers    00000001400064a0 f   pjlib-x86_64-x64-vc14-release:errno.obj
 0001:000054c0       pj_register_strerror       00000001400064c0 f   pjlib-x86_64-x64-vc14-release:errno.obj
 0001:000055e0       pj_strerror                00000001400065e0 f   pjlib-x86_64-x64-vc14-release:errno.obj
 0001:000057a0       pj_pool_alloc              00000001400067a0 f   pjlib-x86_64-x64-vc14-release:pool.obj
 0001:000057f0       pj_pool_allocate_find      00000001400067f0 f   pjlib-x86_64-x64-vc14-release:pool.obj
 0001:00005930       pj_pool_calloc             0000000140006930 f   pjlib-x86_64-x64-vc14-release:pool.obj
 0001:000059a0       pj_pool_create             00000001400069a0 f   pjlib-x86_64-x64-vc14-release:pool.obj
 0001:00005a60       pj_pool_create_int         0000000140006a60 f   pjlib-x86_64-x64-vc14-release:pool.obj
 0001:00005b50       pj_pool_destroy_int        0000000140006b50 f   pjlib-x86_64-x64-vc14-release:pool.obj
 0001:00005b90       pj_pool_get_capacity       0000000140006b90 f   pjlib-x86_64-x64-vc14-release:pool.obj
 0001:00005ba0       pj_pool_get_used_size      0000000140006ba0 f   pjlib-x86_64-x64-vc14-release:pool.obj
 0001:00005be0       pj_pool_getobjname         0000000140006be0 f   pjlib-x86_64-x64-vc14-release:pool.obj
 0001:00005bf0       pj_pool_init_int           0000000140006bf0 f   pjlib-x86_64-x64-vc14-release:pool.obj
 0001:00005c90       pj_pool_release            0000000140006c90 f   pjlib-x86_64-x64-vc14-release:pool.obj
 0001:00005cb0       pj_pool_reset              0000000140006cb0 f   pjlib-x86_64-x64-vc14-release:pool.obj
 0001:000061c0       pj_caching_pool_destroy    00000001400071c0 f   pjlib-x86_64-x64-vc14-release:pool_caching.obj
 0001:000062d0       pj_caching_pool_init       00000001400072d0 f   pjlib-x86_64-x64-vc14-release:pool_caching.obj
 0001:00006420       pj_log                     0000000140007420 f   pjlib-x86_64-x64-vc14-release:log.obj
 0001:000069b0       pj_log_1                   00000001400079b0 f   pjlib-x86_64-x64-vc14-release:log.obj
 0001:000069e0       pj_log_3                   00000001400079e0 f   pjlib-x86_64-x64-vc14-release:log.obj
 0001:00006a10       pj_log_4                   0000000140007a10 f   pjlib-x86_64-x64-vc14-release:log.obj
 0001:00006a40       pj_log_5                   0000000140007a40 f   pjlib-x86_64-x64-vc14-release:log.obj
 0001:00006a70       pj_log_get_color           0000000140007a70 f   pjlib-x86_64-x64-vc14-release:log.obj
 0001:00006ae0       pj_log_get_decor           0000000140007ae0 f   pjlib-x86_64-x64-vc14-release:log.obj
 0001:00006af0       pj_log_get_level           0000000140007af0 f   pjlib-x86_64-x64-vc14-release:log.obj
 0001:00006b00       pj_log_init                0000000140007b00 f   pjlib-x86_64-x64-vc14-release:log.obj
 0001:00006b70       pj_log_set_level           0000000140007b70 f   pjlib-x86_64-x64-vc14-release:log.obj
 0001:00006c90       pj_str                     0000000140007c90 f   pjlib-x86_64-x64-vc14-release:string.obj
 0001:00006cc0       pj_strcmp                  0000000140007cc0 f   pjlib-x86_64-x64-vc14-release:string.obj
 0001:00006d40       pj_strcspn                 0000000140007d40 f   pjlib-x86_64-x64-vc14-release:string.obj
 0001:00006da0       pj_strdup                  0000000140007da0 f   pjlib-x86_64-x64-vc14-release:string.obj
 0001:00006df0       pj_strdup2                 0000000140007df0 f   pjlib-x86_64-x64-vc14-release:string.obj
 0001:00006e70       pj_strdup_with_null        0000000140007e70 f   pjlib-x86_64-x64-vc14-release:string.obj
 0001:00006ec0       pj_stricmp                 0000000140007ec0 f   pjlib-x86_64-x64-vc14-release:string.obj
 0001:00006f50       pj_stricmp2                0000000140007f50 f   pjlib-x86_64-x64-vc14-release:string.obj
 0001:00007000       pj_strncpy_with_null       0000000140008000 f   pjlib-x86_64-x64-vc14-release:string.obj
 0001:00007050       pj_strspn                  0000000140008050 f   pjlib-x86_64-x64-vc14-release:string.obj
 0001:000070c0       pj_strtok                  00000001400080c0 f   pjlib-x86_64-x64-vc14-release:string.obj
 0001:00007160       pj_strtoul                 0000000140008160 f   pjlib-x86_64-x64-vc14-release:string.obj
 0001:000071f0       pj_strtoul2                00000001400081f0 f   pjlib-x86_64-x64-vc14-release:string.obj
 0001:000072e0       pj_utoa                    00000001400082e0 f   pjlib-x86_64-x64-vc14-release:string.obj
 0001:000072f0       pj_utoa_pad                00000001400082f0 f   pjlib-x86_64-x64-vc14-release:string.obj
 0001:000073b0       pj_file_exists             00000001400083b0 f   pjlib-x86_64-x64-vc14-release:file_access_win32.obj
 0001:00007410       pj_file_size               0000000140008410 f   pjlib-x86_64-x64-vc14-release:file_access_win32.obj
 0001:000074c0       pj_file_close              00000001400084c0 f   pjlib-x86_64-x64-vc14-release:file_io_win32.obj
 0001:00007510       pj_file_getpos             0000000140008510 f   pjlib-x86_64-x64-vc14-release:file_io_win32.obj
 0001:000075c0       pj_file_open               00000001400085c0 f   pjlib-x86_64-x64-vc14-release:file_io_win32.obj
 0001:00007750       pj_file_read               0000000140008750 f   pjlib-x86_64-x64-vc14-release:file_io_win32.obj
 0001:000077d0       pj_file_setpos             00000001400087d0 f   pjlib-x86_64-x64-vc14-release:file_io_win32.obj
 0001:00007880       pj_get_timestamp           0000000140008880 f   pjlib-x86_64-x64-vc14-release:os_timestamp_win32.obj
 0001:000078e0       pj_get_timestamp_freq      00000001400088e0 f   pjlib-x86_64-x64-vc14-release:os_timestamp_win32.obj
 0001:00007940       pj_array_erase             0000000140008940 f   pjlib-x86_64-x64-vc14-release:array.obj
 0001:00007a30       pj_lock_acquire            0000000140008a30 f   pjlib-x86_64-x64-vc14-release:lock.obj
 0001:00007a50       pj_lock_create_null_mutex  0000000140008a50 f   pjlib-x86_64-x64-vc14-release:lock.obj
 0001:00007a70       pj_lock_create_simple_mutex 0000000140008a70 f   pjlib-x86_64-x64-vc14-release:lock.obj
 0001:00007a80       pj_lock_destroy            0000000140008a80 f   pjlib-x86_64-x64-vc14-release:lock.obj
 0001:00007aa0       pj_lock_release            0000000140008aa0 f   pjlib-x86_64-x64-vc14-release:lock.obj
 0001:00007ac0       pj_rand                    0000000140008ac0 f   pjlib-x86_64-x64-vc14-release:rand.obj
 0001:00007b00       pj_exception_id_alloc      0000000140008b00 f   pjlib-x86_64-x64-vc14-release:except.obj
 0001:00007b70       pj_exception_id_free       0000000140008b70 f   pjlib-x86_64-x64-vc14-release:except.obj
 0001:00007bb0       pj_throw_exception_        0000000140008bb0 f   pjlib-x86_64-x64-vc14-release:except.obj
 0001:00007c70       pj_ntohl                   0000000140008c70 f   pjlib-x86_64-x64-vc14-release:sock_bsd.obj
 0001:00007c80       pj_ntohs                   0000000140008c80 f   pjlib-x86_64-x64-vc14-release:sock_bsd.obj
 0001:00007d30       pj_gettimeofday            0000000140008d30 f   pjlib-x86_64-x64-vc14-release:os_time_win32.obj
 0001:00007dd0       pj_time_decode             0000000140008dd0 f   pjlib-x86_64-x64-vc14-release:os_time_win32.obj
 0001:00007e80       pj_list_erase              0000000140008e80 f   pjlib-x86_64-x64-vc14-release:list.obj
 0001:00007ea0       pj_list_insert_after       0000000140008ea0 f   pjlib-x86_64-x64-vc14-release:list.obj
 0001:00007ec0       pj_list_insert_before      0000000140008ec0 f   pjlib-x86_64-x64-vc14-release:list.obj
 0001:00007ee0       pj_generate_unique_string  0000000140008ee0 f   pjlib-x86_64-x64-vc14-release:guid_win32.obj
 0001:00007fc0       platform_strerror          0000000140008fc0 f   pjlib-x86_64-x64-vc14-release:os_error_win32.obj
 0001:000080f0       pj_pool_create_on_buf      00000001400090f0 f   pjlib-x86_64-x64-vc14-release:pool_buf.obj
 0001:00008260       pj_log_write               0000000140009260 f   pjlib-x86_64-x64-vc14-release:log_writer_stdout.obj
 0001:000082e0       __local_stdio_scanf_options 00000001400092e0 f i libsrtp-x86_64-x64-vc14-release:srtp.obj
 0001:00008330       srtp_add_stream            0000000140009330 f   libsrtp-x86_64-x64-vc14-release:srtp.obj
 0001:000086a0       srtp_create                00000001400096a0 f   libsrtp-x86_64-x64-vc14-release:srtp.obj
 0001:00008760       srtp_crypto_policy_set_aes_cm_256_hmac_sha1_32 0000000140009760 f   libsrtp-x86_64-x64-vc14-release:srtp.obj
 0001:00008790       srtp_crypto_policy_set_aes_cm_256_hmac_sha1_80 0000000140009790 f   libsrtp-x86_64-x64-vc14-release:srtp.obj
 0001:000087c0       srtp_dealloc               00000001400097c0 f   libsrtp-x86_64-x64-vc14-release:srtp.obj
 0001:000089e0       srtp_event_reporter        00000001400099e0 f   libsrtp-x86_64-x64-vc14-release:srtp.obj
 0001:00008b50       srtp_get_session_keys      0000000140009b50 f   libsrtp-x86_64-x64-vc14-release:srtp.obj
 0001:00008c20       srtp_inject_mki            0000000140009c20 f   libsrtp-x86_64-x64-vc14-release:srtp.obj
 0001:00008fb0       srtp_protect               0000000140009fb0 f   libsrtp-x86_64-x64-vc14-release:srtp.obj
 0001:000092c0       srtp_protect_mki           000000014000a2c0 f   libsrtp-x86_64-x64-vc14-release:srtp.obj
 0001:00009800       srtp_protect_rtcp          000000014000a800 f   libsrtp-x86_64-x64-vc14-release:srtp.obj
 0001:00009a10       srtp_protect_rtcp_mki      000000014000aa10 f   libsrtp-x86_64-x64-vc14-release:srtp.obj
 0001:00009da0       srtp_stream_alloc          000000014000ada0 f   libsrtp-x86_64-x64-vc14-release:srtp.obj
 0001:0000a020       srtp_stream_clone          000000014000b020 f   libsrtp-x86_64-x64-vc14-release:srtp.obj
 0001:0000a260       srtp_stream_dealloc        000000014000b260 f   libsrtp-x86_64-x64-vc14-release:srtp.obj
 0001:0000a510       srtp_stream_init           000000014000b510 f   libsrtp-x86_64-x64-vc14-release:srtp.obj
 0001:0000a640       srtp_stream_init_all_master_keys 000000014000b640 f   libsrtp-x86_64-x64-vc14-release:srtp.obj
 0001:0000a6e0       srtp_stream_init_keys      000000014000b6e0 f   libsrtp-x86_64-x64-vc14-release:srtp.obj
 0001:0000b070       srtp_unprotect             000000014000c070 f   libsrtp-x86_64-x64-vc14-release:srtp.obj
 0001:0000b380       srtp_unprotect_mki         000000014000c380 f   libsrtp-x86_64-x64-vc14-release:srtp.obj
 0001:0000b980       srtp_unprotect_rtcp        000000014000c980 f   libsrtp-x86_64-x64-vc14-release:srtp.obj
 0001:0000bbf0       srtp_unprotect_rtcp_mki    000000014000cbf0 f   libsrtp-x86_64-x64-vc14-release:srtp.obj
 0001:0000c120       srtp_crypto_alloc          000000014000d120 f   libsrtp-x86_64-x64-vc14-release:alloc.obj
 0001:0000c190       srtp_crypto_free           000000014000d190 f   libsrtp-x86_64-x64-vc14-release:alloc.obj
 0001:0000c1d0       bitvector_alloc            000000014000d1d0 f   libsrtp-x86_64-x64-vc14-release:datatypes.obj
 0001:0000c240       bitvector_dealloc          000000014000d240 f   libsrtp-x86_64-x64-vc14-release:datatypes.obj
 0001:0000c270       bitvector_left_shift       000000014000d270 f   libsrtp-x86_64-x64-vc14-release:datatypes.obj
 0001:0000c450       bitvector_set_to_zero      000000014000d450 f   libsrtp-x86_64-x64-vc14-release:datatypes.obj
 0001:0000c470       octet_string_is_eq         000000014000d470 f   libsrtp-x86_64-x64-vc14-release:datatypes.obj
 0001:0000c570       octet_string_set_to_zero   000000014000d570 f   libsrtp-x86_64-x64-vc14-release:datatypes.obj
 0001:0000c590       srtp_octet_string_hex_string 000000014000d590 f   libsrtp-x86_64-x64-vc14-release:datatypes.obj
 0001:0000c650       v128_copy_octet_string     000000014000d650 f   libsrtp-x86_64-x64-vc14-release:datatypes.obj
 0001:0000c6c0       v128_hex_string            000000014000d6c0 f   libsrtp-x86_64-x64-vc14-release:datatypes.obj
 0001:0000c750       v128_left_shift            000000014000d750 f   libsrtp-x86_64-x64-vc14-release:datatypes.obj
 0001:0000c890       srtp_err_report            000000014000d890 f   libsrtp-x86_64-x64-vc14-release:srtp_err.obj
 0001:0000c8d0       srtp_index_guess           000000014000d8d0 f   libsrtp-x86_64-x64-vc14-release:rdbx.obj
 0001:0000c940       srtp_rdbx_add_index        000000014000d940 f   libsrtp-x86_64-x64-vc14-release:rdbx.obj
 0001:0000c9c0       srtp_rdbx_check            000000014000d9c0 f   libsrtp-x86_64-x64-vc14-release:rdbx.obj
 0001:0000ca00       srtp_rdbx_dealloc          000000014000da00 f   libsrtp-x86_64-x64-vc14-release:rdbx.obj
 0001:0000ca20       srtp_rdbx_estimate_index   000000014000da20 f   libsrtp-x86_64-x64-vc14-release:rdbx.obj
 0001:0000ca40       srtp_rdbx_get_packet_index 000000014000da40 f   libsrtp-x86_64-x64-vc14-release:rdbx.obj
 0001:0000ca50       srtp_rdbx_get_window_size  000000014000da50 f   libsrtp-x86_64-x64-vc14-release:rdbx.obj
 0001:0000ca60       srtp_rdbx_init             000000014000da60 f   libsrtp-x86_64-x64-vc14-release:rdbx.obj
 0001:0000caa0       srtp_rdbx_set_roc          000000014000daa0 f   libsrtp-x86_64-x64-vc14-release:rdbx.obj
 0001:0000cb00       srtp_rdbx_set_roc_seq      000000014000db00 f   libsrtp-x86_64-x64-vc14-release:rdbx.obj
 0001:0000cb40       srtp_rdb_add_index         000000014000db40 f   libsrtp-x86_64-x64-vc14-release:rdb.obj
 0001:0000cba0       srtp_rdb_check             000000014000dba0 f   libsrtp-x86_64-x64-vc14-release:rdb.obj
 0001:0000cbe0       srtp_rdb_get_value         000000014000dbe0 f   libsrtp-x86_64-x64-vc14-release:rdb.obj
 0001:0000cbf0       srtp_rdb_increment         000000014000dbf0 f   libsrtp-x86_64-x64-vc14-release:rdb.obj
 0001:0000cc10       srtp_rdb_init              000000014000dc10 f   libsrtp-x86_64-x64-vc14-release:rdb.obj
 0001:0000cc20       srtp_cipher_dealloc        000000014000dc20 f   libsrtp-x86_64-x64-vc14-release:cipher.obj
 0001:0000cc40       srtp_cipher_decrypt        000000014000dc40 f   libsrtp-x86_64-x64-vc14-release:cipher.obj
 0001:0000cc60       srtp_cipher_encrypt        000000014000dc60 f   libsrtp-x86_64-x64-vc14-release:cipher.obj
 0001:0000cc80       srtp_auth_get_tag_length   000000014000dc80 f   libsrtp-x86_64-x64-vc14-release:auth.obj
 0001:0000cc80       srtp_cipher_get_key_length 000000014000dc80 f   libsrtp-x86_64-x64-vc14-release:cipher.obj
 0001:0000cc90       srtp_cipher_get_tag        000000014000dc90 f   libsrtp-x86_64-x64-vc14-release:cipher.obj
 0001:0000ccc0       srtp_cipher_init           000000014000dcc0 f   libsrtp-x86_64-x64-vc14-release:cipher.obj
 0001:0000cce0       srtp_cipher_output         000000014000dce0 f   libsrtp-x86_64-x64-vc14-release:cipher.obj
 0001:0000cd30       srtp_cipher_set_aad        000000014000dd30 f   libsrtp-x86_64-x64-vc14-release:cipher.obj
 0001:0000cd60       srtp_cipher_set_iv         000000014000dd60 f   libsrtp-x86_64-x64-vc14-release:cipher.obj
 0001:0000cd80       srtp_auth_get_key_length   000000014000dd80 f   libsrtp-x86_64-x64-vc14-release:auth.obj
 0001:0000cd90       srtp_auth_get_prefix_length 000000014000dd90 f   libsrtp-x86_64-x64-vc14-release:auth.obj
 0001:0000cda0       srtp_key_limit_clone       000000014000dda0 f   libsrtp-x86_64-x64-vc14-release:key.obj
 0001:0000cdc0       srtp_key_limit_set         000000014000ddc0 f   libsrtp-x86_64-x64-vc14-release:key.obj
 0001:0000cde0       srtp_key_limit_update      000000014000dde0 f   libsrtp-x86_64-x64-vc14-release:key.obj
 0001:0000ce20       srtp_crypto_kernel_alloc_auth 000000014000de20 f   libsrtp-x86_64-x64-vc14-release:crypto_kernel.obj
 0001:0000ce80       srtp_crypto_kernel_alloc_cipher 000000014000de80 f   libsrtp-x86_64-x64-vc14-release:crypto_kernel.obj
 0001:0000cee0       srtp_ekt_alloc             000000014000dee0 f   libsrtp-x86_64-x64-vc14-release:ekt.obj
 0001:0000cef0       srtp_ekt_octets_after_base_tag 000000014000def0 f   libsrtp-x86_64-x64-vc14-release:ekt.obj
 0001:0000cf10       srtp_ekt_write_data        000000014000df10 f   libsrtp-x86_64-x64-vc14-release:ekt.obj
 0001:0000d0c0       srtp_stream_init_from_ekt  000000014000e0c0 f   libsrtp-x86_64-x64-vc14-release:ekt.obj
 0001:0000d9c0       srtp_ekt_stream_init_from_policy 000000014000e9c0 f   libsrtp-x86_64-x64-vc14-release:ekt.obj
 0001:0000d9c0       _get_startup_commit_mode   000000014000e9c0 f   MSVCRT:commit_mode.obj
 0001:0000d9c0       _get_startup_thread_locale_mode 000000014000e9c0 f   MSVCRT:thread_locale.obj
 0001:0000d9c0       __scrt_initialize_winrt    000000014000e9c0 f   MSVCRT:utility_desktop.obj
 0001:0000d9c0       _get_startup_new_mode      000000014000e9c0 f   MSVCRT:new_mode.obj
 0001:0000d9c0       _matherr                   000000014000e9c0 f   MSVCRT:matherr.obj
 0001:0000e560       srtp_aes_decrypt           000000014000f560 f   libsrtp-x86_64-x64-vc14-release:aes.obj
 0001:0000e6b0       srtp_aes_encrypt           000000014000f6b0 f   libsrtp-x86_64-x64-vc14-release:aes.obj
 0001:0000e800       srtp_aes_expand_decryption_key 000000014000f800 f   libsrtp-x86_64-x64-vc14-release:aes.obj
 0001:0000ea60       srtp_aes_expand_encryption_key 000000014000fa60 f   libsrtp-x86_64-x64-vc14-release:aes.obj
 0001:0000eaa0       srtp_sha1_core             000000014000faa0 f   libsrtp-x86_64-x64-vc14-release:sha1.obj
 0001:0000eed0       srtp_sha1_final            000000014000fed0 f   libsrtp-x86_64-x64-vc14-release:sha1.obj
 0001:0000f400       srtp_sha1_init             0000000140010400 f   libsrtp-x86_64-x64-vc14-release:sha1.obj
 0001:0000f430       srtp_sha1_update           0000000140010430 f   libsrtp-x86_64-x64-vc14-release:sha1.obj
 0001:0000f548       __GSHandlerCheck           0000000140010548 f   MSVCRT:_gshandler_.obj
 0001:0000f568       __GSHandlerCheckCommon     0000000140010568 f   MSVCRT:_gshandler_.obj
 0001:0000f5e0       __security_check_cookie    00000001400105e0 f   MSVCRT:_amdsecgs_.obj
 0001:0000f86c       mainCRTStartup             000000014001086c f   MSVCRT:exe_main.obj
 0001:0000f880       __raise_securityfailure    0000000140010880 f   MSVCRT:gs_report.obj
 0001:0000f8b4       __report_gsfailure         00000001400108b4 f   MSVCRT:gs_report.obj
 0001:0000f988       __report_rangecheckfailure 0000000140010988 f   MSVCRT:gs_report.obj
 0001:0000f99c       __report_securityfailure   000000014001099c f   MSVCRT:gs_report.obj
 0001:0000fb30       __chkstk                   0000000140010b30 f   MSVCRT:_chkstk_.obj
 0001:0000fb30       _alloca_probe              0000000140010b30 f   MSVCRT:_chkstk_.obj
 0001:0000fb84       __scrt_acquire_startup_lock 0000000140010b84 f   MSVCRT:utility.obj
 0001:0000fbc0       __scrt_initialize_crt      0000000140010bc0 f   MSVCRT:utility.obj
 0001:0000fc0c       __scrt_initialize_onexit_tables 0000000140010c0c f   MSVCRT:utility.obj
 0001:0000fcd8       __scrt_is_nonwritable_in_current_image 0000000140010cd8 f   MSVCRT:utility.obj
 0001:0000fd74       __scrt_release_startup_lock 0000000140010d74 f   MSVCRT:utility.obj
 0001:0000fd98       __scrt_uninitialize_crt    0000000140010d98 f   MSVCRT:utility.obj
 0001:0000fdc4       _onexit                    0000000140010dc4 f   MSVCRT:utility.obj
 0001:0000fe14       atexit                     0000000140010e14 f   MSVCRT:utility.obj
 0001:0000fe2c       __security_init_cookie     0000000140010e2c f   MSVCRT:gs_support.obj
 0001:0000fed8       _get_startup_argv_mode     0000000140010ed8 f   MSVCRT:argv_mode.obj
 0001:0000fee0       _get_startup_file_mode     0000000140010ee0 f   MSVCRT:file_mode.obj
 0001:0000fee8       ?__scrt_initialize_type_info@@YAXXZ 0000000140010ee8 f   MSVCRT:tncleanup.obj
 0001:0000fef8       __scrt_initialize_default_local_stdio_options 0000000140010ef8 f   MSVCRT:default_local_stdio_options.obj
 0001:0000ff14       __scrt_is_user_matherr_present 0000000140010f14 f   MSVCRT:matherr_detection.obj
 0001:0000ff20       __scrt_get_dyn_tls_init_callback 0000000140010f20 f   MSVCRT:dyn_tls_init.obj
 0001:0000ff28       __scrt_get_dyn_tls_dtor_callback 0000000140010f28 f   MSVCRT:dyn_tls_dtor.obj
 0001:0000ff30       __scrt_fastfail            0000000140010f30 f   MSVCRT:utility_desktop.obj
 0001:00010078       __scrt_is_managed_app      0000000140011078 f   MSVCRT:utility_desktop.obj
 0001:000100cc       __scrt_set_unhandled_exception_filter 00000001400110cc f   MSVCRT:utility_desktop.obj
 0001:000100dc       __scrt_unhandled_exception_filter 00000001400110dc f   MSVCRT:utility_desktop.obj
 0001:00010114       _RTC_Initialize            0000000140011114 f   MSVCRT:_initsect_.obj
 0001:00010160       _RTC_Terminate             0000000140011160 f   MSVCRT:_initsect_.obj
 0001:000101ac       _guard_check_icall         00000001400111ac f i MSVCRT:checkcfg.obj
 0001:000101b4       __isa_available_init       00000001400111b4 f   MSVCRT:_cpu_disp_.obj
 0001:00010378       __scrt_is_ucrt_dll_in_use  0000000140011378 f   MSVCRT:ucrt_detection.obj
 0001:00010390       IsProcessorFeaturePresent  0000000140011390 f   kernel32:KERNEL32.dll
 0001:00010396       memcpy                     0000000140011396 f   vcruntime:VCRUNTIME140.dll
 0001:0001039c       memset                     000000014001139c f   vcruntime:VCRUNTIME140.dll
 0001:000103a2       memcmp                     00000001400113a2 f   vcruntime:VCRUNTIME140.dll
 0001:000103a8       longjmp                    00000001400113a8 f   vcruntime:VCRUNTIME140.dll
 0001:000103ae       __telemetry_main_invoke_trigger 00000001400113ae f   vcruntime:VCRUNTIME140.dll
 0001:000103b4       __telemetry_main_return_trigger 00000001400113b4 f   vcruntime:VCRUNTIME140.dll
 0001:000103ba       __C_specific_handler       00000001400113ba f   vcruntime:VCRUNTIME140.dll
 0001:000103c0       exit                       00000001400113c0 f   ucrt:api-ms-win-crt-runtime-l1-1-0.dll
 0001:000103c6       _seh_filter_exe            00000001400113c6 f   ucrt:api-ms-win-crt-runtime-l1-1-0.dll
 0001:000103cc       _set_app_type              00000001400113cc f   ucrt:api-ms-win-crt-runtime-l1-1-0.dll
 0001:000103d2       __setusermatherr           00000001400113d2 f   ucrt:api-ms-win-crt-math-l1-1-0.dll
 0001:000103d8       _configure_narrow_argv     00000001400113d8 f   ucrt:api-ms-win-crt-runtime-l1-1-0.dll
 0001:000103de       _initialize_narrow_environment 00000001400113de f   ucrt:api-ms-win-crt-runtime-l1-1-0.dll
 0001:000103e4       _get_initial_narrow_environment 00000001400113e4 f   ucrt:api-ms-win-crt-runtime-l1-1-0.dll
 0001:000103ea       _initterm                  00000001400113ea f   ucrt:api-ms-win-crt-runtime-l1-1-0.dll
 0001:000103f0       _initterm_e                00000001400113f0 f   ucrt:api-ms-win-crt-runtime-l1-1-0.dll
 0001:000103f6       _exit                      00000001400113f6 f   ucrt:api-ms-win-crt-runtime-l1-1-0.dll
 0001:000103fc       _set_fmode                 00000001400113fc f   ucrt:api-ms-win-crt-stdio-l1-1-0.dll
 0001:00010402       __p___argc                 0000000140011402 f   ucrt:api-ms-win-crt-runtime-l1-1-0.dll
 0001:00010408       __p___argv                 0000000140011408 f   ucrt:api-ms-win-crt-runtime-l1-1-0.dll
 0001:0001040e       _cexit                     000000014001140e f   ucrt:api-ms-win-crt-runtime-l1-1-0.dll
 0001:00010414       _c_exit                    0000000140011414 f   ucrt:api-ms-win-crt-runtime-l1-1-0.dll
 0001:0001041a       _register_thread_local_exe_atexit_callback 000000014001141a f   ucrt:api-ms-win-crt-runtime-l1-1-0.dll
 0001:00010420       _configthreadlocale        0000000140011420 f   ucrt:api-ms-win-crt-locale-l1-1-0.dll
 0001:00010426       _set_new_mode              0000000140011426 f   ucrt:api-ms-win-crt-heap-l1-1-0.dll
 0001:0001042c       __p__commode               000000014001142c f   ucrt:api-ms-win-crt-stdio-l1-1-0.dll
 0001:00010432       _initialize_onexit_table   0000000140011432 f   ucrt:api-ms-win-crt-runtime-l1-1-0.dll
 0001:00010438       _register_onexit_function  0000000140011438 f   ucrt:api-ms-win-crt-runtime-l1-1-0.dll
 0001:0001043e       _crt_atexit                000000014001143e f   ucrt:api-ms-win-crt-runtime-l1-1-0.dll
 0001:00010444       terminate                  0000000140011444 f   ucrt:api-ms-win-crt-runtime-l1-1-0.dll
 0001:0001044c       __vcrt_initialize          000000014001144c f   MSVCRT:ucrt_stubs.obj
 0001:0001044c       __scrt_stub_for_acrt_uninitialize 000000014001144c f   MSVCRT:ucrt_stubs.obj
 0001:0001044c       __acrt_initialize          000000014001144c f   MSVCRT:ucrt_stubs.obj
 0001:0001044c       __acrt_uninitialize        000000014001144c f   MSVCRT:ucrt_stubs.obj
 0001:0001044c       __vcrt_uninitialize        000000014001144c f   MSVCRT:ucrt_stubs.obj
 0001:0001044c       __scrt_stub_for_acrt_initialize 000000014001144c f   MSVCRT:ucrt_stubs.obj
 0001:00010460       _guard_dispatch_icall_nop  0000000140011460 f   MSVCRT:_guard_dispatch_.obj
 0002:00000000       __imp_GetModuleHandleW     0000000140012000     kernel32:KERNEL32.dll
 0002:00000008       __imp_IsDebuggerPresent    0000000140012008     kernel32:KERNEL32.dll
 0002:00000010       __imp_InitializeSListHead  0000000140012010     kernel32:KERNEL32.dll
 0002:00000018       __imp_GetSystemTimeAsFileTime 0000000140012018     kernel32:KERNEL32.dll
 0002:00000020       __imp_IsProcessorFeaturePresent 0000000140012020     kernel32:KERNEL32.dll
 0002:00000028       __imp_TerminateProcess     0000000140012028     kernel32:KERNEL32.dll
 0002:00000030       __imp_GetCurrentProcess    0000000140012030     kernel32:KERNEL32.dll
 0002:00000038       __imp_SetUnhandledExceptionFilter 0000000140012038     kernel32:KERNEL32.dll
 0002:00000040       __imp_UnhandledExceptionFilter 0000000140012040     kernel32:KERNEL32.dll
 0002:00000048       __imp_RtlVirtualUnwind     0000000140012048     kernel32:KERNEL32.dll
 0002:00000050       __imp_RtlLookupFunctionEntry 0000000140012050     kernel32:KERNEL32.dll
 0002:00000058       __imp_RtlCaptureContext    0000000140012058     kernel32:KERNEL32.dll
 0002:00000060       __imp_FormatMessageA       0000000140012060     kernel32:KERNEL32.dll
 0002:00000068       __imp_SystemTimeToFileTime 0000000140012068     kernel32:KERNEL32.dll
 0002:00000070       __imp_GetLocalTime         0000000140012070     kernel32:KERNEL32.dll
 0002:00000078       __imp_QueryPerformanceFrequency 0000000140012078     kernel32:KERNEL32.dll
 0002:00000080       __imp_QueryPerformanceCounter 0000000140012080     kernel32:KERNEL32.dll
 0002:00000088       __imp_SetFilePointer       0000000140012088     kernel32:KERNEL32.dll
 0002:00000090       __imp_ReadFile             0000000140012090     kernel32:KERNEL32.dll
 0002:00000098       __imp_FileTimeToSystemTime 0000000140012098     kernel32:KERNEL32.dll
 0002:000000a0       __imp_GetFileSize          00000001400120a0     kernel32:KERNEL32.dll
 0002:000000a8       __imp_CreateFileA          00000001400120a8     kernel32:KERNEL32.dll
 0002:000000b0       __imp_SetConsoleTextAttribute 00000001400120b0     kernel32:KERNEL32.dll
 0002:000000b8       __imp_GetStdHandle         00000001400120b8     kernel32:KERNEL32.dll
 0002:000000c0       __imp_CloseHandle          00000001400120c0     kernel32:KERNEL32.dll
 0002:000000c8       __imp_GetLastError         00000001400120c8     kernel32:KERNEL32.dll
 0002:000000d0       __imp_InitializeCriticalSection 00000001400120d0     kernel32:KERNEL32.dll
 0002:000000d8       __imp_EnterCriticalSection 00000001400120d8     kernel32:KERNEL32.dll
 0002:000000e0       __imp_LeaveCriticalSection 00000001400120e0     kernel32:KERNEL32.dll
 0002:000000e8       __imp_TryEnterCriticalSection 00000001400120e8     kernel32:KERNEL32.dll
 0002:000000f0       __imp_DeleteCriticalSection 00000001400120f0     kernel32:KERNEL32.dll
 0002:000000f8       __imp_ReleaseSemaphore     00000001400120f8     kernel32:KERNEL32.dll
 0002:00000100       __imp_WaitForSingleObject  0000000140012100     kernel32:KERNEL32.dll
 0002:00000108       __imp_Sleep                0000000140012108     kernel32:KERNEL32.dll
 0002:00000110       __imp_GetCurrentProcessId  0000000140012110     kernel32:KERNEL32.dll
 0002:00000118       __imp_GetCurrentThread     0000000140012118     kernel32:KERNEL32.dll
 0002:00000120       __imp_GetCurrentThreadId   0000000140012120     kernel32:KERNEL32.dll
 0002:00000128       __imp_TlsAlloc             0000000140012128     kernel32:KERNEL32.dll
 0002:00000130       __imp_TlsGetValue          0000000140012130     kernel32:KERNEL32.dll
 0002:00000138       __imp_TlsSetValue          0000000140012138     kernel32:KERNEL32.dll
 0002:00000140       __imp_TlsFree              0000000140012140     kernel32:KERNEL32.dll
 0002:00000148       \177KERNEL32_NULL_THUNK_DATA 0000000140012148     kernel32:KERNEL32.dll
 0002:00000150       __imp___telemetry_main_return_trigger 0000000140012150     vcruntime:VCRUNTIME140.dll
 0002:00000158       __imp___telemetry_main_invoke_trigger 0000000140012158     vcruntime:VCRUNTIME140.dll
 0002:00000160       __imp_longjmp              0000000140012160     vcruntime:VCRUNTIME140.dll
 0002:00000168       __imp_memcmp               0000000140012168     vcruntime:VCRUNTIME140.dll
 0002:00000170       __imp_strchr               0000000140012170     vcruntime:VCRUNTIME140.dll
 0002:00000178       __imp_memmove              0000000140012178     vcruntime:VCRUNTIME140.dll
 0002:00000180       __imp_memset               0000000140012180     vcruntime:VCRUNTIME140.dll
 0002:00000188       __imp_memcpy               0000000140012188     vcruntime:VCRUNTIME140.dll
 0002:00000190       __imp___C_specific_handler 0000000140012190     vcruntime:VCRUNTIME140.dll
 0002:00000198       \177VCRUNTIME140_NULL_THUNK_DATA 0000000140012198     vcruntime:VCRUNTIME140.dll
 0002:000001a0       __imp_ntohs                00000001400121a0     ws2_32:WS2_32.dll
 0002:000001a8       __imp_ntohl                00000001400121a8     ws2_32:WS2_32.dll
 0002:000001b0       __imp_htonl                00000001400121b0     ws2_32:WS2_32.dll
 0002:000001b8       __imp_WSAGetLastError      00000001400121b8     ws2_32:WS2_32.dll
 0002:000001c0       __imp_WSACleanup           00000001400121c0     ws2_32:WS2_32.dll
 0002:000001c8       __imp_WSAStartup           00000001400121c8     ws2_32:WS2_32.dll
 0002:000001d0       __imp_htons                00000001400121d0     ws2_32:WS2_32.dll
 0002:000001d8       \177WS2_32_NULL_THUNK_DATA 00000001400121d8     ws2_32:WS2_32.dll
 0002:000001e0       __imp_free                 00000001400121e0     ucrt:api-ms-win-crt-heap-l1-1-0.dll
 0002:000001e8       __imp__set_new_mode        00000001400121e8     ucrt:api-ms-win-crt-heap-l1-1-0.dll
 0002:000001f0       __imp_malloc               00000001400121f0     ucrt:api-ms-win-crt-heap-l1-1-0.dll
 0002:000001f8       \177api-ms-win-crt-heap-l1-1-0_NULL_THUNK_DATA 00000001400121f8     ucrt:api-ms-win-crt-heap-l1-1-0.dll
 0002:00000200       __imp__configthreadlocale  0000000140012200     ucrt:api-ms-win-crt-locale-l1-1-0.dll
 0002:00000208       \177api-ms-win-crt-locale-l1-1-0_NULL_THUNK_DATA 0000000140012208     ucrt:api-ms-win-crt-locale-l1-1-0.dll
 0002:00000210       __imp___setusermatherr     0000000140012210     ucrt:api-ms-win-crt-math-l1-1-0.dll
 0002:00000218       \177api-ms-win-crt-math-l1-1-0_NULL_THUNK_DATA 0000000140012218     ucrt:api-ms-win-crt-math-l1-1-0.dll
 0002:00000220       __imp__crt_atexit          0000000140012220     ucrt:api-ms-win-crt-runtime-l1-1-0.dll
 0002:00000228       __imp__register_onexit_function 0000000140012228     ucrt:api-ms-win-crt-runtime-l1-1-0.dll
 0002:00000230       __imp__cexit               0000000140012230     ucrt:api-ms-win-crt-runtime-l1-1-0.dll
 0002:00000238       __imp__initialize_onexit_table 0000000140012238     ucrt:api-ms-win-crt-runtime-l1-1-0.dll
 0002:00000240       __imp_terminate            0000000140012240     ucrt:api-ms-win-crt-runtime-l1-1-0.dll
 0002:00000248       __imp__c_exit              0000000140012248     ucrt:api-ms-win-crt-runtime-l1-1-0.dll
 0002:00000250       __imp___p___argv           0000000140012250     ucrt:api-ms-win-crt-runtime-l1-1-0.dll
 0002:00000258       __imp_exit                 0000000140012258     ucrt:api-ms-win-crt-runtime-l1-1-0.dll
 0002:00000260       __imp__seh_filter_exe      0000000140012260     ucrt:api-ms-win-crt-runtime-l1-1-0.dll
 0002:00000268       __imp__set_app_type        0000000140012268     ucrt:api-ms-win-crt-runtime-l1-1-0.dll
 0002:00000270       __imp__get_initial_narrow_environment 0000000140012270     ucrt:api-ms-win-crt-runtime-l1-1-0.dll
 0002:00000278       __imp__configure_narrow_argv 0000000140012278     ucrt:api-ms-win-crt-runtime-l1-1-0.dll
 0002:00000280       __imp__initialize_narrow_environment 0000000140012280     ucrt:api-ms-win-crt-runtime-l1-1-0.dll
 0002:00000288       __imp___p___argc           0000000140012288     ucrt:api-ms-win-crt-runtime-l1-1-0.dll
 0002:00000290       __imp__initterm            0000000140012290     ucrt:api-ms-win-crt-runtime-l1-1-0.dll
 0002:00000298       __imp__initterm_e          0000000140012298     ucrt:api-ms-win-crt-runtime-l1-1-0.dll
 0002:000002a0       __imp__exit                00000001400122a0     ucrt:api-ms-win-crt-runtime-l1-1-0.dll
 0002:000002a8       __imp__register_thread_local_exe_atexit_callback 00000001400122a8     ucrt:api-ms-win-crt-runtime-l1-1-0.dll
 0002:000002b0       \177api-ms-win-crt-runtime-l1-1-0_NULL_THUNK_DATA 00000001400122b0     ucrt:api-ms-win-crt-runtime-l1-1-0.dll
 0002:000002b8       __imp___stdio_common_vfprintf 00000001400122b8     ucrt:api-ms-win-crt-stdio-l1-1-0.dll
 0002:000002c0       __imp___stdio_common_vsprintf 00000001400122c0     ucrt:api-ms-win-crt-stdio-l1-1-0.dll
 0002:000002c8       __imp__set_fmode           00000001400122c8     ucrt:api-ms-win-crt-stdio-l1-1-0.dll
 0002:000002d0       __imp___p__commode         00000001400122d0     ucrt:api-ms-win-crt-stdio-l1-1-0.dll
 0002:000002d8       __imp_puts                 00000001400122d8     ucrt:api-ms-win-crt-stdio-l1-1-0.dll
 0002:000002e0       __imp___acrt_iob_func      00000001400122e0     ucrt:api-ms-win-crt-stdio-l1-1-0.dll
 0002:000002e8       \177api-ms-win-crt-stdio-l1-1-0_NULL_THUNK_DATA 00000001400122e8     ucrt:api-ms-win-crt-stdio-l1-1-0.dll
 0002:000002f0       __imp__strnicmp            00000001400122f0     ucrt:api-ms-win-crt-string-l1-1-0.dll
 0002:000002f8       __imp_isxdigit             00000001400122f8     ucrt:api-ms-win-crt-string-l1-1-0.dll
 0002:00000300       __imp_isdigit              0000000140012300     ucrt:api-ms-win-crt-string-l1-1-0.dll
 0002:00000308       __imp_strncpy              0000000140012308     ucrt:api-ms-win-crt-string-l1-1-0.dll
 0002:00000310       \177api-ms-win-crt-string-l1-1-0_NULL_THUNK_DATA 0000000140012310     ucrt:api-ms-win-crt-string-l1-1-0.dll
 0002:00000318       __imp_rand                 0000000140012318     ucrt:api-ms-win-crt-utility-l1-1-0.dll
 0002:00000320       \177api-ms-win-crt-utility-l1-1-0_NULL_THUNK_DATA 0000000140012320     ucrt:api-ms-win-crt-utility-l1-1-0.dll
 0002:00000328       __imp_CoCreateGuid         0000000140012328     ole32:ole32.dll
 0002:00000330       \177ole32_NULL_THUNK_DATA  0000000140012330     ole32:ole32.dll
 0002:00000338       __guard_check_icall_fptr   0000000140012338     MSVCRT:guard_support.obj
 0002:00000340       __guard_dispatch_icall_fptr 0000000140012340     MSVCRT:guard_support.obj
 0002:00000348       __xc_a                     0000000140012348     MSVCRT:initializers.obj
 0002:00000358       __xc_z                     0000000140012358     MSVCRT:initializers.obj
 0002:00000360       __xi_a                     0000000140012360     MSVCRT:initializers.obj
 0002:00000378       __xi_z                     0000000140012378     MSVCRT:initializers.obj
 0002:00000380       __xp_a                     0000000140012380     MSVCRT:initializers.obj
 0002:00000388       __xp_z                     0000000140012388     MSVCRT:initializers.obj
 0002:00000390       __xt_a                     0000000140012390     MSVCRT:initializers.obj
 0002:00000398       __xt_z                     0000000140012398     MSVCRT:initializers.obj
 0002:00000a00       ??_C@_0CK@HBHLALIF@Unspecified?5PJMEDIA?5error?5?$CIPJMED@ 0000000140012a00     pjmedia-x86_64-x64-vc14-release:errno.obj
 0002:00000a30       ??_C@_0CM@KFAONKNJ@Invalid?5SDP?5descriptor?5?$CIPJMEDIA_@ 0000000140012a30     pjmedia-x86_64-x64-vc14-release:errno.obj
 0002:00000a60       ??_C@_0CO@ONPCFICA@Invalid?5SDP?5version?5line?5?$CIPJMEDI@ 0000000140012a60     pjmedia-x86_64-x64-vc14-release:errno.obj
 0002:00000a90       ??_C@_0DA@DIKNJOEJ@Invalid?5SDP?5origin?5line?5?$CIPJMEDIA@ 0000000140012a90     pjmedia-x86_64-x64-vc14-release:errno.obj
 0002:00000ac0       ??_C@_0CM@DLEAGODI@Invalid?5SDP?5time?5line?5?$CIPJMEDIA_S@ 0000000140012ac0     pjmedia-x86_64-x64-vc14-release:errno.obj
 0002:00000af0       ??_C@_0DF@HNDCDPJF@SDP?5name?1subject?5line?5is?5empty?5?$CI@ 0000000140012af0     pjmedia-x86_64-x64-vc14-release:errno.obj
 0002:00000b28       ??_C@_0DC@KNNPDHKA@Invalid?5SDP?5connection?5line?5?$CIPJM@ 0000000140012b28     pjmedia-x86_64-x64-vc14-release:errno.obj
 0002:00000b60       ??_C@_0DM@NEDHCJGL@Missing?5SDP?5connection?5info?5line@ 0000000140012b60     pjmedia-x86_64-x64-vc14-release:errno.obj
 0002:00000ba0       ??_C@_0CN@JHLMEODJ@Invalid?5SDP?5attributes?5?$CIPJMEDIA_@ 0000000140012ba0     pjmedia-x86_64-x64-vc14-release:errno.obj
 0002:00000bd0       ??_C@_0DF@BJAALDOM@Invalid?5SDP?5rtpmap?5attribute?5?$CIPJ@ 0000000140012bd0     pjmedia-x86_64-x64-vc14-release:errno.obj
 0002:00000c08       ??_C@_0DL@HCOGNPAF@SDP?5rtpmap?5attribute?5too?5long?5?$CIP@ 0000000140012c08     pjmedia-x86_64-x64-vc14-release:errno.obj
 0002:00000c50       ??_C@_0EJ@IDNJACOO@Missing?5SDP?5rtpmap?5for?5dynamic?5p@ 0000000140012c50     pjmedia-x86_64-x64-vc14-release:errno.obj
 0002:00000ca0       ??_C@_0CO@DIKFNJOF@Invalid?5SDP?5media?5line?5?$CIPJMEDIA_@ 0000000140012ca0     pjmedia-x86_64-x64-vc14-release:errno.obj
 0002:00000cd0       ??_C@_0DN@GADAENKO@No?5SDP?5payload?5format?5in?5the?5med@ 0000000140012cd0     pjmedia-x86_64-x64-vc14-release:errno.obj
 0002:00000d10       ??_C@_0DL@KAILPDC@Invalid?5SDP?5payload?5type?5in?5medi@ 0000000140012d10     pjmedia-x86_64-x64-vc14-release:errno.obj
 0002:00000d50       ??_C@_0DB@BJCACDID@Invalid?5SDP?5fmtp?5attribute?5?$CIPJME@ 0000000140012d50     pjmedia-x86_64-x64-vc14-release:errno.obj
 0002:00000d88       ??_C@_0DB@BKKJGGKM@Invalid?5SDP?5rtcp?5attribyte?5?$CIPJME@ 0000000140012d88     pjmedia-x86_64-x64-vc14-release:errno.obj
 0002:00000dc0       ??_C@_0DM@JFGCNJLM@Invalid?5SDP?5media?5transport?5prot@ 0000000140012dc0     pjmedia-x86_64-x64-vc14-release:errno.obj
 0002:00000e00       ??_C@_0DH@PCNCDMKM@Invalid?5SDP?5bandwidth?5info?5line?5@ 0000000140012e00     pjmedia-x86_64-x64-vc14-release:errno.obj
 0002:00000e40       ??_C@_0EF@CJNFLCEL@Invalid?5SDP?5negotiator?5state?5for@ 0000000140012e40     pjmedia-x86_64-x64-vc14-release:errno.obj
 0002:00000e90       ??_C@_0ED@IFOJJHNO@No?5initial?5local?5SDP?5in?5SDP?5nego@ 0000000140012e90     pjmedia-x86_64-x64-vc14-release:errno.obj
 0002:00000ed8       ??_C@_0DL@MFMHOMBE@No?5active?5SDP?5in?5SDP?5negotiator?5@ 0000000140012ed8     pjmedia-x86_64-x64-vc14-release:errno.obj
 0002:00000f18       ??_C@_0DN@JGPGLEOH@No?5current?5local?1remote?5offer?1an@ 0000000140012f18     pjmedia-x86_64-x64-vc14-release:errno.obj
 0002:00000f60       ??_C@_0EE@BLNHOMNC@SDP?5media?5count?5mismatch?5in?5offe@ 0000000140012f60     pjmedia-x86_64-x64-vc14-release:errno.obj
 0002:00000fb0       ??_C@_0EG@MJOIPNIH@SDP?5media?5type?5mismatch?5in?5offer@ 0000000140012fb0     pjmedia-x86_64-x64-vc14-release:errno.obj
 0002:00001000       ??_C@_0EN@OPFCIOMP@SDP?5media?5transport?5type?5mismatc@ 0000000140013000     pjmedia-x86_64-x64-vc14-release:errno.obj
 0002:00001050       ??_C@_0ED@NGHPALDD@No?5common?5SDP?5media?5payload?5in?5a@ 0000000140013050     pjmedia-x86_64-x64-vc14-release:errno.obj
 0002:000010a0       ??_C@_0ED@HELGJJGO@No?5active?5media?5stream?5after?5neg@ 00000001400130a0     pjmedia-x86_64-x64-vc14-release:errno.obj
 0002:000010e8       ??_C@_0DP@KIMEPBPF@No?5suitable?5codec?5for?5remote?5off@ 00000001400130e8     pjmedia-x86_64-x64-vc14-release:errno.obj
 0002:00001130       ??_C@_0EM@LLMPLGCO@No?5suitable?5telephone?9event?5for?5@ 0000000140013130     pjmedia-x86_64-x64-vc14-release:errno.obj
 0002:00001180       ??_C@_0EK@LPNBCGHG@No?5suitable?5answer?5for?5unknown?5r@ 0000000140013180     pjmedia-x86_64-x64-vc14-release:errno.obj
 0002:000011d0       ??_C@_0DM@JMBBJEKO@SDP?5media?5descriptor?5not?5equal?5?$CI@ 00000001400131d0     pjmedia-x86_64-x64-vc14-release:errno.obj
 0002:00001210       ??_C@_0ED@KAALGBMF@Port?5in?5SDP?5media?5descriptor?5not@ 0000000140013210     pjmedia-x86_64-x64-vc14-release:errno.obj
 0002:00001260       ??_C@_0EJ@FJOJLJDF@Transport?5in?5SDP?5media?5descripto@ 0000000140013260     pjmedia-x86_64-x64-vc14-release:errno.obj
 0002:000012b0       ??_C@_0EH@FMIFCFBA@Format?5in?5SDP?5media?5descriptor?5n@ 00000001400132b0     pjmedia-x86_64-x64-vc14-release:errno.obj
 0002:000012f8       ??_C@_0DK@MAHAOAHF@SDP?5connection?5line?5not?5equal?5?$CIP@ 00000001400132f8     pjmedia-x86_64-x64-vc14-release:errno.obj
 0002:00001338       ??_C@_0DF@HHCJAGLJ@SDP?5attributes?5not?5equal?5?$CIPJMEDI@ 0000000140013338     pjmedia-x86_64-x64-vc14-release:errno.obj
 0002:00001370       ??_C@_0DJ@GGABIHGL@SDP?5media?5direction?5not?5equal?5?$CIP@ 0000000140013370     pjmedia-x86_64-x64-vc14-release:errno.obj
 0002:000013b0       ??_C@_0DJ@FFGHKCEG@SDP?5fmtp?5attribute?5not?5equal?5?$CIPJ@ 00000001400133b0     pjmedia-x86_64-x64-vc14-release:errno.obj
 0002:000013f0       ??_C@_0DN@HLKACHFN@SDP?5rtpmap?5attribute?5not?5equal?5?$CI@ 00000001400133f0     pjmedia-x86_64-x64-vc14-release:errno.obj
 0002:00001430       ??_C@_0DN@EALGPLFN@SDP?5session?5descriptor?5not?5equal@ 0000000140013430     pjmedia-x86_64-x64-vc14-release:errno.obj
 0002:00001470       ??_C@_0DI@BLKBMMGO@SDP?5origin?5line?5not?5equal?5?$CIPJMED@ 0000000140013470     pjmedia-x86_64-x64-vc14-release:errno.obj
 0002:000014a8       ??_C@_0DM@HCOBINN@SDP?5name?1subject?5line?5not?5equal?5@ 00000001400134a8     pjmedia-x86_64-x64-vc14-release:errno.obj
 0002:000014e8       ??_C@_0DE@PFJJJNGL@SDP?5time?5line?5not?5equal?5?$CIPJMEDIA@ 00000001400134e8     pjmedia-x86_64-x64-vc14-release:errno.obj
 0002:00001520       ??_C@_0CP@ODMIIAEN@Unsupported?5media?5codec?5?$CIPJMEDIA@ 0000000140013520     pjmedia-x86_64-x64-vc14-release:errno.obj
 0002:00001550       ??_C@_0DG@KJBEJCIE@Codec?5internal?5creation?5error?5?$CIP@ 0000000140013550     pjmedia-x86_64-x64-vc14-release:errno.obj
 0002:00001588       ??_C@_0DG@FOGENKNL@Codec?5frame?5is?5too?5short?5?$CIPJMEDI@ 0000000140013588     pjmedia-x86_64-x64-vc14-release:errno.obj
 0002:000015c0       ??_C@_0DE@OLKJHMCL@PCM?5frame?5is?5too?5short?5?$CIPJMEDIA_@ 00000001400135c0     pjmedia-x86_64-x64-vc14-release:errno.obj
 0002:000015f8       ??_C@_0DF@JDAOLAOM@Invalid?5codec?5frame?5length?5?$CIPJME@ 00000001400135f8     pjmedia-x86_64-x64-vc14-release:errno.obj
 0002:00001630       ??_C@_0DG@LLBBCNCG@Invalid?5PCM?5frame?5length?5?$CIPJMEDI@ 0000000140013630     pjmedia-x86_64-x64-vc14-release:errno.obj
 0002:00001668       ??_C@_0DG@EKMGLMFL@Invalid?5codec?5mode?5?$CIno?5fmtp?$DP?$CJ?5?$CIP@ 0000000140013668     pjmedia-x86_64-x64-vc14-release:errno.obj
 0002:000016a0       ??_C@_0DJ@NJFBGAOC@Bad?5or?5corrupted?5bitstream?5?$CIPJME@ 00000001400136a0     pjmedia-x86_64-x64-vc14-release:errno.obj
 0002:000016e0       ??_C@_0DH@KOBKDDJI@Invalid?5remote?5media?5?$CIIP?$CJ?5addres@ 00000001400136e0     pjmedia-x86_64-x64-vc14-release:errno.obj
 0002:00001718       ??_C@_0DM@GBJMMNCF@Asymetric?5media?5codec?5is?5not?5sup@ 0000000140013718     pjmedia-x86_64-x64-vc14-release:errno.obj
 0002:00001758       ??_C@_0DA@DKJJFGPE@Invalid?5media?5payload?5type?5?$CIPJME@ 0000000140013758     pjmedia-x86_64-x64-vc14-release:errno.obj
 0002:00001788       ??_C@_0DN@IGGOEBDI@Missing?5rtpmap?5in?5media?5descript@ 0000000140013788     pjmedia-x86_64-x64-vc14-release:errno.obj
 0002:000017c8       ??_C@_0CO@MJBLNMMI@Invalid?5media?5type?5?$CIPJMEDIA_EINV@ 00000001400137c8     pjmedia-x86_64-x64-vc14-release:errno.obj
 0002:000017f8       ??_C@_0DF@NNKPPHHC@Remote?5does?5not?5support?5DTMF?5?$CIPJ@ 00000001400137f8     pjmedia-x86_64-x64-vc14-release:errno.obj
 0002:00001830       ??_C@_0CJ@ECIKMCPH@Invalid?5DTMF?5digit?5?$CIPJMEDIA_RTP_@ 0000000140013830     pjmedia-x86_64-x64-vc14-release:errno.obj
 0002:00001860       ??_C@_0DN@EHCPFJJN@Remote?5does?5not?5support?5RFC?52833@ 0000000140013860     pjmedia-x86_64-x64-vc14-release:errno.obj
 0002:000018a0       ??_C@_0BN@LMCOIKH@Bad?5format?5?$CIPJMEDIA_EBADFMT?$CJ?$AA@ 00000001400138a0     pjmedia-x86_64-x64-vc14-release:errno.obj
 0002:000018c0       ??_C@_0DB@GBKLBGPK@Unsupported?5media?5type?5?$CIPJMEDIA_@ 00000001400138c0     pjmedia-x86_64-x64-vc14-release:errno.obj
 0002:000018f8       ??_C@_0CI@KDAMKHEL@Invalid?5RTP?5packet?5?$CIPJMEDIA_RTP_@ 00000001400138f8     pjmedia-x86_64-x64-vc14-release:errno.obj
 0002:00001920       ??_C@_0DL@KLDJIJLI@Invalid?5RTP?5packing?5?$CIinternal?5er@ 0000000140013920     pjmedia-x86_64-x64-vc14-release:errno.obj
 0002:00001960       ??_C@_0CJ@NGKNCMFA@Invalid?5RTP?5version?5?$CIPJMEDIA_RTP@ 0000000140013960     pjmedia-x86_64-x64-vc14-release:errno.obj
 0002:00001990       ??_C@_0DC@PFPAEINL@RTP?5packet?5SSRC?5id?5mismatch?5?$CIPJM@ 0000000140013990     pjmedia-x86_64-x64-vc14-release:errno.obj
 0002:000019c8       ??_C@_0DF@KDOADJLK@RTP?5packet?5payload?5type?5mismatch@ 00000001400139c8     pjmedia-x86_64-x64-vc14-release:errno.obj
 0002:00001a00       ??_C@_0CP@OBFABIAL@Invalid?5RTP?5packet?5length?5?$CIPJMED@ 0000000140013a00     pjmedia-x86_64-x64-vc14-release:errno.obj
 0002:00001a30       ??_C@_0DB@HLHLKEBJ@RTP?5session?5restarted?5?$CIPJMEDIA_R@ 0000000140013a30     pjmedia-x86_64-x64-vc14-release:errno.obj
 0002:00001a68       ??_C@_0DG@OPPFJBGL@RTP?5session?5in?5probation?5?$CIPJMEDI@ 0000000140013a68     pjmedia-x86_64-x64-vc14-release:errno.obj
 0002:00001aa0       ??_C@_0DI@LFLLIJCB@Bad?5sequence?5number?5in?5RTP?5packe@ 0000000140013aa0     pjmedia-x86_64-x64-vc14-release:errno.obj
 0002:00001ae0       ??_C@_0EE@PHAAOPAG@RTP?5media?5port?5destination?5is?5no@ 0000000140013ae0     pjmedia-x86_64-x64-vc14-release:errno.obj
 0002:00001b28       ??_C@_0CO@BFKJOFNE@RTP?5is?5not?5configured?5?$CIPJMEDIA_R@ 0000000140013b28     pjmedia-x86_64-x64-vc14-release:errno.obj
 0002:00001b58       ??_C@_0DI@MEKDIPIO@Media?5ports?5are?5not?5compatible?5?$CI@ 0000000140013b58     pjmedia-x86_64-x64-vc14-release:errno.obj
 0002:00001b90       ??_C@_0EA@EJPEOGMK@Media?5ports?5have?5incompatible?5cl@ 0000000140013b90     pjmedia-x86_64-x64-vc14-release:errno.obj
 0002:00001bd0       ??_C@_0EL@KOIIKBFP@Media?5ports?5have?5incompatible?5sa@ 0000000140013bd0     pjmedia-x86_64-x64-vc14-release:errno.obj
 0002:00001c20       ??_C@_0DL@FLCJCEPI@Media?5ports?5have?5incompatible?5me@ 0000000140013c20     pjmedia-x86_64-x64-vc14-release:errno.obj
 0002:00001c60       ??_C@_0EA@CDICINEI@Media?5ports?5have?5incompatible?5bi@ 0000000140013c60     pjmedia-x86_64-x64-vc14-release:errno.obj
 0002:00001ca0       ??_C@_0EB@DHIDGGBD@Media?5ports?5have?5incompatible?5by@ 0000000140013ca0     pjmedia-x86_64-x64-vc14-release:errno.obj
 0002:00001cf0       ??_C@_0EG@FBPNENMF@Media?5ports?5have?5incompatible?5nu@ 0000000140013cf0     pjmedia-x86_64-x64-vc14-release:errno.obj
 0002:00001d38       ??_C@_0CO@CKCFJDML@Not?5a?5valid?5WAVE?5file?5?$CIPJMEDIA_E@ 0000000140013d38     pjmedia-x86_64-x64-vc14-release:errno.obj
 0002:00001d68       ??_C@_0DD@FKNCKLNB@Unsupported?5WAVE?5file?5format?5?$CIPJ@ 0000000140013d68     pjmedia-x86_64-x64-vc14-release:errno.obj
 0002:00001da0       ??_C@_0CM@HKHLDPDN@WAVE?5file?5too?5short?5?$CIPJMEDIA_EWA@ 0000000140013da0     pjmedia-x86_64-x64-vc14-release:errno.obj
 0002:00001dd0       ??_C@_0DP@HHAKLPGE@Sound?5frame?5too?5large?5for?5file?5b@ 0000000140013dd0     pjmedia-x86_64-x64-vc14-release:errno.obj
 0002:00001e10       ??_C@_0CK@EMOCNCPF@Unsupported?5AVI?5file?5?$CIPJMEDIA_EA@ 0000000140013e10     pjmedia-x86_64-x64-vc14-release:errno.obj
 0002:00001e40       ??_C@_0DF@PKIKHNPA@No?5suitable?5sound?5capture?5device@ 0000000140013e40     pjmedia-x86_64-x64-vc14-release:errno.obj
 0002:00001e78       ??_C@_0DH@NACBPKOD@No?5suitable?5sound?5playback?5devic@ 0000000140013e78     pjmedia-x86_64-x64-vc14-release:errno.obj
 0002:00001eb0       ??_C@_0CO@FCJGKBG@Invalid?5sound?5device?5ID?5?$CIPJMEDIA@ 0000000140013eb0     pjmedia-x86_64-x64-vc14-release:errno.obj
 0002:00001ee0       ??_C@_0EB@GAMOPGD@Invalid?5sample?5format?5for?5sound?5@ 0000000140013ee0     pjmedia-x86_64-x64-vc14-release:errno.obj
 0002:00001f30       ??_C@_0FA@HAKEALMK@SRTP?5crypto?9suite?5name?5not?5match@ 0000000140013f30     pjmedia-x86_64-x64-vc14-release:errno.obj
 0002:00001f80       ??_C@_0EF@DCMAHBDI@Invalid?5SRTP?5key?5length?5for?5spec@ 0000000140013f80     pjmedia-x86_64-x64-vc14-release:errno.obj
 0002:00001fc8       ??_C@_0DL@BINEGGLM@Unsupported?5SRTP?5crypto?9suite?5?$CIP@ 0000000140013fc8     pjmedia-x86_64-x64-vc14-release:errno.obj
 0002:00002008       ??_C@_0DP@DNDEFJI@SRTP?5SDP?5contains?5ambigue?5answer@ 0000000140014008     pjmedia-x86_64-x64-vc14-release:errno.obj
 0002:00002048       ??_C@_0DL@PPDCJAFI@Duplicated?5SRTP?5crypto?5tag?5?$CIPJME@ 0000000140014048     pjmedia-x86_64-x64-vc14-release:errno.obj
 0002:00002088       ??_C@_0DK@EIEPDNB@Invalid?5SRTP?5crypto?5attribute?5?$CIP@ 0000000140014088     pjmedia-x86_64-x64-vc14-release:errno.obj
 0002:000020c8       ??_C@_0DH@JABOECDK@Invalid?5SRTP?5crypto?5tag?5?$CIPJMEDIA@ 00000001400140c8     pjmedia-x86_64-x64-vc14-release:errno.obj
 0002:00002100       ??_C@_0EE@HKDIFKLN@Invalid?5SDP?5media?5transport?5for?5@ 0000000140014100     pjmedia-x86_64-x64-vc14-release:errno.obj
 0002:00002148       ??_C@_0DM@OPHJDJCK@SRTP?5crypto?5attribute?5required?5?$CI@ 0000000140014148     pjmedia-x86_64-x64-vc14-release:errno.obj
 0002:00002190       ??_C@_0EO@MOMMHEEA@Secure?5transport?5required?5in?5SDP@ 0000000140014190     pjmedia-x86_64-x64-vc14-release:errno.obj
 0002:000021e0       ??_C@_0EM@HBHPHIDH@No?5matching?5SRTP?5crypto?9suite?5af@ 00000001400141e0     pjmedia-x86_64-x64-vc14-release:errno.obj
 0002:00002230       ??_C@_0EN@OKMMPCBN@No?5certificate?5supplied?5by?5peer?5@ 0000000140014230     pjmedia-x86_64-x64-vc14-release:errno.obj
 0002:00002280       ??_C@_0FM@DHHDFBCG@Fingerprint?5from?5signalling?5not?5@ 0000000140014280     pjmedia-x86_64-x64-vc14-release:errno.obj
 0002:000022e0       ??_C@_0BJ@JGEGOKIK@Unknown?5pjmedia?5error?5?$CFd?$AA@ 00000001400142e0     pjmedia-x86_64-x64-vc14-release:errno.obj
 0002:000022fc       ??_C@_04DAMGJPCA@file?$AA@ 00000001400142fc     pjmedia-x86_64-x64-vc14-release:wav_player.obj
 0002:00002308       ??_C@_0DH@CJCCJAOK@actual?5value?$HMexpected?5riff?$DN?$CFx?$HM?$CFx@ 0000000140014308     pjmedia-x86_64-x64-vc14-release:wav_player.obj
 0002:00002340       ??_C@_0N@EAJPAIGO@wav_player?4c?$AA@ 0000000140014340     pjmedia-x86_64-x64-vc14-release:wav_player.obj
 0002:00002350       ??_C@_0EO@KJDBHFL@File?5player?5?8?$CF?4?$CKs?8?5created?3?5samp@ 0000000140014350     pjmedia-x86_64-x64-vc14-release:wav_player.obj
 0002:000023a0       ??_C@_0BD@LPPPNKOC@File?5port?5?$CF?4?$CKs?5EOF?$AA@ 00000001400143a0     pjmedia-x86_64-x64-vc14-release:wav_player.obj
 0002:000023b8       ??_C@_0BL@OHCCHMIC@File?5port?5?$CF?4?$CKs?5rewinding?4?4?$AA@ 00000001400143b8     pjmedia-x86_64-x64-vc14-release:wav_player.obj
 0002:00002418       ??_C@_07OEHJJJKF@RTP?1AVP?$AA@ 0000000140014418     pjmedia-x86_64-x64-vc14-release:transport_srtp.obj
 0002:00002420       ??_C@_08MPIAKENM@RTP?1SAVP?$AA@ 0000000140014420     pjmedia-x86_64-x64-vc14-release:transport_srtp.obj
 0002:00002430       ??_C@_08INHMCBAE@inactive?$AA@ 0000000140014430     pjmedia-x86_64-x64-vc14-release:transport_srtp.obj
 0002:0000243c       ??_C@_06LAEHEPPF@crypto?$AA@ 000000014001443c     pjmedia-x86_64-x64-vc14-release:transport_srtp.obj
 0002:00002444       ??_C@_04HIBGFPH@NULL?$AA@  0000000140014444     pjmedia-x86_64-x64-vc14-release:transport_srtp.obj
 0002:00002450       ??_C@_0BI@FCCBBIDC@AES_256_CM_HMAC_SHA1_80?$AA@ 0000000140014450     pjmedia-x86_64-x64-vc14-release:transport_srtp.obj
 0002:00002468       ??_C@_0BI@GMECJFFB@AES_256_CM_HMAC_SHA1_32?$AA@ 0000000140014468     pjmedia-x86_64-x64-vc14-release:transport_srtp.obj
 0002:00002480       ??_C@_0BI@OADHPNHF@AES_CM_128_HMAC_SHA1_80?$AA@ 0000000140014480     pjmedia-x86_64-x64-vc14-release:transport_srtp.obj
 0002:00002498       ??_C@_0BI@NOFEHABG@AES_CM_128_HMAC_SHA1_32?$AA@ 0000000140014498     pjmedia-x86_64-x64-vc14-release:transport_srtp.obj
 0002:000024b0       ??_C@_02MFDMBIJM@ok?$AA@   00000001400144b0     pjmedia-x86_64-x64-vc14-release:transport_srtp.obj
 0002:000024b8       ??_C@_0BE@KFOIPNMM@unspecified?5failure?$AA@ 00000001400144b8     pjmedia-x86_64-x64-vc14-release:transport_srtp.obj
 0002:000024d0       ??_C@_0BG@LENPEKHL@unsupported?5parameter?$AA@ 00000001400144d0     pjmedia-x86_64-x64-vc14-release:transport_srtp.obj
 0002:000024e8       ??_C@_0BJ@DGLNBGGB@couldn?8t?5allocate?5memory?$AA@ 00000001400144e8     pjmedia-x86_64-x64-vc14-release:transport_srtp.obj
 0002:00002508       ??_C@_0BN@LJIJFBAJ@couldn?8t?5deallocate?5properly?$AA@ 0000000140014508     pjmedia-x86_64-x64-vc14-release:transport_srtp.obj
 0002:00002528       ??_C@_0BE@KBPICNEA@couldn?8t?5initialize?$AA@ 0000000140014528     pjmedia-x86_64-x64-vc14-release:transport_srtp.obj
 0002:00002540       ??_C@_0CI@FEPPFOBO@can?8t?5process?5as?5much?5data?5as?5re@ 0000000140014540     pjmedia-x86_64-x64-vc14-release:transport_srtp.obj
 0002:00002568       ??_C@_0BH@DJJHFLDI@authentication?5failure?$AA@ 0000000140014568     pjmedia-x86_64-x64-vc14-release:transport_srtp.obj
 0002:00002580       ??_C@_0P@MHOCHBCE@cipher?5failure?$AA@ 0000000140014580     pjmedia-x86_64-x64-vc14-release:transport_srtp.obj
 0002:00002590       ??_C@_0CA@LIFPFHJ@replay?5check?5failed?5?$CIbad?5index?$CJ?$AA@ 0000000140014590     pjmedia-x86_64-x64-vc14-release:transport_srtp.obj
 0002:000025b0       ??_C@_0CE@GCMJOMFK@replay?5check?5failed?5?$CIindex?5too?5o@ 00000001400145b0     pjmedia-x86_64-x64-vc14-release:transport_srtp.obj
 0002:000025d8       ??_C@_0BO@KLFALCF@algorithm?5failed?5test?5routine?$AA@ 00000001400145d8     pjmedia-x86_64-x64-vc14-release:transport_srtp.obj
 0002:000025f8       ??_C@_0BG@JKFIFBMN@unsupported?5operation?$AA@ 00000001400145f8     pjmedia-x86_64-x64-vc14-release:transport_srtp.obj
 0002:00002610       ??_C@_0BN@PDJKDLOF@no?5appropriate?5context?5found?$AA@ 0000000140014610     pjmedia-x86_64-x64-vc14-release:transport_srtp.obj
 0002:00002630       ??_C@_0CF@DOHHPHGD@unable?5to?5perform?5desired?5valida@ 0000000140014630     pjmedia-x86_64-x64-vc14-release:transport_srtp.obj
 0002:00002658       ??_C@_0BH@NKHPNDDN@can?8t?5use?5key?5any?5more?$AA@ 0000000140014658     pjmedia-x86_64-x64-vc14-release:transport_srtp.obj
 0002:00002670       ??_C@_0BH@CDHGOGDE@error?5in?5use?5of?5socket?$AA@ 0000000140014670     pjmedia-x86_64-x64-vc14-release:transport_srtp.obj
 0002:00002688       ??_C@_0BL@DJFHEKEC@error?5in?5use?5POSIX?5signals?$AA@ 0000000140014688     pjmedia-x86_64-x64-vc14-release:transport_srtp.obj
 0002:000026a8       ??_C@_0BD@HFMCMINA@nonce?5check?5failed?$AA@ 00000001400146a8     pjmedia-x86_64-x64-vc14-release:transport_srtp.obj
 0002:000026c0       ??_C@_0BD@FCFDDPHP@couldn?8t?5read?5data?$AA@ 00000001400146c0     pjmedia-x86_64-x64-vc14-release:transport_srtp.obj
 0002:000026d8       ??_C@_0BE@PIHIJLHG@couldn?8t?5write?5data?$AA@ 00000001400146d8     pjmedia-x86_64-x64-vc14-release:transport_srtp.obj
 0002:000026f0       ??_C@_0BD@PIIFGNCP@error?5pasring?5data?$AA@ 00000001400146f0     pjmedia-x86_64-x64-vc14-release:transport_srtp.obj
 0002:00002708       ??_C@_0BE@FFKLLGEP@error?5encoding?5data?$AA@ 0000000140014708     pjmedia-x86_64-x64-vc14-release:transport_srtp.obj
 0002:00002720       ??_C@_0BN@OEPMNKMP@error?5while?5using?5semaphores?$AA@ 0000000140014720     pjmedia-x86_64-x64-vc14-release:transport_srtp.obj
 0002:00002740       ??_C@_0BI@JNCDFEKK@error?5while?5using?5pfkey?$AA@ 0000000140014740     pjmedia-x86_64-x64-vc14-release:transport_srtp.obj
 0002:00002758       ??_C@_0BJ@BOBCJFAN@Unknown?5libsrtp?5error?5?$CFd?$AA@ 0000000140014758     pjmedia-x86_64-x64-vc14-release:transport_srtp.obj
 0002:00002780       ??_C@_0EB@EJGHAKCH@Warning?3?5simple?5random?5generator@ 0000000140014780     pjmedia-x86_64-x64-vc14-release:transport_srtp.obj
 0002:000027c8       ??_C@_0BB@HGEADDBB@transport_srtp?4c?$AA@ 00000001400147c8     pjmedia-x86_64-x64-vc14-release:transport_srtp.obj
 0002:000027e0       ??_C@_0CE@BAIPFCEP@Failed?5encoding?5plain?5key?5to?5bas@ 00000001400147e0     pjmedia-x86_64-x64-vc14-release:transport_srtp.obj
 0002:00002808       ??_C@_0BA@OGAKIHAO@?$CFd?5?$CFs?5inline?3?$CFs?$AA@ 0000000140014808     pjmedia-x86_64-x64-vc14-release:transport_srtp.obj
 0002:00002818       ??_C@_01CLKCMJKC@?5?$AA@   0000000140014818     pjmedia-x86_64-x64-vc14-release:transport_srtp.obj
 0002:00002820       ??_C@_0BP@IBJNGPHO@Attribute?5crypto?5expecting?5tag?$AA@ 0000000140014820     pjmedia-x86_64-x64-vc14-release:transport_srtp.obj
 0002:00002840       ??_C@_0CI@IIDGBGP@Attribute?5crypto?5expecting?5crypt@ 0000000140014840     pjmedia-x86_64-x64-vc14-release:transport_srtp.obj
 0002:00002868       ??_C@_02LMMGGCAJ@?3?5?$AA@ 0000000140014868     pjmedia-x86_64-x64-vc14-release:transport_srtp.obj
 0002:00002870       ??_C@_0CG@JCJFEHFF@Attribute?5crypto?5expecting?5key?5m@ 0000000140014870     pjmedia-x86_64-x64-vc14-release:transport_srtp.obj
 0002:00002898       ??_C@_06OGMBMJA@inline?$AA@ 0000000140014898     pjmedia-x86_64-x64-vc14-release:transport_srtp.obj
 0002:000028a0       ??_C@_0DC@FIGAPMKM@Attribute?5crypto?5key?5method?5?8?$CF?4?$CK@ 00000001400148a0     pjmedia-x86_64-x64-vc14-release:transport_srtp.obj
 0002:000028d4       ??_C@_02MINBJDHL@?$HM?5?$AA@ 00000001400148d4     pjmedia-x86_64-x64-vc14-release:transport_srtp.obj
 0002:000028d8       ??_C@_0BP@FKKPLPLE@Attribute?5crypto?5expecting?5key?$AA@ 00000001400148d8     pjmedia-x86_64-x64-vc14-release:transport_srtp.obj
 0002:000028f8       ??_C@_0N@FJKIJMGM@Key?5too?5long?$AA@ 00000001400148f8     pjmedia-x86_64-x64-vc14-release:transport_srtp.obj
 0002:00002908       ??_C@_0CH@PPONEAL@Failed?5decoding?5crypto?5key?5from?5@ 0000000140014908     pjmedia-x86_64-x64-vc14-release:transport_srtp.obj
 0002:00002930       ??_C@_0BB@JENPEJDI@?9?9key?5too?5long?9?9?$AA@ 0000000140014930     pjmedia-x86_64-x64-vc14-release:transport_srtp.obj
 0002:00002948       ??_C@_0O@LPFLKIMI@TX?3?5?$CFs?5key?$DN?$CFs?$AA@ 0000000140014948     pjmedia-x86_64-x64-vc14-release:transport_srtp.obj
 0002:00002956       ??_C@_00CNPNBAHC@?$AA@     0000000140014956     pjmedia-x86_64-x64-vc14-release:transport_srtp.obj
 0002:00002958       ??_C@_05EPPOHEBK@?5auth?$AA@ 0000000140014958     pjmedia-x86_64-x64-vc14-release:transport_srtp.obj
 0002:00002960       ??_C@_04PIHNPOJJ@?5enc?$AA@ 0000000140014960     pjmedia-x86_64-x64-vc14-release:transport_srtp.obj
 0002:00002968       ??_C@_0BA@BONGIHBG@TX?3?5disable?$CFs?$CFs?$AA@ 0000000140014968     pjmedia-x86_64-x64-vc14-release:transport_srtp.obj
 0002:00002978       ??_C@_0O@EHJJODHO@RX?3?5?$CFs?5key?$DN?$CFs?$AA@ 0000000140014978     pjmedia-x86_64-x64-vc14-release:transport_srtp.obj
 0002:00002988       ??_C@_0BA@ENEHOOPC@RX?3?5disable?$CFs?$CFs?$AA@ 0000000140014988     pjmedia-x86_64-x64-vc14-release:transport_srtp.obj
 0002:00002998       ??_C@_0CG@KDAPJFOB@Failed?5to?5dealloc?5RX?5SRTP?5contex@ 0000000140014998     pjmedia-x86_64-x64-vc14-release:transport_srtp.obj
 0002:000029c0       ??_C@_0CG@CHCMAIDE@Failed?5to?5dealloc?5TX?5SRTP?5contex@ 00000001400149c0     pjmedia-x86_64-x64-vc14-release:transport_srtp.obj
 0002:000029e8       ??_C@_0BP@CAGNCNCA@Failed?5to?5restart?5SRTP?0?5err?$DN?$CFs?$AA@ 00000001400149e8     pjmedia-x86_64-x64-vc14-release:transport_srtp.obj
 0002:00002a08       ??_C@_0CO@EDHKLEPP@Failed?5to?5unprotect?5SRTP?0?5pkt?5si@ 0000000140014a08     pjmedia-x86_64-x64-vc14-release:transport_srtp.obj
 0002:00002a38       ??_C@_0CP@OAIPELPD@Failed?5to?5unprotect?5SRTCP?0?5pkt?5s@ 0000000140014a38     pjmedia-x86_64-x64-vc14-release:transport_srtp.obj
 0002:00002a68       ??_C@_0CN@IMPBKLBH@SRTP?5failed?5stop?5underlying?5medi@ 0000000140014a68     pjmedia-x86_64-x64-vc14-release:transport_srtp.obj
 0002:00002aa0       pjmedia_linear2ulaw_tab    0000000140014aa0     pjmedia-x86_64-x64-vc14-release:alaw_ulaw_table.obj
 0002:00006aa0       pjmedia_linear2alaw_tab    0000000140018aa0     pjmedia-x86_64-x64-vc14-release:alaw_ulaw_table.obj
 0002:0000aaa0       pjmedia_ulaw2linear_tab    000000014001caa0     pjmedia-x86_64-x64-vc14-release:alaw_ulaw_table.obj
 0002:0000aca0       pjmedia_alaw2linear_tab    000000014001cca0     pjmedia-x86_64-x64-vc14-release:alaw_ulaw_table.obj
 0002:0000aec0       ??_C@_08LMCBNPPN@sendrecv?$AA@ 000000014001cec0     pjmedia-x86_64-x64-vc14-release:sdp.obj
 0002:0000aecc       ??_C@_02BBAPPCCJ@IN?$AA@   000000014001cecc     pjmedia-x86_64-x64-vc14-release:sdp.obj
 0002:0000aed0       ??_C@_03OPDBOKBD@IP4?$AA@  000000014001ced0     pjmedia-x86_64-x64-vc14-release:sdp.obj
 0002:0000aed4       ??_C@_03NNAHIIJB@IP6?$AA@  000000014001ced4     pjmedia-x86_64-x64-vc14-release:sdp.obj
 0002:0000af38       ??_C@_07HDFHIMAJ@pjmedia?$AA@ 000000014001cf38     pjmedia-x86_64-x64-vc14-release:endpoint.obj
 0002:0000af80       ??_C@_04IFCNACLH@pj?$CFp?$AA@ 000000014001cf80     pjlib-x86_64-x64-vc14-release:os_core_win32.obj
 0002:0000af88       ??_C@_0BA@NGJFHJA@PJLIB?1No?5memory?$AA@ 000000014001cf88     pjlib-x86_64-x64-vc14-release:os_core_win32.obj
 0002:0000af98       ??_C@_0BP@NGEKBPIB@pjlib?5?$CFs?5for?5win32?5initialized?$AA@ 000000014001cf98     pjlib-x86_64-x64-vc14-release:os_core_win32.obj
 0002:0000afb8       ??_C@_0BA@FNCACAIG@os_core_win32?4c?$AA@ 000000014001cfb8     pjlib-x86_64-x64-vc14-release:os_core_win32.obj
 0002:0000afc8       ??_C@_0CI@EAKIIBBA@Main?5thread?5stack?5max?5usage?$DN?$CFu?5b@ 000000014001cfc8     pjlib-x86_64-x64-vc14-release:os_core_win32.obj
 0002:0000aff0       ??_C@_0BK@BHGJHPMG@?4?4?2src?2pj?2os_core_win32?4c?$AA@ 000000014001cff0     pjlib-x86_64-x64-vc14-release:os_core_win32.obj
 0002:0000b00c       ??_C@_05KHEDLION@thr?$CFp?$AA@ 000000014001d00c     pjlib-x86_64-x64-vc14-release:os_core_win32.obj
 0002:0000b014       ??_C@_05EJDHHBFJ@mtx?$CFp?$AA@ 000000014001d014     pjlib-x86_64-x64-vc14-release:os_core_win32.obj
 0002:0000b020       ??_C@_0BG@NBDJGAFI@Ignored?5?$CIPJ_EIGNORED?$CJ?$AA@ 000000014001d020     pjlib-x86_64-x64-vc14-release:errno.obj
 0002:0000b038       ??_C@_0CH@OGOOBJBE@IPv6?5is?5not?5supported?5?$CIPJ_EIPV6N@ 000000014001d038     pjlib-x86_64-x64-vc14-release:errno.obj
 0002:0000b060       ??_C@_0CK@DJAHHNOI@Unsupported?5address?5family?5?$CIPJ_E@ 000000014001d060     pjlib-x86_64-x64-vc14-release:errno.obj
 0002:0000b090       ??_C@_0CD@PDGCJOJH@Object?5no?5longer?5exists?5?$CIPJ_EGON@ 000000014001d090     pjlib-x86_64-x64-vc14-release:errno.obj
 0002:0000b0b8       ??_C@_0CI@LBHALONI@Socket?5is?5in?5bad?5state?5?$CIPJ_ESOCK@ 000000014001d0b8     pjlib-x86_64-x64-vc14-release:errno.obj
 0002:0000b260       ??_C@_0BM@FLPPOGAG@Unknown?5Error?5?$CIPJ_EUNKNOWN?$CJ?$AA@ 000000014001d260     pjlib-x86_64-x64-vc14-release:errno.obj
 0002:0000b280       ??_C@_0CA@DCLOOJGD@Pending?5operation?5?$CIPJ_EPENDING?$CJ?$AA@ 000000014001d280     pjlib-x86_64-x64-vc14-release:errno.obj
 0002:0000b2a0       ??_C@_0CO@GABEOAFF@Too?5many?5connecting?5sockets?5?$CIPJ_@ 000000014001d2a0     pjlib-x86_64-x64-vc14-release:errno.obj
 0002:0000b2d0       ??_C@_0CG@CBCJBJGD@Invalid?5value?5or?5argument?5?$CIPJ_EI@ 000000014001d2d0     pjlib-x86_64-x64-vc14-release:errno.obj
 0002:0000b2f8       ??_C@_0CA@GJABNEKD@Name?5too?5long?5?$CIPJ_ENAMETOOLONG?$CJ?$AA@ 000000014001d2f8     pjlib-x86_64-x64-vc14-release:errno.obj
 0002:0000b318       ??_C@_0BJ@JNKLPII@Not?5found?5?$CIPJ_ENOTFOUND?$CJ?$AA@ 000000014001d318     pjlib-x86_64-x64-vc14-release:errno.obj
 0002:0000b338       ??_C@_0BO@GOLCMJKK@Not?5enough?5memory?5?$CIPJ_ENOMEM?$CJ?$AA@ 000000014001d338     pjlib-x86_64-x64-vc14-release:errno.obj
 0002:0000b358       ??_C@_0BI@HHGDCAID@BUG?5DETECTED?$CB?5?$CIPJ_EBUG?$CJ?$AA@ 000000014001d358     pjlib-x86_64-x64-vc14-release:errno.obj
 0002:0000b370       ??_C@_0CD@JOGIDHPJ@Operation?5timed?5out?5?$CIPJ_ETIMEDOU@ 000000014001d370     pjlib-x86_64-x64-vc14-release:errno.obj
 0002:0000b398       ??_C@_0DF@MIFNAIHL@Too?5many?5objects?5of?5the?5specifie@ 000000014001d398     pjlib-x86_64-x64-vc14-release:errno.obj
 0002:0000b3d0       ??_C@_0BK@OMPILOH@Object?5is?5busy?5?$CIPJ_EBUSY?$CJ?$AA@ 000000014001d3d0     pjlib-x86_64-x64-vc14-release:errno.obj
 0002:0000b3f0       ??_C@_0CP@BAIBJOJE@Option?1operation?5is?5not?5supporte@ 000000014001d3f0     pjlib-x86_64-x64-vc14-release:errno.obj
 0002:0000b420       ??_C@_0CC@OEEEEEML@Invalid?5operation?5?$CIPJ_EINVALIDOP@ 000000014001d420     pjlib-x86_64-x64-vc14-release:errno.obj
 0002:0000b448       ??_C@_0CE@KDDMJLGF@Operation?5cancelled?5?$CIPJ_ECANCELL@ 000000014001d448     pjlib-x86_64-x64-vc14-release:errno.obj
 0002:0000b470       ??_C@_0CD@LODOFNLC@Object?5already?5exists?5?$CIPJ_EEXIST@ 000000014001d470     pjlib-x86_64-x64-vc14-release:errno.obj
 0002:0000b498       ??_C@_0BG@GMBDFNLN@End?5of?5file?5?$CIPJ_EEOF?$CJ?$AA@ 000000014001d498     pjlib-x86_64-x64-vc14-release:errno.obj
 0002:0000b4b0       ??_C@_0BN@PCCNBFLN@Size?5is?5too?5big?5?$CIPJ_ETOOBIG?$CJ?$AA@ 000000014001d4b0     pjlib-x86_64-x64-vc14-release:errno.obj
 0002:0000b4d0       ??_C@_0DB@FDCHLEID@gethostbyname?$CI?$CJ?5has?5returned?5err@ 000000014001d4d0     pjlib-x86_64-x64-vc14-release:errno.obj
 0002:0000b508       ??_C@_0CB@MGGLJMNO@Size?5is?5too?5short?5?$CIPJ_ETOOSMALL?$CJ@ 000000014001d508     pjlib-x86_64-x64-vc14-release:errno.obj
 0002:0000b530       ??_C@_0BH@ONDLFCEA@Unknown?5pjlib?5error?5?$CFd?$AA@ 000000014001d530     pjlib-x86_64-x64-vc14-release:errno.obj
 0002:0000b548       ??_C@_07PBILKAFL@Success?$AA@ 000000014001d548     pjlib-x86_64-x64-vc14-release:errno.obj
 0002:0000b550       ??_C@_0BB@BIKLJNJD@Unknown?5error?5?$CFd?$AA@ 000000014001d550     pjlib-x86_64-x64-vc14-release:errno.obj
 0002:0000b568       ??_C@_0BB@PKFOFEEC@?4?4?2src?2pj?2pool?4c?$AA@ 000000014001d568     pjlib-x86_64-x64-vc14-release:pool.obj
 0002:0000b580       ??_C@_0BJ@MJKAJPML@?4?4?2src?2pj?2pool_caching?4c?$AA@ 000000014001d580     pjlib-x86_64-x64-vc14-release:pool_caching.obj
 0002:0000b5a0       ??_C@_0M@IGFPEOLJ@cachingpool?$AA@ 000000014001d5a0     pjlib-x86_64-x64-vc14-release:pool_caching.obj
 0002:0000b5b0       ??_C@_0DD@ECGDPCBA@Pool?5is?5not?5released?5by?5applicat@ 000000014001d5b0     pjlib-x86_64-x64-vc14-release:pool_caching.obj
 0002:0000b5e8       ??_C@_0BH@BBPHJKOA@?5Dumping?5caching?5pool?3?$AA@ 000000014001d5e8     pjlib-x86_64-x64-vc14-release:pool_caching.obj
 0002:0000b600       ??_C@_08COPEICHG@cachpool?$AA@ 000000014001d600     pjlib-x86_64-x64-vc14-release:pool_caching.obj
 0002:0000b610       ??_C@_0CN@DOKPIIOH@?5?5?5Capacity?$DN?$CFu?0?5max_capacity?$DN?$CFu?0@ 000000014001d610     pjlib-x86_64-x64-vc14-release:pool_caching.obj
 0002:0000b640       ??_C@_0BM@IDLDGCC@?5?5Dumping?5all?5active?5pools?3?$AA@ 000000014001d640     pjlib-x86_64-x64-vc14-release:pool_caching.obj
 0002:0000b660       ??_C@_0CA@MMLIKIEG@?5?5?5?$CF16s?3?5?$CF8d?5of?5?$CF8d?5?$CI?$CFd?$CF?$CF?$CJ?5used?$AA@ 000000014001d660     pjlib-x86_64-x64-vc14-release:pool_caching.obj
 0002:0000b680       ??_C@_0CB@GKBJPDKG@?5?5Total?5?$CF9d?5of?5?$CF9d?5?$CI?$CFd?5?$CF?$CF?$CJ?5used?$CB@ 000000014001d680     pjlib-x86_64-x64-vc14-release:pool_caching.obj
 0002:0000b6a8       ??_C@_0BA@CLLJDBF@?4?4?2src?2pj?2log?4c?$AA@ 000000014001d6a8     pjlib-x86_64-x64-vc14-release:log.obj
 0002:0000b6b8       ??_C@_06DDFOEFIF@FATAL?3?$AA@ 000000014001d6b8     pjlib-x86_64-x64-vc14-release:log.obj
 0002:0000b6c0       ??_C@_06PONDCDME@ERROR?3?$AA@ 000000014001d6c0     pjlib-x86_64-x64-vc14-release:log.obj
 0002:0000b6c8       ??_C@_06OHJPOJDB@?5WARN?3?$AA@ 000000014001d6c8     pjlib-x86_64-x64-vc14-release:log.obj
 0002:0000b6d0       ??_C@_06ICKKLHPE@?5INFO?3?$AA@ 000000014001d6d0     pjlib-x86_64-x64-vc14-release:log.obj
 0002:0000b6d8       ??_C@_06DNOFLLB@DEBUG?3?$AA@ 000000014001d6d8     pjlib-x86_64-x64-vc14-release:log.obj
 0002:0000b6e0       ??_C@_06ELIFFDKB@TRACE?3?$AA@ 000000014001d6e0     pjlib-x86_64-x64-vc14-release:log.obj
 0002:0000b6e8       ??_C@_06HGKAKJPG@DETRC?3?$AA@ 000000014001d6e8     pjlib-x86_64-x64-vc14-release:log.obj
 0002:0000b6f0       ??_C@_03KOEHGMDN@Sun?$AA@  000000014001d6f0     pjlib-x86_64-x64-vc14-release:log.obj
 0002:0000b6f4       ??_C@_03PDAGKDH@Mon?$AA@   000000014001d6f4     pjlib-x86_64-x64-vc14-release:log.obj
 0002:0000b6f8       ??_C@_03NAGEINEP@Tue?$AA@  000000014001d6f8     pjlib-x86_64-x64-vc14-release:log.obj
 0002:0000b6fc       ??_C@_03MHOMLAJA@Wed?$AA@  000000014001d6fc     pjlib-x86_64-x64-vc14-release:log.obj
 0002:0000b700       ??_C@_03IOFIKPDN@Thu?$AA@  000000014001d700     pjlib-x86_64-x64-vc14-release:log.obj
 0002:0000b704       ??_C@_03IDIOELNC@Fri?$AA@  000000014001d704     pjlib-x86_64-x64-vc14-release:log.obj
 0002:0000b708       ??_C@_03FEFJNEK@Sat?$AA@   000000014001d708     pjlib-x86_64-x64-vc14-release:log.obj
 0002:0000b710       ??_C@_0BO@BGMDCDKP@?$DMlogging?5error?3?5msg?5too?5long?$DO?$AA@ 000000014001d710     pjlib-x86_64-x64-vc14-release:log.obj
 0002:0000b730       ??_C@_0BP@JMMENEAD@?4?4?2src?2pj?2pool_policy_malloc?4c?$AA@ 000000014001d730     pjlib-x86_64-x64-vc14-release:pool_policy_malloc.obj
 0002:0000b750       ??_C@_0BD@ELEDKDKB@?4?4?2src?2pj?2string?4c?$AA@ 000000014001d750     pjlib-x86_64-x64-vc14-release:string.obj
 0002:0000b768       ??_C@_0BB@KPBPCFEE@?4?4?2src?2pj?2rand?4c?$AA@ 000000014001d768     pjlib-x86_64-x64-vc14-release:rand.obj
 0002:0000b780       ??_C@_0CD@KFHCCJFN@?$CB?$CB?$CBFATAL?3?5unhandled?5exception?5?$CFs@ 000000014001d780     pjlib-x86_64-x64-vc14-release:except.obj
 0002:0000b7a8       ??_C@_08PDFMOJIE@except?4c?$AA@ 000000014001d7a8     pjlib-x86_64-x64-vc14-release:except.obj
 0002:0000b7b8       ??_C@_0N@GJOLEKJC@?$DMInvalid?5ID?$DO?$AA@ 000000014001d7b8     pjlib-x86_64-x64-vc14-release:except.obj
 0002:0000b7c8       ??_C@_0N@LJPLLMIL@exception?5?$CFd?$AA@ 000000014001d7c8     pjlib-x86_64-x64-vc14-release:except.obj
 0002:0000b7d8       PJ_IPV6_TCLASS             000000014001d7d8     pjlib-x86_64-x64-vc14-release:sock_bsd.obj
 0002:0000b7dc       PJ_SO_TYPE                 000000014001d7dc     pjlib-x86_64-x64-vc14-release:sock_bsd.obj
 0002:0000b7e0       PJ_SO_RCVBUF               000000014001d7e0     pjlib-x86_64-x64-vc14-release:sock_bsd.obj
 0002:0000b7e4       PJ_SO_SNDBUF               000000014001d7e4     pjlib-x86_64-x64-vc14-release:sock_bsd.obj
 0002:0000b7e8       PJ_TCP_NODELAY             000000014001d7e8     pjlib-x86_64-x64-vc14-release:sock_bsd.obj
 0002:0000b7ec       PJ_SO_REUSEADDR            000000014001d7ec     pjlib-x86_64-x64-vc14-release:sock_bsd.obj
 0002:0000b7f0       PJ_SO_NOSIGPIPE            000000014001d7f0     pjlib-x86_64-x64-vc14-release:sock_bsd.obj
 0002:0000b7f4       PJ_SO_PRIORITY             000000014001d7f4     pjlib-x86_64-x64-vc14-release:sock_bsd.obj
 0002:0000b7f8       PJ_IP_MULTICAST_IF         000000014001d7f8     pjlib-x86_64-x64-vc14-release:sock_bsd.obj
 0002:0000b7fc       PJ_IP_MULTICAST_TTL        000000014001d7fc     pjlib-x86_64-x64-vc14-release:sock_bsd.obj
 0002:0000b800       PJ_IP_MULTICAST_LOOP       000000014001d800     pjlib-x86_64-x64-vc14-release:sock_bsd.obj
[...]
 0004:00000bac       $pdata$srtp_event_reporter 0000000140026bac     libsrtp-x86_64-x64-vc14-release:srtp.obj
 0004:00000bb8       $pdata$srtp_get_est_pkt_index 0000000140026bb8     libsrtp-x86_64-x64-vc14-release:srtp.obj
 0004:00000bc4       $pdata$srtp_get_session_keys 0000000140026bc4     libsrtp-x86_64-x64-vc14-release:srtp.obj
 0004:00000bd0       $pdata$0$srtp_get_session_keys 0000000140026bd0     libsrtp-x86_64-x64-vc14-release:srtp.obj
 0004:00000bdc       $pdata$1$srtp_get_session_keys 0000000140026bdc     libsrtp-x86_64-x64-vc14-release:srtp.obj
 0004:00000be8       $pdata$2$srtp_get_session_keys 0000000140026be8     libsrtp-x86_64-x64-vc14-release:srtp.obj
 0004:00000bf4       $pdata$srtp_inject_mki     0000000140026bf4     libsrtp-x86_64-x64-vc14-release:srtp.obj
 0004:00000c00       $pdata$0$srtp_inject_mki   0000000140026c00     libsrtp-x86_64-x64-vc14-release:srtp.obj
 0004:00000c0c       $pdata$1$srtp_inject_mki   0000000140026c0c     libsrtp-x86_64-x64-vc14-release:srtp.obj
 0004:00000c18       $pdata$srtp_kdf_generate   0000000140026c18     libsrtp-x86_64-x64-vc14-release:srtp.obj
 0004:00000c24       $pdata$srtp_kdf_init       0000000140026c24     libsrtp-x86_64-x64-vc14-release:srtp.obj
 0004:00000c30       $pdata$srtp_process_header_encryption 0000000140026c30     libsrtp-x86_64-x64-vc14-release:srtp.obj
 0004:00000c3c       $pdata$srtp_protect        0000000140026c3c     libsrtp-x86_64-x64-vc14-release:srtp.obj
 0004:00000c48       $pdata$srtp_protect_aead   0000000140026c48     libsrtp-x86_64-x64-vc14-release:srtp.obj
 0004:00000c54       $pdata$0$srtp_protect_aead 0000000140026c54     libsrtp-x86_64-x64-vc14-release:srtp.obj
 0004:00000c60       $pdata$1$srtp_protect_aead 0000000140026c60     libsrtp-x86_64-x64-vc14-release:srtp.obj
 0004:00000c6c       $pdata$2$srtp_protect_aead 0000000140026c6c     libsrtp-x86_64-x64-vc14-release:srtp.obj
 0004:00000c78       $pdata$3$srtp_protect_aead 0000000140026c78     libsrtp-x86_64-x64-vc14-release:srtp.obj
 0004:00000c84       $pdata$4$srtp_protect_aead 0000000140026c84     libsrtp-x86_64-x64-vc14-release:srtp.obj
 0004:00000c90       $pdata$5$srtp_protect_aead 0000000140026c90     libsrtp-x86_64-x64-vc14-release:srtp.obj
 0004:00000c9c       $pdata$srtp_protect_mki    0000000140026c9c     libsrtp-x86_64-x64-vc14-release:srtp.obj
 0004:00000ca8       $pdata$0$srtp_protect_mki  0000000140026ca8     libsrtp-x86_64-x64-vc14-release:srtp.obj
 0004:00000cb4       $pdata$1$srtp_protect_mki  0000000140026cb4     libsrtp-x86_64-x64-vc14-release:srtp.obj
 0004:00000cc0       $pdata$srtp_protect_rtcp   0000000140026cc0     libsrtp-x86_64-x64-vc14-release:srtp.obj
 0004:00000ccc       $pdata$srtp_protect_rtcp_aead 0000000140026ccc     libsrtp-x86_64-x64-vc14-release:srtp.obj
 0004:00000cd8       $pdata$srtp_protect_rtcp_mki 0000000140026cd8     libsrtp-x86_64-x64-vc14-release:srtp.obj
 0004:00000ce4       $pdata$0$srtp_protect_rtcp_mki 0000000140026ce4     libsrtp-x86_64-x64-vc14-release:srtp.obj
 0004:00000cf0       $pdata$1$srtp_protect_rtcp_mki 0000000140026cf0     libsrtp-x86_64-x64-vc14-release:srtp.obj
 0004:00000cfc       $pdata$2$srtp_protect_rtcp_mki 0000000140026cfc     libsrtp-x86_64-x64-vc14-release:srtp.obj
 0004:00000d08       $pdata$3$srtp_protect_rtcp_mki 0000000140026d08     libsrtp-x86_64-x64-vc14-release:srtp.obj
 0004:00000d14       $pdata$4$srtp_protect_rtcp_mki 0000000140026d14     libsrtp-x86_64-x64-vc14-release:srtp.obj
 0004:00000d20       $pdata$5$srtp_protect_rtcp_mki 0000000140026d20     libsrtp-x86_64-x64-vc14-release:srtp.obj
 0004:00000d2c       $pdata$srtp_stream_alloc   0000000140026d2c     libsrtp-x86_64-x64-vc14-release:srtp.obj
 0004:00000d38       $pdata$srtp_stream_clone   0000000140026d38     libsrtp-x86_64-x64-vc14-release:srtp.obj
 0004:00000d44       $pdata$0$srtp_stream_clone 0000000140026d44     libsrtp-x86_64-x64-vc14-release:srtp.obj
 0004:00000d50       $pdata$5$srtp_stream_clone 0000000140026d50     libsrtp-x86_64-x64-vc14-release:srtp.obj
 0004:00000d5c       $pdata$srtp_stream_dealloc 0000000140026d5c     libsrtp-x86_64-x64-vc14-release:srtp.obj
 0004:00000d68       $pdata$srtp_stream_free    0000000140026d68     libsrtp-x86_64-x64-vc14-release:srtp.obj
 0004:00000d74       $pdata$0$srtp_stream_free  0000000140026d74     libsrtp-x86_64-x64-vc14-release:srtp.obj
 0004:00000d80       $pdata$1$srtp_stream_free  0000000140026d80     libsrtp-x86_64-x64-vc14-release:srtp.obj
 0004:00000d8c       $pdata$2$srtp_stream_free  0000000140026d8c     libsrtp-x86_64-x64-vc14-release:srtp.obj
 0004:00000d98       $pdata$3$srtp_stream_free  0000000140026d98     libsrtp-x86_64-x64-vc14-release:srtp.obj
 0004:00000da4       $pdata$srtp_stream_init    0000000140026da4     libsrtp-x86_64-x64-vc14-release:srtp.obj
 0004:00000db0       $pdata$0$srtp_stream_init  0000000140026db0     libsrtp-x86_64-x64-vc14-release:srtp.obj
 0004:00000dbc       $pdata$2$srtp_stream_init  0000000140026dbc     libsrtp-x86_64-x64-vc14-release:srtp.obj
 0004:00000dc8       $pdata$3$srtp_stream_init  0000000140026dc8     libsrtp-x86_64-x64-vc14-release:srtp.obj
 0004:00000dd4       $pdata$4$srtp_stream_init  0000000140026dd4     libsrtp-x86_64-x64-vc14-release:srtp.obj
 0004:00000de0       $pdata$6$srtp_stream_init  0000000140026de0     libsrtp-x86_64-x64-vc14-release:srtp.obj
 0004:00000dec       $pdata$7$srtp_stream_init  0000000140026dec     libsrtp-x86_64-x64-vc14-release:srtp.obj
 0004:00000df8       $pdata$srtp_stream_init_all_master_keys 0000000140026df8     libsrtp-x86_64-x64-vc14-release:srtp.obj
 0004:00000e04       $pdata$srtp_stream_init_keys 0000000140026e04     libsrtp-x86_64-x64-vc14-release:srtp.obj
 0004:00000e10       $pdata$2$srtp_stream_init_keys 0000000140026e10     libsrtp-x86_64-x64-vc14-release:srtp.obj
 0004:00000e1c       $pdata$3$srtp_stream_init_keys 0000000140026e1c     libsrtp-x86_64-x64-vc14-release:srtp.obj
 0004:00000e28       $pdata$4$srtp_stream_init_keys 0000000140026e28     libsrtp-x86_64-x64-vc14-release:srtp.obj
 0004:00000e34       $pdata$srtp_unprotect_aead 0000000140026e34     libsrtp-x86_64-x64-vc14-release:srtp.obj
 0004:00000e40       $pdata$srtp_unprotect_mki  0000000140026e40     libsrtp-x86_64-x64-vc14-release:srtp.obj
 0004:00000e4c       $pdata$1$srtp_unprotect_mki 0000000140026e4c     libsrtp-x86_64-x64-vc14-release:srtp.obj
 0004:00000e58       $pdata$2$srtp_unprotect_mki 0000000140026e58     libsrtp-x86_64-x64-vc14-release:srtp.obj
 0004:00000e64       $pdata$srtp_unprotect_rtcp_aead 0000000140026e64     libsrtp-x86_64-x64-vc14-release:srtp.obj
 0004:00000e70       $pdata$srtp_unprotect_rtcp_mki 0000000140026e70     libsrtp-x86_64-x64-vc14-release:srtp.obj
 0004:00000e7c       $pdata$0$srtp_unprotect_rtcp_mki 0000000140026e7c     libsrtp-x86_64-x64-vc14-release:srtp.obj
 0004:00000e88       $pdata$1$srtp_unprotect_rtcp_mki 0000000140026e88     libsrtp-x86_64-x64-vc14-release:srtp.obj
 0004:00000e94       $pdata$2$srtp_unprotect_rtcp_mki 0000000140026e94     libsrtp-x86_64-x64-vc14-release:srtp.obj
 0004:00000ea0       $pdata$3$srtp_unprotect_rtcp_mki 0000000140026ea0     libsrtp-x86_64-x64-vc14-release:srtp.obj
 0004:00000eac       $pdata$4$srtp_unprotect_rtcp_mki 0000000140026eac     libsrtp-x86_64-x64-vc14-release:srtp.obj
 0004:00000eb8       $pdata$5$srtp_unprotect_rtcp_mki 0000000140026eb8     libsrtp-x86_64-x64-vc14-release:srtp.obj
 0004:00000ec4       $pdata$srtp_validate_rtp_header 0000000140026ec4     libsrtp-x86_64-x64-vc14-release:srtp.obj
 0004:00000ed0       $pdata$srtp_crypto_alloc   0000000140026ed0     libsrtp-x86_64-x64-vc14-release:alloc.obj
 0004:00000edc       $pdata$srtp_crypto_free    0000000140026edc     libsrtp-x86_64-x64-vc14-release:alloc.obj
 0004:00000ee8       $pdata$bitvector_alloc     0000000140026ee8     libsrtp-x86_64-x64-vc14-release:datatypes.obj
 0004:00000ef4       $pdata$bitvector_dealloc   0000000140026ef4     libsrtp-x86_64-x64-vc14-release:datatypes.obj
 0004:00000f00       $pdata$bitvector_left_shift 0000000140026f00     libsrtp-x86_64-x64-vc14-release:datatypes.obj
 0004:00000f0c       $pdata$0$bitvector_left_shift 0000000140026f0c     libsrtp-x86_64-x64-vc14-release:datatypes.obj
 0004:00000f18       $pdata$4$bitvector_left_shift 0000000140026f18     libsrtp-x86_64-x64-vc14-release:datatypes.obj
 0004:00000f24       $pdata$6$bitvector_left_shift 0000000140026f24     libsrtp-x86_64-x64-vc14-release:datatypes.obj
 0004:00000f30       $pdata$7$bitvector_left_shift 0000000140026f30     libsrtp-x86_64-x64-vc14-release:datatypes.obj
 0004:00000f3c       $pdata$8$bitvector_left_shift 0000000140026f3c     libsrtp-x86_64-x64-vc14-release:datatypes.obj
 0004:00000f48       $pdata$9$bitvector_left_shift 0000000140026f48     libsrtp-x86_64-x64-vc14-release:datatypes.obj
 0004:00000f54       $pdata$octet_string_is_eq  0000000140026f54     libsrtp-x86_64-x64-vc14-release:datatypes.obj
 0004:00000f60       $pdata$srtp_octet_string_hex_string 0000000140026f60     libsrtp-x86_64-x64-vc14-release:datatypes.obj
 0004:00000f6c       $pdata$v128_hex_string     0000000140026f6c     libsrtp-x86_64-x64-vc14-release:datatypes.obj
 0004:00000f78       $pdata$v128_left_shift     0000000140026f78     libsrtp-x86_64-x64-vc14-release:datatypes.obj
 0004:00000f84       $pdata$1$v128_left_shift   0000000140026f84     libsrtp-x86_64-x64-vc14-release:datatypes.obj
 0004:00000f90       $pdata$3$v128_left_shift   0000000140026f90     libsrtp-x86_64-x64-vc14-release:datatypes.obj
 0004:00000f9c       $pdata$6$v128_left_shift   0000000140026f9c     libsrtp-x86_64-x64-vc14-release:datatypes.obj
 0004:00000fa8       $pdata$7$v128_left_shift   0000000140026fa8     libsrtp-x86_64-x64-vc14-release:datatypes.obj
 0004:00000fb4       $pdata$8$v128_left_shift   0000000140026fb4     libsrtp-x86_64-x64-vc14-release:datatypes.obj
 0004:00000fc0       $pdata$9$v128_left_shift   0000000140026fc0     libsrtp-x86_64-x64-vc14-release:datatypes.obj
 0004:00000fcc       $pdata$srtp_err_report     0000000140026fcc     libsrtp-x86_64-x64-vc14-release:srtp_err.obj
 0004:00000fd8       $pdata$srtp_rdbx_add_index 0000000140026fd8     libsrtp-x86_64-x64-vc14-release:rdbx.obj
 0004:00000fe4       $pdata$0$srtp_rdbx_add_index 0000000140026fe4     libsrtp-x86_64-x64-vc14-release:rdbx.obj
 0004:00000ff0       $pdata$1$srtp_rdbx_add_index 0000000140026ff0     libsrtp-x86_64-x64-vc14-release:rdbx.obj
 0004:00000ffc       $pdata$srtp_rdbx_dealloc   0000000140026ffc     libsrtp-x86_64-x64-vc14-release:rdbx.obj
 0004:00001008       $pdata$srtp_rdbx_init      0000000140027008     libsrtp-x86_64-x64-vc14-release:rdbx.obj
 0004:00001014       $pdata$srtp_rdbx_set_roc   0000000140027014     libsrtp-x86_64-x64-vc14-release:rdbx.obj
 0004:00001020       $pdata$srtp_rdbx_set_roc_seq 0000000140027020     libsrtp-x86_64-x64-vc14-release:rdbx.obj
 0004:0000102c       $pdata$srtp_rdb_add_index  000000014002702c     libsrtp-x86_64-x64-vc14-release:rdb.obj
 0004:00001038       $pdata$srtp_cipher_output  0000000140027038     libsrtp-x86_64-x64-vc14-release:cipher.obj
 0004:00001044       $pdata$srtp_crypto_kernel_alloc_auth 0000000140027044     libsrtp-x86_64-x64-vc14-release:crypto_kernel.obj
 0004:00001050       $pdata$srtp_crypto_kernel_alloc_cipher 0000000140027050     libsrtp-x86_64-x64-vc14-release:crypto_kernel.obj
 0004:0000105c       $pdata$srtp_ekt_write_data 000000014002705c     libsrtp-x86_64-x64-vc14-release:ekt.obj
 0004:00001068       $pdata$0$srtp_ekt_write_data 0000000140027068     libsrtp-x86_64-x64-vc14-release:ekt.obj
 0004:00001074       $pdata$1$srtp_ekt_write_data 0000000140027074     libsrtp-x86_64-x64-vc14-release:ekt.obj
 0004:00001080       $pdata$2$srtp_ekt_write_data 0000000140027080     libsrtp-x86_64-x64-vc14-release:ekt.obj
 0004:0000108c       $pdata$3$srtp_ekt_write_data 000000014002708c     libsrtp-x86_64-x64-vc14-release:ekt.obj
 0004:00001098       $pdata$srtp_stream_init_from_ekt 0000000140027098     libsrtp-x86_64-x64-vc14-release:ekt.obj
 0004:000010a4       $pdata$srtp_null_cipher_alloc 00000001400270a4     libsrtp-x86_64-x64-vc14-release:null_cipher.obj
 0004:000010b0       $pdata$srtp_null_cipher_dealloc 00000001400270b0     libsrtp-x86_64-x64-vc14-release:null_cipher.obj
 0004:000010bc       $pdata$srtp_null_cipher_init 00000001400270bc     libsrtp-x86_64-x64-vc14-release:null_cipher.obj
 0004:000010c8       $pdata$srtp_aes_icm_alloc  00000001400270c8     libsrtp-x86_64-x64-vc14-release:aes_icm.obj
 0004:000010d4       $pdata$0$srtp_aes_icm_alloc 00000001400270d4     libsrtp-x86_64-x64-vc14-release:aes_icm.obj
 0004:000010e0       $pdata$2$srtp_aes_icm_alloc 00000001400270e0     libsrtp-x86_64-x64-vc14-release:aes_icm.obj
 0004:000010ec       $pdata$srtp_aes_icm_dealloc 00000001400270ec     libsrtp-x86_64-x64-vc14-release:aes_icm.obj
 0004:000010f8       $pdata$srtp_aes_icm_context_init 00000001400270f8     libsrtp-x86_64-x64-vc14-release:aes_icm.obj
 0004:00001104       $pdata$4$srtp_aes_icm_context_init 0000000140027104     libsrtp-x86_64-x64-vc14-release:aes_icm.obj
 0004:00001110       $pdata$5$srtp_aes_icm_context_init 0000000140027110     libsrtp-x86_64-x64-vc14-release:aes_icm.obj
 0004:0000111c       $pdata$6$srtp_aes_icm_context_init 000000014002711c     libsrtp-x86_64-x64-vc14-release:aes_icm.obj
 0004:00001128       $pdata$8$srtp_aes_icm_context_init 0000000140027128     libsrtp-x86_64-x64-vc14-release:aes_icm.obj
 0004:00001134       $pdata$srtp_aes_icm_set_iv 0000000140027134     libsrtp-x86_64-x64-vc14-release:aes_icm.obj
 0004:00001140       $pdata$srtp_aes_icm_encrypt 0000000140027140     libsrtp-x86_64-x64-vc14-release:aes_icm.obj
 0004:0000114c       $pdata$0$srtp_aes_icm_encrypt 000000014002714c     libsrtp-x86_64-x64-vc14-release:aes_icm.obj
 0004:00001158       $pdata$3$srtp_aes_icm_encrypt 0000000140027158     libsrtp-x86_64-x64-vc14-release:aes_icm.obj
 0004:00001164       $pdata$4$srtp_aes_icm_encrypt 0000000140027164     libsrtp-x86_64-x64-vc14-release:aes_icm.obj
 0004:00001170       $pdata$5$srtp_aes_icm_encrypt 0000000140027170     libsrtp-x86_64-x64-vc14-release:aes_icm.obj
 0004:0000117c       $pdata$srtp_aes_icm_advance 000000014002717c     libsrtp-x86_64-x64-vc14-release:aes_icm.obj
 0004:00001188       $pdata$srtp_null_auth_alloc 0000000140027188     libsrtp-x86_64-x64-vc14-release:null_auth.obj
 0004:00001194       $pdata$srtp_null_auth_dealloc 0000000140027194     libsrtp-x86_64-x64-vc14-release:null_auth.obj
 0004:000011a0       $pdata$srtp_hmac_alloc     00000001400271a0     libsrtp-x86_64-x64-vc14-release:hmac.obj
 0004:000011ac       $pdata$srtp_hmac_dealloc   00000001400271ac     libsrtp-x86_64-x64-vc14-release:hmac.obj
 0004:000011b8       $pdata$srtp_hmac_init      00000001400271b8     libsrtp-x86_64-x64-vc14-release:hmac.obj
 0004:000011c4       $pdata$srtp_hmac_update    00000001400271c4     libsrtp-x86_64-x64-vc14-release:hmac.obj
 0004:000011d0       $pdata$srtp_hmac_compute   00000001400271d0     libsrtp-x86_64-x64-vc14-release:hmac.obj
 0004:000011dc       $pdata$0$srtp_hmac_compute 00000001400271dc     libsrtp-x86_64-x64-vc14-release:hmac.obj
 0004:000011e8       $pdata$1$srtp_hmac_compute 00000001400271e8     libsrtp-x86_64-x64-vc14-release:hmac.obj
 0004:000011f4       $pdata$aes_128_expand_encryption_key 00000001400271f4     libsrtp-x86_64-x64-vc14-release:aes.obj
 0004:00001200       $pdata$aes_256_expand_encryption_key 0000000140027200     libsrtp-x86_64-x64-vc14-release:aes.obj
 0004:0000120c       $pdata$aes_inv_round       000000014002720c     libsrtp-x86_64-x64-vc14-release:aes.obj
 0004:00001218       $pdata$aes_round           0000000140027218     libsrtp-x86_64-x64-vc14-release:aes.obj
 0004:00001224       $pdata$srtp_aes_decrypt    0000000140027224     libsrtp-x86_64-x64-vc14-release:aes.obj
 0004:00001230       $pdata$srtp_aes_encrypt    0000000140027230     libsrtp-x86_64-x64-vc14-release:aes.obj
 0004:0000123c       $pdata$srtp_aes_expand_decryption_key 000000014002723c     libsrtp-x86_64-x64-vc14-release:aes.obj
 0004:00001248       $pdata$0$srtp_aes_expand_decryption_key 0000000140027248     libsrtp-x86_64-x64-vc14-release:aes.obj
 0004:00001254       $pdata$1$srtp_aes_expand_decryption_key 0000000140027254     libsrtp-x86_64-x64-vc14-release:aes.obj
 0004:00001260       $pdata$srtp_aes_expand_encryption_key 0000000140027260     libsrtp-x86_64-x64-vc14-release:aes.obj
 0004:0000126c       $pdata$srtp_sha1_core      000000014002726c     libsrtp-x86_64-x64-vc14-release:sha1.obj
 0004:00001278       $pdata$srtp_sha1_final     0000000140027278     libsrtp-x86_64-x64-vc14-release:sha1.obj
 0004:00001284       $pdata$srtp_sha1_update    0000000140027284     libsrtp-x86_64-x64-vc14-release:sha1.obj
 0004:00001290       $pdata$0$srtp_sha1_update  0000000140027290     libsrtp-x86_64-x64-vc14-release:sha1.obj
 0004:0000129c       $pdata$1$srtp_sha1_update  000000014002729c     libsrtp-x86_64-x64-vc14-release:sha1.obj
 0004:000012a8       $pdata$__GSHandlerCheck    00000001400272a8     MSVCRT:_gshandler_.obj
 0004:000012b4       $pdata$__GSHandlerCheckCommon 00000001400272b4     MSVCRT:_gshandler_.obj
 0004:000012cc       $pdata$?pre_c_initialization@@YAHXZ 00000001400272cc     MSVCRT:exe_main.obj
 0004:000012d8       $pdata$?post_pgo_initialization@@YAHXZ 00000001400272d8     MSVCRT:exe_main.obj
 0004:000012e4       $pdata$?pre_cpp_initialization@@YAXXZ 00000001400272e4     MSVCRT:exe_main.obj
 0004:000012f0       $pdata$?__scrt_common_main_seh@@YAHXZ 00000001400272f0     MSVCRT:exe_main.obj
 0004:000012fc       $pdata$mainCRTStartup      00000001400272fc     MSVCRT:exe_main.obj
 0004:00001308       $pdata$__raise_securityfailure 0000000140027308     MSVCRT:gs_report.obj
 0004:00001314       $pdata$__report_gsfailure  0000000140027314     MSVCRT:gs_report.obj
 0004:00001320       $pdata$__report_rangecheckfailure 0000000140027320     MSVCRT:gs_report.obj
 0004:0000132c       $pdata$__report_securityfailure 000000014002732c     MSVCRT:gs_report.obj
 0004:00001338       $pdata$capture_current_context 0000000140027338     MSVCRT:gs_report.obj
 0004:00001344       $pdata$capture_previous_context 0000000140027344     MSVCRT:gs_report.obj
 0004:0000135c       $pdata$__scrt_acquire_startup_lock 000000014002735c     MSVCRT:utility.obj
 0004:00001368       $pdata$__scrt_initialize_crt 0000000140027368     MSVCRT:utility.obj
 0004:00001374       $pdata$__scrt_initialize_onexit_tables 0000000140027374     MSVCRT:utility.obj
 0004:00001380       $pdata$__scrt_is_nonwritable_in_current_image 0000000140027380     MSVCRT:utility.obj
 0004:0000138c       $pdata$__scrt_release_startup_lock 000000014002738c     MSVCRT:utility.obj
 0004:00001398       $pdata$__scrt_uninitialize_crt 0000000140027398     MSVCRT:utility.obj
 0004:000013a4       $pdata$_onexit             00000001400273a4     MSVCRT:utility.obj
 0004:000013b0       $pdata$atexit              00000001400273b0     MSVCRT:utility.obj
 0004:000013bc       $pdata$__security_init_cookie 00000001400273bc     MSVCRT:gs_support.obj
 0004:000013c8       $pdata$__scrt_initialize_default_local_stdio_options 00000001400273c8     MSVCRT:default_local_stdio_options.obj
 0004:000013d4       $pdata$__scrt_fastfail     00000001400273d4     MSVCRT:utility_desktop.obj
 0004:000013e0       $pdata$__scrt_is_managed_app 00000001400273e0     MSVCRT:utility_desktop.obj
 0004:000013ec       $pdata$__scrt_unhandled_exception_filter 00000001400273ec     MSVCRT:utility_desktop.obj
 0004:000013f8       $pdata$_RTC_Initialize     00000001400273f8     MSVCRT:_initsect_.obj
 0004:00001404       $pdata$_RTC_Terminate      0000000140027404     MSVCRT:_initsect_.obj
 0004:00001410       $pdata$__isa_available_init 0000000140027410     MSVCRT:_cpu_disp_.obj
 0004:00001428       $pdata$?filt$0@?0??__scrt_common_main_seh@@YAHXZ@4HA 0000000140027428     MSVCRT:exe_main.obj
 0004:00001434       $pdata$__scrt_is_nonwritable_in_current_image$filt$0 0000000140027434     MSVCRT:utility.obj
