 sipecho

 Timestamp is 5a547497 (Tue Jan  9 15:51:51 2018)

 Preferred load address is 0000000140000000

 Start         Length     Name                   Class
 0001:00000000 0003cefbH .text$mn                CODE
 0001:0003cf00 00000012H .text$mn$00             CODE
 0001:0003cf12 00000036H .text$x                 CODE
 0002:00000000 00000440H .idata$5                DATA
 0002:00000440 00000010H .00cfg                  DATA
 0002:00000450 00000008H .CRT$XCA                DATA
 0002:00000458 00000008H .CRT$XCAA               DATA
 0002:00000460 00000008H .CRT$XCZ                DATA
 0002:00000468 00000008H .CRT$XIA                DATA
 0002:00000470 00000008H .CRT$XIAA               DATA
 0002:00000478 00000008H .CRT$XIAC               DATA
 0002:00000480 00000008H .CRT$XIZ                DATA
 0002:00000488 00000008H .CRT$XPA                DATA
 0002:00000490 00000008H .CRT$XPZ                DATA
 0002:00000498 00000008H .CRT$XTA                DATA
 0002:000004a0 00000008H .CRT$XTZ                DATA
 0002:000004a8 00000000H .gfids$x                DATA
 0002:000004b0 00007fd4H .rdata                  DATA
 0002:00008484 00000244H .rdata$zzzdbg           DATA
 0002:000086c8 00000008H .rtc$IAA                DATA
 0002:000086d0 00000008H .rtc$IZZ                DATA
 0002:000086d8 00000008H .rtc$TAA                DATA
 0002:000086e0 00000008H .rtc$TZZ                DATA
 0002:000086e8 0000566cH .xdata                  DATA
 0002:0000dd54 00000000H .edata                  DATA
 0002:0000dd54 000000f0H .idata$2                DATA
 0002:0000de44 00000014H .idata$3                DATA
 0002:0000de58 00000440H .idata$4                DATA
 0002:0000e298 0000083cH .idata$6                DATA
 0003:00000000 00001a34H .data                   DATA
 0003:00001a40 000064c0H .bss                    DATA
 0004:00000000 00004ca4H .pdata                  DATA

  Address         Publics by Value              Rva+Base               Lib:Object

 0000:00000000       __guard_fids_count         0000000000000000     <absolute>
 0000:00000000       ___safe_se_handler_count   0000000000000000     <absolute>
 0000:00000000       ___safe_se_handler_table   0000000000000000     <absolute>
 0000:00000000       __guard_fids_table         0000000000000000     <absolute>
 0000:00000100       __guard_flags              0000000000000100     <absolute>
 0000:00000000       __ImageBase                0000000140000000     <linker-defined>
 0001:000000e0       get_snd_options            00000001400010e0 f   sipecho.obj
 0001:00000460       dump_pool_usage            0000000140001460 f   sipecho.obj
 0001:00001680       main                       0000000140002680 f   sipecho.obj
 0001:00001a70       __local_stdio_printf_options 0000000140002a70 f i sipecho.obj
 0001:00001a80       printf                     0000000140002a80 f i sipecho.obj
 0001:00001ae0       sprintf                    0000000140002ae0 f i sipecho.obj
 0001:00001f80       _snprintf                  0000000140002f80 f i pjsip-ua-x86_64-x64-vc14-release:sip_inv.obj
 0001:000056c0       pjsip_create_sdp_body      00000001400066c0 f   pjsip-ua-x86_64-x64-vc14-release:sip_inv.obj
 0001:00005780       pjsip_inv_add_ref          0000000140006780 f   pjsip-ua-x86_64-x64-vc14-release:sip_inv.obj
 0001:000057b0       pjsip_inv_answer           00000001400067b0 f   pjsip-ua-x86_64-x64-vc14-release:sip_inv.obj
 0001:000058d0       pjsip_inv_cancel_reinvite  00000001400068d0 f   pjsip-ua-x86_64-x64-vc14-release:sip_inv.obj
 0001:000059e0       pjsip_inv_create_ack       00000001400069e0 f   pjsip-ua-x86_64-x64-vc14-release:sip_inv.obj
 0001:00005b00       pjsip_inv_create_uac       0000000140006b00 f   pjsip-ua-x86_64-x64-vc14-release:sip_inv.obj
 0001:00005cd0       pjsip_inv_create_uas       0000000140006cd0 f   pjsip-ua-x86_64-x64-vc14-release:sip_inv.obj
 0001:00005f70       pjsip_inv_end_session      0000000140006f70 f   pjsip-ua-x86_64-x64-vc14-release:sip_inv.obj
 0001:00006120       pjsip_inv_initial_answer   0000000140007120 f   pjsip-ua-x86_64-x64-vc14-release:sip_inv.obj
 0001:000062b0       pjsip_inv_invite           00000001400072b0 f   pjsip-ua-x86_64-x64-vc14-release:sip_inv.obj
 0001:00006570       pjsip_inv_process_redirect 0000000140007570 f   pjsip-ua-x86_64-x64-vc14-release:sip_inv.obj
 0001:00006960       pjsip_inv_send_msg         0000000140007960 f   pjsip-ua-x86_64-x64-vc14-release:sip_inv.obj
 0001:00006b50       pjsip_inv_set_sdp_answer   0000000140007b50 f   pjsip-ua-x86_64-x64-vc14-release:sip_inv.obj
 0001:00006bb0       pjsip_inv_state_name       0000000140007bb0 f   pjsip-ua-x86_64-x64-vc14-release:sip_inv.obj
 0001:00006bd0       pjsip_inv_uac_restart      0000000140007bd0 f   pjsip-ua-x86_64-x64-vc14-release:sip_inv.obj
 0001:00006c60       pjsip_inv_update           0000000140007c60 f   pjsip-ua-x86_64-x64-vc14-release:sip_inv.obj
 0001:00006ee0       pjsip_inv_usage_init       0000000140007ee0 f   pjsip-ua-x86_64-x64-vc14-release:sip_inv.obj
 0001:00006f60       pjsip_rdata_get_sdp_info   0000000140007f60 f   pjsip-ua-x86_64-x64-vc14-release:sip_inv.obj
 0001:00007860       pjsip_100rel_attach        0000000140008860 f   pjsip-ua-x86_64-x64-vc14-release:sip_100rel.obj
 0001:000078e0       pjsip_100rel_create_prack  00000001400088e0 f   pjsip-ua-x86_64-x64-vc14-release:sip_100rel.obj
 0001:00007c20       pjsip_100rel_end_session   0000000140008c20 f   pjsip-ua-x86_64-x64-vc14-release:sip_100rel.obj
 0001:00007c90       pjsip_100rel_init_module   0000000140008c90 f   pjsip-ua-x86_64-x64-vc14-release:sip_100rel.obj
 0001:00007cb0       pjsip_100rel_is_reliable   0000000140008cb0 f   pjsip-ua-x86_64-x64-vc14-release:sip_100rel.obj
 0001:00007d00       pjsip_100rel_on_rx_prack   0000000140008d00 f   pjsip-ua-x86_64-x64-vc14-release:sip_100rel.obj
 0001:00007f80       pjsip_100rel_send_prack    0000000140008f80 f   pjsip-ua-x86_64-x64-vc14-release:sip_100rel.obj
 0001:00007fc0       pjsip_100rel_tx_response   0000000140008fc0 f   pjsip-ua-x86_64-x64-vc14-release:sip_100rel.obj
 0001:00008930       pjsip_timer_end_session    0000000140009930 f   pjsip-ua-x86_64-x64-vc14-release:sip_timer.obj
 0001:00008970       pjsip_timer_handle_refresh_error 0000000140009970 f   pjsip-ua-x86_64-x64-vc14-release:sip_timer.obj
 0001:00008b30       pjsip_timer_init_session   0000000140009b30 f   pjsip-ua-x86_64-x64-vc14-release:sip_timer.obj
 0001:00008bf0       pjsip_timer_process_req    0000000140009bf0 f   pjsip-ua-x86_64-x64-vc14-release:sip_timer.obj
 0001:00008e40       pjsip_timer_process_resp   0000000140009e40 f   pjsip-ua-x86_64-x64-vc14-release:sip_timer.obj
 0001:00009210       pjsip_timer_update_req     000000014000a210 f   pjsip-ua-x86_64-x64-vc14-release:sip_timer.obj
 0001:000092c0       pjsip_timer_update_resp    000000014000a2c0 f   pjsip-ua-x86_64-x64-vc14-release:sip_timer.obj
 0001:0000b840       pjsip_accept_hdr_create    000000014000c840 f   pjsip-core-x86_64-x64-vc14-release:sip_msg.obj
 0001:0000b890       pjsip_allow_hdr_create     000000014000c890 f   pjsip-core-x86_64-x64-vc14-release:sip_msg.obj
 0001:0000b8e0       pjsip_cid_hdr_create       000000014000c8e0 f   pjsip-core-x86_64-x64-vc14-release:sip_msg.obj
 0001:0000b950       pjsip_clen_hdr_create      000000014000c950 f   pjsip-core-x86_64-x64-vc14-release:sip_msg.obj
 0001:0000b9c0       pjsip_clone_text_data      000000014000c9c0 f   pjsip-core-x86_64-x64-vc14-release:sip_msg.obj
 0001:0000ba20       pjsip_contact_hdr_create   000000014000ca20 f   pjsip-core-x86_64-x64-vc14-release:sip_msg.obj
 0001:0000ba50       pjsip_contact_hdr_init     000000014000ca50 f   pjsip-core-x86_64-x64-vc14-release:sip_msg.obj
 0001:0000bae0       pjsip_cseq_hdr_create      000000014000cae0 f   pjsip-core-x86_64-x64-vc14-release:sip_msg.obj
 0001:0000bb40       pjsip_ctype_hdr_create     000000014000cb40 f   pjsip-core-x86_64-x64-vc14-release:sip_msg.obj
 0001:0000bb70       pjsip_ctype_hdr_init       000000014000cb70 f   pjsip-core-x86_64-x64-vc14-release:sip_msg.obj
 0001:0000bbf0       pjsip_expires_hdr_create   000000014000cbf0 f   pjsip-core-x86_64-x64-vc14-release:sip_msg.obj
 0001:0000bc40       pjsip_from_hdr_create      000000014000cc40 f   pjsip-core-x86_64-x64-vc14-release:sip_msg.obj
 0001:0000bc70       pjsip_from_hdr_init        000000014000cc70 f   pjsip-core-x86_64-x64-vc14-release:sip_msg.obj
 0001:0000bcf0       pjsip_fromto_hdr_set_from  000000014000ccf0 f   pjsip-core-x86_64-x64-vc14-release:sip_msg.obj
 0001:0000bd30       pjsip_fromto_hdr_set_to    000000014000cd30 f   pjsip-core-x86_64-x64-vc14-release:sip_msg.obj
 0001:0000bd70       pjsip_generic_array_hdr_init 000000014000cd70 f   pjsip-core-x86_64-x64-vc14-release:sip_msg.obj
 0001:0000be00       pjsip_generic_string_hdr_create 000000014000ce00 f   pjsip-core-x86_64-x64-vc14-release:sip_msg.obj
 0001:0000be50       pjsip_generic_string_hdr_init 000000014000ce50 f   pjsip-core-x86_64-x64-vc14-release:sip_msg.obj
 0001:0000bef0       pjsip_get_ack_method       000000014000cef0 f   pjsip-core-x86_64-x64-vc14-release:sip_msg.obj
 0001:0000bf00       pjsip_get_bye_method       000000014000cf00 f   pjsip-core-x86_64-x64-vc14-release:sip_msg.obj
 0001:0000bf10       pjsip_get_cancel_method    000000014000cf10 f   pjsip-core-x86_64-x64-vc14-release:sip_msg.obj
 0001:0000bf20       pjsip_get_invite_method    000000014000cf20 f   pjsip-core-x86_64-x64-vc14-release:sip_msg.obj
 0001:0000bf30       pjsip_get_status_text      000000014000cf30 f   pjsip-core-x86_64-x64-vc14-release:sip_msg.obj
 0001:0000bf80       pjsip_hdr_clone            000000014000cf80 f   pjsip-core-x86_64-x64-vc14-release:sip_msg.obj
 0001:0000bf90       pjsip_hdr_print_on         000000014000cf90 f   pjsip-core-x86_64-x64-vc14-release:sip_msg.obj
 0001:0000bfa0       pjsip_hdr_shallow_clone    000000014000cfa0 f   pjsip-core-x86_64-x64-vc14-release:sip_msg.obj
 0001:0000bfb0       pjsip_max_fwd_hdr_create   000000014000cfb0 f   pjsip-core-x86_64-x64-vc14-release:sip_msg.obj
 0001:0000c000       pjsip_media_type_cmp       000000014000d000 f   pjsip-core-x86_64-x64-vc14-release:sip_msg.obj
 0001:0000c080       pjsip_media_type_cp        000000014000d080 f   pjsip-core-x86_64-x64-vc14-release:sip_msg.obj
 0001:0000c0e0       pjsip_media_type_init      000000014000d0e0 f   pjsip-core-x86_64-x64-vc14-release:sip_msg.obj
 0001:0000c140       pjsip_media_type_init2     000000014000d140 f   pjsip-core-x86_64-x64-vc14-release:sip_msg.obj
 0001:0000c1c0       pjsip_media_type_print     000000014000d1c0 f   pjsip-core-x86_64-x64-vc14-release:sip_msg.obj
 0001:0000c1d0       pjsip_method_cmp           000000014000d1d0 f   pjsip-core-x86_64-x64-vc14-release:sip_msg.obj
 0001:0000c200       pjsip_method_copy          000000014000d200 f   pjsip-core-x86_64-x64-vc14-release:sip_msg.obj
 0001:0000c230       pjsip_method_init_np       000000014000d230 f   pjsip-core-x86_64-x64-vc14-release:sip_msg.obj
 0001:0000c2d0       pjsip_min_expires_hdr_create 000000014000d2d0 f   pjsip-core-x86_64-x64-vc14-release:sip_msg.obj
 0001:0000c320       pjsip_msg_body_clone       000000014000d320 f   pjsip-core-x86_64-x64-vc14-release:sip_msg.obj
 0001:0000c380       pjsip_msg_body_copy        000000014000d380 f   pjsip-core-x86_64-x64-vc14-release:sip_msg.obj
 0001:0000c420       pjsip_msg_create           000000014000d420 f   pjsip-core-x86_64-x64-vc14-release:sip_msg.obj
 0001:0000c450       pjsip_msg_find_hdr         000000014000d450 f   pjsip-core-x86_64-x64-vc14-release:sip_msg.obj
 0001:0000c480       pjsip_msg_find_hdr_by_name 000000014000d480 f   pjsip-core-x86_64-x64-vc14-release:sip_msg.obj
 0001:0000c4f0       pjsip_msg_find_hdr_by_names 000000014000d4f0 f   pjsip-core-x86_64-x64-vc14-release:sip_msg.obj
 0001:0000c580       pjsip_msg_print            000000014000d580 f   pjsip-core-x86_64-x64-vc14-release:sip_msg.obj
 0001:0000c890       pjsip_print_text_body      000000014000d890 f   pjsip-core-x86_64-x64-vc14-release:sip_msg.obj
 0001:0000c8d0       pjsip_require_hdr_create   000000014000d8d0 f   pjsip-core-x86_64-x64-vc14-release:sip_msg.obj
 0001:0000c920       pjsip_retry_after_hdr_create 000000014000d920 f   pjsip-core-x86_64-x64-vc14-release:sip_msg.obj
 0001:0000c990       pjsip_route_hdr_create     000000014000d990 f   pjsip-core-x86_64-x64-vc14-release:sip_msg.obj
 0001:0000ca00       pjsip_routing_hdr_set_route 000000014000da00 f   pjsip-core-x86_64-x64-vc14-release:sip_msg.obj
 0001:0000ca30       pjsip_rr_hdr_create        000000014000da30 f   pjsip-core-x86_64-x64-vc14-release:sip_msg.obj
 0001:0000caa0       pjsip_supported_hdr_create 000000014000daa0 f   pjsip-core-x86_64-x64-vc14-release:sip_msg.obj
 0001:0000cb10       pjsip_to_hdr_create        000000014000db10 f   pjsip-core-x86_64-x64-vc14-release:sip_msg.obj
 0001:0000cb40       pjsip_to_hdr_init          000000014000db40 f   pjsip-core-x86_64-x64-vc14-release:sip_msg.obj
 0001:0000cbc0       pjsip_unsupported_hdr_create 000000014000dbc0 f   pjsip-core-x86_64-x64-vc14-release:sip_msg.obj
 0001:0000cc10       pjsip_via_hdr_create       000000014000dc10 f   pjsip-core-x86_64-x64-vc14-release:sip_msg.obj
 0001:0000cc40       pjsip_via_hdr_init         000000014000dc40 f   pjsip-core-x86_64-x64-vc14-release:sip_msg.obj
 0001:0000ccd0       pjsip_warning_hdr_create   000000014000dcd0 f   pjsip-core-x86_64-x64-vc14-release:sip_msg.obj
 0001:0000cde0       pjsip_warning_hdr_create_from_status 000000014000dde0 f   pjsip-core-x86_64-x64-vc14-release:sip_msg.obj
 0001:0000d110       pjsip_rx_data_get_info     000000014000e110 f   pjsip-core-x86_64-x64-vc14-release:sip_transport.obj
 0001:0000d1c0       pjsip_tpmgr_acquire_transport2 000000014000e1c0 f   pjsip-core-x86_64-x64-vc14-release:sip_transport.obj
 0001:0000d510       pjsip_tpmgr_create         000000014000e510 f   pjsip-core-x86_64-x64-vc14-release:sip_transport.obj
 0001:0000d640       pjsip_tpmgr_destroy        000000014000e640 f   pjsip-core-x86_64-x64-vc14-release:sip_transport.obj
 0001:0000d7c0       pjsip_tpmgr_get_state_cb   000000014000e7c0 f   pjsip-core-x86_64-x64-vc14-release:sip_transport.obj
 0001:0000d7d0       pjsip_tpmgr_receive_packet 000000014000e7d0 f   pjsip-core-x86_64-x64-vc14-release:sip_transport.obj
 0001:0000dc40       pjsip_tpmgr_register_tpfactory 000000014000ec40 f   pjsip-core-x86_64-x64-vc14-release:sip_transport.obj
 0001:0000dce0       pjsip_tpmgr_unregister_tpfactory 000000014000ece0 f   pjsip-core-x86_64-x64-vc14-release:sip_transport.obj
 0001:0000dd20       pjsip_tpselector_add_ref   000000014000ed20 f   pjsip-core-x86_64-x64-vc14-release:sip_transport.obj
 0001:0000dd40       pjsip_tpselector_dec_ref   000000014000ed40 f   pjsip-core-x86_64-x64-vc14-release:sip_transport.obj
 0001:0000dd60       pjsip_transport_add_ref    000000014000ed60 f   pjsip-core-x86_64-x64-vc14-release:sip_transport.obj
 0001:0000de50       pjsip_transport_add_state_listener 000000014000ee50 f   pjsip-core-x86_64-x64-vc14-release:sip_transport.obj
 0001:0000df50       pjsip_transport_dec_ref    000000014000ef50 f   pjsip-core-x86_64-x64-vc14-release:sip_transport.obj
 0001:0000e070       pjsip_transport_destroy    000000014000f070 f   pjsip-core-x86_64-x64-vc14-release:sip_transport.obj
 0001:0000e0e0       pjsip_transport_get_default_port_for_type 000000014000f0e0 f   pjsip-core-x86_64-x64-vc14-release:sip_transport.obj
 0001:0000e110       pjsip_transport_get_flag_from_type 000000014000f110 f   pjsip-core-x86_64-x64-vc14-release:sip_transport.obj
 0001:0000e140       pjsip_transport_get_type_desc 000000014000f140 f   pjsip-core-x86_64-x64-vc14-release:sip_transport.obj
 0001:0000e180       pjsip_transport_get_type_from_flag 000000014000f180 f   pjsip-core-x86_64-x64-vc14-release:sip_transport.obj
 0001:0000e1c0       pjsip_transport_get_type_from_name 000000014000f1c0 f   pjsip-core-x86_64-x64-vc14-release:sip_transport.obj
 0001:0000e240       pjsip_transport_get_type_name 000000014000f240 f   pjsip-core-x86_64-x64-vc14-release:sip_transport.obj
 0001:0000e280       pjsip_transport_register   000000014000f280 f   pjsip-core-x86_64-x64-vc14-release:sip_transport.obj
 0001:0000e390       pjsip_transport_remove_state_listener 000000014000f390 f   pjsip-core-x86_64-x64-vc14-release:sip_transport.obj
 0001:0000e460       pjsip_transport_send       000000014000f460 f   pjsip-core-x86_64-x64-vc14-release:sip_transport.obj
 0001:0000e600       pjsip_transport_shutdown   000000014000f600 f   pjsip-core-x86_64-x64-vc14-release:sip_transport.obj
 0001:0000e610       pjsip_transport_shutdown2  000000014000f610 f   pjsip-core-x86_64-x64-vc14-release:sip_transport.obj
 0001:0000e740       pjsip_transport_type_get_af 000000014000f740 f   pjsip-core-x86_64-x64-vc14-release:sip_transport.obj
 0001:0000e760       pjsip_tx_data_add_ref      000000014000f760 f   pjsip-core-x86_64-x64-vc14-release:sip_transport.obj
 0001:0000e770       pjsip_tx_data_create       000000014000f770 f   pjsip-core-x86_64-x64-vc14-release:sip_transport.obj
 0001:0000e8b0       pjsip_tx_data_dec_ref      000000014000f8b0 f   pjsip-core-x86_64-x64-vc14-release:sip_transport.obj
 0001:0000e900       pjsip_tx_data_encode       000000014000f900 f   pjsip-core-x86_64-x64-vc14-release:sip_transport.obj
 0001:0000ea00       pjsip_tx_data_get_info     000000014000fa00 f   pjsip-core-x86_64-x64-vc14-release:sip_transport.obj
 0001:0000ea70       pjsip_tx_data_invalidate_msg 000000014000fa70 f   pjsip-core-x86_64-x64-vc14-release:sip_transport.obj
 0001:0000ea90       pjsip_tx_data_set_transport 000000014000fa90 f   pjsip-core-x86_64-x64-vc14-release:sip_transport.obj
 0001:0000f010       pjsip_endpt_acquire_transport2 0000000140010010 f   pjsip-core-x86_64-x64-vc14-release:sip_endpoint.obj
 0001:0000f020       pjsip_endpt_add_capability 0000000140010020 f   pjsip-core-x86_64-x64-vc14-release:sip_endpoint.obj
 0001:0000f170       pjsip_endpt_atexit         0000000140010170 f   pjsip-core-x86_64-x64-vc14-release:sip_endpoint.obj
 0001:0000f1f0       pjsip_endpt_cancel_timer   00000001400101f0 f   pjsip-core-x86_64-x64-vc14-release:sip_endpoint.obj
 0001:0000f220       pjsip_endpt_create         0000000140010220 f   pjsip-core-x86_64-x64-vc14-release:sip_endpoint.obj
 0001:0000f530       pjsip_endpt_create_pool    0000000140010530 f   pjsip-core-x86_64-x64-vc14-release:sip_endpoint.obj
 0001:0000f590       pjsip_endpt_create_tdata   0000000140010590 f   pjsip-core-x86_64-x64-vc14-release:sip_endpoint.obj
 0001:0000f5a0       pjsip_endpt_destroy        00000001400105a0 f   pjsip-core-x86_64-x64-vc14-release:sip_endpoint.obj
 0001:0000f710       pjsip_endpt_get_capability 0000000140010710 f   pjsip-core-x86_64-x64-vc14-release:sip_endpoint.obj
 0001:0000f740       pjsip_endpt_get_ioqueue    0000000140010740 f   pjsip-core-x86_64-x64-vc14-release:sip_endpoint.obj
 0001:0000f750       pjsip_endpt_get_request_headers 0000000140010750 f   pjsip-core-x86_64-x64-vc14-release:sip_endpoint.obj
 0001:0000f760       pjsip_endpt_get_timer_heap 0000000140010760 f   pjsip-core-x86_64-x64-vc14-release:sip_endpoint.obj
 0001:0000f770       pjsip_endpt_get_tpmgr      0000000140010770 f   pjsip-core-x86_64-x64-vc14-release:sip_endpoint.obj
 0001:0000f780       pjsip_endpt_handle_events  0000000140010780 f   pjsip-core-x86_64-x64-vc14-release:sip_endpoint.obj
 0001:0000f790       pjsip_endpt_handle_events2 0000000140010790 f   pjsip-core-x86_64-x64-vc14-release:sip_endpoint.obj
 0001:0000f890       pjsip_endpt_log_error      0000000140010890 f   pjsip-core-x86_64-x64-vc14-release:sip_endpoint.obj
 0001:0000f9d0       pjsip_endpt_name           00000001400109d0 f   pjsip-core-x86_64-x64-vc14-release:sip_endpoint.obj
 0001:0000f9e0       pjsip_endpt_process_rx_data 00000001400109e0 f   pjsip-core-x86_64-x64-vc14-release:sip_endpoint.obj
 0001:0000fba0       pjsip_endpt_register_module 0000000140010ba0 f   pjsip-core-x86_64-x64-vc14-release:sip_endpoint.obj
 0001:0000fcf0       pjsip_endpt_release_pool   0000000140010cf0 f   pjsip-core-x86_64-x64-vc14-release:sip_endpoint.obj
 0001:0000fd10       pjsip_endpt_resolve        0000000140010d10 f   pjsip-core-x86_64-x64-vc14-release:sip_endpoint.obj
 0001:0000fd20       pjsip_endpt_schedule_timer 0000000140010d20 f   pjsip-core-x86_64-x64-vc14-release:sip_endpoint.obj
 0001:0000fd60       pjsip_endpt_unregister_module 0000000140010d60 f   pjsip-core-x86_64-x64-vc14-release:sip_endpoint.obj
 0001:00010150       pjsip_endpt_create_ack     0000000140011150 f   pjsip-core-x86_64-x64-vc14-release:sip_util.obj
 0001:000103c0       pjsip_endpt_create_cancel  00000001400113c0 f   pjsip-core-x86_64-x64-vc14-release:sip_util.obj
 0001:00010740       pjsip_endpt_create_request_from_hdr 0000000140011740 f   pjsip-core-x86_64-x64-vc14-release:sip_util.obj
 0001:000109d0       pjsip_endpt_create_response 00000001400119d0 f   pjsip-core-x86_64-x64-vc14-release:sip_util.obj
 0001:00010c90       pjsip_endpt_respond_stateless 0000000140011c90 f   pjsip-core-x86_64-x64-vc14-release:sip_util.obj
 0001:00010e10       pjsip_endpt_send_request_stateless 0000000140011e10 f   pjsip-core-x86_64-x64-vc14-release:sip_util.obj
 0001:00010f30       pjsip_endpt_send_response  0000000140011f30 f   pjsip-core-x86_64-x64-vc14-release:sip_util.obj
 0001:00011060       pjsip_event_str            0000000140012060 f   pjsip-core-x86_64-x64-vc14-release:sip_util.obj
 0001:00011070       pjsip_get_dest_info        0000000140012070 f   pjsip-core-x86_64-x64-vc14-release:sip_util.obj
 0001:00011230       pjsip_get_request_dest     0000000140012230 f   pjsip-core-x86_64-x64-vc14-release:sip_util.obj
 0001:000112c0       pjsip_get_response_addr    00000001400122c0 f   pjsip-core-x86_64-x64-vc14-release:sip_util.obj
 0001:00011410       pjsip_process_route_set    0000000140012410 f   pjsip-core-x86_64-x64-vc14-release:sip_util.obj
 0001:00011640       pjsip_restore_strict_route_set 0000000140012640 f   pjsip-core-x86_64-x64-vc14-release:sip_util.obj
 0001:00011700       pjsip_target_assign_status 0000000140012700 f   pjsip-core-x86_64-x64-vc14-release:sip_util.obj
 0001:00011740       pjsip_target_set_add_from_msg 0000000140012740 f   pjsip-core-x86_64-x64-vc14-release:sip_util.obj
 0001:000117f0       pjsip_target_set_add_uri   00000001400127f0 f   pjsip-core-x86_64-x64-vc14-release:sip_util.obj
 0001:000118f0       pjsip_target_set_get_next  00000001400128f0 f   pjsip-core-x86_64-x64-vc14-release:sip_util.obj
 0001:00011940       pjsip_target_set_set_current 0000000140012940 f   pjsip-core-x86_64-x64-vc14-release:sip_util.obj
 0001:00012220       pjsip_endpt_respond        0000000140013220 f   pjsip-core-x86_64-x64-vc14-release:sip_util_statefull.obj
 0001:00012620       pjsip_udp_transport_start  0000000140013620 f   pjsip-core-x86_64-x64-vc14-release:sip_transport_udp.obj
 0001:000126f0       pjsip_udp_transport_start2 00000001400136f0 f   pjsip-core-x86_64-x64-vc14-release:sip_transport_udp.obj
 0001:00012870       pjsip_udp_transport_start6 0000000140013870 f   pjsip-core-x86_64-x64-vc14-release:sip_transport_udp.obj
 0001:000142d0       pjsip_tcp_transport_lis_start 00000001400152d0 f   pjsip-core-x86_64-x64-vc14-release:sip_transport_tcp.obj
 0001:00014570       pjsip_tcp_transport_start  0000000140015570 f   pjsip-core-x86_64-x64-vc14-release:sip_transport_tcp.obj
 0001:00014590       pjsip_tcp_transport_start2 0000000140015590 f   pjsip-core-x86_64-x64-vc14-release:sip_transport_tcp.obj
 0001:00014680       pjsip_tcp_transport_start3 0000000140015680 f   pjsip-core-x86_64-x64-vc14-release:sip_transport_tcp.obj
 0001:00016500       pjsip_rdata_get_tsx        0000000140017500 f   pjsip-core-x86_64-x64-vc14-release:sip_transaction.obj
 0001:00016510       pjsip_tsx_create_key       0000000140017510 f   pjsip-core-x86_64-x64-vc14-release:sip_transaction.obj
 0001:000165c0       pjsip_tsx_create_uac       00000001400175c0 f   pjsip-core-x86_64-x64-vc14-release:sip_transaction.obj
 0001:000165d0       pjsip_tsx_create_uac2      00000001400175d0 f   pjsip-core-x86_64-x64-vc14-release:sip_transaction.obj
 0001:000168a0       pjsip_tsx_create_uas       00000001400178a0 f   pjsip-core-x86_64-x64-vc14-release:sip_transaction.obj
 0001:000168b0       pjsip_tsx_create_uas2      00000001400178b0 f   pjsip-core-x86_64-x64-vc14-release:sip_transaction.obj
 0001:00016b40       pjsip_tsx_layer_find_tsx2  0000000140017b40 f   pjsip-core-x86_64-x64-vc14-release:sip_transaction.obj
 0001:00016bc0       pjsip_tsx_layer_init_module 0000000140017bc0 f   pjsip-core-x86_64-x64-vc14-release:sip_transaction.obj
 0001:00016d90       pjsip_tsx_recv_msg         0000000140017d90 f   pjsip-core-x86_64-x64-vc14-release:sip_transaction.obj
 0001:00016e40       pjsip_tsx_retransmit_no_state 0000000140017e40 f   pjsip-core-x86_64-x64-vc14-release:sip_transaction.obj
 0001:00016eb0       pjsip_tsx_send_msg         0000000140017eb0 f   pjsip-core-x86_64-x64-vc14-release:sip_transaction.obj
 0001:00016fa0       pjsip_tsx_set_timeout      0000000140017fa0 f   pjsip-core-x86_64-x64-vc14-release:sip_transaction.obj
 0001:000170a0       pjsip_tsx_set_transport    00000001400180a0 f   pjsip-core-x86_64-x64-vc14-release:sip_transaction.obj
 0001:00017120       pjsip_tsx_state_str        0000000140018120 f   pjsip-core-x86_64-x64-vc14-release:sip_transaction.obj
 0001:00017130       pjsip_tsx_terminate        0000000140018130 f   pjsip-core-x86_64-x64-vc14-release:sip_transaction.obj
 0001:0001a330       pjsip_rdata_get_dlg        000000014001b330 f   pjsip-core-x86_64-x64-vc14-release:sip_ua_layer.obj
 0001:0001a340       pjsip_tsx_get_dlg          000000014001b340 f   pjsip-core-x86_64-x64-vc14-release:sip_ua_layer.obj
 0001:0001a350       pjsip_ua_get_endpt         000000014001b350 f   pjsip-core-x86_64-x64-vc14-release:sip_ua_layer.obj
 0001:0001a360       pjsip_ua_init_module       000000014001b360 f   pjsip-core-x86_64-x64-vc14-release:sip_ua_layer.obj
 0001:0001a390       pjsip_ua_instance          000000014001b390 f   pjsip-core-x86_64-x64-vc14-release:sip_ua_layer.obj
 0001:0001a3a0       pjsip_ua_register_dlg      000000014001b3a0 f   pjsip-core-x86_64-x64-vc14-release:sip_ua_layer.obj
 0001:0001a4d0       pjsip_ua_unregister_dlg    000000014001b4d0 f   pjsip-core-x86_64-x64-vc14-release:sip_ua_layer.obj
 0001:0001a740       create_uas_dialog          000000014001b740 f   pjsip-core-x86_64-x64-vc14-release:sip_dialog.obj
 0001:0001b200       pjsip_dlg_add_usage        000000014001c200 f   pjsip-core-x86_64-x64-vc14-release:sip_dialog.obj
 0001:0001b360       pjsip_dlg_create_request   000000014001c360 f   pjsip-core-x86_64-x64-vc14-release:sip_dialog.obj
 0001:0001b480       pjsip_dlg_create_response  000000014001c480 f   pjsip-core-x86_64-x64-vc14-release:sip_dialog.obj
 0001:0001b560       pjsip_dlg_create_uac       000000014001c560 f   pjsip-core-x86_64-x64-vc14-release:sip_dialog.obj
 0001:0001ba30       pjsip_dlg_create_uas_and_inc_lock 000000014001ca30 f   pjsip-core-x86_64-x64-vc14-release:sip_dialog.obj
 0001:0001ba50       pjsip_dlg_dec_lock         000000014001ca50 f   pjsip-core-x86_64-x64-vc14-release:sip_dialog.obj
 0001:0001bac0       pjsip_dlg_dec_session      000000014001cac0 f   pjsip-core-x86_64-x64-vc14-release:sip_dialog.obj
 0001:0001bb60       pjsip_dlg_get_remote_cap_hdr 000000014001cb60 f   pjsip-core-x86_64-x64-vc14-release:sip_dialog.obj
 0001:0001bc30       pjsip_dlg_inc_lock         000000014001cc30 f   pjsip-core-x86_64-x64-vc14-release:sip_dialog.obj
 0001:0001bc60       pjsip_dlg_inc_session      000000014001cc60 f   pjsip-core-x86_64-x64-vc14-release:sip_dialog.obj
 0001:0001bd00       pjsip_dlg_modify_response  000000014001cd00 f   pjsip-core-x86_64-x64-vc14-release:sip_dialog.obj
 0001:0001be30       pjsip_dlg_on_rx_request    000000014001ce30 f   pjsip-core-x86_64-x64-vc14-release:sip_dialog.obj
 0001:0001c220       pjsip_dlg_on_rx_response   000000014001d220 f   pjsip-core-x86_64-x64-vc14-release:sip_dialog.obj
 0001:0001c640       pjsip_dlg_on_tsx_state     000000014001d640 f   pjsip-core-x86_64-x64-vc14-release:sip_dialog.obj
 0001:0001c770       pjsip_dlg_remote_has_cap   000000014001d770 f   pjsip-core-x86_64-x64-vc14-release:sip_dialog.obj
 0001:0001c890       pjsip_dlg_remove_remote_cap_hdr 000000014001d890 f   pjsip-core-x86_64-x64-vc14-release:sip_dialog.obj
 0001:0001c940       pjsip_dlg_send_request     000000014001d940 f   pjsip-core-x86_64-x64-vc14-release:sip_dialog.obj
 0001:0001cb60       pjsip_dlg_send_response    000000014001db60 f   pjsip-core-x86_64-x64-vc14-release:sip_dialog.obj
 0001:0001ccb0       pjsip_dlg_set_remote_cap_hdr 000000014001dcb0 f   pjsip-core-x86_64-x64-vc14-release:sip_dialog.obj
 0001:0001cdd0       pjsip_dlg_try_inc_lock     000000014001ddd0 f   pjsip-core-x86_64-x64-vc14-release:sip_dialog.obj
 0001:0001ce20       pjsip_dlg_update_remote_cap 000000014001de20 f   pjsip-core-x86_64-x64-vc14-release:sip_dialog.obj
 0001:0001d070       pjsip_method_creates_dialog 000000014001e070 f   pjsip-core-x86_64-x64-vc14-release:sip_dialog.obj
 0001:0001d4f0       pjsip_auth_clt_deinit      000000014001e4f0 f   pjsip-core-x86_64-x64-vc14-release:sip_auth_client.obj
 0001:0001d560       pjsip_auth_clt_init        000000014001e560 f   pjsip-core-x86_64-x64-vc14-release:sip_auth_client.obj
 0001:0001d5a0       pjsip_auth_clt_init_req    000000014001e5a0 f   pjsip-core-x86_64-x64-vc14-release:sip_auth_client.obj
 0001:0001d810       pjsip_auth_clt_reinit_req  000000014001e810 f   pjsip-core-x86_64-x64-vc14-release:sip_auth_client.obj
 0001:0001dac0       pjsip_auth_create_digest   000000014001eac0 f   pjsip-core-x86_64-x64-vc14-release:sip_auth_client.obj
 0001:0001e500       deinit_sip_parser          000000014001f500 f   pjsip-core-x86_64-x64-vc14-release:sip_parser.obj
 0001:0001ef10       init_sip_parser            000000014001ff10 f   pjsip-core-x86_64-x64-vc14-release:sip_parser.obj
 0001:00021b60       pjsip_find_msg             0000000140022b60 f   pjsip-core-x86_64-x64-vc14-release:sip_parser.obj
 0001:00021e90       pjsip_parse_end_hdr_imp    0000000140022e90 f   pjsip-core-x86_64-x64-vc14-release:sip_parser.obj
 0001:00021eb0       pjsip_parse_hdr            0000000140022eb0 f   pjsip-core-x86_64-x64-vc14-release:sip_parser.obj
 0001:00021ff0       pjsip_parse_headers        0000000140022ff0 f   pjsip-core-x86_64-x64-vc14-release:sip_parser.obj
 0001:00022280       pjsip_parse_param_imp      0000000140023280 f   pjsip-core-x86_64-x64-vc14-release:sip_parser.obj
 0001:00022370       pjsip_parse_rdata          0000000140023370 f   pjsip-core-x86_64-x64-vc14-release:sip_parser.obj
 0001:000223f0       pjsip_parse_uri            00000001400233f0 f   pjsip-core-x86_64-x64-vc14-release:sip_parser.obj
 0001:000224d0       pjsip_parser_const         00000001400234d0 f   pjsip-core-x86_64-x64-vc14-release:sip_parser.obj
 0001:000224e0       pjsip_register_hdr_parser  00000001400234e0 f   pjsip-core-x86_64-x64-vc14-release:sip_parser.obj
 0001:000225d0       pjsip_register_uri_parser  00000001400235d0 f   pjsip-core-x86_64-x64-vc14-release:sip_parser.obj
 0001:00022c50       pjsip_multipart_add_part   0000000140023c50 f   pjsip-core-x86_64-x64-vc14-release:sip_multipart.obj
 0001:00022cb0       pjsip_multipart_create     0000000140023cb0 f   pjsip-core-x86_64-x64-vc14-release:sip_multipart.obj
 0001:00022e20       pjsip_multipart_find_part  0000000140023e20 f   pjsip-core-x86_64-x64-vc14-release:sip_multipart.obj
 0001:00022ec0       pjsip_multipart_parse      0000000140023ec0 f   pjsip-core-x86_64-x64-vc14-release:sip_multipart.obj
 0001:00023e60       pjsip_name_addr_assign     0000000140024e60 f   pjsip-core-x86_64-x64-vc14-release:sip_uri.obj
 0001:00023eb0       pjsip_name_addr_create     0000000140024eb0 f   pjsip-core-x86_64-x64-vc14-release:sip_uri.obj
 0001:00023ee0       pjsip_name_addr_init       0000000140024ee0 f   pjsip-core-x86_64-x64-vc14-release:sip_uri.obj
 0001:00023f00       pjsip_other_uri_create     0000000140024f00 f   pjsip-core-x86_64-x64-vc14-release:sip_uri.obj
 0001:00023f30       pjsip_param_clone          0000000140024f30 f   pjsip-core-x86_64-x64-vc14-release:sip_uri.obj
 0001:00023fd0       pjsip_param_cmp            0000000140024fd0 f   pjsip-core-x86_64-x64-vc14-release:sip_uri.obj
 0001:000240b0       pjsip_param_find           00000001400250b0 f   pjsip-core-x86_64-x64-vc14-release:sip_uri.obj
 0001:00024110       pjsip_param_print_on       0000000140025110 f   pjsip-core-x86_64-x64-vc14-release:sip_uri.obj
 0001:00024250       pjsip_param_shallow_clone  0000000140025250 f   pjsip-core-x86_64-x64-vc14-release:sip_uri.obj
 0001:000242d0       pjsip_sip_uri_assign       00000001400252d0 f   pjsip-core-x86_64-x64-vc14-release:sip_uri.obj
 0001:000243b0       pjsip_sip_uri_create       00000001400253b0 f   pjsip-core-x86_64-x64-vc14-release:sip_uri.obj
 0001:00024820       pjsip_resolve              0000000140025820 f   pjsip-core-x86_64-x64-vc14-release:sip_resolve.obj
 0001:00024e70       pjsip_resolver_create      0000000140025e70 f   pjsip-core-x86_64-x64-vc14-release:sip_resolve.obj
 0001:00024eb0       pjsip_resolver_destroy     0000000140025eb0 f   pjsip-core-x86_64-x64-vc14-release:sip_resolve.obj
 0001:00025100       pjsip_strerror             0000000140026100 f   pjsip-core-x86_64-x64-vc14-release:sip_errno.obj
 0001:00025690       pjsip_tel_nb_cmp           0000000140026690 f   pjsip-core-x86_64-x64-vc14-release:sip_tel_uri.obj
 0001:000257a0       pjsip_tel_uri_subsys_init  00000001400267a0 f   pjsip-core-x86_64-x64-vc14-release:sip_tel_uri.obj
 0001:00026240       pjsip_authorization_hdr_create 0000000140027240 f   pjsip-core-x86_64-x64-vc14-release:sip_auth_msg.obj
 0001:000262c0       pjsip_proxy_authenticate_hdr_create 00000001400272c0 f   pjsip-core-x86_64-x64-vc14-release:sip_auth_msg.obj
 0001:00026340       pjsip_proxy_authorization_hdr_create 0000000140027340 f   pjsip-core-x86_64-x64-vc14-release:sip_auth_msg.obj
 0001:000263c0       pjsip_www_authenticate_hdr_create 00000001400273c0 f   pjsip-core-x86_64-x64-vc14-release:sip_auth_msg.obj
 0001:00027400       pjsip_auth_init_parser     0000000140028400 f   pjsip-core-x86_64-x64-vc14-release:sip_auth_parser.obj
 0001:000279b0       pjmedia_sdp_attr_create    00000001400289b0 f   pjmedia-x86_64-x64-vc14-release:sdp.obj
 0001:00027a60       pjmedia_sdp_attr_find      0000000140028a60 f   pjmedia-x86_64-x64-vc14-release:sdp.obj
 0001:00027b10       pjmedia_sdp_attr_find2     0000000140028b10 f   pjmedia-x86_64-x64-vc14-release:sdp.obj
 0001:00027be0       pjmedia_sdp_attr_get_rtpmap 0000000140028be0 f   pjmedia-x86_64-x64-vc14-release:sdp.obj
 0001:00027dc0       pjmedia_sdp_attr_remove    0000000140028dc0 f   pjmedia-x86_64-x64-vc14-release:sdp.obj
 0001:00027e70       pjmedia_sdp_attr_remove_all 0000000140028e70 f   pjmedia-x86_64-x64-vc14-release:sdp.obj
 0001:00027f50       pjmedia_sdp_conn_clone     0000000140028f50 f   pjmedia-x86_64-x64-vc14-release:sdp.obj
 0001:00027fe0       pjmedia_sdp_media_add_attr 0000000140028fe0 f   pjmedia-x86_64-x64-vc14-release:sdp.obj
 0001:00028020       pjmedia_sdp_media_clone    0000000140029020 f   pjmedia-x86_64-x64-vc14-release:sdp.obj
 0001:00028210       pjmedia_sdp_media_clone_deactivate 0000000140029210 f   pjmedia-x86_64-x64-vc14-release:sdp.obj
 0001:00028400       pjmedia_sdp_media_deactivate 0000000140029400 f   pjmedia-x86_64-x64-vc14-release:sdp.obj
 0001:00028420       pjmedia_sdp_media_find_attr2 0000000140029420 f   pjmedia-x86_64-x64-vc14-release:sdp.obj
 0001:00028450       pjmedia_sdp_media_remove_all_attr 0000000140029450 f   pjmedia-x86_64-x64-vc14-release:sdp.obj
 0001:00028470       pjmedia_sdp_media_remove_attr 0000000140029470 f   pjmedia-x86_64-x64-vc14-release:sdp.obj
 0001:00028490       pjmedia_sdp_parse          0000000140029490 f   pjmedia-x86_64-x64-vc14-release:sdp.obj
 0001:00028bf0       pjmedia_sdp_print          0000000140029bf0 f   pjmedia-x86_64-x64-vc14-release:sdp.obj
 0001:00028c00       pjmedia_sdp_session_add_attr 0000000140029c00 f   pjmedia-x86_64-x64-vc14-release:sdp.obj
 0001:00028c40       pjmedia_sdp_session_clone  0000000140029c40 f   pjmedia-x86_64-x64-vc14-release:sdp.obj
 0001:00028e90       pjmedia_sdp_transport_cmp  0000000140029e90 f   pjmedia-x86_64-x64-vc14-release:sdp.obj
 0001:00028f20       pjmedia_sdp_validate       0000000140029f20 f   pjmedia-x86_64-x64-vc14-release:sdp.obj
 0001:00028f30       pjmedia_sdp_validate2      0000000140029f30 f   pjmedia-x86_64-x64-vc14-release:sdp.obj
 0001:0002a3c0       pjmedia_sdp_neg_cancel_offer 000000014002b3c0 f   pjmedia-x86_64-x64-vc14-release:sdp_neg.obj
 0001:0002a410       pjmedia_sdp_neg_create_w_local_offer 000000014002b410 f   pjmedia-x86_64-x64-vc14-release:sdp_neg.obj
 0001:0002a4d0       pjmedia_sdp_neg_create_w_remote_offer 000000014002b4d0 f   pjmedia-x86_64-x64-vc14-release:sdp_neg.obj
 0001:0002a5d0       pjmedia_sdp_neg_get_active_local 000000014002b5d0 f   pjmedia-x86_64-x64-vc14-release:sdp_neg.obj
 0001:0002a600       pjmedia_sdp_neg_get_neg_local 000000014002b600 f   pjmedia-x86_64-x64-vc14-release:sdp_neg.obj
 0001:0002a630       pjmedia_sdp_neg_get_state  000000014002b630 f   pjmedia-x86_64-x64-vc14-release:sdp_neg.obj
 0001:0002a640       pjmedia_sdp_neg_has_local_answer 000000014002b640 f   pjmedia-x86_64-x64-vc14-release:sdp_neg.obj
 0001:0002a650       pjmedia_sdp_neg_modify_local_offer2 000000014002b650 f   pjmedia-x86_64-x64-vc14-release:sdp_neg.obj
 0001:0002a8a0       pjmedia_sdp_neg_negotiate  000000014002b8a0 f   pjmedia-x86_64-x64-vc14-release:sdp_neg.obj
 0001:0002a9b0       pjmedia_sdp_neg_send_local_offer 000000014002b9b0 f   pjmedia-x86_64-x64-vc14-release:sdp_neg.obj
 0001:0002aaa0       pjmedia_sdp_neg_set_local_answer 000000014002baa0 f   pjmedia-x86_64-x64-vc14-release:sdp_neg.obj
 0001:0002ab70       pjmedia_sdp_neg_set_remote_answer 000000014002bb70 f   pjmedia-x86_64-x64-vc14-release:sdp_neg.obj
 0001:0002abd0       pjmedia_sdp_neg_set_remote_offer 000000014002bbd0 f   pjmedia-x86_64-x64-vc14-release:sdp_neg.obj
 0001:0002ac20       pjmedia_sdp_neg_state_str  000000014002bc20 f   pjmedia-x86_64-x64-vc14-release:sdp_neg.obj
 0001:0002b570       pjlib_util_init            000000014002c570 f   pjlib-util-x86_64-x64-vc14-release:errno.obj
 0001:0002b590       pjlib_util_strerror        000000014002c590 f   pjlib-util-x86_64-x64-vc14-release:errno.obj
 0001:0002bfd0       pj_getopt_long             000000014002cfd0 f   pjlib-util-x86_64-x64-vc14-release:getopt.obj
 0001:0002bff0       pj_cis_add_alpha           000000014002cff0 f   pjlib-util-x86_64-x64-vc14-release:scanner.obj
 0001:0002c020       pj_cis_add_cis             000000014002d020 f   pjlib-util-x86_64-x64-vc14-release:scanner.obj
 0001:0002c070       pj_cis_add_num             000000014002d070 f   pjlib-util-x86_64-x64-vc14-release:scanner.obj
 0001:0002c080       pj_cis_add_range           000000014002d080 f   pjlib-util-x86_64-x64-vc14-release:scanner.obj
 0001:0002c180       pj_cis_add_str             000000014002d180 f   pjlib-util-x86_64-x64-vc14-release:scanner.obj
 0001:0002c1c0       pj_cis_buf_init            000000014002d1c0 f   pjlib-util-x86_64-x64-vc14-release:scanner.obj
 0001:0002c1f0       pj_cis_del_str             000000014002d1f0 f   pjlib-util-x86_64-x64-vc14-release:scanner.obj
 0001:0002c230       pj_cis_dup                 000000014002d230 f   pjlib-util-x86_64-x64-vc14-release:scanner.obj
 0001:0002c2d0       pj_cis_init                000000014002d2d0 f   pjlib-util-x86_64-x64-vc14-release:scanner.obj
 0001:0002c310       pj_cis_invert              000000014002d310 f   pjlib-util-x86_64-x64-vc14-release:scanner.obj
 0001:0002c360       pj_scan_advance_n          000000014002d360 f   pjlib-util-x86_64-x64-vc14-release:scanner.obj
 0001:0002c390       pj_scan_fini               000000014002d390 f   pjlib-util-x86_64-x64-vc14-release:scanner.obj
 0001:0002c3b0       pj_scan_get                000000014002d3b0 f   pjlib-util-x86_64-x64-vc14-release:scanner.obj
 0001:0002c420       pj_scan_get_char           000000014002d420 f   pjlib-util-x86_64-x64-vc14-release:scanner.obj
 0001:0002c470       pj_scan_get_n              000000014002d470 f   pjlib-util-x86_64-x64-vc14-release:scanner.obj
 0001:0002c4b0       pj_scan_get_newline        000000014002d4b0 f   pjlib-util-x86_64-x64-vc14-release:scanner.obj
 0001:0002c500       pj_scan_get_quote          000000014002d500 f   pjlib-util-x86_64-x64-vc14-release:scanner.obj
 0001:0002c610       pj_scan_get_until_ch       000000014002d610 f   pjlib-util-x86_64-x64-vc14-release:scanner.obj
 0001:0002c660       pj_scan_get_until_chr      000000014002d660 f   pjlib-util-x86_64-x64-vc14-release:scanner.obj
 0001:0002c700       pj_scan_init               000000014002d700 f   pjlib-util-x86_64-x64-vc14-release:scanner.obj
 0001:0002c780       pj_scan_peek               000000014002d780 f   pjlib-util-x86_64-x64-vc14-release:scanner.obj
 0001:0002c7f0       pj_scan_skip_line          000000014002d7f0 f   pjlib-util-x86_64-x64-vc14-release:scanner.obj
 0001:0002c830       pj_scan_skip_whitespace    000000014002d830 f   pjlib-util-x86_64-x64-vc14-release:scanner.obj
 0001:0002c910       pj_str_unescape            000000014002d910 f   pjlib-util-x86_64-x64-vc14-release:string.obj
 0001:0002ca30       pj_strncpy2_escape         000000014002da30 f   pjlib-util-x86_64-x64-vc14-release:string.obj
 0001:0002ce40       pj_dns_parse_addr_response 000000014002de40 f   pjlib-util-x86_64-x64-vc14-release:resolver.obj
 0001:0002d160       pj_dns_resolver_cancel_query 000000014002e160 f   pjlib-util-x86_64-x64-vc14-release:resolver.obj
 0001:0002d1e0       pj_dns_resolver_destroy    000000014002e1e0 f   pjlib-util-x86_64-x64-vc14-release:resolver.obj
 0001:0002d3c0       pj_dns_resolver_start_query 000000014002e3c0 f   pjlib-util-x86_64-x64-vc14-release:resolver.obj
 0001:0002e540       pj_md5_final               000000014002f540 f   pjlib-util-x86_64-x64-vc14-release:md5.obj
 0001:0002e600       pj_md5_init                000000014002f600 f   pjlib-util-x86_64-x64-vc14-release:md5.obj
 0001:0002e630       pj_md5_update              000000014002f630 f   pjlib-util-x86_64-x64-vc14-release:md5.obj
 0001:0002e720       pj_dns_get_type_name       000000014002f720 f   pjlib-util-x86_64-x64-vc14-release:dns.obj
 0001:0002e7f0       pj_dns_make_query          000000014002f7f0 f   pjlib-util-x86_64-x64-vc14-release:dns.obj
 0001:0002f980       pj_dns_srv_cancel_query    0000000140030980 f   pjlib-util-x86_64-x64-vc14-release:srv_resolver.obj
 0001:0002fa60       pj_dns_srv_resolve         0000000140030a60 f   pjlib-util-x86_64-x64-vc14-release:srv_resolver.obj
 0001:0002fe90       pj_atexit                  0000000140030e90 f   pjlib-x86_64-x64-vc14-release:os_core_win32.obj
 0001:0002fec0       pj_atomic_create           0000000140030ec0 f   pjlib-x86_64-x64-vc14-release:os_core_win32.obj
 0001:0002ff00       pj_atomic_dec_and_get      0000000140030f00 f   pjlib-x86_64-x64-vc14-release:os_core_win32.obj
 0001:0002ff60       pj_atomic_destroy          0000000140030f60 f   pjlib-x86_64-x64-vc14-release:os_core_win32.obj
 0001:0002ff70       pj_atomic_get              0000000140030f70 f   pjlib-x86_64-x64-vc14-release:os_core_win32.obj
 0001:0002ffe0       pj_atomic_inc              0000000140030fe0 f   pjlib-x86_64-x64-vc14-release:os_core_win32.obj
 0001:00030040       pj_atomic_inc_and_get      0000000140031040 f   pjlib-x86_64-x64-vc14-release:os_core_win32.obj
 0001:000300b0       pj_atomic_set              00000001400310b0 f   pjlib-x86_64-x64-vc14-release:os_core_win32.obj
 0001:00030120       pj_enter_critical_section  0000000140031120 f   pjlib-x86_64-x64-vc14-release:os_core_win32.obj
 0001:00030190       pj_init                    0000000140031190 f   pjlib-x86_64-x64-vc14-release:os_core_win32.obj
 0001:000302f0       pj_leave_critical_section  00000001400312f0 f   pjlib-x86_64-x64-vc14-release:os_core_win32.obj
 0001:00030360       pj_mutex_create            0000000140031360 f   pjlib-x86_64-x64-vc14-release:os_core_win32.obj
 0001:000303e0       pj_mutex_create_simple     00000001400313e0 f   pjlib-x86_64-x64-vc14-release:os_core_win32.obj
 0001:000303e0       pj_mutex_create_recursive  00000001400313e0 f   pjlib-x86_64-x64-vc14-release:os_core_win32.obj
 0001:00030460       pj_mutex_destroy           0000000140031460 f   pjlib-x86_64-x64-vc14-release:os_core_win32.obj
 0001:000304e0       pj_mutex_lock              00000001400314e0 f   pjlib-x86_64-x64-vc14-release:os_core_win32.obj
 0001:00030560       pj_mutex_trylock           0000000140031560 f   pjlib-x86_64-x64-vc14-release:os_core_win32.obj
 0001:000305f0       pj_mutex_unlock            00000001400315f0 f   pjlib-x86_64-x64-vc14-release:os_core_win32.obj
 0001:00030670       pj_rwmutex_create          0000000140031670 f   pjlib-x86_64-x64-vc14-release:os_core_win32.obj
 0001:00030730       pj_rwmutex_destroy         0000000140031730 f   pjlib-x86_64-x64-vc14-release:os_core_win32.obj
 0001:00030770       pj_rwmutex_lock_read       0000000140031770 f   pjlib-x86_64-x64-vc14-release:os_core_win32.obj
 0001:000307c0       pj_rwmutex_lock_write      00000001400317c0 f   pjlib-x86_64-x64-vc14-release:os_core_win32.obj
 0001:000307e0       pj_rwmutex_unlock_read     00000001400317e0 f   pjlib-x86_64-x64-vc14-release:os_core_win32.obj
 0001:00030830       pj_rwmutex_unlock_write    0000000140031830 f   pjlib-x86_64-x64-vc14-release:os_core_win32.obj
 0001:00030850       pj_sem_create              0000000140031850 f   pjlib-x86_64-x64-vc14-release:os_core_win32.obj
 0001:000309b0       pj_sem_destroy             00000001400319b0 f   pjlib-x86_64-x64-vc14-release:os_core_win32.obj
 0001:00030a60       pj_sem_post                0000000140031a60 f   pjlib-x86_64-x64-vc14-release:os_core_win32.obj
 0001:00030b10       pj_sem_trywait             0000000140031b10 f   pjlib-x86_64-x64-vc14-release:os_core_win32.obj
 0001:00030b80       pj_sem_wait                0000000140031b80 f   pjlib-x86_64-x64-vc14-release:os_core_win32.obj
 0001:00030cf0       pj_term_set_color          0000000140031cf0 f   pjlib-x86_64-x64-vc14-release:os_core_win32.obj
 0001:00030df0       pj_thread_check_stack      0000000140031df0 f   pjlib-x86_64-x64-vc14-release:os_core_win32.obj
 0001:00030e50       pj_thread_create           0000000140031e50 f   pjlib-x86_64-x64-vc14-release:os_core_win32.obj
 0001:00031020       pj_thread_get_name         0000000140032020 f   pjlib-x86_64-x64-vc14-release:os_core_win32.obj
 0001:00031090       pj_thread_init             0000000140032090 f   pjlib-x86_64-x64-vc14-release:os_core_win32.obj
 0001:000310f0       pj_thread_join             00000001400320f0 f   pjlib-x86_64-x64-vc14-release:os_core_win32.obj
 0001:000311f0       pj_thread_local_alloc      00000001400321f0 f   pjlib-x86_64-x64-vc14-release:os_core_win32.obj
 0001:00031260       pj_thread_local_free       0000000140032260 f   pjlib-x86_64-x64-vc14-release:os_core_win32.obj
 0001:000312c0       pj_thread_local_get        00000001400322c0 f   pjlib-x86_64-x64-vc14-release:os_core_win32.obj
 0001:000312d0       pj_thread_local_set        00000001400322d0 f   pjlib-x86_64-x64-vc14-release:os_core_win32.obj
 0001:00031320       pj_thread_register         0000000140032320 f   pjlib-x86_64-x64-vc14-release:os_core_win32.obj
 0001:00031430       pj_thread_sleep            0000000140032430 f   pjlib-x86_64-x64-vc14-release:os_core_win32.obj
 0001:00031490       pj_thread_this             0000000140032490 f   pjlib-x86_64-x64-vc14-release:os_core_win32.obj
 0001:00031550       pj_perror                  0000000140032550 f   pjlib-x86_64-x64-vc14-release:errno.obj
 0001:00031570       pj_perror_1                0000000140032570 f   pjlib-x86_64-x64-vc14-release:errno.obj
 0001:000315a0       pj_perror_2                00000001400325a0 f   pjlib-x86_64-x64-vc14-release:errno.obj
 0001:000315d0       pj_perror_3                00000001400325d0 f   pjlib-x86_64-x64-vc14-release:errno.obj
 0001:00031600       pj_perror_4                0000000140032600 f   pjlib-x86_64-x64-vc14-release:errno.obj
 0001:00031720       pj_register_strerror       0000000140032720 f   pjlib-x86_64-x64-vc14-release:errno.obj
 0001:00031840       pj_strerror                0000000140032840 f   pjlib-x86_64-x64-vc14-release:errno.obj
 0001:00031a00       pj_list_erase              0000000140032a00 f   pjlib-x86_64-x64-vc14-release:list.obj
 0001:00031a20       pj_list_find_node          0000000140032a20 f   pjlib-x86_64-x64-vc14-release:list.obj
 0001:00031a50       pj_list_insert_after       0000000140032a50 f   pjlib-x86_64-x64-vc14-release:list.obj
 0001:00031a70       pj_list_insert_before      0000000140032a70 f   pjlib-x86_64-x64-vc14-release:list.obj
 0001:00031a90       pj_list_insert_nodes_before 0000000140032a90 f   pjlib-x86_64-x64-vc14-release:list.obj
 0001:00031ab0       pj_list_search             0000000140032ab0 f   pjlib-x86_64-x64-vc14-release:list.obj
 0001:00031b10       pj_list_size               0000000140032b10 f   pjlib-x86_64-x64-vc14-release:list.obj
 0001:00031b30       pj_gethostip               0000000140032b30 f   pjlib-x86_64-x64-vc14-release:sock_common.obj
 0001:000323d0       pj_getipinterface          00000001400333d0 f   pjlib-x86_64-x64-vc14-release:sock_common.obj
 0001:00032680       pj_sockaddr_cmp            0000000140033680 f   pjlib-x86_64-x64-vc14-release:sock_common.obj
 0001:000327d0       pj_sockaddr_copy_addr      00000001400337d0 f   pjlib-x86_64-x64-vc14-release:sock_common.obj
 0001:00032850       pj_sockaddr_cp             0000000140033850 f   pjlib-x86_64-x64-vc14-release:sock_common.obj
 0001:000328a0       pj_sockaddr_get_addr       00000001400338a0 f   pjlib-x86_64-x64-vc14-release:sock_common.obj
 0001:000328d0       pj_sockaddr_get_len        00000001400338d0 f   pjlib-x86_64-x64-vc14-release:sock_common.obj
 0001:00032900       pj_sockaddr_get_port       0000000140033900 f   pjlib-x86_64-x64-vc14-release:sock_common.obj
 0001:00032930       pj_sockaddr_has_addr       0000000140033930 f   pjlib-x86_64-x64-vc14-release:sock_common.obj
 0001:000329c0       pj_sockaddr_in_init        00000001400339c0 f   pjlib-x86_64-x64-vc14-release:sock_common.obj
 0001:00032a30       pj_sockaddr_in_set_str_addr 0000000140033a30 f   pjlib-x86_64-x64-vc14-release:sock_common.obj
 0001:00032b10       pj_sockaddr_init           0000000140033b10 f   pjlib-x86_64-x64-vc14-release:sock_common.obj
 0001:00032bf0       pj_sockaddr_print          0000000140033bf0 f   pjlib-x86_64-x64-vc14-release:sock_common.obj
 0001:00032d60       pj_sockaddr_set_port       0000000140033d60 f   pjlib-x86_64-x64-vc14-release:sock_common.obj
 0001:00032db0       pj_sockaddr_set_str_addr   0000000140033db0 f   pjlib-x86_64-x64-vc14-release:sock_common.obj
 0001:00032ea0       pj_NO_MEMORY_EXCEPTION     0000000140033ea0 f   pjlib-x86_64-x64-vc14-release:pool.obj
 0001:00032eb0       pj_pool_alloc              0000000140033eb0 f   pjlib-x86_64-x64-vc14-release:pool.obj
 0001:00032f00       pj_pool_allocate_find      0000000140033f00 f   pjlib-x86_64-x64-vc14-release:pool.obj
 0001:00033040       pj_pool_calloc             0000000140034040 f   pjlib-x86_64-x64-vc14-release:pool.obj
 0001:000330b0       pj_pool_create             00000001400340b0 f   pjlib-x86_64-x64-vc14-release:pool.obj
 0001:00033170       pj_pool_create_int         0000000140034170 f   pjlib-x86_64-x64-vc14-release:pool.obj
 0001:00033260       pj_pool_destroy_int        0000000140034260 f   pjlib-x86_64-x64-vc14-release:pool.obj
 0001:000332a0       pj_pool_get_capacity       00000001400342a0 f   pjlib-x86_64-x64-vc14-release:pool.obj
 0001:000332b0       pj_pool_get_used_size      00000001400342b0 f   pjlib-x86_64-x64-vc14-release:pool.obj
 0001:000332f0       pj_pool_getobjname         00000001400342f0 f   pjlib-x86_64-x64-vc14-release:pool.obj
 0001:00033300       pj_pool_init_int           0000000140034300 f   pjlib-x86_64-x64-vc14-release:pool.obj
 0001:000333a0       pj_pool_release            00000001400343a0 f   pjlib-x86_64-x64-vc14-release:pool.obj
 0001:000333c0       pj_pool_reset              00000001400343c0 f   pjlib-x86_64-x64-vc14-release:pool.obj
 0001:000333e0       pj_pool_safe_release       00000001400343e0 f   pjlib-x86_64-x64-vc14-release:pool.obj
 0001:000338f0       pj_caching_pool_destroy    00000001400348f0 f   pjlib-x86_64-x64-vc14-release:pool_caching.obj
 0001:00033a00       pj_caching_pool_init       0000000140034a00 f   pjlib-x86_64-x64-vc14-release:pool_caching.obj
 0001:00033b10       pj_str                     0000000140034b10 f   pjlib-x86_64-x64-vc14-release:string.obj
 0001:00033b40       pj_strassign               0000000140034b40 f   pjlib-x86_64-x64-vc14-release:string.obj
 0001:00033b60       pj_strcat                  0000000140034b60 f   pjlib-x86_64-x64-vc14-release:string.obj
 0001:00033ba0       pj_strcat2                 0000000140034ba0 f   pjlib-x86_64-x64-vc14-release:string.obj
 0001:00033bf0       pj_strcmp                  0000000140034bf0 f   pjlib-x86_64-x64-vc14-release:string.obj
 0001:00033c70       pj_strcmp2                 0000000140034c70 f   pjlib-x86_64-x64-vc14-release:string.obj
 0001:00033d10       pj_strcpy                  0000000140034d10 f   pjlib-x86_64-x64-vc14-release:string.obj
 0001:00033d40       pj_strcpy2                 0000000140034d40 f   pjlib-x86_64-x64-vc14-release:string.obj
 0001:00033d80       pj_strdup                  0000000140034d80 f   pjlib-x86_64-x64-vc14-release:string.obj
 0001:00033dd0       pj_strdup2                 0000000140034dd0 f   pjlib-x86_64-x64-vc14-release:string.obj
 0001:00033e50       pj_strdup2_with_null       0000000140034e50 f   pjlib-x86_64-x64-vc14-release:string.obj
 0001:00033ec0       pj_strdup_with_null        0000000140034ec0 f   pjlib-x86_64-x64-vc14-release:string.obj
 0001:00033f10       pj_stricmp                 0000000140034f10 f   pjlib-x86_64-x64-vc14-release:string.obj
 0001:00033fa0       pj_stricmp2                0000000140034fa0 f   pjlib-x86_64-x64-vc14-release:string.obj
 0001:00034050       pj_strncpy                 0000000140035050 f   pjlib-x86_64-x64-vc14-release:string.obj
 0001:000340a0       pj_strncpy_with_null       00000001400350a0 f   pjlib-x86_64-x64-vc14-release:string.obj
 0001:000340f0       pj_strnicmp                00000001400350f0 f   pjlib-x86_64-x64-vc14-release:string.obj
 0001:00034140       pj_strstr                  0000000140035140 f   pjlib-x86_64-x64-vc14-release:string.obj
 0001:000341d0       pj_strtol2                 00000001400351d0 f   pjlib-x86_64-x64-vc14-release:string.obj
 0001:000343b0       pj_strtoul                 00000001400353b0 f   pjlib-x86_64-x64-vc14-release:string.obj
 0001:00034440       pj_strtoul2                0000000140035440 f   pjlib-x86_64-x64-vc14-release:string.obj
 0001:00034530       pj_strtrim                 0000000140035530 f   pjlib-x86_64-x64-vc14-release:string.obj
 0001:000345d0       pj_utoa                    00000001400355d0 f   pjlib-x86_64-x64-vc14-release:string.obj
 0001:000345e0       pj_utoa_pad                00000001400355e0 f   pjlib-x86_64-x64-vc14-release:string.obj
 0001:000346a0       pj_array_erase             00000001400356a0 f   pjlib-x86_64-x64-vc14-release:array.obj
 0001:000346e0       pj_array_insert            00000001400356e0 f   pjlib-x86_64-x64-vc14-release:array.obj
 0001:00034790       pj_log                     0000000140035790 f   pjlib-x86_64-x64-vc14-release:log.obj
 0001:00034d20       pj_log_1                   0000000140035d20 f   pjlib-x86_64-x64-vc14-release:log.obj
 0001:00034d50       pj_log_2                   0000000140035d50 f   pjlib-x86_64-x64-vc14-release:log.obj
 0001:00034d80       pj_log_3                   0000000140035d80 f   pjlib-x86_64-x64-vc14-release:log.obj
 0001:00034db0       pj_log_4                   0000000140035db0 f   pjlib-x86_64-x64-vc14-release:log.obj
 0001:00034de0       pj_log_5                   0000000140035de0 f   pjlib-x86_64-x64-vc14-release:log.obj
 0001:00034e10       pj_log_get_color           0000000140035e10 f   pjlib-x86_64-x64-vc14-release:log.obj
 0001:00034e80       pj_log_get_decor           0000000140035e80 f   pjlib-x86_64-x64-vc14-release:log.obj
 0001:00034e90       pj_log_get_level           0000000140035e90 f   pjlib-x86_64-x64-vc14-release:log.obj
 0001:00034ea0       pj_log_init                0000000140035ea0 f   pjlib-x86_64-x64-vc14-release:log.obj
 0001:00034f10       pj_log_pop_indent          0000000140035f10 f   pjlib-x86_64-x64-vc14-release:log.obj
 0001:00034f40       pj_log_push_indent         0000000140035f40 f   pjlib-x86_64-x64-vc14-release:log.obj
 0001:00034f70       pj_log_set_level           0000000140035f70 f   pjlib-x86_64-x64-vc14-release:log.obj
 0001:00034f80       pj_gethostname             0000000140035f80 f   pjlib-x86_64-x64-vc14-release:sock_bsd.obj
 0001:00035020       pj_htonl                   0000000140036020 f   pjlib-x86_64-x64-vc14-release:sock_bsd.obj
 0001:00035030       pj_htons                   0000000140036030 f   pjlib-x86_64-x64-vc14-release:sock_bsd.obj
 0001:00035040       pj_inet_aton               0000000140036040 f   pjlib-x86_64-x64-vc14-release:sock_bsd.obj
 0001:000350d0       pj_inet_ntop               00000001400360d0 f   pjlib-x86_64-x64-vc14-release:sock_bsd.obj
 0001:00035200       pj_inet_pton               0000000140036200 f   pjlib-x86_64-x64-vc14-release:sock_bsd.obj
 0001:00035330       pj_ntohl                   0000000140036330 f   pjlib-x86_64-x64-vc14-release:sock_bsd.obj
 0001:00035340       pj_ntohs                   0000000140036340 f   pjlib-x86_64-x64-vc14-release:sock_bsd.obj
 0001:00035350       pj_sock_accept             0000000140036350 f   pjlib-x86_64-x64-vc14-release:sock_bsd.obj
 0001:000353f0       pj_sock_bind               00000001400363f0 f   pjlib-x86_64-x64-vc14-release:sock_bsd.obj
 0001:000354a0       pj_sock_close              00000001400364a0 f   pjlib-x86_64-x64-vc14-release:sock_bsd.obj
 0001:00035500       pj_sock_connect            0000000140036500 f   pjlib-x86_64-x64-vc14-release:sock_bsd.obj
 0001:00035590       pj_sock_getsockname        0000000140036590 f   pjlib-x86_64-x64-vc14-release:sock_bsd.obj
 0001:00035620       pj_sock_getsockopt         0000000140036620 f   pjlib-x86_64-x64-vc14-release:sock_bsd.obj
 0001:000356d0       pj_sock_listen             00000001400366d0 f   pjlib-x86_64-x64-vc14-release:sock_bsd.obj
 0001:00035750       pj_sock_recv               0000000140036750 f   pjlib-x86_64-x64-vc14-release:sock_bsd.obj
 0001:000357f0       pj_sock_recvfrom           00000001400367f0 f   pjlib-x86_64-x64-vc14-release:sock_bsd.obj
 0001:000358a0       pj_sock_send               00000001400368a0 f   pjlib-x86_64-x64-vc14-release:sock_bsd.obj
 0001:00035940       pj_sock_sendto             0000000140036940 f   pjlib-x86_64-x64-vc14-release:sock_bsd.obj
 0001:000359f0       pj_sock_setsockopt         00000001400369f0 f   pjlib-x86_64-x64-vc14-release:sock_bsd.obj
 0001:00035aa0       pj_sock_setsockopt_params  0000000140036aa0 f   pjlib-x86_64-x64-vc14-release:sock_bsd.obj
 0001:00035be0       pj_sock_socket             0000000140036be0 f   pjlib-x86_64-x64-vc14-release:sock_bsd.obj
 0001:00036040       pj_grp_lock_acquire        0000000140037040 f   pjlib-x86_64-x64-vc14-release:lock.obj
 0001:00036050       pj_grp_lock_add_handler    0000000140037050 f   pjlib-x86_64-x64-vc14-release:lock.obj
 0001:000360d0       pj_grp_lock_add_ref        00000001400370d0 f   pjlib-x86_64-x64-vc14-release:lock.obj
 0001:000360f0       pj_grp_lock_create         00000001400370f0 f   pjlib-x86_64-x64-vc14-release:lock.obj
 0001:00036250       pj_grp_lock_create_w_handler 0000000140037250 f   pjlib-x86_64-x64-vc14-release:lock.obj
 0001:000362e0       pj_grp_lock_dec_ref        00000001400372e0 f   pjlib-x86_64-x64-vc14-release:lock.obj
 0001:00036320       pj_grp_lock_release        0000000140037320 f   pjlib-x86_64-x64-vc14-release:lock.obj
 0001:00036330       pj_grp_lock_tryacquire     0000000140037330 f   pjlib-x86_64-x64-vc14-release:lock.obj
 0001:00036340       pj_lock_acquire            0000000140037340 f   pjlib-x86_64-x64-vc14-release:lock.obj
 0001:00036360       pj_lock_create_null_mutex  0000000140037360 f   pjlib-x86_64-x64-vc14-release:lock.obj
 0001:00036380       pj_lock_create_recursive_mutex 0000000140037380 f   pjlib-x86_64-x64-vc14-release:lock.obj
 0001:00036390       pj_lock_create_simple_mutex 0000000140037390 f   pjlib-x86_64-x64-vc14-release:lock.obj
 0001:000363a0       pj_lock_destroy            00000001400373a0 f   pjlib-x86_64-x64-vc14-release:lock.obj
 0001:000363c0       pj_lock_release            00000001400373c0 f   pjlib-x86_64-x64-vc14-release:lock.obj
 0001:000363e0       pj_lock_tryacquire         00000001400373e0 f   pjlib-x86_64-x64-vc14-release:lock.obj
 0001:00036400       pj_rand                    0000000140037400 f   pjlib-x86_64-x64-vc14-release:rand.obj
 0001:00036440       pj_time_val_normalize      0000000140037440 f   pjlib-x86_64-x64-vc14-release:types.obj
 0001:00036640       pj_timer_entry_init        0000000140037640 f   pjlib-x86_64-x64-vc14-release:timer.obj
 0001:00036660       pj_timer_entry_running     0000000140037660 f   pjlib-x86_64-x64-vc14-release:timer.obj
 0001:00036670       pj_timer_heap_cancel       0000000140037670 f   pjlib-x86_64-x64-vc14-release:timer.obj
 0001:00036700       pj_timer_heap_cancel_if_active 0000000140037700 f   pjlib-x86_64-x64-vc14-release:timer.obj
 0001:000367a0       pj_timer_heap_create       00000001400377a0 f   pjlib-x86_64-x64-vc14-release:timer.obj
 0001:000368b0       pj_timer_heap_destroy      00000001400378b0 f   pjlib-x86_64-x64-vc14-release:timer.obj
 0001:000368e0       pj_timer_heap_poll         00000001400378e0 f   pjlib-x86_64-x64-vc14-release:timer.obj
 0001:00036a60       pj_timer_heap_schedule     0000000140037a60 f   pjlib-x86_64-x64-vc14-release:timer.obj
 0001:00036b40       pj_timer_heap_schedule_w_grp_lock 0000000140037b40 f   pjlib-x86_64-x64-vc14-release:timer.obj
 0001:00036b70       pj_timer_heap_set_lock     0000000140037b70 f   pjlib-x86_64-x64-vc14-release:timer.obj
 0001:00036bd0       pj_timer_heap_set_max_timed_out_per_poll 0000000140037bd0 f   pjlib-x86_64-x64-vc14-release:timer.obj
 0001:00037150       pj_gettimeofday            0000000140038150 f   pjlib-x86_64-x64-vc14-release:os_time_win32.obj
 0001:000371f0       pj_time_decode             00000001400381f0 f   pjlib-x86_64-x64-vc14-release:os_time_win32.obj
 0001:00037390       ioqueue_dispatch_exception_event 0000000140038390 f   pjlib-x86_64-x64-vc14-release:ioqueue_select.obj
 0001:000374f0       ioqueue_dispatch_read_event 00000001400384f0 f   pjlib-x86_64-x64-vc14-release:ioqueue_select.obj
 0001:00037780       ioqueue_dispatch_write_event 0000000140038780 f   pjlib-x86_64-x64-vc14-release:ioqueue_select.obj
 0001:00037b90       pj_ioqueue_accept          0000000140038b90 f   pjlib-x86_64-x64-vc14-release:ioqueue_select.obj
 0001:00037d50       pj_ioqueue_connect         0000000140038d50 f   pjlib-x86_64-x64-vc14-release:ioqueue_select.obj
 0001:00037e90       pj_ioqueue_create          0000000140038e90 f   pjlib-x86_64-x64-vc14-release:ioqueue_select.obj
 0001:00038090       pj_ioqueue_destroy         0000000140039090 f   pjlib-x86_64-x64-vc14-release:ioqueue_select.obj
 0001:00038170       pj_ioqueue_get_user_data   0000000140039170 f   pjlib-x86_64-x64-vc14-release:ioqueue_select.obj
 0001:00038180       pj_ioqueue_is_pending      0000000140039180 f   pjlib-x86_64-x64-vc14-release:ioqueue_select.obj
 0001:00038190       pj_ioqueue_lock_key        0000000140039190 f   pjlib-x86_64-x64-vc14-release:ioqueue_select.obj
 0001:000381b0       pj_ioqueue_op_key_init     00000001400391b0 f   pjlib-x86_64-x64-vc14-release:ioqueue_select.obj
 0001:000381c0       pj_ioqueue_poll            00000001400391c0 f   pjlib-x86_64-x64-vc14-release:ioqueue_select.obj
 0001:00038650       pj_ioqueue_recv            0000000140039650 f   pjlib-x86_64-x64-vc14-release:ioqueue_select.obj
 0001:000387e0       pj_ioqueue_recvfrom        00000001400397e0 f   pjlib-x86_64-x64-vc14-release:ioqueue_select.obj
 0001:000389a0       pj_ioqueue_register_sock2  00000001400399a0 f   pjlib-x86_64-x64-vc14-release:ioqueue_select.obj
 0001:00038b10       pj_ioqueue_send            0000000140039b10 f   pjlib-x86_64-x64-vc14-release:ioqueue_select.obj
 0001:00038ce0       pj_ioqueue_sendto          0000000140039ce0 f   pjlib-x86_64-x64-vc14-release:ioqueue_select.obj
 0001:00038f00       pj_ioqueue_set_concurrency 0000000140039f00 f   pjlib-x86_64-x64-vc14-release:ioqueue_select.obj
 0001:00038f20       pj_ioqueue_set_lock        0000000140039f20 f   pjlib-x86_64-x64-vc14-release:ioqueue_select.obj
 0001:00038f90       pj_ioqueue_unlock_key      0000000140039f90 f   pjlib-x86_64-x64-vc14-release:ioqueue_select.obj
 0001:00038fb0       pj_ioqueue_unregister      0000000140039fb0 f   pjlib-x86_64-x64-vc14-release:ioqueue_select.obj
 0001:000391e0       pj_exception_id_alloc      000000014003a1e0 f   pjlib-x86_64-x64-vc14-release:except.obj
 0001:00039250       pj_exception_id_free       000000014003a250 f   pjlib-x86_64-x64-vc14-release:except.obj
 0001:00039290       pj_exception_id_name       000000014003a290 f   pjlib-x86_64-x64-vc14-release:except.obj
 0001:000392e0       pj_pop_exception_handler_  000000014003a2e0 f   pjlib-x86_64-x64-vc14-release:except.obj
 0001:00039320       pj_push_exception_handler_ 000000014003a320 f   pjlib-x86_64-x64-vc14-release:except.obj
 0001:00039380       pj_throw_exception_        000000014003a380 f   pjlib-x86_64-x64-vc14-release:except.obj
 0001:00039440       pj_get_timestamp           000000014003a440 f   pjlib-x86_64-x64-vc14-release:os_timestamp_win32.obj
 0001:000394a0       pj_get_timestamp_freq      000000014003a4a0 f   pjlib-x86_64-x64-vc14-release:os_timestamp_win32.obj
 0001:00039500       pj_hash_calc               000000014003a500 f   pjlib-x86_64-x64-vc14-release:hash.obj
 0001:000395c0       pj_hash_calc_tolower       000000014003a5c0 f   pjlib-x86_64-x64-vc14-release:hash.obj
 0001:00039640       pj_hash_count              000000014003a640 f   pjlib-x86_64-x64-vc14-release:hash.obj
 0001:00039650       pj_hash_create             000000014003a650 f   pjlib-x86_64-x64-vc14-release:hash.obj
 0001:000396c0       pj_hash_first              000000014003a6c0 f   pjlib-x86_64-x64-vc14-release:hash.obj
 0001:00039700       pj_hash_get                000000014003a700 f   pjlib-x86_64-x64-vc14-release:hash.obj
 0001:00039830       pj_hash_get_lower          000000014003a830 f   pjlib-x86_64-x64-vc14-release:hash.obj
 0001:00039990       pj_hash_next               000000014003a990 f   pjlib-x86_64-x64-vc14-release:hash.obj
 0001:000399f0       pj_hash_set                000000014003a9f0 f   pjlib-x86_64-x64-vc14-release:hash.obj
 0001:00039b90       pj_hash_set_lower          000000014003ab90 f   pjlib-x86_64-x64-vc14-release:hash.obj
 0001:00039d40       pj_hash_set_np             000000014003ad40 f   pjlib-x86_64-x64-vc14-release:hash.obj
 0001:00039ec0       pj_hash_set_np_lower       000000014003aec0 f   pjlib-x86_64-x64-vc14-release:hash.obj
 0001:0003a040       pj_hash_this               000000014003b040 f   pjlib-x86_64-x64-vc14-release:hash.obj
 0001:0003a070       pj_get_netos_error         000000014003b070 f   pjlib-x86_64-x64-vc14-release:os_error_win32.obj
 0001:0003a0a0       platform_strerror          000000014003b0a0 f   pjlib-x86_64-x64-vc14-release:os_error_win32.obj
 0001:0003a1d0       pj_GUID_STRING_LENGTH      000000014003b1d0 f   pjlib-x86_64-x64-vc14-release:guid_win32.obj
 0001:0003a1e0       pj_generate_unique_string  000000014003b1e0 f   pjlib-x86_64-x64-vc14-release:guid_win32.obj
 0001:0003a2c0       pj_create_unique_string    000000014003b2c0 f   pjlib-x86_64-x64-vc14-release:guid.obj
 0001:0003a2f0       pj_qos_get_params          000000014003b2f0 f   pjlib-x86_64-x64-vc14-release:sock_qos_common.obj
 0001:0003a320       pj_sock_apply_qos          000000014003b320 f   pjlib-x86_64-x64-vc14-release:sock_qos_common.obj
 0001:0003a410       pj_sock_apply_qos2         000000014003b410 f   pjlib-x86_64-x64-vc14-release:sock_qos_common.obj
 0001:0003a900       pj_activesock_cfg_default  000000014003b900 f   pjlib-x86_64-x64-vc14-release:activesock.obj
 0001:0003a930       pj_activesock_close        000000014003b930 f   pjlib-x86_64-x64-vc14-release:activesock.obj
 0001:0003a9a0       pj_activesock_create       000000014003b9a0 f   pjlib-x86_64-x64-vc14-release:activesock.obj
 0001:0003ab90       pj_activesock_get_user_data 000000014003bb90 f   pjlib-x86_64-x64-vc14-release:activesock.obj
 0001:0003aba0       pj_activesock_send         000000014003bba0 f   pjlib-x86_64-x64-vc14-release:activesock.obj
 0001:0003aca0       pj_activesock_start_accept 000000014003bca0 f   pjlib-x86_64-x64-vc14-release:activesock.obj
 0001:0003adb0       pj_activesock_start_connect 000000014003bdb0 f   pjlib-x86_64-x64-vc14-release:activesock.obj
 0001:0003add0       pj_activesock_start_read2  000000014003bdd0 f   pjlib-x86_64-x64-vc14-release:activesock.obj
 0001:0003af80       pj_gettickcount            000000014003bf80 f   pjlib-x86_64-x64-vc14-release:os_timestamp_common.obj
 0001:0003b040       pj_getaddrinfo             000000014003c040 f   pjlib-x86_64-x64-vc14-release:addr_resolv_sock.obj
 0001:0003b1c0       pj_gethostbyname           000000014003c1c0 f   pjlib-x86_64-x64-vc14-release:addr_resolv_sock.obj
 0001:0003b280       pj_pool_create_on_buf      000000014003c280 f   pjlib-x86_64-x64-vc14-release:pool_buf.obj
 0001:0003b9a0       pj_enum_ip_interface       000000014003c9a0 f   pjlib-x86_64-x64-vc14-release:ip_helper_win32.obj
 0001:0003bba0       pj_log_write               000000014003cba0 f   pjlib-x86_64-x64-vc14-release:log_writer_stdout.obj
 0001:0003bc20       PJ_FD_CLR                  000000014003cc20 f   pjlib-x86_64-x64-vc14-release:sock_select.obj
 0001:0003bcd0       PJ_FD_COUNT                000000014003ccd0 f   pjlib-x86_64-x64-vc14-release:sock_select.obj
 0001:0003bce0       PJ_FD_ISSET                000000014003cce0 f   pjlib-x86_64-x64-vc14-release:sock_select.obj
 0001:0003bd20       PJ_FD_SET                  000000014003cd20 f   pjlib-x86_64-x64-vc14-release:sock_select.obj
 0001:0003bdb0       PJ_FD_ZERO                 000000014003cdb0 f   pjlib-x86_64-x64-vc14-release:sock_select.obj
 0001:0003bde0       pj_sock_select             000000014003cde0 f   pjlib-x86_64-x64-vc14-release:sock_select.obj
 0001:0003be80       pj_sock_set_qos_params     000000014003ce80 f   pjlib-x86_64-x64-vc14-release:sock_qos_bsd.obj
 0001:0003bfb0       pj_sock_set_qos_type       000000014003cfb0 f   pjlib-x86_64-x64-vc14-release:sock_qos_bsd.obj
 0001:0003bfde       __WSAFDIsSet               000000014003cfde f   ws2_32:WS2_32.dll
 0001:0003bfe4       __GSHandlerCheck           000000014003cfe4 f   MSVCRT:_gshandler_.obj
 0001:0003c004       __GSHandlerCheckCommon     000000014003d004 f   MSVCRT:_gshandler_.obj
 0001:0003c070       __security_check_cookie    000000014003d070 f   MSVCRT:_amdsecgs_.obj
 0001:0003c2fc       mainCRTStartup             000000014003d2fc f   MSVCRT:exe_main.obj
 0001:0003c310       __raise_securityfailure    000000014003d310 f   MSVCRT:gs_report.obj
 0001:0003c344       __report_gsfailure         000000014003d344 f   MSVCRT:gs_report.obj
 0001:0003c418       __report_rangecheckfailure 000000014003d418 f   MSVCRT:gs_report.obj
 0001:0003c42c       __report_securityfailure   000000014003d42c f   MSVCRT:gs_report.obj
 0001:0003c5ac       __isa_available_init       000000014003d5ac f   MSVCRT:_cpu_disp_.obj
 0001:0003c780       _alloca_probe              000000014003d780 f   MSVCRT:_chkstk_.obj
 0001:0003c780       __chkstk                   000000014003d780 f   MSVCRT:_chkstk_.obj
 0001:0003c7d4       __scrt_acquire_startup_lock 000000014003d7d4 f   MSVCRT:utility.obj
 0001:0003c810       __scrt_initialize_crt      000000014003d810 f   MSVCRT:utility.obj
 0001:0003c85c       __scrt_initialize_onexit_tables 000000014003d85c f   MSVCRT:utility.obj
 0001:0003c928       __scrt_is_nonwritable_in_current_image 000000014003d928 f   MSVCRT:utility.obj
 0001:0003c9c4       __scrt_release_startup_lock 000000014003d9c4 f   MSVCRT:utility.obj
 0001:0003c9e8       __scrt_uninitialize_crt    000000014003d9e8 f   MSVCRT:utility.obj
 0001:0003ca14       _onexit                    000000014003da14 f   MSVCRT:utility.obj
 0001:0003ca64       atexit                     000000014003da64 f   MSVCRT:utility.obj
 0001:0003ca7c       __security_init_cookie     000000014003da7c f   MSVCRT:gs_support.obj
 0001:0003cb28       _get_startup_argv_mode     000000014003db28 f   MSVCRT:argv_mode.obj
 0001:0003cb30       _get_startup_file_mode     000000014003db30 f   MSVCRT:file_mode.obj
 0001:0003cb40       __scrt_initialize_winrt    000000014003db40 f   MSVCRT:utility_desktop.obj
 0001:0003cb40       _get_startup_commit_mode   000000014003db40 f   MSVCRT:commit_mode.obj
 0001:0003cb40       _get_startup_thread_locale_mode 000000014003db40 f   MSVCRT:thread_locale.obj
 0001:0003cb40       _matherr                   000000014003db40 f   MSVCRT:matherr.obj
 0001:0003cb40       _get_startup_new_mode      000000014003db40 f   MSVCRT:new_mode.obj
 0001:0003cb44       ?__scrt_initialize_type_info@@YAXXZ 000000014003db44 f   MSVCRT:tncleanup.obj
 0001:0003cb54       _initialize_denormal_control 000000014003db54 f   MSVCRT:denormal_control.obj
 0001:0003cb54       _initialize_invalid_parameter_handler 000000014003db54 f   MSVCRT:invalid_parameter_handler.obj
 0001:0003cb54       _guard_check_icall_nop     000000014003db54 f   MSVCRT:guard_support.obj
 0001:0003cb58       __local_stdio_scanf_options 000000014003db58 f i MSVCRT:default_local_stdio_options.obj
 0001:0003cb60       __scrt_initialize_default_local_stdio_options 000000014003db60 f   MSVCRT:default_local_stdio_options.obj
 0001:0003cb7c       __scrt_is_user_matherr_present 000000014003db7c f   MSVCRT:matherr_detection.obj
 0001:0003cb88       __scrt_get_dyn_tls_init_callback 000000014003db88 f   MSVCRT:dyn_tls_init.obj
 0001:0003cb90       __scrt_get_dyn_tls_dtor_callback 000000014003db90 f   MSVCRT:dyn_tls_dtor.obj
 0001:0003cb98       __scrt_fastfail            000000014003db98 f   MSVCRT:utility_desktop.obj
 0001:0003cce0       __scrt_is_managed_app      000000014003dce0 f   MSVCRT:utility_desktop.obj
 0001:0003cd34       __scrt_set_unhandled_exception_filter 000000014003dd34 f   MSVCRT:utility_desktop.obj
 0001:0003cd44       __scrt_unhandled_exception_filter 000000014003dd44 f   MSVCRT:utility_desktop.obj
 0001:0003cd7c       _RTC_Initialize            000000014003dd7c f   MSVCRT:_initsect_.obj
 0001:0003cdc8       _RTC_Terminate             000000014003ddc8 f   MSVCRT:_initsect_.obj
 0001:0003ce14       _guard_check_icall         000000014003de14 f i MSVCRT:checkcfg.obj
 0001:0003ce1c       __scrt_is_ucrt_dll_in_use  000000014003de1c f   MSVCRT:ucrt_detection.obj
 0001:0003ce30       IsProcessorFeaturePresent  000000014003de30 f   kernel32:KERNEL32.dll
 0001:0003ce36       memset                     000000014003de36 f   vcruntime:VCRUNTIME140.dll
 0001:0003ce3c       memcpy                     000000014003de3c f   vcruntime:VCRUNTIME140.dll
 0001:0003ce42       memcmp                     000000014003de42 f   vcruntime:VCRUNTIME140.dll
 0001:0003ce48       longjmp                    000000014003de48 f   vcruntime:VCRUNTIME140.dll
 0001:0003ce4e       __telemetry_main_invoke_trigger 000000014003de4e f   vcruntime:VCRUNTIME140.dll
 0001:0003ce54       __telemetry_main_return_trigger 000000014003de54 f   vcruntime:VCRUNTIME140.dll
 0001:0003ce5a       __C_specific_handler       000000014003de5a f   vcruntime:VCRUNTIME140.dll
 0001:0003ce60       _setjmp                    000000014003de60 f   vcruntime:VCRUNTIME140.dll
 0001:0003ce60       __intrinsic_setjmp         000000014003de60 f   vcruntime:VCRUNTIME140.dll
 0001:0003ce66       fmod                       000000014003de66 f   ucrt:api-ms-win-crt-math-l1-1-0.dll
 0001:0003ce6c       _seh_filter_exe            000000014003de6c f   ucrt:api-ms-win-crt-runtime-l1-1-0.dll
 0001:0003ce72       _set_app_type              000000014003de72 f   ucrt:api-ms-win-crt-runtime-l1-1-0.dll
 0001:0003ce78       __setusermatherr           000000014003de78 f   ucrt:api-ms-win-crt-math-l1-1-0.dll
 0001:0003ce7e       _configure_narrow_argv     000000014003de7e f   ucrt:api-ms-win-crt-runtime-l1-1-0.dll
 0001:0003ce84       _initialize_narrow_environment 000000014003de84 f   ucrt:api-ms-win-crt-runtime-l1-1-0.dll
 0001:0003ce8a       _get_initial_narrow_environment 000000014003de8a f   ucrt:api-ms-win-crt-runtime-l1-1-0.dll
 0001:0003ce90       _initterm                  000000014003de90 f   ucrt:api-ms-win-crt-runtime-l1-1-0.dll
 0001:0003ce96       _initterm_e                000000014003de96 f   ucrt:api-ms-win-crt-runtime-l1-1-0.dll
 0001:0003ce9c       exit                       000000014003de9c f   ucrt:api-ms-win-crt-runtime-l1-1-0.dll
 0001:0003cea2       _exit                      000000014003dea2 f   ucrt:api-ms-win-crt-runtime-l1-1-0.dll
 0001:0003cea8       _set_fmode                 000000014003dea8 f   ucrt:api-ms-win-crt-stdio-l1-1-0.dll
 0001:0003ceae       __p___argc                 000000014003deae f   ucrt:api-ms-win-crt-runtime-l1-1-0.dll
 0001:0003ceb4       __p___argv                 000000014003deb4 f   ucrt:api-ms-win-crt-runtime-l1-1-0.dll
 0001:0003ceba       _cexit                     000000014003deba f   ucrt:api-ms-win-crt-runtime-l1-1-0.dll
 0001:0003cec0       _c_exit                    000000014003dec0 f   ucrt:api-ms-win-crt-runtime-l1-1-0.dll
 0001:0003cec6       _register_thread_local_exe_atexit_callback 000000014003dec6 f   ucrt:api-ms-win-crt-runtime-l1-1-0.dll
 0001:0003cecc       _configthreadlocale        000000014003decc f   ucrt:api-ms-win-crt-locale-l1-1-0.dll
 0001:0003ced2       _set_new_mode              000000014003ded2 f   ucrt:api-ms-win-crt-heap-l1-1-0.dll
 0001:0003ced8       __p__commode               000000014003ded8 f   ucrt:api-ms-win-crt-stdio-l1-1-0.dll
 0001:0003cede       _initialize_onexit_table   000000014003dede f   ucrt:api-ms-win-crt-runtime-l1-1-0.dll
 0001:0003cee4       _register_onexit_function  000000014003dee4 f   ucrt:api-ms-win-crt-runtime-l1-1-0.dll
 0001:0003ceea       _crt_atexit                000000014003deea f   ucrt:api-ms-win-crt-runtime-l1-1-0.dll
 0001:0003cef0       terminate                  000000014003def0 f   ucrt:api-ms-win-crt-runtime-l1-1-0.dll
 0001:0003cef8       __acrt_initialize          000000014003def8 f   MSVCRT:ucrt_stubs.obj
 0001:0003cef8       __vcrt_uninitialize        000000014003def8 f   MSVCRT:ucrt_stubs.obj
 0001:0003cef8       __vcrt_initialize          000000014003def8 f   MSVCRT:ucrt_stubs.obj
 0001:0003cef8       __acrt_uninitialize        000000014003def8 f   MSVCRT:ucrt_stubs.obj
 0001:0003cef8       __scrt_stub_for_acrt_initialize 000000014003def8 f   MSVCRT:ucrt_stubs.obj
 0001:0003cef8       __scrt_stub_for_acrt_uninitialize 000000014003def8 f   MSVCRT:ucrt_stubs.obj
 0001:0003cf10       _guard_dispatch_icall_nop  000000014003df10 f   MSVCRT:_guard_dispatch_.obj
 0002:00000000       __imp_UnhandledExceptionFilter 000000014003e000     kernel32:KERNEL32.dll
 0002:00000008       __imp_GetModuleHandleW     000000014003e008     kernel32:KERNEL32.dll
 0002:00000010       __imp_IsDebuggerPresent    000000014003e010     kernel32:KERNEL32.dll
 0002:00000018       __imp_InitializeSListHead  000000014003e018     kernel32:KERNEL32.dll
 0002:00000020       __imp_GetSystemTimeAsFileTime 000000014003e020     kernel32:KERNEL32.dll
 0002:00000028       __imp_IsProcessorFeaturePresent 000000014003e028     kernel32:KERNEL32.dll
 0002:00000030       __imp_TerminateProcess     000000014003e030     kernel32:KERNEL32.dll
[...]
 0004:0000444c       $pdata$7$pj_ioqueue_create 000000014005944c     pjlib-x86_64-x64-vc14-release:ioqueue_select.obj
 0004:00004458       $pdata$8$pj_ioqueue_create 0000000140059458     pjlib-x86_64-x64-vc14-release:ioqueue_select.obj
 0004:00004464       $pdata$pj_ioqueue_destroy  0000000140059464     pjlib-x86_64-x64-vc14-release:ioqueue_select.obj
 0004:00004470       $pdata$1$pj_ioqueue_destroy 0000000140059470     pjlib-x86_64-x64-vc14-release:ioqueue_select.obj
 0004:0000447c       $pdata$2$pj_ioqueue_destroy 000000014005947c     pjlib-x86_64-x64-vc14-release:ioqueue_select.obj
 0004:00004488       $pdata$pj_ioqueue_poll     0000000140059488     pjlib-x86_64-x64-vc14-release:ioqueue_select.obj
 0004:00004494       $pdata$0$pj_ioqueue_poll   0000000140059494     pjlib-x86_64-x64-vc14-release:ioqueue_select.obj
 0004:000044a0       $pdata$1$pj_ioqueue_poll   00000001400594a0     pjlib-x86_64-x64-vc14-release:ioqueue_select.obj
 0004:000044ac       $pdata$4$pj_ioqueue_poll   00000001400594ac     pjlib-x86_64-x64-vc14-release:ioqueue_select.obj
 0004:000044b8       $pdata$5$pj_ioqueue_poll   00000001400594b8     pjlib-x86_64-x64-vc14-release:ioqueue_select.obj
 0004:000044c4       $pdata$6$pj_ioqueue_poll   00000001400594c4     pjlib-x86_64-x64-vc14-release:ioqueue_select.obj
 0004:000044d0       $pdata$7$pj_ioqueue_poll   00000001400594d0     pjlib-x86_64-x64-vc14-release:ioqueue_select.obj
 0004:000044dc       $pdata$8$pj_ioqueue_poll   00000001400594dc     pjlib-x86_64-x64-vc14-release:ioqueue_select.obj
 0004:000044e8       $pdata$9$pj_ioqueue_poll   00000001400594e8     pjlib-x86_64-x64-vc14-release:ioqueue_select.obj
 0004:000044f4       $pdata$pj_ioqueue_recv     00000001400594f4     pjlib-x86_64-x64-vc14-release:ioqueue_select.obj
 0004:00004500       $pdata$0$pj_ioqueue_recv   0000000140059500     pjlib-x86_64-x64-vc14-release:ioqueue_select.obj
 0004:0000450c       $pdata$2$pj_ioqueue_recv   000000014005950c     pjlib-x86_64-x64-vc14-release:ioqueue_select.obj
 0004:00004518       $pdata$3$pj_ioqueue_recv   0000000140059518     pjlib-x86_64-x64-vc14-release:ioqueue_select.obj
 0004:00004524       $pdata$pj_ioqueue_recvfrom 0000000140059524     pjlib-x86_64-x64-vc14-release:ioqueue_select.obj
 0004:00004530       $pdata$2$pj_ioqueue_recvfrom 0000000140059530     pjlib-x86_64-x64-vc14-release:ioqueue_select.obj
 0004:0000453c       $pdata$4$pj_ioqueue_recvfrom 000000014005953c     pjlib-x86_64-x64-vc14-release:ioqueue_select.obj
 0004:00004548       $pdata$5$pj_ioqueue_recvfrom 0000000140059548     pjlib-x86_64-x64-vc14-release:ioqueue_select.obj
 0004:00004554       $pdata$pj_ioqueue_register_sock2 0000000140059554     pjlib-x86_64-x64-vc14-release:ioqueue_select.obj
 0004:00004560       $pdata$pj_ioqueue_send     0000000140059560     pjlib-x86_64-x64-vc14-release:ioqueue_select.obj
 0004:0000456c       $pdata$1$pj_ioqueue_send   000000014005956c     pjlib-x86_64-x64-vc14-release:ioqueue_select.obj
 0004:00004578       $pdata$2$pj_ioqueue_send   0000000140059578     pjlib-x86_64-x64-vc14-release:ioqueue_select.obj
 0004:00004584       $pdata$3$pj_ioqueue_send   0000000140059584     pjlib-x86_64-x64-vc14-release:ioqueue_select.obj
 0004:00004590       $pdata$5$pj_ioqueue_send   0000000140059590     pjlib-x86_64-x64-vc14-release:ioqueue_select.obj
 0004:0000459c       $pdata$6$pj_ioqueue_send   000000014005959c     pjlib-x86_64-x64-vc14-release:ioqueue_select.obj
 0004:000045a8       $pdata$pj_ioqueue_sendto   00000001400595a8     pjlib-x86_64-x64-vc14-release:ioqueue_select.obj
 0004:000045b4       $pdata$2$pj_ioqueue_sendto 00000001400595b4     pjlib-x86_64-x64-vc14-release:ioqueue_select.obj
 0004:000045c0       $pdata$3$pj_ioqueue_sendto 00000001400595c0     pjlib-x86_64-x64-vc14-release:ioqueue_select.obj
 0004:000045cc       $pdata$4$pj_ioqueue_sendto 00000001400595cc     pjlib-x86_64-x64-vc14-release:ioqueue_select.obj
 0004:000045d8       $pdata$6$pj_ioqueue_sendto 00000001400595d8     pjlib-x86_64-x64-vc14-release:ioqueue_select.obj
 0004:000045e4       $pdata$7$pj_ioqueue_sendto 00000001400595e4     pjlib-x86_64-x64-vc14-release:ioqueue_select.obj
 0004:000045f0       $pdata$pj_ioqueue_set_lock 00000001400595f0     pjlib-x86_64-x64-vc14-release:ioqueue_select.obj
 0004:000045fc       $pdata$pj_ioqueue_unregister 00000001400595fc     pjlib-x86_64-x64-vc14-release:ioqueue_select.obj
 0004:00004608       $pdata$0$pj_ioqueue_unregister 0000000140059608     pjlib-x86_64-x64-vc14-release:ioqueue_select.obj
 0004:00004614       $pdata$2$pj_ioqueue_unregister 0000000140059614     pjlib-x86_64-x64-vc14-release:ioqueue_select.obj
 0004:00004620       $pdata$4$pj_ioqueue_unregister 0000000140059620     pjlib-x86_64-x64-vc14-release:ioqueue_select.obj
 0004:0000462c       $pdata$scan_closing_keys   000000014005962c     pjlib-x86_64-x64-vc14-release:ioqueue_select.obj
 0004:00004638       $pdata$0$scan_closing_keys 0000000140059638     pjlib-x86_64-x64-vc14-release:ioqueue_select.obj
 0004:00004644       $pdata$1$scan_closing_keys 0000000140059644     pjlib-x86_64-x64-vc14-release:ioqueue_select.obj
 0004:00004650       $pdata$exception_cleanup   0000000140059650     pjlib-x86_64-x64-vc14-release:except.obj
 0004:0000465c       $pdata$pj_exception_id_alloc 000000014005965c     pjlib-x86_64-x64-vc14-release:except.obj
 0004:00004668       $pdata$pj_exception_id_free 0000000140059668     pjlib-x86_64-x64-vc14-release:except.obj
 0004:00004674       $pdata$pj_exception_id_name 0000000140059674     pjlib-x86_64-x64-vc14-release:except.obj
 0004:00004680       $pdata$pj_pop_exception_handler_ 0000000140059680     pjlib-x86_64-x64-vc14-release:except.obj
 0004:0000468c       $pdata$pj_push_exception_handler_ 000000014005968c     pjlib-x86_64-x64-vc14-release:except.obj
 0004:00004698       $pdata$pj_throw_exception_ 0000000140059698     pjlib-x86_64-x64-vc14-release:except.obj
 0004:000046a4       $pdata$0$pj_throw_exception_ 00000001400596a4     pjlib-x86_64-x64-vc14-release:except.obj
 0004:000046b0       $pdata$1$pj_throw_exception_ 00000001400596b0     pjlib-x86_64-x64-vc14-release:except.obj
 0004:000046bc       $pdata$pj_get_timestamp    00000001400596bc     pjlib-x86_64-x64-vc14-release:os_timestamp_win32.obj
 0004:000046c8       $pdata$pj_get_timestamp_freq 00000001400596c8     pjlib-x86_64-x64-vc14-release:os_timestamp_win32.obj
 0004:000046d4       $pdata$pj_hash_calc        00000001400596d4     pjlib-x86_64-x64-vc14-release:hash.obj
 0004:000046e0       $pdata$pj_hash_calc_tolower 00000001400596e0     pjlib-x86_64-x64-vc14-release:hash.obj
 0004:000046ec       $pdata$0$pj_hash_calc_tolower 00000001400596ec     pjlib-x86_64-x64-vc14-release:hash.obj
 0004:000046f8       $pdata$1$pj_hash_calc_tolower 00000001400596f8     pjlib-x86_64-x64-vc14-release:hash.obj
 0004:00004704       $pdata$pj_hash_create      0000000140059704     pjlib-x86_64-x64-vc14-release:hash.obj
 0004:00004710       $pdata$pj_hash_get         0000000140059710     pjlib-x86_64-x64-vc14-release:hash.obj
 0004:0000471c       $pdata$pj_hash_get_lower   000000014005971c     pjlib-x86_64-x64-vc14-release:hash.obj
 0004:00004728       $pdata$2$pj_hash_get_lower 0000000140059728     pjlib-x86_64-x64-vc14-release:hash.obj
 0004:00004734       $pdata$6$pj_hash_get_lower 0000000140059734     pjlib-x86_64-x64-vc14-release:hash.obj
 0004:00004740       $pdata$7$pj_hash_get_lower 0000000140059740     pjlib-x86_64-x64-vc14-release:hash.obj
 0004:0000474c       $pdata$8$pj_hash_get_lower 000000014005974c     pjlib-x86_64-x64-vc14-release:hash.obj
 0004:00004758       $pdata$9$pj_hash_get_lower 0000000140059758     pjlib-x86_64-x64-vc14-release:hash.obj
 0004:00004764       $pdata$10$pj_hash_get_lower 0000000140059764     pjlib-x86_64-x64-vc14-release:hash.obj
 0004:00004770       $pdata$pj_hash_set         0000000140059770     pjlib-x86_64-x64-vc14-release:hash.obj
 0004:0000477c       $pdata$pj_hash_set_lower   000000014005977c     pjlib-x86_64-x64-vc14-release:hash.obj
 0004:00004788       $pdata$pj_hash_set_np      0000000140059788     pjlib-x86_64-x64-vc14-release:hash.obj
 0004:00004794       $pdata$pj_hash_set_np_lower 0000000140059794     pjlib-x86_64-x64-vc14-release:hash.obj
 0004:000047a0       $pdata$pj_hash_this        00000001400597a0     pjlib-x86_64-x64-vc14-release:hash.obj
 0004:000047ac       $pdata$pj_get_netos_error  00000001400597ac     pjlib-x86_64-x64-vc14-release:os_error_win32.obj
 0004:000047b8       $pdata$platform_strerror   00000001400597b8     pjlib-x86_64-x64-vc14-release:os_error_win32.obj
 0004:000047c4       $pdata$pj_generate_unique_string 00000001400597c4     pjlib-x86_64-x64-vc14-release:guid_win32.obj
 0004:000047d0       $pdata$pj_create_unique_string 00000001400597d0     pjlib-x86_64-x64-vc14-release:guid.obj
 0004:000047dc       $pdata$pj_sock_apply_qos   00000001400597dc     pjlib-x86_64-x64-vc14-release:sock_qos_common.obj
 0004:000047e8       $pdata$pj_sock_apply_qos2  00000001400597e8     pjlib-x86_64-x64-vc14-release:sock_qos_common.obj
 0004:000047f4       $pdata$ioqueue_on_accept_complete 00000001400597f4     pjlib-x86_64-x64-vc14-release:activesock.obj
 0004:00004800       $pdata$0$ioqueue_on_accept_complete 0000000140059800     pjlib-x86_64-x64-vc14-release:activesock.obj
 0004:0000480c       $pdata$1$ioqueue_on_accept_complete 000000014005980c     pjlib-x86_64-x64-vc14-release:activesock.obj
 0004:00004818       $pdata$2$ioqueue_on_accept_complete 0000000140059818     pjlib-x86_64-x64-vc14-release:activesock.obj
 0004:00004824       $pdata$ioqueue_on_connect_complete 0000000140059824     pjlib-x86_64-x64-vc14-release:activesock.obj
 0004:00004830       $pdata$ioqueue_on_read_complete 0000000140059830     pjlib-x86_64-x64-vc14-release:activesock.obj
 0004:0000483c       $pdata$ioqueue_on_write_complete 000000014005983c     pjlib-x86_64-x64-vc14-release:activesock.obj
 0004:00004848       $pdata$0$ioqueue_on_write_complete 0000000140059848     pjlib-x86_64-x64-vc14-release:activesock.obj
 0004:00004854       $pdata$1$ioqueue_on_write_complete 0000000140059854     pjlib-x86_64-x64-vc14-release:activesock.obj
 0004:00004860       $pdata$pj_activesock_close 0000000140059860     pjlib-x86_64-x64-vc14-release:activesock.obj
 0004:0000486c       $pdata$1$pj_activesock_close 000000014005986c     pjlib-x86_64-x64-vc14-release:activesock.obj
 0004:00004878       $pdata$2$pj_activesock_close 0000000140059878     pjlib-x86_64-x64-vc14-release:activesock.obj
 0004:00004884       $pdata$pj_activesock_create 0000000140059884     pjlib-x86_64-x64-vc14-release:activesock.obj
 0004:00004890       $pdata$0$pj_activesock_create 0000000140059890     pjlib-x86_64-x64-vc14-release:activesock.obj
 0004:0000489c       $pdata$1$pj_activesock_create 000000014005989c     pjlib-x86_64-x64-vc14-release:activesock.obj
 0004:000048a8       $pdata$2$pj_activesock_create 00000001400598a8     pjlib-x86_64-x64-vc14-release:activesock.obj
 0004:000048b4       $pdata$3$pj_activesock_create 00000001400598b4     pjlib-x86_64-x64-vc14-release:activesock.obj
 0004:000048c0       $pdata$4$pj_activesock_create 00000001400598c0     pjlib-x86_64-x64-vc14-release:activesock.obj
 0004:000048cc       $pdata$5$pj_activesock_create 00000001400598cc     pjlib-x86_64-x64-vc14-release:activesock.obj
 0004:000048d8       $pdata$pj_activesock_send  00000001400598d8     pjlib-x86_64-x64-vc14-release:activesock.obj
 0004:000048e4       $pdata$1$pj_activesock_send 00000001400598e4     pjlib-x86_64-x64-vc14-release:activesock.obj
 0004:000048f0       $pdata$3$pj_activesock_send 00000001400598f0     pjlib-x86_64-x64-vc14-release:activesock.obj
 0004:000048fc       $pdata$4$pj_activesock_send 00000001400598fc     pjlib-x86_64-x64-vc14-release:activesock.obj
 0004:00004908       $pdata$pj_activesock_start_accept 0000000140059908     pjlib-x86_64-x64-vc14-release:activesock.obj
 0004:00004914       $pdata$pj_activesock_start_read2 0000000140059914     pjlib-x86_64-x64-vc14-release:activesock.obj
 0004:00004920       $pdata$2$pj_activesock_start_read2 0000000140059920     pjlib-x86_64-x64-vc14-release:activesock.obj
 0004:0000492c       $pdata$4$pj_activesock_start_read2 000000014005992c     pjlib-x86_64-x64-vc14-release:activesock.obj
 0004:00004938       $pdata$5$pj_activesock_start_read2 0000000140059938     pjlib-x86_64-x64-vc14-release:activesock.obj
 0004:00004944       $pdata$send_remaining      0000000140059944     pjlib-x86_64-x64-vc14-release:activesock.obj
 0004:00004950       $pdata$pj_gettickcount     0000000140059950     pjlib-x86_64-x64-vc14-release:os_timestamp_common.obj
 0004:0000495c       $pdata$0$pj_gettickcount   000000014005995c     pjlib-x86_64-x64-vc14-release:os_timestamp_common.obj
 0004:00004968       $pdata$1$pj_gettickcount   0000000140059968     pjlib-x86_64-x64-vc14-release:os_timestamp_common.obj
 0004:00004974       $pdata$pj_getaddrinfo      0000000140059974     pjlib-x86_64-x64-vc14-release:addr_resolv_sock.obj
 0004:00004980       $pdata$0$pj_getaddrinfo    0000000140059980     pjlib-x86_64-x64-vc14-release:addr_resolv_sock.obj
 0004:0000498c       $pdata$5$pj_getaddrinfo    000000014005998c     pjlib-x86_64-x64-vc14-release:addr_resolv_sock.obj
 0004:00004998       $pdata$7$pj_getaddrinfo    0000000140059998     pjlib-x86_64-x64-vc14-release:addr_resolv_sock.obj
 0004:000049a4       $pdata$8$pj_getaddrinfo    00000001400599a4     pjlib-x86_64-x64-vc14-release:addr_resolv_sock.obj
 0004:000049b0       $pdata$9$pj_getaddrinfo    00000001400599b0     pjlib-x86_64-x64-vc14-release:addr_resolv_sock.obj
 0004:000049bc       $pdata$pj_gethostbyname    00000001400599bc     pjlib-x86_64-x64-vc14-release:addr_resolv_sock.obj
 0004:000049c8       $pdata$pj_pool_create_on_buf 00000001400599c8     pjlib-x86_64-x64-vc14-release:pool_buf.obj
 0004:000049d4       $pdata$pool_buf_cleanup    00000001400599d4     pjlib-x86_64-x64-vc14-release:pool_buf.obj
 0004:000049e0       $pdata$stack_alloc         00000001400599e0     pjlib-x86_64-x64-vc14-release:pool_buf.obj
 0004:000049ec       $pdata$MyGetAdapterAddresses 00000001400599ec     pjlib-x86_64-x64-vc14-release:ip_helper_win32.obj
 0004:000049f8       $pdata$MyGetIpAddrTable    00000001400599f8     pjlib-x86_64-x64-vc14-release:ip_helper_win32.obj
 0004:00004a04       $pdata$enum_ipv4_interface 0000000140059a04     pjlib-x86_64-x64-vc14-release:ip_helper_win32.obj
 0004:00004a10       $pdata$0$enum_ipv4_interface 0000000140059a10     pjlib-x86_64-x64-vc14-release:ip_helper_win32.obj
 0004:00004a1c       $pdata$1$enum_ipv4_interface 0000000140059a1c     pjlib-x86_64-x64-vc14-release:ip_helper_win32.obj
 0004:00004a28       $pdata$2$enum_ipv4_interface 0000000140059a28     pjlib-x86_64-x64-vc14-release:ip_helper_win32.obj
 0004:00004a34       $pdata$3$enum_ipv4_interface 0000000140059a34     pjlib-x86_64-x64-vc14-release:ip_helper_win32.obj
 0004:00004a40       $pdata$4$enum_ipv4_interface 0000000140059a40     pjlib-x86_64-x64-vc14-release:ip_helper_win32.obj
 0004:00004a4c       $pdata$5$enum_ipv4_interface 0000000140059a4c     pjlib-x86_64-x64-vc14-release:ip_helper_win32.obj
 0004:00004a58       $pdata$7$enum_ipv4_interface 0000000140059a58     pjlib-x86_64-x64-vc14-release:ip_helper_win32.obj
 0004:00004a64       $pdata$enum_ipv4_ipv6_interface 0000000140059a64     pjlib-x86_64-x64-vc14-release:ip_helper_win32.obj
 0004:00004a70       $pdata$pj_enum_ip_interface 0000000140059a70     pjlib-x86_64-x64-vc14-release:ip_helper_win32.obj
 0004:00004a7c       $pdata$unload_iphlp_module 0000000140059a7c     pjlib-x86_64-x64-vc14-release:ip_helper_win32.obj
 0004:00004a88       $pdata$default_block_alloc 0000000140059a88     pjlib-x86_64-x64-vc14-release:pool_policy_malloc.obj
 0004:00004a94       $pdata$default_block_free  0000000140059a94     pjlib-x86_64-x64-vc14-release:pool_policy_malloc.obj
 0004:00004aa0       $pdata$default_pool_callback 0000000140059aa0     pjlib-x86_64-x64-vc14-release:pool_policy_malloc.obj
 0004:00004aac       $pdata$pj_log_write        0000000140059aac     pjlib-x86_64-x64-vc14-release:log_writer_stdout.obj
 0004:00004ab8       $pdata$PJ_FD_CLR           0000000140059ab8     pjlib-x86_64-x64-vc14-release:sock_select.obj
 0004:00004ac4       $pdata$PJ_FD_ISSET         0000000140059ac4     pjlib-x86_64-x64-vc14-release:sock_select.obj
 0004:00004ad0       $pdata$PJ_FD_SET           0000000140059ad0     pjlib-x86_64-x64-vc14-release:sock_select.obj
 0004:00004adc       $pdata$PJ_FD_ZERO          0000000140059adc     pjlib-x86_64-x64-vc14-release:sock_select.obj
 0004:00004ae8       $pdata$pj_sock_select      0000000140059ae8     pjlib-x86_64-x64-vc14-release:sock_select.obj
 0004:00004af4       $pdata$pj_sock_set_qos_params 0000000140059af4     pjlib-x86_64-x64-vc14-release:sock_qos_bsd.obj
 0004:00004b00       $pdata$pj_sock_set_qos_type 0000000140059b00     pjlib-x86_64-x64-vc14-release:sock_qos_bsd.obj
 0004:00004b0c       $pdata$__GSHandlerCheck    0000000140059b0c     MSVCRT:_gshandler_.obj
 0004:00004b18       $pdata$__GSHandlerCheckCommon 0000000140059b18     MSVCRT:_gshandler_.obj
 0004:00004b30       $pdata$?pre_c_initialization@@YAHXZ 0000000140059b30     MSVCRT:exe_main.obj
 0004:00004b3c       $pdata$?post_pgo_initialization@@YAHXZ 0000000140059b3c     MSVCRT:exe_main.obj
 0004:00004b48       $pdata$?pre_cpp_initialization@@YAXXZ 0000000140059b48     MSVCRT:exe_main.obj
 0004:00004b54       $pdata$?__scrt_common_main_seh@@YAHXZ 0000000140059b54     MSVCRT:exe_main.obj
 0004:00004b60       $pdata$mainCRTStartup      0000000140059b60     MSVCRT:exe_main.obj
 0004:00004b6c       $pdata$__raise_securityfailure 0000000140059b6c     MSVCRT:gs_report.obj
 0004:00004b78       $pdata$__report_gsfailure  0000000140059b78     MSVCRT:gs_report.obj
 0004:00004b84       $pdata$__report_rangecheckfailure 0000000140059b84     MSVCRT:gs_report.obj
 0004:00004b90       $pdata$__report_securityfailure 0000000140059b90     MSVCRT:gs_report.obj
 0004:00004b9c       $pdata$capture_current_context 0000000140059b9c     MSVCRT:gs_report.obj
 0004:00004ba8       $pdata$capture_previous_context 0000000140059ba8     MSVCRT:gs_report.obj
 0004:00004bb4       $pdata$__isa_available_init 0000000140059bb4     MSVCRT:_cpu_disp_.obj
 0004:00004bcc       $pdata$__scrt_acquire_startup_lock 0000000140059bcc     MSVCRT:utility.obj
 0004:00004bd8       $pdata$__scrt_initialize_crt 0000000140059bd8     MSVCRT:utility.obj
 0004:00004be4       $pdata$__scrt_initialize_onexit_tables 0000000140059be4     MSVCRT:utility.obj
 0004:00004bf0       $pdata$__scrt_is_nonwritable_in_current_image 0000000140059bf0     MSVCRT:utility.obj
 0004:00004bfc       $pdata$__scrt_release_startup_lock 0000000140059bfc     MSVCRT:utility.obj
 0004:00004c08       $pdata$__scrt_uninitialize_crt 0000000140059c08     MSVCRT:utility.obj
 0004:00004c14       $pdata$_onexit             0000000140059c14     MSVCRT:utility.obj
 0004:00004c20       $pdata$atexit              0000000140059c20     MSVCRT:utility.obj
 0004:00004c2c       $pdata$__security_init_cookie 0000000140059c2c     MSVCRT:gs_support.obj
 0004:00004c38       $pdata$__scrt_initialize_default_local_stdio_options 0000000140059c38     MSVCRT:default_local_stdio_options.obj
 0004:00004c44       $pdata$__scrt_fastfail     0000000140059c44     MSVCRT:utility_desktop.obj
 0004:00004c50       $pdata$__scrt_is_managed_app 0000000140059c50     MSVCRT:utility_desktop.obj
 0004:00004c5c       $pdata$__scrt_unhandled_exception_filter 0000000140059c5c     MSVCRT:utility_desktop.obj
 0004:00004c68       $pdata$_RTC_Initialize     0000000140059c68     MSVCRT:_initsect_.obj
 0004:00004c74       $pdata$_RTC_Terminate      0000000140059c74     MSVCRT:_initsect_.obj
 0004:00004c8c       $pdata$?filt$0@?0??__scrt_common_main_seh@@YAHXZ@4HA 0000000140059c8c     MSVCRT:exe_main.obj
 0004:00004c98       $pdata$__scrt_is_nonwritable_in_current_image$filt$0 0000000140059c98     MSVCRT:utility.obj
