 stateful_proxy

 Timestamp is 5a547499 (Tue Jan  9 15:51:53 2018)

 Preferred load address is 0000000140000000

 Start         Length     Name                   Class
 0001:00000000 0002888bH .text$mn                CODE
 0001:00028890 00000012H .text$mn$00             CODE
 0001:000288a2 00000036H .text$x                 CODE
 0002:00000000 00000438H .idata$5                DATA
 0002:00000438 00000010H .00cfg                  DATA
 0002:00000448 00000008H .CRT$XCA                DATA
 0002:00000450 00000008H .CRT$XCAA               DATA
 0002:00000458 00000008H .CRT$XCZ                DATA
 0002:00000460 00000008H .CRT$XIA                DATA
 0002:00000468 00000008H .CRT$XIAA               DATA
 0002:00000470 00000008H .CRT$XIAC               DATA
 0002:00000478 00000008H .CRT$XIZ                DATA
 0002:00000480 00000008H .CRT$XPA                DATA
 0002:00000488 00000008H .CRT$XPZ                DATA
 0002:00000490 00000008H .CRT$XTA                DATA
 0002:00000498 00000008H .CRT$XTZ                DATA
 0002:000004a0 00000000H .gfids$x                DATA
 0002:000004a0 000069c4H .rdata                  DATA
 0002:00006e64 00000244H .rdata$zzzdbg           DATA
 0002:000070a8 00000008H .rtc$IAA                DATA
 0002:000070b0 00000008H .rtc$IZZ                DATA
 0002:000070b8 00000008H .rtc$TAA                DATA
 0002:000070c0 00000008H .rtc$TZZ                DATA
 0002:000070c8 00003784H .xdata                  DATA
 0002:0000a84c 00000000H .edata                  DATA
 0002:0000a84c 000000f0H .idata$2                DATA
 0002:0000a93c 00000014H .idata$3                DATA
 0002:0000a950 00000438H .idata$4                DATA
 0002:0000ad88 00000832H .idata$6                DATA
 0003:00000000 00001524H .data                   DATA
 0003:00001530 000060d0H .bss                    DATA
 0004:00000000 000032b8H .pdata                  DATA

  Address         Publics by Value              Rva+Base               Lib:Object

 0000:00000000       __guard_fids_count         0000000000000000     <absolute>
 0000:00000000       ___safe_se_handler_count   0000000000000000     <absolute>
 0000:00000000       ___safe_se_handler_table   0000000000000000     <absolute>
 0000:00000000       __guard_fids_table         0000000000000000     <absolute>
 0000:00000100       __guard_flags              0000000000000100     <absolute>
 0000:00000000       __ImageBase                0000000140000000     <linker-defined>
 0001:000015a0       main                       00000001400025a0 f   stateful_proxy.obj
 0001:000017b0       __local_stdio_printf_options 00000001400027b0 f i stateful_proxy.obj
 0001:000017c0       _snprintf                  00000001400027c0 f i stateful_proxy.obj
 0001:00001820       printf                     0000000140002820 f i stateful_proxy.obj
 0001:00003780       pjsip_accept_hdr_create    0000000140004780 f   pjsip-core-x86_64-x64-vc14-release:sip_msg.obj
 0001:000037d0       pjsip_allow_hdr_create     00000001400047d0 f   pjsip-core-x86_64-x64-vc14-release:sip_msg.obj
 0001:00003820       pjsip_cid_hdr_create       0000000140004820 f   pjsip-core-x86_64-x64-vc14-release:sip_msg.obj
 0001:00003890       pjsip_clen_hdr_create      0000000140004890 f   pjsip-core-x86_64-x64-vc14-release:sip_msg.obj
 0001:00003900       pjsip_clone_text_data      0000000140004900 f   pjsip-core-x86_64-x64-vc14-release:sip_msg.obj
 0001:00003960       pjsip_contact_hdr_create   0000000140004960 f   pjsip-core-x86_64-x64-vc14-release:sip_msg.obj
 0001:00003990       pjsip_contact_hdr_init     0000000140004990 f   pjsip-core-x86_64-x64-vc14-release:sip_msg.obj
 0001:00003a20       pjsip_cseq_hdr_create      0000000140004a20 f   pjsip-core-x86_64-x64-vc14-release:sip_msg.obj
 0001:00003a80       pjsip_ctype_hdr_create     0000000140004a80 f   pjsip-core-x86_64-x64-vc14-release:sip_msg.obj
 0001:00003ab0       pjsip_ctype_hdr_init       0000000140004ab0 f   pjsip-core-x86_64-x64-vc14-release:sip_msg.obj
 0001:00003b30       pjsip_expires_hdr_create   0000000140004b30 f   pjsip-core-x86_64-x64-vc14-release:sip_msg.obj
 0001:00003b80       pjsip_from_hdr_create      0000000140004b80 f   pjsip-core-x86_64-x64-vc14-release:sip_msg.obj
 0001:00003bb0       pjsip_from_hdr_init        0000000140004bb0 f   pjsip-core-x86_64-x64-vc14-release:sip_msg.obj
 0001:00003c30       pjsip_fromto_hdr_set_from  0000000140004c30 f   pjsip-core-x86_64-x64-vc14-release:sip_msg.obj
 0001:00003c70       pjsip_fromto_hdr_set_to    0000000140004c70 f   pjsip-core-x86_64-x64-vc14-release:sip_msg.obj
 0001:00003cb0       pjsip_generic_string_hdr_create 0000000140004cb0 f   pjsip-core-x86_64-x64-vc14-release:sip_msg.obj
 0001:00003d00       pjsip_generic_string_hdr_init 0000000140004d00 f   pjsip-core-x86_64-x64-vc14-release:sip_msg.obj
 0001:00003da0       pjsip_get_ack_method       0000000140004da0 f   pjsip-core-x86_64-x64-vc14-release:sip_msg.obj
 0001:00003db0       pjsip_get_cancel_method    0000000140004db0 f   pjsip-core-x86_64-x64-vc14-release:sip_msg.obj
 0001:00003dc0       pjsip_get_invite_method    0000000140004dc0 f   pjsip-core-x86_64-x64-vc14-release:sip_msg.obj
 0001:00003dd0       pjsip_get_status_text      0000000140004dd0 f   pjsip-core-x86_64-x64-vc14-release:sip_msg.obj
 0001:00003e20       pjsip_hdr_clone            0000000140004e20 f   pjsip-core-x86_64-x64-vc14-release:sip_msg.obj
 0001:00003e30       pjsip_hdr_print_on         0000000140004e30 f   pjsip-core-x86_64-x64-vc14-release:sip_msg.obj
 0001:00003e40       pjsip_hdr_shallow_clone    0000000140004e40 f   pjsip-core-x86_64-x64-vc14-release:sip_msg.obj
 0001:00003e50       pjsip_max_fwd_hdr_create   0000000140004e50 f   pjsip-core-x86_64-x64-vc14-release:sip_msg.obj
 0001:00003ea0       pjsip_media_type_cp        0000000140004ea0 f   pjsip-core-x86_64-x64-vc14-release:sip_msg.obj
 0001:00003f00       pjsip_media_type_init      0000000140004f00 f   pjsip-core-x86_64-x64-vc14-release:sip_msg.obj
 0001:00003f60       pjsip_media_type_print     0000000140004f60 f   pjsip-core-x86_64-x64-vc14-release:sip_msg.obj
 0001:00003f70       pjsip_method_cmp           0000000140004f70 f   pjsip-core-x86_64-x64-vc14-release:sip_msg.obj
 0001:00003fa0       pjsip_method_copy          0000000140004fa0 f   pjsip-core-x86_64-x64-vc14-release:sip_msg.obj
 0001:00003fd0       pjsip_method_init_np       0000000140004fd0 f   pjsip-core-x86_64-x64-vc14-release:sip_msg.obj
 0001:00004070       pjsip_min_expires_hdr_create 0000000140005070 f   pjsip-core-x86_64-x64-vc14-release:sip_msg.obj
 0001:000040c0       pjsip_msg_body_clone       00000001400050c0 f   pjsip-core-x86_64-x64-vc14-release:sip_msg.obj
 0001:00004120       pjsip_msg_body_copy        0000000140005120 f   pjsip-core-x86_64-x64-vc14-release:sip_msg.obj
 0001:000041c0       pjsip_msg_create           00000001400051c0 f   pjsip-core-x86_64-x64-vc14-release:sip_msg.obj
 0001:000041f0       pjsip_msg_find_hdr         00000001400051f0 f   pjsip-core-x86_64-x64-vc14-release:sip_msg.obj
 0001:00004220       pjsip_msg_find_hdr_by_name 0000000140005220 f   pjsip-core-x86_64-x64-vc14-release:sip_msg.obj
 0001:00004290       pjsip_msg_print            0000000140005290 f   pjsip-core-x86_64-x64-vc14-release:sip_msg.obj
 0001:000045a0       pjsip_print_text_body      00000001400055a0 f   pjsip-core-x86_64-x64-vc14-release:sip_msg.obj
 0001:000045e0       pjsip_require_hdr_create   00000001400055e0 f   pjsip-core-x86_64-x64-vc14-release:sip_msg.obj
 0001:00004630       pjsip_retry_after_hdr_create 0000000140005630 f   pjsip-core-x86_64-x64-vc14-release:sip_msg.obj
 0001:000046a0       pjsip_route_hdr_create     00000001400056a0 f   pjsip-core-x86_64-x64-vc14-release:sip_msg.obj
 0001:00004710       pjsip_rr_hdr_create        0000000140005710 f   pjsip-core-x86_64-x64-vc14-release:sip_msg.obj
 0001:00004780       pjsip_supported_hdr_create 0000000140005780 f   pjsip-core-x86_64-x64-vc14-release:sip_msg.obj
 0001:000047f0       pjsip_to_hdr_create        00000001400057f0 f   pjsip-core-x86_64-x64-vc14-release:sip_msg.obj
 0001:00004820       pjsip_to_hdr_init          0000000140005820 f   pjsip-core-x86_64-x64-vc14-release:sip_msg.obj
 0001:000048a0       pjsip_unsupported_hdr_create 00000001400058a0 f   pjsip-core-x86_64-x64-vc14-release:sip_msg.obj
 0001:000048f0       pjsip_via_hdr_create       00000001400058f0 f   pjsip-core-x86_64-x64-vc14-release:sip_msg.obj
 0001:00004920       pjsip_via_hdr_init         0000000140005920 f   pjsip-core-x86_64-x64-vc14-release:sip_msg.obj
 0001:00004c60       pjsip_rx_data_get_info     0000000140005c60 f   pjsip-core-x86_64-x64-vc14-release:sip_transport.obj
 0001:00004d10       pjsip_tpmgr_acquire_transport2 0000000140005d10 f   pjsip-core-x86_64-x64-vc14-release:sip_transport.obj
 0001:00005060       pjsip_tpmgr_create         0000000140006060 f   pjsip-core-x86_64-x64-vc14-release:sip_transport.obj
 0001:00005190       pjsip_tpmgr_destroy        0000000140006190 f   pjsip-core-x86_64-x64-vc14-release:sip_transport.obj
 0001:00005310       pjsip_tpmgr_dump_transports 0000000140006310 f   pjsip-core-x86_64-x64-vc14-release:sip_transport.obj
 0001:00005480       pjsip_tpmgr_receive_packet 0000000140006480 f   pjsip-core-x86_64-x64-vc14-release:sip_transport.obj
 0001:000058f0       pjsip_tpselector_add_ref   00000001400068f0 f   pjsip-core-x86_64-x64-vc14-release:sip_transport.obj
 0001:00005910       pjsip_tpselector_dec_ref   0000000140006910 f   pjsip-core-x86_64-x64-vc14-release:sip_transport.obj
 0001:00005930       pjsip_transport_add_ref    0000000140006930 f   pjsip-core-x86_64-x64-vc14-release:sip_transport.obj
 0001:00005a20       pjsip_transport_add_state_listener 0000000140006a20 f   pjsip-core-x86_64-x64-vc14-release:sip_transport.obj
 0001:00005b20       pjsip_transport_dec_ref    0000000140006b20 f   pjsip-core-x86_64-x64-vc14-release:sip_transport.obj
 0001:00005c40       pjsip_transport_destroy    0000000140006c40 f   pjsip-core-x86_64-x64-vc14-release:sip_transport.obj
 0001:00005cb0       pjsip_transport_get_default_port_for_type 0000000140006cb0 f   pjsip-core-x86_64-x64-vc14-release:sip_transport.obj
 0001:00005ce0       pjsip_transport_get_flag_from_type 0000000140006ce0 f   pjsip-core-x86_64-x64-vc14-release:sip_transport.obj
 0001:00005d10       pjsip_transport_get_type_desc 0000000140006d10 f   pjsip-core-x86_64-x64-vc14-release:sip_transport.obj
 0001:00005d50       pjsip_transport_get_type_from_flag 0000000140006d50 f   pjsip-core-x86_64-x64-vc14-release:sip_transport.obj
 0001:00005d90       pjsip_transport_get_type_from_name 0000000140006d90 f   pjsip-core-x86_64-x64-vc14-release:sip_transport.obj
 0001:00005e10       pjsip_transport_get_type_name 0000000140006e10 f   pjsip-core-x86_64-x64-vc14-release:sip_transport.obj
 0001:00005e50       pjsip_transport_register   0000000140006e50 f   pjsip-core-x86_64-x64-vc14-release:sip_transport.obj
 0001:00005f60       pjsip_transport_remove_state_listener 0000000140006f60 f   pjsip-core-x86_64-x64-vc14-release:sip_transport.obj
 0001:00006030       pjsip_transport_send       0000000140007030 f   pjsip-core-x86_64-x64-vc14-release:sip_transport.obj
 0001:000061d0       pjsip_tx_data_add_ref      00000001400071d0 f   pjsip-core-x86_64-x64-vc14-release:sip_transport.obj
 0001:000061e0       pjsip_tx_data_create       00000001400071e0 f   pjsip-core-x86_64-x64-vc14-release:sip_transport.obj
 0001:00006320       pjsip_tx_data_dec_ref      0000000140007320 f   pjsip-core-x86_64-x64-vc14-release:sip_transport.obj
 0001:00006370       pjsip_tx_data_encode       0000000140007370 f   pjsip-core-x86_64-x64-vc14-release:sip_transport.obj
 0001:00006470       pjsip_tx_data_get_info     0000000140007470 f   pjsip-core-x86_64-x64-vc14-release:sip_transport.obj
 0001:000064e0       pjsip_tx_data_invalidate_msg 00000001400074e0 f   pjsip-core-x86_64-x64-vc14-release:sip_transport.obj
 0001:00006500       pjsip_tx_data_set_transport 0000000140007500 f   pjsip-core-x86_64-x64-vc14-release:sip_transport.obj
 0001:00006a80       pjsip_endpt_acquire_transport2 0000000140007a80 f   pjsip-core-x86_64-x64-vc14-release:sip_endpoint.obj
 0001:00006a90       pjsip_endpt_atexit         0000000140007a90 f   pjsip-core-x86_64-x64-vc14-release:sip_endpoint.obj
 0001:00006b10       pjsip_endpt_cancel_timer   0000000140007b10 f   pjsip-core-x86_64-x64-vc14-release:sip_endpoint.obj
 0001:00006b40       pjsip_endpt_create         0000000140007b40 f   pjsip-core-x86_64-x64-vc14-release:sip_endpoint.obj
 0001:00006e50       pjsip_endpt_create_pool    0000000140007e50 f   pjsip-core-x86_64-x64-vc14-release:sip_endpoint.obj
 0001:00006eb0       pjsip_endpt_create_tdata   0000000140007eb0 f   pjsip-core-x86_64-x64-vc14-release:sip_endpoint.obj
 0001:00006ec0       pjsip_endpt_destroy        0000000140007ec0 f   pjsip-core-x86_64-x64-vc14-release:sip_endpoint.obj
 0001:00007030       pjsip_endpt_dump           0000000140008030 f   pjsip-core-x86_64-x64-vc14-release:sip_endpoint.obj
 0001:00007140       pjsip_endpt_get_ioqueue    0000000140008140 f   pjsip-core-x86_64-x64-vc14-release:sip_endpoint.obj
 0001:00007150       pjsip_endpt_get_request_headers 0000000140008150 f   pjsip-core-x86_64-x64-vc14-release:sip_endpoint.obj
 0001:00007160       pjsip_endpt_get_timer_heap 0000000140008160 f   pjsip-core-x86_64-x64-vc14-release:sip_endpoint.obj
 0001:00007170       pjsip_endpt_get_tpmgr      0000000140008170 f   pjsip-core-x86_64-x64-vc14-release:sip_endpoint.obj
 0001:00007180       pjsip_endpt_handle_events  0000000140008180 f   pjsip-core-x86_64-x64-vc14-release:sip_endpoint.obj
 0001:00007190       pjsip_endpt_handle_events2 0000000140008190 f   pjsip-core-x86_64-x64-vc14-release:sip_endpoint.obj
 0001:00007290       pjsip_endpt_log_error      0000000140008290 f   pjsip-core-x86_64-x64-vc14-release:sip_endpoint.obj
 0001:000073d0       pjsip_endpt_process_rx_data 00000001400083d0 f   pjsip-core-x86_64-x64-vc14-release:sip_endpoint.obj
 0001:00007590       pjsip_endpt_register_module 0000000140008590 f   pjsip-core-x86_64-x64-vc14-release:sip_endpoint.obj
 0001:000076e0       pjsip_endpt_release_pool   00000001400086e0 f   pjsip-core-x86_64-x64-vc14-release:sip_endpoint.obj
 0001:00007700       pjsip_endpt_resolve        0000000140008700 f   pjsip-core-x86_64-x64-vc14-release:sip_endpoint.obj
 0001:00007710       pjsip_endpt_schedule_timer 0000000140008710 f   pjsip-core-x86_64-x64-vc14-release:sip_endpoint.obj
 0001:00007750       pjsip_endpt_unregister_module 0000000140008750 f   pjsip-core-x86_64-x64-vc14-release:sip_endpoint.obj
 0001:00007b40       pjsip_endpt_create_ack     0000000140008b40 f   pjsip-core-x86_64-x64-vc14-release:sip_util.obj
 0001:00007db0       pjsip_endpt_create_cancel  0000000140008db0 f   pjsip-core-x86_64-x64-vc14-release:sip_util.obj
 0001:00008130       pjsip_endpt_create_request_from_hdr 0000000140009130 f   pjsip-core-x86_64-x64-vc14-release:sip_util.obj
 0001:000083c0       pjsip_endpt_create_response 00000001400093c0 f   pjsip-core-x86_64-x64-vc14-release:sip_util.obj
 0001:00008680       pjsip_endpt_respond_stateless 0000000140009680 f   pjsip-core-x86_64-x64-vc14-release:sip_util.obj
 0001:00008800       pjsip_endpt_send_request_stateless 0000000140009800 f   pjsip-core-x86_64-x64-vc14-release:sip_util.obj
 0001:00008920       pjsip_endpt_send_response  0000000140009920 f   pjsip-core-x86_64-x64-vc14-release:sip_util.obj
 0001:00008a50       pjsip_event_str            0000000140009a50 f   pjsip-core-x86_64-x64-vc14-release:sip_util.obj
 0001:00008a60       pjsip_get_dest_info        0000000140009a60 f   pjsip-core-x86_64-x64-vc14-release:sip_util.obj
 0001:00008c20       pjsip_get_request_dest     0000000140009c20 f   pjsip-core-x86_64-x64-vc14-release:sip_util.obj
 0001:00008cb0       pjsip_get_response_addr    0000000140009cb0 f   pjsip-core-x86_64-x64-vc14-release:sip_util.obj
 0001:00008e00       pjsip_process_route_set    0000000140009e00 f   pjsip-core-x86_64-x64-vc14-release:sip_util.obj
 0001:00009030       pjsip_restore_strict_route_set 000000014000a030 f   pjsip-core-x86_64-x64-vc14-release:sip_util.obj
 0001:00009970       pjsip_endpt_respond        000000014000a970 f   pjsip-core-x86_64-x64-vc14-release:sip_util_statefull.obj
 0001:00009b00       pjsip_endpt_send_request   000000014000ab00 f   pjsip-core-x86_64-x64-vc14-release:sip_util_statefull.obj
 0001:00009bf0       pjsip_calculate_branch_id  000000014000abf0 f   pjsip-core-x86_64-x64-vc14-release:sip_util_proxy.obj
 0001:00009db0       pjsip_endpt_create_request_fwd 000000014000adb0 f   pjsip-core-x86_64-x64-vc14-release:sip_util_proxy.obj
 0001:0000a040       pjsip_endpt_create_response_fwd 000000014000b040 f   pjsip-core-x86_64-x64-vc14-release:sip_util_proxy.obj
 0001:0000a410       pjsip_udp_transport_start  000000014000b410 f   pjsip-core-x86_64-x64-vc14-release:sip_transport_udp.obj
 0001:0000a4e0       pjsip_udp_transport_start2 000000014000b4e0 f   pjsip-core-x86_64-x64-vc14-release:sip_transport_udp.obj
 0001:0000bf60       pjsip_rdata_get_tsx        000000014000cf60 f   pjsip-core-x86_64-x64-vc14-release:sip_transaction.obj
 0001:0000bf70       pjsip_tsx_create_key       000000014000cf70 f   pjsip-core-x86_64-x64-vc14-release:sip_transaction.obj
 0001:0000c020       pjsip_tsx_create_uac       000000014000d020 f   pjsip-core-x86_64-x64-vc14-release:sip_transaction.obj
 0001:0000c030       pjsip_tsx_create_uac2      000000014000d030 f   pjsip-core-x86_64-x64-vc14-release:sip_transaction.obj
 0001:0000c300       pjsip_tsx_create_uas       000000014000d300 f   pjsip-core-x86_64-x64-vc14-release:sip_transaction.obj
 0001:0000c310       pjsip_tsx_create_uas2      000000014000d310 f   pjsip-core-x86_64-x64-vc14-release:sip_transaction.obj
 0001:0000c5a0       pjsip_tsx_layer_dump       000000014000d5a0 f   pjsip-core-x86_64-x64-vc14-release:sip_transaction.obj
 0001:0000c720       pjsip_tsx_layer_find_tsx   000000014000d720 f   pjsip-core-x86_64-x64-vc14-release:sip_transaction.obj
 0001:0000c7b0       pjsip_tsx_layer_init_module 000000014000d7b0 f   pjsip-core-x86_64-x64-vc14-release:sip_transaction.obj
 0001:0000c980       pjsip_tsx_recv_msg         000000014000d980 f   pjsip-core-x86_64-x64-vc14-release:sip_transaction.obj
 0001:0000ca30       pjsip_tsx_send_msg         000000014000da30 f   pjsip-core-x86_64-x64-vc14-release:sip_transaction.obj
 0001:0000cb20       pjsip_tsx_set_transport    000000014000db20 f   pjsip-core-x86_64-x64-vc14-release:sip_transaction.obj
 0001:0000cba0       pjsip_tsx_terminate        000000014000dba0 f   pjsip-core-x86_64-x64-vc14-release:sip_transaction.obj
 0001:00010320       pjsip_name_addr_assign     0000000140011320 f   pjsip-core-x86_64-x64-vc14-release:sip_uri.obj
 0001:00010370       pjsip_name_addr_create     0000000140011370 f   pjsip-core-x86_64-x64-vc14-release:sip_uri.obj
 0001:000103a0       pjsip_name_addr_init       00000001400113a0 f   pjsip-core-x86_64-x64-vc14-release:sip_uri.obj
 0001:000103c0       pjsip_other_uri_create     00000001400113c0 f   pjsip-core-x86_64-x64-vc14-release:sip_uri.obj
 0001:000103f0       pjsip_param_clone          00000001400113f0 f   pjsip-core-x86_64-x64-vc14-release:sip_uri.obj
 0001:00010490       pjsip_param_cmp            0000000140011490 f   pjsip-core-x86_64-x64-vc14-release:sip_uri.obj
 0001:00010570       pjsip_param_find           0000000140011570 f   pjsip-core-x86_64-x64-vc14-release:sip_uri.obj
 0001:000105d0       pjsip_param_print_on       00000001400115d0 f   pjsip-core-x86_64-x64-vc14-release:sip_uri.obj
 0001:00010710       pjsip_param_shallow_clone  0000000140011710 f   pjsip-core-x86_64-x64-vc14-release:sip_uri.obj
 0001:00010790       pjsip_sip_uri_assign       0000000140011790 f   pjsip-core-x86_64-x64-vc14-release:sip_uri.obj
 0001:00010870       pjsip_sip_uri_create       0000000140011870 f   pjsip-core-x86_64-x64-vc14-release:sip_uri.obj
 0001:000108f0       deinit_sip_parser          00000001400118f0 f   pjsip-core-x86_64-x64-vc14-release:sip_parser.obj
 0001:00011270       init_sip_parser            0000000140012270 f   pjsip-core-x86_64-x64-vc14-release:sip_parser.obj
 0001:00013ec0       pjsip_find_msg             0000000140014ec0 f   pjsip-core-x86_64-x64-vc14-release:sip_parser.obj
 0001:000141f0       pjsip_parse_end_hdr_imp    00000001400151f0 f   pjsip-core-x86_64-x64-vc14-release:sip_parser.obj
 0001:00014210       pjsip_parse_headers        0000000140015210 f   pjsip-core-x86_64-x64-vc14-release:sip_parser.obj
 0001:000144a0       pjsip_parse_param_imp      00000001400154a0 f   pjsip-core-x86_64-x64-vc14-release:sip_parser.obj
 0001:00014590       pjsip_parse_rdata          0000000140015590 f   pjsip-core-x86_64-x64-vc14-release:sip_parser.obj
 0001:00014610       pjsip_parser_const         0000000140015610 f   pjsip-core-x86_64-x64-vc14-release:sip_parser.obj
 0001:00014620       pjsip_register_hdr_parser  0000000140015620 f   pjsip-core-x86_64-x64-vc14-release:sip_parser.obj
 0001:00014710       pjsip_register_uri_parser  0000000140015710 f   pjsip-core-x86_64-x64-vc14-release:sip_parser.obj
 0001:00014b60       pjsip_resolve              0000000140015b60 f   pjsip-core-x86_64-x64-vc14-release:sip_resolve.obj
 0001:000151b0       pjsip_resolver_create      00000001400161b0 f   pjsip-core-x86_64-x64-vc14-release:sip_resolve.obj
 0001:000151f0       pjsip_resolver_destroy     00000001400161f0 f   pjsip-core-x86_64-x64-vc14-release:sip_resolve.obj
 0001:00015220       PJ_FD_COUNT                0000000140016220 f   pjlib-x86_64-x64-vc14-release:sock_select.obj
 0001:00015220       pjsip_resolver_get_resolver 0000000140016220 f   pjsip-core-x86_64-x64-vc14-release:sip_resolve.obj
 0001:00015450       pjsip_strerror             0000000140016450 f   pjsip-core-x86_64-x64-vc14-release:sip_errno.obj
 0001:000159e0       pjsip_tel_nb_cmp           00000001400169e0 f   pjsip-core-x86_64-x64-vc14-release:sip_tel_uri.obj
 0001:00015af0       pjsip_tel_uri_subsys_init  0000000140016af0 f   pjsip-core-x86_64-x64-vc14-release:sip_tel_uri.obj
 0001:000165a0       pjsip_multipart_add_part   00000001400175a0 f   pjsip-core-x86_64-x64-vc14-release:sip_multipart.obj
 0001:00016600       pjsip_multipart_create     0000000140017600 f   pjsip-core-x86_64-x64-vc14-release:sip_multipart.obj
 0001:00016770       pjsip_multipart_parse      0000000140017770 f   pjsip-core-x86_64-x64-vc14-release:sip_multipart.obj
 0001:000170c0       pjsip_auth_init_parser     00000001400180c0 f   pjsip-core-x86_64-x64-vc14-release:sip_auth_parser.obj
 0001:00017740       pjsip_authorization_hdr_create 0000000140018740 f   pjsip-core-x86_64-x64-vc14-release:sip_auth_msg.obj
 0001:000177c0       pjsip_proxy_authenticate_hdr_create 00000001400187c0 f   pjsip-core-x86_64-x64-vc14-release:sip_auth_msg.obj
 0001:00017840       pjsip_proxy_authorization_hdr_create 0000000140018840 f   pjsip-core-x86_64-x64-vc14-release:sip_auth_msg.obj
 0001:000178c0       pjsip_www_authenticate_hdr_create 00000001400188c0 f   pjsip-core-x86_64-x64-vc14-release:sip_auth_msg.obj
 0001:000182a0       pjlib_util_init            00000001400192a0 f   pjlib-util-x86_64-x64-vc14-release:errno.obj
 0001:000182c0       pjlib_util_strerror        00000001400192c0 f   pjlib-util-x86_64-x64-vc14-release:errno.obj
 0001:00018d00       pj_getopt_long             0000000140019d00 f   pjlib-util-x86_64-x64-vc14-release:getopt.obj
 0001:00018d20       pj_str_unescape            0000000140019d20 f   pjlib-util-x86_64-x64-vc14-release:string.obj
 0001:00018e40       pj_strncpy2_escape         0000000140019e40 f   pjlib-util-x86_64-x64-vc14-release:string.obj
 0001:00019250       pj_dns_parse_addr_response 000000014001a250 f   pjlib-util-x86_64-x64-vc14-release:resolver.obj
 0001:00019570       pj_dns_resolver_cancel_query 000000014001a570 f   pjlib-util-x86_64-x64-vc14-release:resolver.obj
 0001:000195f0       pj_dns_resolver_destroy    000000014001a5f0 f   pjlib-util-x86_64-x64-vc14-release:resolver.obj
 0001:000197d0       pj_dns_resolver_dump       000000014001a7d0 f   pjlib-util-x86_64-x64-vc14-release:resolver.obj
 0001:00019b50       pj_dns_resolver_start_query 000000014001ab50 f   pjlib-util-x86_64-x64-vc14-release:resolver.obj
 0001:0001acd0       pj_md5_final               000000014001bcd0 f   pjlib-util-x86_64-x64-vc14-release:md5.obj
 0001:0001ad90       pj_md5_init                000000014001bd90 f   pjlib-util-x86_64-x64-vc14-release:md5.obj
 0001:0001adc0       pj_md5_update              000000014001bdc0 f   pjlib-util-x86_64-x64-vc14-release:md5.obj
 0001:0001aeb0       pj_cis_add_alpha           000000014001beb0 f   pjlib-util-x86_64-x64-vc14-release:scanner.obj
 0001:0001aee0       pj_cis_add_cis             000000014001bee0 f   pjlib-util-x86_64-x64-vc14-release:scanner.obj
 0001:0001af30       pj_cis_add_num             000000014001bf30 f   pjlib-util-x86_64-x64-vc14-release:scanner.obj
 0001:0001af40       pj_cis_add_range           000000014001bf40 f   pjlib-util-x86_64-x64-vc14-release:scanner.obj
 0001:0001b040       pj_cis_add_str             000000014001c040 f   pjlib-util-x86_64-x64-vc14-release:scanner.obj
 0001:0001b080       pj_cis_buf_init            000000014001c080 f   pjlib-util-x86_64-x64-vc14-release:scanner.obj
 0001:0001b0b0       pj_cis_del_str             000000014001c0b0 f   pjlib-util-x86_64-x64-vc14-release:scanner.obj
 0001:0001b0f0       pj_cis_dup                 000000014001c0f0 f   pjlib-util-x86_64-x64-vc14-release:scanner.obj
 0001:0001b190       pj_cis_init                000000014001c190 f   pjlib-util-x86_64-x64-vc14-release:scanner.obj
 0001:0001b1d0       pj_cis_invert              000000014001c1d0 f   pjlib-util-x86_64-x64-vc14-release:scanner.obj
 0001:0001b220       pj_scan_advance_n          000000014001c220 f   pjlib-util-x86_64-x64-vc14-release:scanner.obj
 0001:0001b250       pj_scan_fini               000000014001c250 f   pjlib-util-x86_64-x64-vc14-release:scanner.obj
 0001:0001b270       pj_scan_get                000000014001c270 f   pjlib-util-x86_64-x64-vc14-release:scanner.obj
 0001:0001b2e0       pj_scan_get_char           000000014001c2e0 f   pjlib-util-x86_64-x64-vc14-release:scanner.obj
 0001:0001b330       pj_scan_get_n              000000014001c330 f   pjlib-util-x86_64-x64-vc14-release:scanner.obj
 0001:0001b370       pj_scan_get_newline        000000014001c370 f   pjlib-util-x86_64-x64-vc14-release:scanner.obj
 0001:0001b3c0       pj_scan_get_quote          000000014001c3c0 f   pjlib-util-x86_64-x64-vc14-release:scanner.obj
 0001:0001b4d0       pj_scan_get_until_ch       000000014001c4d0 f   pjlib-util-x86_64-x64-vc14-release:scanner.obj
 0001:0001b520       pj_scan_init               000000014001c520 f   pjlib-util-x86_64-x64-vc14-release:scanner.obj
 0001:0001b5a0       pj_scan_peek               000000014001c5a0 f   pjlib-util-x86_64-x64-vc14-release:scanner.obj
 0001:0001b610       pj_scan_skip_line          000000014001c610 f   pjlib-util-x86_64-x64-vc14-release:scanner.obj
 0001:0001b650       pj_scan_skip_whitespace    000000014001c650 f   pjlib-util-x86_64-x64-vc14-release:scanner.obj
 0001:0001b730       pj_dns_get_type_name       000000014001c730 f   pjlib-util-x86_64-x64-vc14-release:dns.obj
 0001:0001b800       pj_dns_make_query          000000014001c800 f   pjlib-util-x86_64-x64-vc14-release:dns.obj
 0001:0001c990       pj_dns_srv_cancel_query    000000014001d990 f   pjlib-util-x86_64-x64-vc14-release:srv_resolver.obj
 0001:0001ca70       pj_dns_srv_resolve         000000014001da70 f   pjlib-util-x86_64-x64-vc14-release:srv_resolver.obj
 0001:0001cea0       pj_atexit                  000000014001dea0 f   pjlib-x86_64-x64-vc14-release:os_core_win32.obj
 0001:0001ced0       pj_atomic_create           000000014001ded0 f   pjlib-x86_64-x64-vc14-release:os_core_win32.obj
 0001:0001cf10       pj_atomic_dec_and_get      000000014001df10 f   pjlib-x86_64-x64-vc14-release:os_core_win32.obj
 0001:0001cf70       pj_atomic_destroy          000000014001df70 f   pjlib-x86_64-x64-vc14-release:os_core_win32.obj
 0001:0001cf80       pj_atomic_get              000000014001df80 f   pjlib-x86_64-x64-vc14-release:os_core_win32.obj
 0001:0001cff0       pj_atomic_inc              000000014001dff0 f   pjlib-x86_64-x64-vc14-release:os_core_win32.obj
 0001:0001d050       pj_atomic_inc_and_get      000000014001e050 f   pjlib-x86_64-x64-vc14-release:os_core_win32.obj
 0001:0001d0c0       pj_atomic_set              000000014001e0c0 f   pjlib-x86_64-x64-vc14-release:os_core_win32.obj
 0001:0001d130       pj_enter_critical_section  000000014001e130 f   pjlib-x86_64-x64-vc14-release:os_core_win32.obj
 0001:0001d1a0       pj_init                    000000014001e1a0 f   pjlib-x86_64-x64-vc14-release:os_core_win32.obj
 0001:0001d300       pj_leave_critical_section  000000014001e300 f   pjlib-x86_64-x64-vc14-release:os_core_win32.obj
 0001:0001d370       pj_mutex_create            000000014001e370 f   pjlib-x86_64-x64-vc14-release:os_core_win32.obj
 0001:0001d3f0       pj_mutex_create_simple     000000014001e3f0 f   pjlib-x86_64-x64-vc14-release:os_core_win32.obj
 0001:0001d3f0       pj_mutex_create_recursive  000000014001e3f0 f   pjlib-x86_64-x64-vc14-release:os_core_win32.obj
 0001:0001d470       pj_mutex_destroy           000000014001e470 f   pjlib-x86_64-x64-vc14-release:os_core_win32.obj
 0001:0001d4f0       pj_mutex_lock              000000014001e4f0 f   pjlib-x86_64-x64-vc14-release:os_core_win32.obj
 0001:0001d570       pj_mutex_trylock           000000014001e570 f   pjlib-x86_64-x64-vc14-release:os_core_win32.obj
 0001:0001d600       pj_mutex_unlock            000000014001e600 f   pjlib-x86_64-x64-vc14-release:os_core_win32.obj
 0001:0001d680       pj_rwmutex_create          000000014001e680 f   pjlib-x86_64-x64-vc14-release:os_core_win32.obj
 0001:0001d740       pj_rwmutex_destroy         000000014001e740 f   pjlib-x86_64-x64-vc14-release:os_core_win32.obj
 0001:0001d780       pj_rwmutex_lock_read       000000014001e780 f   pjlib-x86_64-x64-vc14-release:os_core_win32.obj
 0001:0001d7d0       pj_rwmutex_lock_write      000000014001e7d0 f   pjlib-x86_64-x64-vc14-release:os_core_win32.obj
 0001:0001d7f0       pj_rwmutex_unlock_read     000000014001e7f0 f   pjlib-x86_64-x64-vc14-release:os_core_win32.obj
 0001:0001d840       pj_rwmutex_unlock_write    000000014001e840 f   pjlib-x86_64-x64-vc14-release:os_core_win32.obj
 0001:0001d860       pj_sem_create              000000014001e860 f   pjlib-x86_64-x64-vc14-release:os_core_win32.obj
 0001:0001d9c0       pj_sem_destroy             000000014001e9c0 f   pjlib-x86_64-x64-vc14-release:os_core_win32.obj
 0001:0001da70       pj_sem_post                000000014001ea70 f   pjlib-x86_64-x64-vc14-release:os_core_win32.obj
 0001:0001db20       pj_sem_trywait             000000014001eb20 f   pjlib-x86_64-x64-vc14-release:os_core_win32.obj
 0001:0001db90       pj_sem_wait                000000014001eb90 f   pjlib-x86_64-x64-vc14-release:os_core_win32.obj
 0001:0001dd00       pj_shutdown                000000014001ed00 f   pjlib-x86_64-x64-vc14-release:os_core_win32.obj
 0001:0001de80       pj_term_set_color          000000014001ee80 f   pjlib-x86_64-x64-vc14-release:os_core_win32.obj
 0001:0001df80       pj_thread_check_stack      000000014001ef80 f   pjlib-x86_64-x64-vc14-release:os_core_win32.obj
 0001:0001dfe0       pj_thread_create           000000014001efe0 f   pjlib-x86_64-x64-vc14-release:os_core_win32.obj
 0001:0001e1b0       pj_thread_get_name         000000014001f1b0 f   pjlib-x86_64-x64-vc14-release:os_core_win32.obj
 0001:0001e220       pj_thread_init             000000014001f220 f   pjlib-x86_64-x64-vc14-release:os_core_win32.obj
 0001:0001e280       pj_thread_join             000000014001f280 f   pjlib-x86_64-x64-vc14-release:os_core_win32.obj
 0001:0001e380       pj_thread_local_alloc      000000014001f380 f   pjlib-x86_64-x64-vc14-release:os_core_win32.obj
 0001:0001e3f0       pj_thread_local_free       000000014001f3f0 f   pjlib-x86_64-x64-vc14-release:os_core_win32.obj
 0001:0001e450       pj_thread_local_get        000000014001f450 f   pjlib-x86_64-x64-vc14-release:os_core_win32.obj
 0001:0001e460       pj_thread_local_set        000000014001f460 f   pjlib-x86_64-x64-vc14-release:os_core_win32.obj
 0001:0001e4b0       pj_thread_register         000000014001f4b0 f   pjlib-x86_64-x64-vc14-release:os_core_win32.obj
 0001:0001e5c0       pj_thread_sleep            000000014001f5c0 f   pjlib-x86_64-x64-vc14-release:os_core_win32.obj
 0001:0001e620       pj_thread_this             000000014001f620 f   pjlib-x86_64-x64-vc14-release:os_core_win32.obj
 0001:0001e6e0       pj_errno_clear_handlers    000000014001f6e0 f   pjlib-x86_64-x64-vc14-release:errno.obj
 0001:0001e700       pj_perror                  000000014001f700 f   pjlib-x86_64-x64-vc14-release:errno.obj
 0001:0001e720       pj_perror_2                000000014001f720 f   pjlib-x86_64-x64-vc14-release:errno.obj
 0001:0001e750       pj_perror_3                000000014001f750 f   pjlib-x86_64-x64-vc14-release:errno.obj
 0001:0001e780       pj_perror_4                000000014001f780 f   pjlib-x86_64-x64-vc14-release:errno.obj
 0001:0001e8a0       pj_register_strerror       000000014001f8a0 f   pjlib-x86_64-x64-vc14-release:errno.obj
 0001:0001e9c0       pj_strerror                000000014001f9c0 f   pjlib-x86_64-x64-vc14-release:errno.obj
 0001:0001eb80       pj_list_erase              000000014001fb80 f   pjlib-x86_64-x64-vc14-release:list.obj
 0001:0001eba0       pj_list_find_node          000000014001fba0 f   pjlib-x86_64-x64-vc14-release:list.obj
 0001:0001ebd0       pj_list_insert_after       000000014001fbd0 f   pjlib-x86_64-x64-vc14-release:list.obj
 0001:0001ebf0       pj_list_insert_before      000000014001fbf0 f   pjlib-x86_64-x64-vc14-release:list.obj
 0001:0001ec10       pj_list_insert_nodes_before 000000014001fc10 f   pjlib-x86_64-x64-vc14-release:list.obj
 0001:0001ec30       pj_list_search             000000014001fc30 f   pjlib-x86_64-x64-vc14-release:list.obj
 0001:0001ec90       pj_list_size               000000014001fc90 f   pjlib-x86_64-x64-vc14-release:list.obj
 0001:0001f000       pj_grp_lock_acquire        0000000140020000 f   pjlib-x86_64-x64-vc14-release:lock.obj
 0001:0001f010       pj_grp_lock_add_handler    0000000140020010 f   pjlib-x86_64-x64-vc14-release:lock.obj
 0001:0001f090       pj_grp_lock_add_ref        0000000140020090 f   pjlib-x86_64-x64-vc14-release:lock.obj
 0001:0001f0b0       pj_grp_lock_create         00000001400200b0 f   pjlib-x86_64-x64-vc14-release:lock.obj
 0001:0001f210       pj_grp_lock_create_w_handler 0000000140020210 f   pjlib-x86_64-x64-vc14-release:lock.obj
 0001:0001f2a0       pj_grp_lock_dec_ref        00000001400202a0 f   pjlib-x86_64-x64-vc14-release:lock.obj
 0001:0001f2e0       pj_grp_lock_release        00000001400202e0 f   pjlib-x86_64-x64-vc14-release:lock.obj
 0001:0001f2f0       pj_grp_lock_tryacquire     00000001400202f0 f   pjlib-x86_64-x64-vc14-release:lock.obj
 0001:0001f300       pj_lock_acquire            0000000140020300 f   pjlib-x86_64-x64-vc14-release:lock.obj
 0001:0001f320       pj_lock_create_null_mutex  0000000140020320 f   pjlib-x86_64-x64-vc14-release:lock.obj
 0001:0001f340       pj_lock_create_recursive_mutex 0000000140020340 f   pjlib-x86_64-x64-vc14-release:lock.obj
 0001:0001f350       pj_lock_create_simple_mutex 0000000140020350 f   pjlib-x86_64-x64-vc14-release:lock.obj
 0001:0001f360       pj_lock_destroy            0000000140020360 f   pjlib-x86_64-x64-vc14-release:lock.obj
 0001:0001f380       pj_lock_release            0000000140020380 f   pjlib-x86_64-x64-vc14-release:lock.obj
 0001:0001f3a0       pj_lock_tryacquire         00000001400203a0 f   pjlib-x86_64-x64-vc14-release:lock.obj
 0001:0001f3c0       pj_gethostname             00000001400203c0 f   pjlib-x86_64-x64-vc14-release:sock_bsd.obj
 0001:0001f460       pj_htonl                   0000000140020460 f   pjlib-x86_64-x64-vc14-release:sock_bsd.obj
 0001:0001f470       pj_htons                   0000000140020470 f   pjlib-x86_64-x64-vc14-release:sock_bsd.obj
 0001:0001f480       pj_inet_aton               0000000140020480 f   pjlib-x86_64-x64-vc14-release:sock_bsd.obj
 0001:0001f510       pj_inet_ntop               0000000140020510 f   pjlib-x86_64-x64-vc14-release:sock_bsd.obj
 0001:0001f640       pj_inet_pton               0000000140020640 f   pjlib-x86_64-x64-vc14-release:sock_bsd.obj
 0001:0001f770       pj_ntohl                   0000000140020770 f   pjlib-x86_64-x64-vc14-release:sock_bsd.obj
 0001:0001f780       pj_ntohs                   0000000140020780 f   pjlib-x86_64-x64-vc14-release:sock_bsd.obj
 0001:0001f790       pj_sock_accept             0000000140020790 f   pjlib-x86_64-x64-vc14-release:sock_bsd.obj
 0001:0001f830       pj_sock_bind               0000000140020830 f   pjlib-x86_64-x64-vc14-release:sock_bsd.obj
 0001:0001f8e0       pj_sock_close              00000001400208e0 f   pjlib-x86_64-x64-vc14-release:sock_bsd.obj
 0001:0001f940       pj_sock_connect            0000000140020940 f   pjlib-x86_64-x64-vc14-release:sock_bsd.obj
 0001:0001f9d0       pj_sock_getsockname        00000001400209d0 f   pjlib-x86_64-x64-vc14-release:sock_bsd.obj
 0001:0001fa60       pj_sock_getsockopt         0000000140020a60 f   pjlib-x86_64-x64-vc14-release:sock_bsd.obj
 0001:0001fb10       pj_sock_recv               0000000140020b10 f   pjlib-x86_64-x64-vc14-release:sock_bsd.obj
 0001:0001fbb0       pj_sock_recvfrom           0000000140020bb0 f   pjlib-x86_64-x64-vc14-release:sock_bsd.obj
 0001:0001fc60       pj_sock_send               0000000140020c60 f   pjlib-x86_64-x64-vc14-release:sock_bsd.obj
 0001:0001fd00       pj_sock_sendto             0000000140020d00 f   pjlib-x86_64-x64-vc14-release:sock_bsd.obj
 0001:0001fdb0       pj_sock_setsockopt         0000000140020db0 f   pjlib-x86_64-x64-vc14-release:sock_bsd.obj
 0001:0001fe60       pj_sock_setsockopt_params  0000000140020e60 f   pjlib-x86_64-x64-vc14-release:sock_bsd.obj
 0001:0001ffa0       pj_sock_socket             0000000140020fa0 f   pjlib-x86_64-x64-vc14-release:sock_bsd.obj
 0001:000200b0       pj_NO_MEMORY_EXCEPTION     00000001400210b0 f   pjlib-x86_64-x64-vc14-release:pool.obj
 0001:000200c0       pj_pool_alloc              00000001400210c0 f   pjlib-x86_64-x64-vc14-release:pool.obj
 0001:00020110       pj_pool_allocate_find      0000000140021110 f   pjlib-x86_64-x64-vc14-release:pool.obj
 0001:00020250       pj_pool_calloc             0000000140021250 f   pjlib-x86_64-x64-vc14-release:pool.obj
 0001:000202c0       pj_pool_create             00000001400212c0 f   pjlib-x86_64-x64-vc14-release:pool.obj
 0001:00020380       pj_pool_create_int         0000000140021380 f   pjlib-x86_64-x64-vc14-release:pool.obj
 0001:00020470       pj_pool_destroy_int        0000000140021470 f   pjlib-x86_64-x64-vc14-release:pool.obj
 0001:000204b0       pj_pool_get_capacity       00000001400214b0 f   pjlib-x86_64-x64-vc14-release:pool.obj
 0001:000204c0       pj_pool_get_used_size      00000001400214c0 f   pjlib-x86_64-x64-vc14-release:pool.obj
 0001:00020500       pj_pool_getobjname         0000000140021500 f   pjlib-x86_64-x64-vc14-release:pool.obj
 0001:00020510       pj_pool_init_int           0000000140021510 f   pjlib-x86_64-x64-vc14-release:pool.obj
 0001:000205b0       pj_pool_release            00000001400215b0 f   pjlib-x86_64-x64-vc14-release:pool.obj
 0001:000205d0       pj_pool_reset              00000001400215d0 f   pjlib-x86_64-x64-vc14-release:pool.obj
 0001:000205f0       pj_pool_safe_release       00000001400215f0 f   pjlib-x86_64-x64-vc14-release:pool.obj
 0001:00020b00       pj_caching_pool_destroy    0000000140021b00 f   pjlib-x86_64-x64-vc14-release:pool_caching.obj
 0001:00020c10       pj_caching_pool_init       0000000140021c10 f   pjlib-x86_64-x64-vc14-release:pool_caching.obj
 0001:00020d20       pj_str                     0000000140021d20 f   pjlib-x86_64-x64-vc14-release:string.obj
 0001:00020d50       pj_strcat                  0000000140021d50 f   pjlib-x86_64-x64-vc14-release:string.obj
 0001:00020d90       pj_strcat2                 0000000140021d90 f   pjlib-x86_64-x64-vc14-release:string.obj
 0001:00020de0       pj_strcmp                  0000000140021de0 f   pjlib-x86_64-x64-vc14-release:string.obj
 0001:00020e60       pj_strcpy                  0000000140021e60 f   pjlib-x86_64-x64-vc14-release:string.obj
 0001:00020e90       pj_strcpy2                 0000000140021e90 f   pjlib-x86_64-x64-vc14-release:string.obj
 0001:00020ed0       pj_strdup                  0000000140021ed0 f   pjlib-x86_64-x64-vc14-release:string.obj
 0001:00020f20       pj_strdup2                 0000000140021f20 f   pjlib-x86_64-x64-vc14-release:string.obj
 0001:00020fa0       pj_strdup_with_null        0000000140021fa0 f   pjlib-x86_64-x64-vc14-release:string.obj
 0001:00020ff0       pj_stricmp                 0000000140021ff0 f   pjlib-x86_64-x64-vc14-release:string.obj
 0001:00021080       pj_stricmp2                0000000140022080 f   pjlib-x86_64-x64-vc14-release:string.obj
 0001:00021130       pj_strncpy                 0000000140022130 f   pjlib-x86_64-x64-vc14-release:string.obj
 0001:00021180       pj_strncpy_with_null       0000000140022180 f   pjlib-x86_64-x64-vc14-release:string.obj
 0001:000211d0       pj_strnicmp                00000001400221d0 f   pjlib-x86_64-x64-vc14-release:string.obj
 0001:00021220       pj_strstr                  0000000140022220 f   pjlib-x86_64-x64-vc14-release:string.obj
 0001:000212b0       pj_strtol2                 00000001400222b0 f   pjlib-x86_64-x64-vc14-release:string.obj
 0001:00021490       pj_strtoul                 0000000140022490 f   pjlib-x86_64-x64-vc14-release:string.obj
 0001:00021520       pj_strtrim                 0000000140022520 f   pjlib-x86_64-x64-vc14-release:string.obj
 0001:000215c0       pj_utoa                    00000001400225c0 f   pjlib-x86_64-x64-vc14-release:string.obj
 0001:000215d0       pj_utoa_pad                00000001400225d0 f   pjlib-x86_64-x64-vc14-release:string.obj
 0001:00021690       pj_gethostip               0000000140022690 f   pjlib-x86_64-x64-vc14-release:sock_common.obj
 0001:00021f30       pj_getipinterface          0000000140022f30 f   pjlib-x86_64-x64-vc14-release:sock_common.obj
 0001:000221e0       pj_sockaddr_cmp            00000001400231e0 f   pjlib-x86_64-x64-vc14-release:sock_common.obj
 0001:00022330       pj_sockaddr_cp             0000000140023330 f   pjlib-x86_64-x64-vc14-release:sock_common.obj
 0001:00022380       pj_sockaddr_get_addr       0000000140023380 f   pjlib-x86_64-x64-vc14-release:sock_common.obj
 0001:000223b0       pj_sockaddr_get_len        00000001400233b0 f   pjlib-x86_64-x64-vc14-release:sock_common.obj
 0001:000223e0       pj_sockaddr_get_port       00000001400233e0 f   pjlib-x86_64-x64-vc14-release:sock_common.obj
 0001:00022410       pj_sockaddr_in_init        0000000140023410 f   pjlib-x86_64-x64-vc14-release:sock_common.obj
 0001:00022480       pj_sockaddr_in_set_str_addr 0000000140023480 f   pjlib-x86_64-x64-vc14-release:sock_common.obj
 0001:00022560       pj_sockaddr_init           0000000140023560 f   pjlib-x86_64-x64-vc14-release:sock_common.obj
 0001:00022640       pj_sockaddr_print          0000000140023640 f   pjlib-x86_64-x64-vc14-release:sock_common.obj
 0001:000227b0       pj_sockaddr_set_port       00000001400237b0 f   pjlib-x86_64-x64-vc14-release:sock_common.obj
 0001:00022800       pj_sockaddr_set_str_addr   0000000140023800 f   pjlib-x86_64-x64-vc14-release:sock_common.obj
 0001:00022930       pj_log                     0000000140023930 f   pjlib-x86_64-x64-vc14-release:log.obj
 0001:00022ec0       pj_log_1                   0000000140023ec0 f   pjlib-x86_64-x64-vc14-release:log.obj
 0001:00022ef0       pj_log_2                   0000000140023ef0 f   pjlib-x86_64-x64-vc14-release:log.obj
 0001:00022f20       pj_log_3                   0000000140023f20 f   pjlib-x86_64-x64-vc14-release:log.obj
 0001:00022f50       pj_log_4                   0000000140023f50 f   pjlib-x86_64-x64-vc14-release:log.obj
 0001:00022f80       pj_log_5                   0000000140023f80 f   pjlib-x86_64-x64-vc14-release:log.obj
 0001:00022fb0       pj_log_get_color           0000000140023fb0 f   pjlib-x86_64-x64-vc14-release:log.obj
 0001:00023020       pj_log_get_decor           0000000140024020 f   pjlib-x86_64-x64-vc14-release:log.obj
 0001:00023030       pj_log_get_level           0000000140024030 f   pjlib-x86_64-x64-vc14-release:log.obj
 0001:00023040       pj_log_init                0000000140024040 f   pjlib-x86_64-x64-vc14-release:log.obj
 0001:000230b0       pj_log_pop_indent          00000001400240b0 f   pjlib-x86_64-x64-vc14-release:log.obj
 0001:000230e0       pj_log_push_indent         00000001400240e0 f   pjlib-x86_64-x64-vc14-release:log.obj
 0001:00023110       pj_log_set_level           0000000140024110 f   pjlib-x86_64-x64-vc14-release:log.obj
 0001:000236d0       pj_enum_ip_interface       00000001400246d0 f   pjlib-x86_64-x64-vc14-release:ip_helper_win32.obj
 0001:000239c0       ioqueue_dispatch_exception_event 00000001400249c0 f   pjlib-x86_64-x64-vc14-release:ioqueue_select.obj
 0001:00023b20       ioqueue_dispatch_read_event 0000000140024b20 f   pjlib-x86_64-x64-vc14-release:ioqueue_select.obj
 0001:00023db0       ioqueue_dispatch_write_event 0000000140024db0 f   pjlib-x86_64-x64-vc14-release:ioqueue_select.obj
 0001:000241c0       pj_ioqueue_create          00000001400251c0 f   pjlib-x86_64-x64-vc14-release:ioqueue_select.obj
 0001:000243c0       pj_ioqueue_destroy         00000001400253c0 f   pjlib-x86_64-x64-vc14-release:ioqueue_select.obj
 0001:000244a0       pj_ioqueue_get_user_data   00000001400254a0 f   pjlib-x86_64-x64-vc14-release:ioqueue_select.obj
 0001:000244b0       pj_ioqueue_is_pending      00000001400254b0 f   pjlib-x86_64-x64-vc14-release:ioqueue_select.obj
 0001:000244c0       pj_ioqueue_op_key_init     00000001400254c0 f   pjlib-x86_64-x64-vc14-release:ioqueue_select.obj
 0001:000244d0       pj_ioqueue_poll            00000001400254d0 f   pjlib-x86_64-x64-vc14-release:ioqueue_select.obj
 0001:00024960       pj_ioqueue_recvfrom        0000000140025960 f   pjlib-x86_64-x64-vc14-release:ioqueue_select.obj
 0001:00024b20       pj_ioqueue_register_sock2  0000000140025b20 f   pjlib-x86_64-x64-vc14-release:ioqueue_select.obj
 0001:00024c90       pj_ioqueue_sendto          0000000140025c90 f   pjlib-x86_64-x64-vc14-release:ioqueue_select.obj
 0001:00024eb0       pj_ioqueue_set_lock        0000000140025eb0 f   pjlib-x86_64-x64-vc14-release:ioqueue_select.obj
 0001:00024f20       pj_ioqueue_unregister      0000000140025f20 f   pjlib-x86_64-x64-vc14-release:ioqueue_select.obj
 0001:00025150       pj_exception_id_alloc      0000000140026150 f   pjlib-x86_64-x64-vc14-release:except.obj
 0001:000251c0       pj_exception_id_free       00000001400261c0 f   pjlib-x86_64-x64-vc14-release:except.obj
 0001:00025200       pj_exception_id_name       0000000140026200 f   pjlib-x86_64-x64-vc14-release:except.obj
 0001:00025250       pj_pop_exception_handler_  0000000140026250 f   pjlib-x86_64-x64-vc14-release:except.obj
 0001:00025290       pj_push_exception_handler_ 0000000140026290 f   pjlib-x86_64-x64-vc14-release:except.obj
 0001:000252f0       pj_throw_exception_        00000001400262f0 f   pjlib-x86_64-x64-vc14-release:except.obj
 0001:000253b0       pj_get_timestamp           00000001400263b0 f   pjlib-x86_64-x64-vc14-release:os_timestamp_win32.obj
 0001:00025410       pj_get_timestamp_freq      0000000140026410 f   pjlib-x86_64-x64-vc14-release:os_timestamp_win32.obj
 0001:00025470       pj_hash_calc               0000000140026470 f   pjlib-x86_64-x64-vc14-release:hash.obj
 0001:00025530       pj_hash_calc_tolower       0000000140026530 f   pjlib-x86_64-x64-vc14-release:hash.obj
 0001:000255b0       pj_hash_count              00000001400265b0 f   pjlib-x86_64-x64-vc14-release:hash.obj
 0001:000255c0       pj_hash_create             00000001400265c0 f   pjlib-x86_64-x64-vc14-release:hash.obj
 0001:00025630       pj_hash_first              0000000140026630 f   pjlib-x86_64-x64-vc14-release:hash.obj
 0001:00025670       pj_hash_get                0000000140026670 f   pjlib-x86_64-x64-vc14-release:hash.obj
 0001:000257a0       pj_hash_get_lower          00000001400267a0 f   pjlib-x86_64-x64-vc14-release:hash.obj
 0001:00025900       pj_hash_next               0000000140026900 f   pjlib-x86_64-x64-vc14-release:hash.obj
 0001:00025960       pj_hash_set                0000000140026960 f   pjlib-x86_64-x64-vc14-release:hash.obj
 0001:00025b00       pj_hash_set_lower          0000000140026b00 f   pjlib-x86_64-x64-vc14-release:hash.obj
 0001:00025cb0       pj_hash_set_np             0000000140026cb0 f   pjlib-x86_64-x64-vc14-release:hash.obj
 0001:00025e30       pj_hash_this               0000000140026e30 f   pjlib-x86_64-x64-vc14-release:hash.obj
 0001:00025fb0       pj_timer_entry_running     0000000140026fb0 f   pjlib-x86_64-x64-vc14-release:timer.obj
 0001:00025fc0       pj_timer_heap_cancel       0000000140026fc0 f   pjlib-x86_64-x64-vc14-release:timer.obj
 0001:00026050       pj_timer_heap_cancel_if_active 0000000140027050 f   pjlib-x86_64-x64-vc14-release:timer.obj
 0001:000260f0       pj_timer_heap_count        00000001400270f0 f   pjlib-x86_64-x64-vc14-release:timer.obj
 0001:00026100       pj_timer_heap_create       0000000140027100 f   pjlib-x86_64-x64-vc14-release:timer.obj
 0001:00026210       pj_timer_heap_destroy      0000000140027210 f   pjlib-x86_64-x64-vc14-release:timer.obj
 0001:00026240       pj_timer_heap_poll         0000000140027240 f   pjlib-x86_64-x64-vc14-release:timer.obj
 0001:000263c0       pj_timer_heap_schedule     00000001400273c0 f   pjlib-x86_64-x64-vc14-release:timer.obj
 0001:000264a0       pj_timer_heap_schedule_w_grp_lock 00000001400274a0 f   pjlib-x86_64-x64-vc14-release:timer.obj
 0001:000264d0       pj_timer_heap_set_lock     00000001400274d0 f   pjlib-x86_64-x64-vc14-release:timer.obj
 0001:00026530       pj_timer_heap_set_max_timed_out_per_poll 0000000140027530 f   pjlib-x86_64-x64-vc14-release:timer.obj
 0001:00026a10       pj_get_netos_error         0000000140027a10 f   pjlib-x86_64-x64-vc14-release:os_error_win32.obj
 0001:00026a40       platform_strerror          0000000140027a40 f   pjlib-x86_64-x64-vc14-release:os_error_win32.obj
 0001:00026b70       pj_GUID_STRING_LENGTH      0000000140027b70 f   pjlib-x86_64-x64-vc14-release:guid_win32.obj
 0001:00026b80       pj_generate_unique_string  0000000140027b80 f   pjlib-x86_64-x64-vc14-release:guid_win32.obj
 0001:00026c60       pj_create_unique_string    0000000140027c60 f   pjlib-x86_64-x64-vc14-release:guid.obj
 0001:00026c90       pj_rand                    0000000140027c90 f   pjlib-x86_64-x64-vc14-release:rand.obj
 0001:00026cd0       pj_qos_get_params          0000000140027cd0 f   pjlib-x86_64-x64-vc14-release:sock_qos_common.obj
 0001:00026d00       pj_sock_apply_qos          0000000140027d00 f   pjlib-x86_64-x64-vc14-release:sock_qos_common.obj
 0001:00026df0       pj_sock_apply_qos2         0000000140027df0 f   pjlib-x86_64-x64-vc14-release:sock_qos_common.obj
 0001:00026ed0       pj_gettimeofday            0000000140027ed0 f   pjlib-x86_64-x64-vc14-release:os_time_win32.obj
 0001:00026f70       pj_time_decode             0000000140027f70 f   pjlib-x86_64-x64-vc14-release:os_time_win32.obj
 0001:00027020       pj_time_val_normalize      0000000140028020 f   pjlib-x86_64-x64-vc14-release:types.obj
 0001:000270d0       pj_getaddrinfo             00000001400280d0 f   pjlib-x86_64-x64-vc14-release:addr_resolv_sock.obj
 0001:00027250       pj_gethostbyname           0000000140028250 f   pjlib-x86_64-x64-vc14-release:addr_resolv_sock.obj
 0001:00027310       pj_pool_create_on_buf      0000000140028310 f   pjlib-x86_64-x64-vc14-release:pool_buf.obj
 0001:00027480       pj_log_write               0000000140028480 f   pjlib-x86_64-x64-vc14-release:log_writer_stdout.obj
 0001:00027500       pj_gettickcount            0000000140028500 f   pjlib-x86_64-x64-vc14-release:os_timestamp_common.obj
 0001:000275c0       PJ_FD_CLR                  00000001400285c0 f   pjlib-x86_64-x64-vc14-release:sock_select.obj
 0001:00027670       PJ_FD_ISSET                0000000140028670 f   pjlib-x86_64-x64-vc14-release:sock_select.obj
 0001:000276b0       PJ_FD_SET                  00000001400286b0 f   pjlib-x86_64-x64-vc14-release:sock_select.obj
 0001:00027740       PJ_FD_ZERO                 0000000140028740 f   pjlib-x86_64-x64-vc14-release:sock_select.obj
 0001:00027770       pj_sock_select             0000000140028770 f   pjlib-x86_64-x64-vc14-release:sock_select.obj
 0001:00027810       pj_sock_set_qos_params     0000000140028810 f   pjlib-x86_64-x64-vc14-release:sock_qos_bsd.obj
 0001:00027940       pj_sock_set_qos_type       0000000140028940 f   pjlib-x86_64-x64-vc14-release:sock_qos_bsd.obj
 0001:0002796e       __WSAFDIsSet               000000014002896e f   ws2_32:WS2_32.dll
 0001:00027974       __GSHandlerCheck           0000000140028974 f   MSVCRT:_gshandler_.obj
 0001:00027994       __GSHandlerCheckCommon     0000000140028994 f   MSVCRT:_gshandler_.obj
 0001:00027a00       __security_check_cookie    0000000140028a00 f   MSVCRT:_amdsecgs_.obj
 0001:00027c8c       mainCRTStartup             0000000140028c8c f   MSVCRT:exe_main.obj
 0001:00027ca0       __raise_securityfailure    0000000140028ca0 f   MSVCRT:gs_report.obj
 0001:00027cd4       __report_gsfailure         0000000140028cd4 f   MSVCRT:gs_report.obj
 0001:00027da8       __report_rangecheckfailure 0000000140028da8 f   MSVCRT:gs_report.obj
 0001:00027dbc       __report_securityfailure   0000000140028dbc f   MSVCRT:gs_report.obj
 0001:00027f3c       __isa_available_init       0000000140028f3c f   MSVCRT:_cpu_disp_.obj
 0001:00028110       __chkstk                   0000000140029110 f   MSVCRT:_chkstk_.obj
 0001:00028110       _alloca_probe              0000000140029110 f   MSVCRT:_chkstk_.obj
 0001:00028164       __scrt_acquire_startup_lock 0000000140029164 f   MSVCRT:utility.obj
 0001:000281a0       __scrt_initialize_crt      00000001400291a0 f   MSVCRT:utility.obj
 0001:000281ec       __scrt_initialize_onexit_tables 00000001400291ec f   MSVCRT:utility.obj
 0001:000282b8       __scrt_is_nonwritable_in_current_image 00000001400292b8 f   MSVCRT:utility.obj
 0001:00028354       __scrt_release_startup_lock 0000000140029354 f   MSVCRT:utility.obj
 0001:00028378       __scrt_uninitialize_crt    0000000140029378 f   MSVCRT:utility.obj
 0001:000283a4       _onexit                    00000001400293a4 f   MSVCRT:utility.obj
 0001:000283f4       atexit                     00000001400293f4 f   MSVCRT:utility.obj
 0001:0002840c       __security_init_cookie     000000014002940c f   MSVCRT:gs_support.obj
 0001:000284c0       _get_startup_thread_locale_mode 00000001400294c0 f   MSVCRT:thread_locale.obj
 0001:000284c0       _matherr                   00000001400294c0 f   MSVCRT:matherr.obj
 0001:000284c0       _get_startup_commit_mode   00000001400294c0 f   MSVCRT:commit_mode.obj
 0001:000284c0       __scrt_initialize_winrt    00000001400294c0 f   MSVCRT:utility_desktop.obj
 0001:000284c0       _get_startup_new_mode      00000001400294c0 f   MSVCRT:new_mode.obj
 0001:000284c4       _get_startup_argv_mode     00000001400294c4 f   MSVCRT:argv_mode.obj
 0001:000284cc       _get_startup_file_mode     00000001400294cc f   MSVCRT:file_mode.obj
 0001:000284d4       ?__scrt_initialize_type_info@@YAXXZ 00000001400294d4 f   MSVCRT:tncleanup.obj
 0001:000284e4       _initialize_invalid_parameter_handler 00000001400294e4 f   MSVCRT:invalid_parameter_handler.obj
 0001:000284e4       _guard_check_icall_nop     00000001400294e4 f   MSVCRT:guard_support.obj
 0001:000284e4       _initialize_denormal_control 00000001400294e4 f   MSVCRT:denormal_control.obj
 0001:000284e8       __local_stdio_scanf_options 00000001400294e8 f i MSVCRT:default_local_stdio_options.obj
 0001:000284f0       __scrt_initialize_default_local_stdio_options 00000001400294f0 f   MSVCRT:default_local_stdio_options.obj
 0001:0002850c       __scrt_is_user_matherr_present 000000014002950c f   MSVCRT:matherr_detection.obj
 0001:00028518       __scrt_get_dyn_tls_init_callback 0000000140029518 f   MSVCRT:dyn_tls_init.obj
 0001:00028520       __scrt_get_dyn_tls_dtor_callback 0000000140029520 f   MSVCRT:dyn_tls_dtor.obj
 0001:00028528       __scrt_fastfail            0000000140029528 f   MSVCRT:utility_desktop.obj
 0001:00028670       __scrt_is_managed_app      0000000140029670 f   MSVCRT:utility_desktop.obj
 0001:000286c4       __scrt_set_unhandled_exception_filter 00000001400296c4 f   MSVCRT:utility_desktop.obj
 0001:000286d4       __scrt_unhandled_exception_filter 00000001400296d4 f   MSVCRT:utility_desktop.obj
 0001:0002870c       _RTC_Initialize            000000014002970c f   MSVCRT:_initsect_.obj
 0001:00028758       _RTC_Terminate             0000000140029758 f   MSVCRT:_initsect_.obj
 0001:000287a4       _guard_check_icall         00000001400297a4 f i MSVCRT:checkcfg.obj
 0001:000287ac       __scrt_is_ucrt_dll_in_use  00000001400297ac f   MSVCRT:ucrt_detection.obj
 0001:000287c0       IsProcessorFeaturePresent  00000001400297c0 f   kernel32:KERNEL32.dll
 0001:000287c6       memset                     00000001400297c6 f   vcruntime:VCRUNTIME140.dll
 0001:000287cc       memcmp                     00000001400297cc f   vcruntime:VCRUNTIME140.dll
 0001:000287d2       memcpy                     00000001400297d2 f   vcruntime:VCRUNTIME140.dll
 0001:000287d8       longjmp                    00000001400297d8 f   vcruntime:VCRUNTIME140.dll
 0001:000287de       __telemetry_main_invoke_trigger 00000001400297de f   vcruntime:VCRUNTIME140.dll
 0001:000287e4       __telemetry_main_return_trigger 00000001400297e4 f   vcruntime:VCRUNTIME140.dll
 0001:000287ea       __C_specific_handler       00000001400297ea f   vcruntime:VCRUNTIME140.dll
 0001:000287f0       __intrinsic_setjmp         00000001400297f0 f   vcruntime:VCRUNTIME140.dll
 0001:000287f0       _setjmp                    00000001400297f0 f   vcruntime:VCRUNTIME140.dll
 0001:000287f6       fmod                       00000001400297f6 f   ucrt:api-ms-win-crt-math-l1-1-0.dll
 0001:000287fc       _seh_filter_exe            00000001400297fc f   ucrt:api-ms-win-crt-runtime-l1-1-0.dll
 0001:00028802       _set_app_type              0000000140029802 f   ucrt:api-ms-win-crt-runtime-l1-1-0.dll
 0001:00028808       __setusermatherr           0000000140029808 f   ucrt:api-ms-win-crt-math-l1-1-0.dll
 0001:0002880e       _configure_narrow_argv     000000014002980e f   ucrt:api-ms-win-crt-runtime-l1-1-0.dll
 0001:00028814       _initialize_narrow_environment 0000000140029814 f   ucrt:api-ms-win-crt-runtime-l1-1-0.dll
 0001:0002881a       _get_initial_narrow_environment 000000014002981a f   ucrt:api-ms-win-crt-runtime-l1-1-0.dll
 0001:00028820       _initterm                  0000000140029820 f   ucrt:api-ms-win-crt-runtime-l1-1-0.dll
 0001:00028826       _initterm_e                0000000140029826 f   ucrt:api-ms-win-crt-runtime-l1-1-0.dll
 0001:0002882c       exit                       000000014002982c f   ucrt:api-ms-win-crt-runtime-l1-1-0.dll
 0001:00028832       _exit                      0000000140029832 f   ucrt:api-ms-win-crt-runtime-l1-1-0.dll
 0001:00028838       _set_fmode                 0000000140029838 f   ucrt:api-ms-win-crt-stdio-l1-1-0.dll
 0001:0002883e       __p___argc                 000000014002983e f   ucrt:api-ms-win-crt-runtime-l1-1-0.dll
 0001:00028844       __p___argv                 0000000140029844 f   ucrt:api-ms-win-crt-runtime-l1-1-0.dll
 0001:0002884a       _cexit                     000000014002984a f   ucrt:api-ms-win-crt-runtime-l1-1-0.dll
 0001:00028850       _c_exit                    0000000140029850 f   ucrt:api-ms-win-crt-runtime-l1-1-0.dll
 0001:00028856       _register_thread_local_exe_atexit_callback 0000000140029856 f   ucrt:api-ms-win-crt-runtime-l1-1-0.dll
 0001:0002885c       _configthreadlocale        000000014002985c f   ucrt:api-ms-win-crt-locale-l1-1-0.dll
 0001:00028862       _set_new_mode              0000000140029862 f   ucrt:api-ms-win-crt-heap-l1-1-0.dll
 0001:00028868       __p__commode               0000000140029868 f   ucrt:api-ms-win-crt-stdio-l1-1-0.dll
 0001:0002886e       _initialize_onexit_table   000000014002986e f   ucrt:api-ms-win-crt-runtime-l1-1-0.dll
 0001:00028874       _register_onexit_function  0000000140029874 f   ucrt:api-ms-win-crt-runtime-l1-1-0.dll
 0001:0002887a       _crt_atexit                000000014002987a f   ucrt:api-ms-win-crt-runtime-l1-1-0.dll
 0001:00028880       terminate                  0000000140029880 f   ucrt:api-ms-win-crt-runtime-l1-1-0.dll
 0001:00028888       __scrt_stub_for_acrt_uninitialize 0000000140029888 f   MSVCRT:ucrt_stubs.obj
 0001:00028888       __scrt_stub_for_acrt_initialize 0000000140029888 f   MSVCRT:ucrt_stubs.obj
 0001:00028888       __vcrt_initialize          0000000140029888 f   MSVCRT:ucrt_stubs.obj
 0001:00028888       __acrt_initialize          0000000140029888 f   MSVCRT:ucrt_stubs.obj
 0001:00028888       __acrt_uninitialize        0000000140029888 f   MSVCRT:ucrt_stubs.obj
 0001:00028888       __vcrt_uninitialize        0000000140029888 f   MSVCRT:ucrt_stubs.obj
 0001:000288a0       _guard_dispatch_icall_nop  00000001400298a0 f   MSVCRT:_guard_dispatch_.obj
 0002:00000000       __imp_RtlVirtualUnwind     000000014002a000     kernel32:KERNEL32.dll
 0002:00000008       __imp_GetModuleHandleW     000000014002a008     kernel32:KERNEL32.dll
 0002:00000010       __imp_IsDebuggerPresent    000000014002a010     kernel32:KERNEL32.dll
 0002:00000018       __imp_InitializeSListHead  000000014002a018     kernel32:KERNEL32.dll
 0002:00000020       __imp_GetSystemTimeAsFileTime 000000014002a020     kernel32:KERNEL32.dll
 0002:00000028       __imp_IsProcessorFeaturePresent 000000014002a028     kernel32:KERNEL32.dll
 0002:00000030       __imp_TerminateProcess     000000014002a030     kernel32:KERNEL32.dll
 0002:00000038       __imp_GetCurrentProcess    000000014002a038     kernel32:KERNEL32.dll
 0002:00000040       __imp_SetUnhandledExceptionFilter 000000014002a040     kernel32:KERNEL32.dll
 0002:00000048       __imp_UnhandledExceptionFilter 000000014002a048     kernel32:KERNEL32.dll
 0002:00000050       __imp_RtlLookupFunctionEntry 000000014002a050     kernel32:KERNEL32.dll
 0002:00000058       __imp_RtlCaptureContext    000000014002a058     kernel32:KERNEL32.dll
 0002:00000060       __imp_SystemTimeToFileTime 000000014002a060     kernel32:KERNEL32.dll
 0002:00000068       __imp_FileTimeToSystemTime 000000014002a068     kernel32:KERNEL32.dll
 0002:00000070       __imp_GetLocalTime         000000014002a070     kernel32:KERNEL32.dll
 0002:00000078       __imp_FormatMessageA       000000014002a078     kernel32:KERNEL32.dll
 0002:00000080       __imp_QueryPerformanceFrequency 000000014002a080     kernel32:KERNEL32.dll
 0002:00000088       __imp_QueryPerformanceCounter 000000014002a088     kernel32:KERNEL32.dll
 0002:00000090       __imp_LoadLibraryA         000000014002a090     kernel32:KERNEL32.dll
 0002:00000098       __imp_GetProcAddress       000000014002a098     kernel32:KERNEL32.dll
 0002:000000a0       __imp_FreeLibrary          000000014002a0a0     kernel32:KERNEL32.dll
 0002:000000a8       __imp_SetConsoleTextAttribute 000000014002a0a8     kernel32:KERNEL32.dll
 0002:000000b0       __imp_CreateSemaphoreA     000000014002a0b0     kernel32:KERNEL32.dll
 0002:000000b8       __imp_TlsFree              000000014002a0b8     kernel32:KERNEL32.dll
 0002:000000c0       __imp_TlsSetValue          000000014002a0c0     kernel32:KERNEL32.dll
 0002:000000c8       __imp_TlsGetValue          000000014002a0c8     kernel32:KERNEL32.dll
 0002:000000d0       __imp_TlsAlloc             000000014002a0d0     kernel32:KERNEL32.dll
 0002:000000d8       __imp_GetCurrentThreadId   000000014002a0d8     kernel32:KERNEL32.dll
 0002:000000e0       __imp_GetStdHandle         000000014002a0e0     kernel32:KERNEL32.dll
 0002:000000e8       __imp_CloseHandle          000000014002a0e8     kernel32:KERNEL32.dll
 0002:000000f0       __imp_GetLastError         000000014002a0f0     kernel32:KERNEL32.dll
 0002:000000f8       __imp_InitializeCriticalSection 000000014002a0f8     kernel32:KERNEL32.dll
 0002:00000100       __imp_EnterCriticalSection 000000014002a100     kernel32:KERNEL32.dll
 0002:00000108       __imp_LeaveCriticalSection 000000014002a108     kernel32:KERNEL32.dll
 0002:00000110       __imp_TryEnterCriticalSection 000000014002a110     kernel32:KERNEL32.dll
 0002:00000118       __imp_DeleteCriticalSection 000000014002a118     kernel32:KERNEL32.dll
 0002:00000120       __imp_ReleaseSemaphore     000000014002a120     kernel32:KERNEL32.dll
 0002:00000128       __imp_WaitForSingleObject  000000014002a128     kernel32:KERNEL32.dll
 0002:00000130       __imp_Sleep                000000014002a130     kernel32:KERNEL32.dll
 0002:00000138       __imp_GetCurrentProcessId  000000014002a138     kernel32:KERNEL32.dll
 0002:00000140       __imp_CreateThread         000000014002a140     kernel32:KERNEL32.dll
 0002:00000148       __imp_GetCurrentThread     000000014002a148     kernel32:KERNEL32.dll
 0002:00000150       \177KERNEL32_NULL_THUNK_DATA 000000014002a150     kernel32:KERNEL32.dll
 0002:00000158       __imp___intrinsic_setjmp   000000014002a158     vcruntime:VCRUNTIME140.dll
 0002:00000160       __imp___telemetry_main_return_trigger 000000014002a160     vcruntime:VCRUNTIME140.dll
 0002:00000168       __imp___telemetry_main_invoke_trigger 000000014002a168     vcruntime:VCRUNTIME140.dll
 0002:00000170       __imp_longjmp              000000014002a170     vcruntime:VCRUNTIME140.dll
 0002:00000178       __imp_strchr               000000014002a178     vcruntime:VCRUNTIME140.dll
 0002:00000180       __imp_memmove              000000014002a180     vcruntime:VCRUNTIME140.dll
 0002:00000188       __imp_memcpy               000000014002a188     vcruntime:VCRUNTIME140.dll
 0002:00000190       __imp_memcmp               000000014002a190     vcruntime:VCRUNTIME140.dll
 0002:00000198       __imp_memchr               000000014002a198     vcruntime:VCRUNTIME140.dll
 0002:000001a0       __imp_memset               000000014002a1a0     vcruntime:VCRUNTIME140.dll
 0002:000001a8       __imp___C_specific_handler 000000014002a1a8     vcruntime:VCRUNTIME140.dll
 0002:000001b0       \177VCRUNTIME140_NULL_THUNK_DATA 000000014002a1b0     vcruntime:VCRUNTIME140.dll
 0002:000001b8       __imp_sendto               000000014002a1b8     ws2_32:WS2_32.dll
 0002:000001c0       __imp_send                 000000014002a1c0     ws2_32:WS2_32.dll
 0002:000001c8       __imp_recvfrom             000000014002a1c8     ws2_32:WS2_32.dll
 0002:000001d0       __imp_recv                 000000014002a1d0     ws2_32:WS2_32.dll
 0002:000001d8       __imp_ntohs                000000014002a1d8     ws2_32:WS2_32.dll
 0002:000001e0       __imp_ntohl                000000014002a1e0     ws2_32:WS2_32.dll
 0002:000001e8       __imp_inet_addr            000000014002a1e8     ws2_32:WS2_32.dll
 0002:000001f0       __imp_htons                000000014002a1f0     ws2_32:WS2_32.dll
 0002:000001f8       __imp_setsockopt           000000014002a1f8     ws2_32:WS2_32.dll
 0002:00000200       __imp_getsockopt           000000014002a200     ws2_32:WS2_32.dll
 0002:00000208       __imp_getsockname          000000014002a208     ws2_32:WS2_32.dll
 0002:00000210       __imp_connect              000000014002a210     ws2_32:WS2_32.dll
 0002:00000218       __imp_closesocket          000000014002a218     ws2_32:WS2_32.dll
 0002:00000220       __imp_bind                 000000014002a220     ws2_32:WS2_32.dll
 0002:00000228       __imp_accept               000000014002a228     ws2_32:WS2_32.dll
 0002:00000230       __imp_WSAGetLastError      000000014002a230     ws2_32:WS2_32.dll
 0002:00000238       __imp_WSACleanup           000000014002a238     ws2_32:WS2_32.dll
 0002:00000240       __imp_WSAStartup           000000014002a240     ws2_32:WS2_32.dll
 0002:00000248       __imp_gethostname          000000014002a248     ws2_32:WS2_32.dll
 0002:00000250       __imp_WSAIoctl             000000014002a250     ws2_32:WS2_32.dll
 0002:00000258       __imp_WSASocketA           000000014002a258     ws2_32:WS2_32.dll
 0002:00000260       __imp_WSAAddressToStringA  000000014002a260     ws2_32:WS2_32.dll
 0002:00000268       __imp_WSAStringToAddressA  000000014002a268     ws2_32:WS2_32.dll
 0002:00000270       __imp_ioctlsocket          000000014002a270     ws2_32:WS2_32.dll
 0002:00000278       __imp_gethostbyname        000000014002a278     ws2_32:WS2_32.dll
 0002:00000280       __imp___WSAFDIsSet         000000014002a280     ws2_32:WS2_32.dll
 0002:00000288       __imp_select               000000014002a288     ws2_32:WS2_32.dll
 0002:00000290       __imp_htonl                000000014002a290     ws2_32:WS2_32.dll
 0002:00000298       \177WS2_32_NULL_THUNK_DATA 000000014002a298     ws2_32:WS2_32.dll
 0002:000002a0       __imp_atoi                 000000014002a2a0     ucrt:api-ms-win-crt-convert-l1-1-0.dll
 0002:000002a8       \177api-ms-win-crt-convert-l1-1-0_NULL_THUNK_DATA 000000014002a2a8     ucrt:api-ms-win-crt-convert-l1-1-0.dll
 0002:000002b0       __imp__set_new_mode        000000014002a2b0     ucrt:api-ms-win-crt-heap-l1-1-0.dll
 0002:000002b8       __imp_free                 000000014002a2b8     ucrt:api-ms-win-crt-heap-l1-1-0.dll
 0002:000002c0       __imp_malloc               000000014002a2c0     ucrt:api-ms-win-crt-heap-l1-1-0.dll
 0002:000002c8       \177api-ms-win-crt-heap-l1-1-0_NULL_THUNK_DATA 000000014002a2c8     ucrt:api-ms-win-crt-heap-l1-1-0.dll
 0002:000002d0       __imp__configthreadlocale  000000014002a2d0     ucrt:api-ms-win-crt-locale-l1-1-0.dll
 0002:000002d8       \177api-ms-win-crt-locale-l1-1-0_NULL_THUNK_DATA 000000014002a2d8     ucrt:api-ms-win-crt-locale-l1-1-0.dll
 0002:000002e0       __imp___setusermatherr     000000014002a2e0     ucrt:api-ms-win-crt-math-l1-1-0.dll
 0002:000002e8       __imp_fmod                 000000014002a2e8     ucrt:api-ms-win-crt-math-l1-1-0.dll
 0002:000002f0       \177api-ms-win-crt-math-l1-1-0_NULL_THUNK_DATA 000000014002a2f0     ucrt:api-ms-win-crt-math-l1-1-0.dll
 0002:000002f8       __imp__crt_atexit          000000014002a2f8     ucrt:api-ms-win-crt-runtime-l1-1-0.dll
 0002:00000300       __imp_terminate            000000014002a300     ucrt:api-ms-win-crt-runtime-l1-1-0.dll
 0002:00000308       __imp__initialize_onexit_table 000000014002a308     ucrt:api-ms-win-crt-runtime-l1-1-0.dll
 0002:00000310       __imp__cexit               000000014002a310     ucrt:api-ms-win-crt-runtime-l1-1-0.dll
 0002:00000318       __imp___p___argv           000000014002a318     ucrt:api-ms-win-crt-runtime-l1-1-0.dll
 0002:00000320       __imp__c_exit              000000014002a320     ucrt:api-ms-win-crt-runtime-l1-1-0.dll
 0002:00000328       __imp__register_onexit_function 000000014002a328     ucrt:api-ms-win-crt-runtime-l1-1-0.dll
 0002:00000330       __imp__seh_filter_exe      000000014002a330     ucrt:api-ms-win-crt-runtime-l1-1-0.dll
 0002:00000338       __imp__set_app_type        000000014002a338     ucrt:api-ms-win-crt-runtime-l1-1-0.dll
 0002:00000340       __imp__initterm_e          000000014002a340     ucrt:api-ms-win-crt-runtime-l1-1-0.dll
 0002:00000348       __imp__configure_narrow_argv 000000014002a348     ucrt:api-ms-win-crt-runtime-l1-1-0.dll
 0002:00000350       __imp__initialize_narrow_environment 000000014002a350     ucrt:api-ms-win-crt-runtime-l1-1-0.dll
 0002:00000358       __imp__get_initial_narrow_environment 000000014002a358     ucrt:api-ms-win-crt-runtime-l1-1-0.dll
 0002:00000360       __imp__initterm            000000014002a360     ucrt:api-ms-win-crt-runtime-l1-1-0.dll
 0002:00000368       __imp___p___argc           000000014002a368     ucrt:api-ms-win-crt-runtime-l1-1-0.dll
 0002:00000370       __imp_exit                 000000014002a370     ucrt:api-ms-win-crt-runtime-l1-1-0.dll
 0002:00000378       __imp__exit                000000014002a378     ucrt:api-ms-win-crt-runtime-l1-1-0.dll
 0002:00000380       __imp__register_thread_local_exe_atexit_callback 000000014002a380     ucrt:api-ms-win-crt-runtime-l1-1-0.dll
 0002:00000388       \177api-ms-win-crt-runtime-l1-1-0_NULL_THUNK_DATA 000000014002a388     ucrt:api-ms-win-crt-runtime-l1-1-0.dll
 0002:00000390       __imp___stdio_common_vsprintf 000000014002a390     ucrt:api-ms-win-crt-stdio-l1-1-0.dll
 0002:00000398       __imp___stdio_common_vfprintf 000000014002a398     ucrt:api-ms-win-crt-stdio-l1-1-0.dll
 0002:000003a0       __imp__set_fmode           000000014002a3a0     ucrt:api-ms-win-crt-stdio-l1-1-0.dll
 0002:000003a8       __imp_puts                 000000014002a3a8     ucrt:api-ms-win-crt-stdio-l1-1-0.dll
 0002:000003b0       __imp_fgets                000000014002a3b0     ucrt:api-ms-win-crt-stdio-l1-1-0.dll
 0002:000003b8       __imp___p__commode         000000014002a3b8     ucrt:api-ms-win-crt-stdio-l1-1-0.dll
 0002:000003c0       __imp___acrt_iob_func      000000014002a3c0     ucrt:api-ms-win-crt-stdio-l1-1-0.dll
 0002:000003c8       \177api-ms-win-crt-stdio-l1-1-0_NULL_THUNK_DATA 000000014002a3c8     ucrt:api-ms-win-crt-stdio-l1-1-0.dll
 0002:000003d0       __imp_isdigit              000000014002a3d0     ucrt:api-ms-win-crt-string-l1-1-0.dll
 0002:000003d8       __imp_strncpy              000000014002a3d8     ucrt:api-ms-win-crt-string-l1-1-0.dll
 0002:000003e0       __imp_isxdigit             000000014002a3e0     ucrt:api-ms-win-crt-string-l1-1-0.dll
 0002:000003e8       __imp_strncmp              000000014002a3e8     ucrt:api-ms-win-crt-string-l1-1-0.dll
 0002:000003f0       __imp_isspace              000000014002a3f0     ucrt:api-ms-win-crt-string-l1-1-0.dll
 0002:000003f8       __imp_tolower              000000014002a3f8     ucrt:api-ms-win-crt-string-l1-1-0.dll
 0002:00000400       __imp__strnicmp            000000014002a400     ucrt:api-ms-win-crt-string-l1-1-0.dll
 0002:00000408       __imp_toupper              000000014002a408     ucrt:api-ms-win-crt-string-l1-1-0.dll
 0002:00000410       \177api-ms-win-crt-string-l1-1-0_NULL_THUNK_DATA 000000014002a410     ucrt:api-ms-win-crt-string-l1-1-0.dll
 0002:00000418       __imp_rand                 000000014002a418     ucrt:api-ms-win-crt-utility-l1-1-0.dll
 0002:00000420       \177api-ms-win-crt-utility-l1-1-0_NULL_THUNK_DATA 000000014002a420     ucrt:api-ms-win-crt-utility-l1-1-0.dll
 0002:00000428       __imp_CoCreateGuid         000000014002a428     ole32:ole32.dll
 0002:00000430       \177ole32_NULL_THUNK_DATA  000000014002a430     ole32:ole32.dll
 0002:00000438       __guard_check_icall_fptr   000000014002a438     MSVCRT:guard_support.obj
 0002:00000440       __guard_dispatch_icall_fptr 000000014002a440     MSVCRT:guard_support.obj
 0002:00000448       __xc_a                     000000014002a448     MSVCRT:initializers.obj
 0002:00000458       __xc_z                     000000014002a458     MSVCRT:initializers.obj
 0002:00000460       __xi_a                     000000014002a460     MSVCRT:initializers.obj
 0002:00000478       __xi_z                     000000014002a478     MSVCRT:initializers.obj
 0002:00000480       __xp_a                     000000014002a480     MSVCRT:initializers.obj
 0002:00000488       __xp_z                     000000014002a488     MSVCRT:initializers.obj
 0002:00000490       __xt_a                     000000014002a490     MSVCRT:initializers.obj
 0002:00000498       __xt_z                     000000014002a498     MSVCRT:initializers.obj
 0002:000004a0       ??_C@_06DBKGGLMH@INVITE?$AA@ 000000014002a4a0     pjsip-core-x86_64-x64-vc14-release:sip_msg.obj
 0002:000004a8       ??_C@_06JHILMIHF@CANCEL?$AA@ 000000014002a4a8     pjsip-core-x86_64-x64-vc14-release:sip_msg.obj
 0002:000004b0       ??_C@_03JMECLKOM@ACK?$AA@  000000014002a4b0     pjsip-core-x86_64-x64-vc14-release:sip_msg.obj
 0002:000004b4       ??_C@_03BMFBOCK@BYE?$AA@   000000014002a4b4     pjsip-core-x86_64-x64-vc14-release:sip_msg.obj
 0002:000004b8       ??_C@_08EINEADGI@REGISTER?$AA@ 000000014002a4b8     pjsip-core-x86_64-x64-vc14-release:sip_msg.obj
 0002:000004c8       ??_C@_07KDKMIPIP@OPTIONS?$AA@ 000000014002a4c8     pjsip-core-x86_64-x64-vc14-release:sip_msg.obj
 0002:000004d0       ??_C@_06MDEHPNLG@Accept?$AA@ 000000014002a4d0     pjsip-core-x86_64-x64-vc14-release:sip_msg.obj
 0002:000004d8       ??_C@_0BA@KDJCHKHJ@Accept?9Encoding?$AA@ 000000014002a4d8     pjsip-core-x86_64-x64-vc14-release:sip_msg.obj
 0002:000004e8       ??_C@_0BA@POEGPCPD@Accept?9Language?$AA@ 000000014002a4e8     pjsip-core-x86_64-x64-vc14-release:sip_msg.obj
 0002:000004f8       ??_C@_0L@DDNEKGOG@Alert?9Info?$AA@ 000000014002a4f8     pjsip-core-x86_64-x64-vc14-release:sip_msg.obj
 0002:00000504       ??_C@_05IEPODGEO@Allow?$AA@ 000000014002a504     pjsip-core-x86_64-x64-vc14-release:sip_msg.obj
 0002:00000510       ??_C@_0BE@KPJFGFDH@Authentication?9Info?$AA@ 000000014002a510     pjsip-core-x86_64-x64-vc14-release:sip_msg.obj
 0002:00000528       ??_C@_0O@NAFGPKMI@Authorization?$AA@ 000000014002a528     pjsip-core-x86_64-x64-vc14-release:sip_msg.obj
 0002:00000538       ??_C@_07IKPMLMAJ@Call?9ID?$AA@ 000000014002a538     pjsip-core-x86_64-x64-vc14-release:sip_msg.obj
 0002:00000540       ??_C@_01KBJDNOO@i?$AA@     000000014002a540     pjsip-core-x86_64-x64-vc14-release:sip_msg.obj
 0002:00000548       ??_C@_09HCKFEBLC@Call?9Info?$AA@ 000000014002a548     pjsip-core-x86_64-x64-vc14-release:sip_msg.obj
 0002:00000558       ??_C@_07PMMFKIFM@Contact?$AA@ 000000014002a558     pjsip-core-x86_64-x64-vc14-release:sip_msg.obj
 0002:00000560       ??_C@_01GOHFPIOK@m?$AA@    000000014002a560     pjsip-core-x86_64-x64-vc14-release:sip_msg.obj
 0002:00000568       ??_C@_0BE@LMOOGHBG@Content?9Disposition?$AA@ 000000014002a568     pjsip-core-x86_64-x64-vc14-release:sip_msg.obj
 0002:00000580       ??_C@_0BB@KFPPKJHF@Content?9Encoding?$AA@ 000000014002a580     pjsip-core-x86_64-x64-vc14-release:sip_msg.obj
 0002:00000594       ??_C@_01KGKMHCOC@e?$AA@    000000014002a594     pjsip-core-x86_64-x64-vc14-release:sip_msg.obj
 0002:00000598       ??_C@_0BB@PICLCBPP@Content?9Language?$AA@ 000000014002a598     pjsip-core-x86_64-x64-vc14-release:sip_msg.obj
 0002:000005b0       ??_C@_0P@HOJGPHBA@Content?9Length?$AA@ 000000014002a5b0     pjsip-core-x86_64-x64-vc14-release:sip_msg.obj
 0002:000005c0       ??_C@_01HHGOMJKL@l?$AA@    000000014002a5c0     pjsip-core-x86_64-x64-vc14-release:sip_msg.obj
 0002:000005c8       ??_C@_0N@LAFFMKKA@Content?9Type?$AA@ 000000014002a5c8     pjsip-core-x86_64-x64-vc14-release:sip_msg.obj
 0002:000005d8       ??_C@_01PAPGNFGE@c?$AA@    000000014002a5d8     pjsip-core-x86_64-x64-vc14-release:sip_msg.obj
 0002:000005dc       ??_C@_04IHAOMLEL@CSeq?$AA@ 000000014002a5dc     pjsip-core-x86_64-x64-vc14-release:sip_msg.obj
 0002:000005e4       ??_C@_04FMEGDJGD@Date?$AA@ 000000014002a5e4     pjsip-core-x86_64-x64-vc14-release:sip_msg.obj
 0002:000005f0       ??_C@_0L@PGKFFKEH@Error?9Info?$AA@ 000000014002a5f0     pjsip-core-x86_64-x64-vc14-release:sip_msg.obj
 0002:00000600       ??_C@_07DABPCBEH@Expires?$AA@ 000000014002a600     pjsip-core-x86_64-x64-vc14-release:sip_msg.obj
 0002:00000608       ??_C@_04LMIAFEOL@From?$AA@ 000000014002a608     pjsip-core-x86_64-x64-vc14-release:sip_msg.obj
 0002:00000610       ??_C@_01INIBCBCB@f?$AA@    000000014002a610     pjsip-core-x86_64-x64-vc14-release:sip_msg.obj
 0002:00000618       ??_C@_0M@OJFKFNND@In?9Reply?9To?$AA@ 000000014002a618     pjsip-core-x86_64-x64-vc14-release:sip_msg.obj
 0002:00000628       ??_C@_0N@KAKEBINL@Max?9Forwards?$AA@ 000000014002a628     pjsip-core-x86_64-x64-vc14-release:sip_msg.obj
 0002:00000638       ??_C@_0N@PNJFOFFK@MIME?9Version?$AA@ 000000014002a638     pjsip-core-x86_64-x64-vc14-release:sip_msg.obj
 0002:00000648       ??_C@_0M@BHCNHHNF@Min?9Expires?$AA@ 000000014002a648     pjsip-core-x86_64-x64-vc14-release:sip_msg.obj
[...]
 0004:00002a48       $pdata$5$enum_ipv4_interface 0000000140040a48     pjlib-x86_64-x64-vc14-release:ip_helper_win32.obj
 0004:00002a54       $pdata$7$enum_ipv4_interface 0000000140040a54     pjlib-x86_64-x64-vc14-release:ip_helper_win32.obj
 0004:00002a60       $pdata$enum_ipv4_ipv6_interface 0000000140040a60     pjlib-x86_64-x64-vc14-release:ip_helper_win32.obj
 0004:00002a6c       $pdata$pj_enum_ip_interface 0000000140040a6c     pjlib-x86_64-x64-vc14-release:ip_helper_win32.obj
 0004:00002a78       $pdata$unload_iphlp_module 0000000140040a78     pjlib-x86_64-x64-vc14-release:ip_helper_win32.obj
 0004:00002a84       $pdata$default_block_alloc 0000000140040a84     pjlib-x86_64-x64-vc14-release:pool_policy_malloc.obj
 0004:00002a90       $pdata$default_block_free  0000000140040a90     pjlib-x86_64-x64-vc14-release:pool_policy_malloc.obj
 0004:00002a9c       $pdata$default_pool_callback 0000000140040a9c     pjlib-x86_64-x64-vc14-release:pool_policy_malloc.obj
 0004:00002aa8       $pdata$decrement_counter   0000000140040aa8     pjlib-x86_64-x64-vc14-release:ioqueue_select.obj
 0004:00002ab4       $pdata$0$decrement_counter 0000000140040ab4     pjlib-x86_64-x64-vc14-release:ioqueue_select.obj
 0004:00002ac0       $pdata$1$decrement_counter 0000000140040ac0     pjlib-x86_64-x64-vc14-release:ioqueue_select.obj
 0004:00002acc       $pdata$increment_counter   0000000140040acc     pjlib-x86_64-x64-vc14-release:ioqueue_select.obj
 0004:00002ad8       $pdata$ioqueue_dispatch_exception_event 0000000140040ad8     pjlib-x86_64-x64-vc14-release:ioqueue_select.obj
 0004:00002ae4       $pdata$0$ioqueue_dispatch_exception_event 0000000140040ae4     pjlib-x86_64-x64-vc14-release:ioqueue_select.obj
 0004:00002af0       $pdata$1$ioqueue_dispatch_exception_event 0000000140040af0     pjlib-x86_64-x64-vc14-release:ioqueue_select.obj
 0004:00002afc       $pdata$ioqueue_dispatch_read_event 0000000140040afc     pjlib-x86_64-x64-vc14-release:ioqueue_select.obj
 0004:00002b08       $pdata$ioqueue_dispatch_write_event 0000000140040b08     pjlib-x86_64-x64-vc14-release:ioqueue_select.obj
 0004:00002b14       $pdata$ioqueue_init_key    0000000140040b14     pjlib-x86_64-x64-vc14-release:ioqueue_select.obj
 0004:00002b20       $pdata$pj_ioqueue_create   0000000140040b20     pjlib-x86_64-x64-vc14-release:ioqueue_select.obj
 0004:00002b2c       $pdata$1$pj_ioqueue_create 0000000140040b2c     pjlib-x86_64-x64-vc14-release:ioqueue_select.obj
 0004:00002b38       $pdata$4$pj_ioqueue_create 0000000140040b38     pjlib-x86_64-x64-vc14-release:ioqueue_select.obj
 0004:00002b44       $pdata$5$pj_ioqueue_create 0000000140040b44     pjlib-x86_64-x64-vc14-release:ioqueue_select.obj
 0004:00002b50       $pdata$7$pj_ioqueue_create 0000000140040b50     pjlib-x86_64-x64-vc14-release:ioqueue_select.obj
 0004:00002b5c       $pdata$8$pj_ioqueue_create 0000000140040b5c     pjlib-x86_64-x64-vc14-release:ioqueue_select.obj
 0004:00002b68       $pdata$pj_ioqueue_destroy  0000000140040b68     pjlib-x86_64-x64-vc14-release:ioqueue_select.obj
 0004:00002b74       $pdata$1$pj_ioqueue_destroy 0000000140040b74     pjlib-x86_64-x64-vc14-release:ioqueue_select.obj
 0004:00002b80       $pdata$2$pj_ioqueue_destroy 0000000140040b80     pjlib-x86_64-x64-vc14-release:ioqueue_select.obj
 0004:00002b8c       $pdata$pj_ioqueue_poll     0000000140040b8c     pjlib-x86_64-x64-vc14-release:ioqueue_select.obj
 0004:00002b98       $pdata$0$pj_ioqueue_poll   0000000140040b98     pjlib-x86_64-x64-vc14-release:ioqueue_select.obj
 0004:00002ba4       $pdata$1$pj_ioqueue_poll   0000000140040ba4     pjlib-x86_64-x64-vc14-release:ioqueue_select.obj
 0004:00002bb0       $pdata$4$pj_ioqueue_poll   0000000140040bb0     pjlib-x86_64-x64-vc14-release:ioqueue_select.obj
 0004:00002bbc       $pdata$5$pj_ioqueue_poll   0000000140040bbc     pjlib-x86_64-x64-vc14-release:ioqueue_select.obj
 0004:00002bc8       $pdata$6$pj_ioqueue_poll   0000000140040bc8     pjlib-x86_64-x64-vc14-release:ioqueue_select.obj
 0004:00002bd4       $pdata$7$pj_ioqueue_poll   0000000140040bd4     pjlib-x86_64-x64-vc14-release:ioqueue_select.obj
 0004:00002be0       $pdata$8$pj_ioqueue_poll   0000000140040be0     pjlib-x86_64-x64-vc14-release:ioqueue_select.obj
 0004:00002bec       $pdata$9$pj_ioqueue_poll   0000000140040bec     pjlib-x86_64-x64-vc14-release:ioqueue_select.obj
 0004:00002bf8       $pdata$pj_ioqueue_recvfrom 0000000140040bf8     pjlib-x86_64-x64-vc14-release:ioqueue_select.obj
 0004:00002c04       $pdata$2$pj_ioqueue_recvfrom 0000000140040c04     pjlib-x86_64-x64-vc14-release:ioqueue_select.obj
 0004:00002c10       $pdata$4$pj_ioqueue_recvfrom 0000000140040c10     pjlib-x86_64-x64-vc14-release:ioqueue_select.obj
 0004:00002c1c       $pdata$5$pj_ioqueue_recvfrom 0000000140040c1c     pjlib-x86_64-x64-vc14-release:ioqueue_select.obj
 0004:00002c28       $pdata$pj_ioqueue_register_sock2 0000000140040c28     pjlib-x86_64-x64-vc14-release:ioqueue_select.obj
 0004:00002c34       $pdata$pj_ioqueue_sendto   0000000140040c34     pjlib-x86_64-x64-vc14-release:ioqueue_select.obj
 0004:00002c40       $pdata$2$pj_ioqueue_sendto 0000000140040c40     pjlib-x86_64-x64-vc14-release:ioqueue_select.obj
 0004:00002c4c       $pdata$3$pj_ioqueue_sendto 0000000140040c4c     pjlib-x86_64-x64-vc14-release:ioqueue_select.obj
 0004:00002c58       $pdata$4$pj_ioqueue_sendto 0000000140040c58     pjlib-x86_64-x64-vc14-release:ioqueue_select.obj
 0004:00002c64       $pdata$6$pj_ioqueue_sendto 0000000140040c64     pjlib-x86_64-x64-vc14-release:ioqueue_select.obj
 0004:00002c70       $pdata$7$pj_ioqueue_sendto 0000000140040c70     pjlib-x86_64-x64-vc14-release:ioqueue_select.obj
 0004:00002c7c       $pdata$pj_ioqueue_set_lock 0000000140040c7c     pjlib-x86_64-x64-vc14-release:ioqueue_select.obj
 0004:00002c88       $pdata$pj_ioqueue_unregister 0000000140040c88     pjlib-x86_64-x64-vc14-release:ioqueue_select.obj
 0004:00002c94       $pdata$0$pj_ioqueue_unregister 0000000140040c94     pjlib-x86_64-x64-vc14-release:ioqueue_select.obj
 0004:00002ca0       $pdata$2$pj_ioqueue_unregister 0000000140040ca0     pjlib-x86_64-x64-vc14-release:ioqueue_select.obj
 0004:00002cac       $pdata$4$pj_ioqueue_unregister 0000000140040cac     pjlib-x86_64-x64-vc14-release:ioqueue_select.obj
 0004:00002cb8       $pdata$scan_closing_keys   0000000140040cb8     pjlib-x86_64-x64-vc14-release:ioqueue_select.obj
 0004:00002cc4       $pdata$0$scan_closing_keys 0000000140040cc4     pjlib-x86_64-x64-vc14-release:ioqueue_select.obj
 0004:00002cd0       $pdata$1$scan_closing_keys 0000000140040cd0     pjlib-x86_64-x64-vc14-release:ioqueue_select.obj
 0004:00002cdc       $pdata$exception_cleanup   0000000140040cdc     pjlib-x86_64-x64-vc14-release:except.obj
 0004:00002ce8       $pdata$pj_exception_id_alloc 0000000140040ce8     pjlib-x86_64-x64-vc14-release:except.obj
 0004:00002cf4       $pdata$pj_exception_id_free 0000000140040cf4     pjlib-x86_64-x64-vc14-release:except.obj
 0004:00002d00       $pdata$pj_exception_id_name 0000000140040d00     pjlib-x86_64-x64-vc14-release:except.obj
 0004:00002d0c       $pdata$pj_pop_exception_handler_ 0000000140040d0c     pjlib-x86_64-x64-vc14-release:except.obj
 0004:00002d18       $pdata$pj_push_exception_handler_ 0000000140040d18     pjlib-x86_64-x64-vc14-release:except.obj
 0004:00002d24       $pdata$pj_throw_exception_ 0000000140040d24     pjlib-x86_64-x64-vc14-release:except.obj
 0004:00002d30       $pdata$0$pj_throw_exception_ 0000000140040d30     pjlib-x86_64-x64-vc14-release:except.obj
 0004:00002d3c       $pdata$1$pj_throw_exception_ 0000000140040d3c     pjlib-x86_64-x64-vc14-release:except.obj
 0004:00002d48       $pdata$pj_get_timestamp    0000000140040d48     pjlib-x86_64-x64-vc14-release:os_timestamp_win32.obj
 0004:00002d54       $pdata$pj_get_timestamp_freq 0000000140040d54     pjlib-x86_64-x64-vc14-release:os_timestamp_win32.obj
 0004:00002d60       $pdata$pj_hash_calc        0000000140040d60     pjlib-x86_64-x64-vc14-release:hash.obj
 0004:00002d6c       $pdata$pj_hash_calc_tolower 0000000140040d6c     pjlib-x86_64-x64-vc14-release:hash.obj
 0004:00002d78       $pdata$0$pj_hash_calc_tolower 0000000140040d78     pjlib-x86_64-x64-vc14-release:hash.obj
 0004:00002d84       $pdata$1$pj_hash_calc_tolower 0000000140040d84     pjlib-x86_64-x64-vc14-release:hash.obj
 0004:00002d90       $pdata$pj_hash_create      0000000140040d90     pjlib-x86_64-x64-vc14-release:hash.obj
 0004:00002d9c       $pdata$pj_hash_get         0000000140040d9c     pjlib-x86_64-x64-vc14-release:hash.obj
 0004:00002da8       $pdata$pj_hash_get_lower   0000000140040da8     pjlib-x86_64-x64-vc14-release:hash.obj
 0004:00002db4       $pdata$2$pj_hash_get_lower 0000000140040db4     pjlib-x86_64-x64-vc14-release:hash.obj
 0004:00002dc0       $pdata$6$pj_hash_get_lower 0000000140040dc0     pjlib-x86_64-x64-vc14-release:hash.obj
 0004:00002dcc       $pdata$7$pj_hash_get_lower 0000000140040dcc     pjlib-x86_64-x64-vc14-release:hash.obj
 0004:00002dd8       $pdata$8$pj_hash_get_lower 0000000140040dd8     pjlib-x86_64-x64-vc14-release:hash.obj
 0004:00002de4       $pdata$9$pj_hash_get_lower 0000000140040de4     pjlib-x86_64-x64-vc14-release:hash.obj
 0004:00002df0       $pdata$10$pj_hash_get_lower 0000000140040df0     pjlib-x86_64-x64-vc14-release:hash.obj
 0004:00002dfc       $pdata$pj_hash_set         0000000140040dfc     pjlib-x86_64-x64-vc14-release:hash.obj
 0004:00002e08       $pdata$pj_hash_set_lower   0000000140040e08     pjlib-x86_64-x64-vc14-release:hash.obj
 0004:00002e14       $pdata$pj_hash_set_np      0000000140040e14     pjlib-x86_64-x64-vc14-release:hash.obj
 0004:00002e20       $pdata$pj_hash_this        0000000140040e20     pjlib-x86_64-x64-vc14-release:hash.obj
 0004:00002e2c       $pdata$cancel              0000000140040e2c     pjlib-x86_64-x64-vc14-release:timer.obj
 0004:00002e38       $pdata$grow_heap           0000000140040e38     pjlib-x86_64-x64-vc14-release:timer.obj
 0004:00002e44       $pdata$pj_timer_heap_cancel 0000000140040e44     pjlib-x86_64-x64-vc14-release:timer.obj
 0004:00002e50       $pdata$0$pj_timer_heap_cancel 0000000140040e50     pjlib-x86_64-x64-vc14-release:timer.obj
 0004:00002e5c       $pdata$1$pj_timer_heap_cancel 0000000140040e5c     pjlib-x86_64-x64-vc14-release:timer.obj
 0004:00002e68       $pdata$pj_timer_heap_cancel_if_active 0000000140040e68     pjlib-x86_64-x64-vc14-release:timer.obj
 0004:00002e74       $pdata$0$pj_timer_heap_cancel_if_active 0000000140040e74     pjlib-x86_64-x64-vc14-release:timer.obj
 0004:00002e80       $pdata$1$pj_timer_heap_cancel_if_active 0000000140040e80     pjlib-x86_64-x64-vc14-release:timer.obj
 0004:00002e8c       $pdata$pj_timer_heap_create 0000000140040e8c     pjlib-x86_64-x64-vc14-release:timer.obj
 0004:00002e98       $pdata$1$pj_timer_heap_create 0000000140040e98     pjlib-x86_64-x64-vc14-release:timer.obj
 0004:00002ea4       $pdata$3$pj_timer_heap_create 0000000140040ea4     pjlib-x86_64-x64-vc14-release:timer.obj
 0004:00002eb0       $pdata$4$pj_timer_heap_create 0000000140040eb0     pjlib-x86_64-x64-vc14-release:timer.obj
 0004:00002ebc       $pdata$pj_timer_heap_destroy 0000000140040ebc     pjlib-x86_64-x64-vc14-release:timer.obj
 0004:00002ec8       $pdata$pj_timer_heap_poll  0000000140040ec8     pjlib-x86_64-x64-vc14-release:timer.obj
 0004:00002ed4       $pdata$3$pj_timer_heap_poll 0000000140040ed4     pjlib-x86_64-x64-vc14-release:timer.obj
 0004:00002ee0       $pdata$4$pj_timer_heap_poll 0000000140040ee0     pjlib-x86_64-x64-vc14-release:timer.obj
 0004:00002eec       $pdata$5$pj_timer_heap_poll 0000000140040eec     pjlib-x86_64-x64-vc14-release:timer.obj
 0004:00002ef8       $pdata$pj_timer_heap_schedule 0000000140040ef8     pjlib-x86_64-x64-vc14-release:timer.obj
 0004:00002f04       $pdata$pj_timer_heap_schedule_w_grp_lock 0000000140040f04     pjlib-x86_64-x64-vc14-release:timer.obj
 0004:00002f10       $pdata$pj_timer_heap_set_lock 0000000140040f10     pjlib-x86_64-x64-vc14-release:timer.obj
 0004:00002f1c       $pdata$reheap_down         0000000140040f1c     pjlib-x86_64-x64-vc14-release:timer.obj
 0004:00002f28       $pdata$0$reheap_down       0000000140040f28     pjlib-x86_64-x64-vc14-release:timer.obj
 0004:00002f34       $pdata$1$reheap_down       0000000140040f34     pjlib-x86_64-x64-vc14-release:timer.obj
 0004:00002f40       $pdata$reheap_up           0000000140040f40     pjlib-x86_64-x64-vc14-release:timer.obj
 0004:00002f4c       $pdata$0$reheap_up         0000000140040f4c     pjlib-x86_64-x64-vc14-release:timer.obj
 0004:00002f58       $pdata$1$reheap_up         0000000140040f58     pjlib-x86_64-x64-vc14-release:timer.obj
 0004:00002f64       $pdata$remove_node         0000000140040f64     pjlib-x86_64-x64-vc14-release:timer.obj
 0004:00002f70       $pdata$schedule_entry      0000000140040f70     pjlib-x86_64-x64-vc14-release:timer.obj
 0004:00002f7c       $pdata$0$schedule_entry    0000000140040f7c     pjlib-x86_64-x64-vc14-release:timer.obj
 0004:00002f88       $pdata$1$schedule_entry    0000000140040f88     pjlib-x86_64-x64-vc14-release:timer.obj
 0004:00002f94       $pdata$schedule_w_grp_lock 0000000140040f94     pjlib-x86_64-x64-vc14-release:timer.obj
 0004:00002fa0       $pdata$pj_get_netos_error  0000000140040fa0     pjlib-x86_64-x64-vc14-release:os_error_win32.obj
 0004:00002fac       $pdata$platform_strerror   0000000140040fac     pjlib-x86_64-x64-vc14-release:os_error_win32.obj
 0004:00002fb8       $pdata$pj_generate_unique_string 0000000140040fb8     pjlib-x86_64-x64-vc14-release:guid_win32.obj
 0004:00002fc4       $pdata$pj_create_unique_string 0000000140040fc4     pjlib-x86_64-x64-vc14-release:guid.obj
 0004:00002fd0       $pdata$pj_rand             0000000140040fd0     pjlib-x86_64-x64-vc14-release:rand.obj
 0004:00002fdc       $pdata$pj_sock_apply_qos   0000000140040fdc     pjlib-x86_64-x64-vc14-release:sock_qos_common.obj
 0004:00002fe8       $pdata$pj_sock_apply_qos2  0000000140040fe8     pjlib-x86_64-x64-vc14-release:sock_qos_common.obj
 0004:00002ff4       $pdata$get_base_time       0000000140040ff4     pjlib-x86_64-x64-vc14-release:os_time_win32.obj
 0004:00003000       $pdata$pj_gettimeofday     0000000140041000     pjlib-x86_64-x64-vc14-release:os_time_win32.obj
 0004:0000300c       $pdata$pj_time_decode      000000014004100c     pjlib-x86_64-x64-vc14-release:os_time_win32.obj
 0004:00003018       $pdata$pj_time_val_normalize 0000000140041018     pjlib-x86_64-x64-vc14-release:types.obj
 0004:00003024       $pdata$pj_getaddrinfo      0000000140041024     pjlib-x86_64-x64-vc14-release:addr_resolv_sock.obj
 0004:00003030       $pdata$0$pj_getaddrinfo    0000000140041030     pjlib-x86_64-x64-vc14-release:addr_resolv_sock.obj
 0004:0000303c       $pdata$5$pj_getaddrinfo    000000014004103c     pjlib-x86_64-x64-vc14-release:addr_resolv_sock.obj
 0004:00003048       $pdata$7$pj_getaddrinfo    0000000140041048     pjlib-x86_64-x64-vc14-release:addr_resolv_sock.obj
 0004:00003054       $pdata$8$pj_getaddrinfo    0000000140041054     pjlib-x86_64-x64-vc14-release:addr_resolv_sock.obj
 0004:00003060       $pdata$9$pj_getaddrinfo    0000000140041060     pjlib-x86_64-x64-vc14-release:addr_resolv_sock.obj
 0004:0000306c       $pdata$pj_gethostbyname    000000014004106c     pjlib-x86_64-x64-vc14-release:addr_resolv_sock.obj
 0004:00003078       $pdata$pj_pool_create_on_buf 0000000140041078     pjlib-x86_64-x64-vc14-release:pool_buf.obj
 0004:00003084       $pdata$pool_buf_cleanup    0000000140041084     pjlib-x86_64-x64-vc14-release:pool_buf.obj
 0004:00003090       $pdata$stack_alloc         0000000140041090     pjlib-x86_64-x64-vc14-release:pool_buf.obj
 0004:0000309c       $pdata$pj_log_write        000000014004109c     pjlib-x86_64-x64-vc14-release:log_writer_stdout.obj
 0004:000030a8       $pdata$pj_gettickcount     00000001400410a8     pjlib-x86_64-x64-vc14-release:os_timestamp_common.obj
 0004:000030b4       $pdata$0$pj_gettickcount   00000001400410b4     pjlib-x86_64-x64-vc14-release:os_timestamp_common.obj
 0004:000030c0       $pdata$1$pj_gettickcount   00000001400410c0     pjlib-x86_64-x64-vc14-release:os_timestamp_common.obj
 0004:000030cc       $pdata$PJ_FD_CLR           00000001400410cc     pjlib-x86_64-x64-vc14-release:sock_select.obj
 0004:000030d8       $pdata$PJ_FD_ISSET         00000001400410d8     pjlib-x86_64-x64-vc14-release:sock_select.obj
 0004:000030e4       $pdata$PJ_FD_SET           00000001400410e4     pjlib-x86_64-x64-vc14-release:sock_select.obj
 0004:000030f0       $pdata$PJ_FD_ZERO          00000001400410f0     pjlib-x86_64-x64-vc14-release:sock_select.obj
 0004:000030fc       $pdata$pj_sock_select      00000001400410fc     pjlib-x86_64-x64-vc14-release:sock_select.obj
 0004:00003108       $pdata$pj_sock_set_qos_params 0000000140041108     pjlib-x86_64-x64-vc14-release:sock_qos_bsd.obj
 0004:00003114       $pdata$pj_sock_set_qos_type 0000000140041114     pjlib-x86_64-x64-vc14-release:sock_qos_bsd.obj
 0004:00003120       $pdata$__GSHandlerCheck    0000000140041120     MSVCRT:_gshandler_.obj
 0004:0000312c       $pdata$__GSHandlerCheckCommon 000000014004112c     MSVCRT:_gshandler_.obj
 0004:00003144       $pdata$?pre_c_initialization@@YAHXZ 0000000140041144     MSVCRT:exe_main.obj
 0004:00003150       $pdata$?post_pgo_initialization@@YAHXZ 0000000140041150     MSVCRT:exe_main.obj
 0004:0000315c       $pdata$?pre_cpp_initialization@@YAXXZ 000000014004115c     MSVCRT:exe_main.obj
 0004:00003168       $pdata$?__scrt_common_main_seh@@YAHXZ 0000000140041168     MSVCRT:exe_main.obj
 0004:00003174       $pdata$mainCRTStartup      0000000140041174     MSVCRT:exe_main.obj
 0004:00003180       $pdata$__raise_securityfailure 0000000140041180     MSVCRT:gs_report.obj
 0004:0000318c       $pdata$__report_gsfailure  000000014004118c     MSVCRT:gs_report.obj
 0004:00003198       $pdata$__report_rangecheckfailure 0000000140041198     MSVCRT:gs_report.obj
 0004:000031a4       $pdata$__report_securityfailure 00000001400411a4     MSVCRT:gs_report.obj
 0004:000031b0       $pdata$capture_current_context 00000001400411b0     MSVCRT:gs_report.obj
 0004:000031bc       $pdata$capture_previous_context 00000001400411bc     MSVCRT:gs_report.obj
 0004:000031c8       $pdata$__isa_available_init 00000001400411c8     MSVCRT:_cpu_disp_.obj
 0004:000031e0       $pdata$__scrt_acquire_startup_lock 00000001400411e0     MSVCRT:utility.obj
 0004:000031ec       $pdata$__scrt_initialize_crt 00000001400411ec     MSVCRT:utility.obj
 0004:000031f8       $pdata$__scrt_initialize_onexit_tables 00000001400411f8     MSVCRT:utility.obj
 0004:00003204       $pdata$__scrt_is_nonwritable_in_current_image 0000000140041204     MSVCRT:utility.obj
 0004:00003210       $pdata$__scrt_release_startup_lock 0000000140041210     MSVCRT:utility.obj
 0004:0000321c       $pdata$__scrt_uninitialize_crt 000000014004121c     MSVCRT:utility.obj
 0004:00003228       $pdata$_onexit             0000000140041228     MSVCRT:utility.obj
 0004:00003234       $pdata$atexit              0000000140041234     MSVCRT:utility.obj
 0004:00003240       $pdata$__security_init_cookie 0000000140041240     MSVCRT:gs_support.obj
 0004:0000324c       $pdata$__scrt_initialize_default_local_stdio_options 000000014004124c     MSVCRT:default_local_stdio_options.obj
 0004:00003258       $pdata$__scrt_fastfail     0000000140041258     MSVCRT:utility_desktop.obj
 0004:00003264       $pdata$__scrt_is_managed_app 0000000140041264     MSVCRT:utility_desktop.obj
 0004:00003270       $pdata$__scrt_unhandled_exception_filter 0000000140041270     MSVCRT:utility_desktop.obj
 0004:0000327c       $pdata$_RTC_Initialize     000000014004127c     MSVCRT:_initsect_.obj
 0004:00003288       $pdata$_RTC_Terminate      0000000140041288     MSVCRT:_initsect_.obj
 0004:000032a0       $pdata$?filt$0@?0??__scrt_common_main_seh@@YAHXZ@4HA 00000001400412a0     MSVCRT:exe_main.obj
 0004:000032ac       $pdata$__scrt_is_nonwritable_in_current_image$filt$0 00000001400412ac     MSVCRT:utility.obj
