 stateless_proxy

 Timestamp is 5a547499 (Tue Jan  9 15:51:53 2018)

 Preferred load address is 0000000140000000

 Start         Length     Name                   Class
 0001:00000000 000269cbH .text$mn                CODE
 0001:000269d0 00000012H .text$mn$00             CODE
 0001:000269e2 00000036H .text$x                 CODE
 0002:00000000 00000438H .idata$5                DATA
 0002:00000438 00000010H .00cfg                  DATA
 0002:00000448 00000008H .CRT$XCA                DATA
 0002:00000450 00000008H .CRT$XCAA               DATA
 0002:00000458 00000008H .CRT$XCZ                DATA
 0002:00000460 00000008H .CRT$XIA                DATA
 0002:00000468 00000008H .CRT$XIAA               DATA
 0002:00000470 00000008H .CRT$XIAC               DATA
 0002:00000478 00000008H .CRT$XIZ                DATA
 0002:00000480 00000008H .CRT$XPA                DATA
 0002:00000488 00000008H .CRT$XPZ                DATA
 0002:00000490 00000008H .CRT$XTA                DATA
 0002:00000498 00000008H .CRT$XTZ                DATA
 0002:000004a0 00000000H .gfids$x                DATA
 0002:000004a0 00006854H .rdata                  DATA
 0002:00006cf4 00000244H .rdata$zzzdbg           DATA
 0002:00006f38 00000008H .rtc$IAA                DATA
 0002:00006f40 00000008H .rtc$IZZ                DATA
 0002:00006f48 00000008H .rtc$TAA                DATA
 0002:00006f50 00000008H .rtc$TZZ                DATA
 0002:00006f58 000033acH .xdata                  DATA
 0002:0000a304 00000000H .edata                  DATA
 0002:0000a304 000000f0H .idata$2                DATA
 0002:0000a3f4 00000014H .idata$3                DATA
 0002:0000a408 00000438H .idata$4                DATA
 0002:0000a840 00000832H .idata$6                DATA
 0003:00000000 00001474H .data                   DATA
 0003:00001480 000060d0H .bss                    DATA
 0004:00000000 00002fc4H .pdata                  DATA

  Address         Publics by Value              Rva+Base               Lib:Object

 0000:00000000       __guard_fids_count         0000000000000000     <absolute>
 0000:00000000       ___safe_se_handler_count   0000000000000000     <absolute>
 0000:00000000       ___safe_se_handler_table   0000000000000000     <absolute>
 0000:00000000       __guard_fids_table         0000000000000000     <absolute>
 0000:00000100       __guard_flags              0000000000000100     <absolute>
 0000:00000000       __ImageBase                0000000140000000     <linker-defined>
 0001:000010b0       main                       00000001400020b0 f   stateless_proxy.obj
 0001:000012b0       __local_stdio_printf_options 00000001400022b0 f i stateless_proxy.obj
 0001:000012c0       _snprintf                  00000001400022c0 f i stateless_proxy.obj
 0001:00001320       printf                     0000000140002320 f i stateless_proxy.obj
 0001:00003280       pjsip_accept_hdr_create    0000000140004280 f   pjsip-core-x86_64-x64-vc14-release:sip_msg.obj
 0001:000032d0       pjsip_allow_hdr_create     00000001400042d0 f   pjsip-core-x86_64-x64-vc14-release:sip_msg.obj
 0001:00003320       pjsip_cid_hdr_create       0000000140004320 f   pjsip-core-x86_64-x64-vc14-release:sip_msg.obj
 0001:00003390       pjsip_clen_hdr_create      0000000140004390 f   pjsip-core-x86_64-x64-vc14-release:sip_msg.obj
 0001:00003400       pjsip_clone_text_data      0000000140004400 f   pjsip-core-x86_64-x64-vc14-release:sip_msg.obj
 0001:00003460       pjsip_contact_hdr_create   0000000140004460 f   pjsip-core-x86_64-x64-vc14-release:sip_msg.obj
 0001:00003490       pjsip_contact_hdr_init     0000000140004490 f   pjsip-core-x86_64-x64-vc14-release:sip_msg.obj
 0001:00003520       pjsip_cseq_hdr_create      0000000140004520 f   pjsip-core-x86_64-x64-vc14-release:sip_msg.obj
 0001:00003580       pjsip_ctype_hdr_create     0000000140004580 f   pjsip-core-x86_64-x64-vc14-release:sip_msg.obj
 0001:000035b0       pjsip_ctype_hdr_init       00000001400045b0 f   pjsip-core-x86_64-x64-vc14-release:sip_msg.obj
 0001:00003630       pjsip_expires_hdr_create   0000000140004630 f   pjsip-core-x86_64-x64-vc14-release:sip_msg.obj
 0001:00003680       pjsip_from_hdr_create      0000000140004680 f   pjsip-core-x86_64-x64-vc14-release:sip_msg.obj
 0001:000036b0       pjsip_from_hdr_init        00000001400046b0 f   pjsip-core-x86_64-x64-vc14-release:sip_msg.obj
 0001:00003730       pjsip_fromto_hdr_set_from  0000000140004730 f   pjsip-core-x86_64-x64-vc14-release:sip_msg.obj
 0001:00003770       pjsip_fromto_hdr_set_to    0000000140004770 f   pjsip-core-x86_64-x64-vc14-release:sip_msg.obj
 0001:000037b0       pjsip_generic_string_hdr_create 00000001400047b0 f   pjsip-core-x86_64-x64-vc14-release:sip_msg.obj
 0001:00003800       pjsip_generic_string_hdr_init 0000000140004800 f   pjsip-core-x86_64-x64-vc14-release:sip_msg.obj
 0001:000038a0       pjsip_get_ack_method       00000001400048a0 f   pjsip-core-x86_64-x64-vc14-release:sip_msg.obj
 0001:000038b0       pjsip_get_status_text      00000001400048b0 f   pjsip-core-x86_64-x64-vc14-release:sip_msg.obj
 0001:00003900       pjsip_hdr_clone            0000000140004900 f   pjsip-core-x86_64-x64-vc14-release:sip_msg.obj
 0001:00003910       pjsip_hdr_print_on         0000000140004910 f   pjsip-core-x86_64-x64-vc14-release:sip_msg.obj
 0001:00003920       pjsip_hdr_shallow_clone    0000000140004920 f   pjsip-core-x86_64-x64-vc14-release:sip_msg.obj
 0001:00003930       pjsip_max_fwd_hdr_create   0000000140004930 f   pjsip-core-x86_64-x64-vc14-release:sip_msg.obj
 0001:00003980       pjsip_media_type_cp        0000000140004980 f   pjsip-core-x86_64-x64-vc14-release:sip_msg.obj
 0001:000039e0       pjsip_media_type_init      00000001400049e0 f   pjsip-core-x86_64-x64-vc14-release:sip_msg.obj
 0001:00003a40       pjsip_media_type_print     0000000140004a40 f   pjsip-core-x86_64-x64-vc14-release:sip_msg.obj
 0001:00003a50       pjsip_method_copy          0000000140004a50 f   pjsip-core-x86_64-x64-vc14-release:sip_msg.obj
 0001:00003a80       pjsip_method_init_np       0000000140004a80 f   pjsip-core-x86_64-x64-vc14-release:sip_msg.obj
 0001:00003b20       pjsip_min_expires_hdr_create 0000000140004b20 f   pjsip-core-x86_64-x64-vc14-release:sip_msg.obj
 0001:00003b70       pjsip_msg_body_clone       0000000140004b70 f   pjsip-core-x86_64-x64-vc14-release:sip_msg.obj
 0001:00003bd0       pjsip_msg_body_copy        0000000140004bd0 f   pjsip-core-x86_64-x64-vc14-release:sip_msg.obj
 0001:00003c70       pjsip_msg_create           0000000140004c70 f   pjsip-core-x86_64-x64-vc14-release:sip_msg.obj
 0001:00003ca0       pjsip_msg_find_hdr         0000000140004ca0 f   pjsip-core-x86_64-x64-vc14-release:sip_msg.obj
 0001:00003cd0       pjsip_msg_find_hdr_by_name 0000000140004cd0 f   pjsip-core-x86_64-x64-vc14-release:sip_msg.obj
 0001:00003d40       pjsip_msg_print            0000000140004d40 f   pjsip-core-x86_64-x64-vc14-release:sip_msg.obj
 0001:00004050       pjsip_print_text_body      0000000140005050 f   pjsip-core-x86_64-x64-vc14-release:sip_msg.obj
 0001:00004090       pjsip_require_hdr_create   0000000140005090 f   pjsip-core-x86_64-x64-vc14-release:sip_msg.obj
 0001:000040e0       pjsip_retry_after_hdr_create 00000001400050e0 f   pjsip-core-x86_64-x64-vc14-release:sip_msg.obj
 0001:00004150       pjsip_route_hdr_create     0000000140005150 f   pjsip-core-x86_64-x64-vc14-release:sip_msg.obj
 0001:000041c0       pjsip_rr_hdr_create        00000001400051c0 f   pjsip-core-x86_64-x64-vc14-release:sip_msg.obj
 0001:00004230       pjsip_supported_hdr_create 0000000140005230 f   pjsip-core-x86_64-x64-vc14-release:sip_msg.obj
 0001:000042a0       pjsip_to_hdr_create        00000001400052a0 f   pjsip-core-x86_64-x64-vc14-release:sip_msg.obj
 0001:000042d0       pjsip_to_hdr_init          00000001400052d0 f   pjsip-core-x86_64-x64-vc14-release:sip_msg.obj
 0001:00004350       pjsip_unsupported_hdr_create 0000000140005350 f   pjsip-core-x86_64-x64-vc14-release:sip_msg.obj
 0001:000043a0       pjsip_via_hdr_create       00000001400053a0 f   pjsip-core-x86_64-x64-vc14-release:sip_msg.obj
 0001:000043d0       pjsip_via_hdr_init         00000001400053d0 f   pjsip-core-x86_64-x64-vc14-release:sip_msg.obj
 0001:00004710       pjsip_rx_data_get_info     0000000140005710 f   pjsip-core-x86_64-x64-vc14-release:sip_transport.obj
 0001:000047c0       pjsip_tpmgr_acquire_transport2 00000001400057c0 f   pjsip-core-x86_64-x64-vc14-release:sip_transport.obj
 0001:00004b10       pjsip_tpmgr_create         0000000140005b10 f   pjsip-core-x86_64-x64-vc14-release:sip_transport.obj
 0001:00004c40       pjsip_tpmgr_destroy        0000000140005c40 f   pjsip-core-x86_64-x64-vc14-release:sip_transport.obj
 0001:00004dc0       pjsip_tpmgr_dump_transports 0000000140005dc0 f   pjsip-core-x86_64-x64-vc14-release:sip_transport.obj
 0001:00004f30       pjsip_tpmgr_receive_packet 0000000140005f30 f   pjsip-core-x86_64-x64-vc14-release:sip_transport.obj
 0001:000053a0       pjsip_tpselector_dec_ref   00000001400063a0 f   pjsip-core-x86_64-x64-vc14-release:sip_transport.obj
 0001:000053c0       pjsip_transport_add_ref    00000001400063c0 f   pjsip-core-x86_64-x64-vc14-release:sip_transport.obj
 0001:000054b0       pjsip_transport_add_state_listener 00000001400064b0 f   pjsip-core-x86_64-x64-vc14-release:sip_transport.obj
 0001:000055b0       pjsip_transport_dec_ref    00000001400065b0 f   pjsip-core-x86_64-x64-vc14-release:sip_transport.obj
 0001:000056d0       pjsip_transport_destroy    00000001400066d0 f   pjsip-core-x86_64-x64-vc14-release:sip_transport.obj
 0001:00005740       pjsip_transport_get_default_port_for_type 0000000140006740 f   pjsip-core-x86_64-x64-vc14-release:sip_transport.obj
 0001:00005770       pjsip_transport_get_flag_from_type 0000000140006770 f   pjsip-core-x86_64-x64-vc14-release:sip_transport.obj
 0001:000057a0       pjsip_transport_get_type_desc 00000001400067a0 f   pjsip-core-x86_64-x64-vc14-release:sip_transport.obj
 0001:000057e0       pjsip_transport_get_type_from_flag 00000001400067e0 f   pjsip-core-x86_64-x64-vc14-release:sip_transport.obj
 0001:00005820       pjsip_transport_get_type_from_name 0000000140006820 f   pjsip-core-x86_64-x64-vc14-release:sip_transport.obj
 0001:000058a0       pjsip_transport_get_type_name 00000001400068a0 f   pjsip-core-x86_64-x64-vc14-release:sip_transport.obj
 0001:000058e0       pjsip_transport_register   00000001400068e0 f   pjsip-core-x86_64-x64-vc14-release:sip_transport.obj
 0001:000059f0       pjsip_transport_remove_state_listener 00000001400069f0 f   pjsip-core-x86_64-x64-vc14-release:sip_transport.obj
 0001:00005ac0       pjsip_transport_send       0000000140006ac0 f   pjsip-core-x86_64-x64-vc14-release:sip_transport.obj
 0001:00005c60       pjsip_tx_data_add_ref      0000000140006c60 f   pjsip-core-x86_64-x64-vc14-release:sip_transport.obj
 0001:00005c70       pjsip_tx_data_create       0000000140006c70 f   pjsip-core-x86_64-x64-vc14-release:sip_transport.obj
 0001:00005db0       pjsip_tx_data_dec_ref      0000000140006db0 f   pjsip-core-x86_64-x64-vc14-release:sip_transport.obj
 0001:00005e00       pjsip_tx_data_encode       0000000140006e00 f   pjsip-core-x86_64-x64-vc14-release:sip_transport.obj
 0001:00005f00       pjsip_tx_data_get_info     0000000140006f00 f   pjsip-core-x86_64-x64-vc14-release:sip_transport.obj
 0001:00005f70       pjsip_tx_data_invalidate_msg 0000000140006f70 f   pjsip-core-x86_64-x64-vc14-release:sip_transport.obj
 0001:00006480       pjsip_endpt_acquire_transport2 0000000140007480 f   pjsip-core-x86_64-x64-vc14-release:sip_endpoint.obj
 0001:00006490       pjsip_endpt_atexit         0000000140007490 f   pjsip-core-x86_64-x64-vc14-release:sip_endpoint.obj
 0001:00006510       pjsip_endpt_cancel_timer   0000000140007510 f   pjsip-core-x86_64-x64-vc14-release:sip_endpoint.obj
 0001:00006540       pjsip_endpt_create         0000000140007540 f   pjsip-core-x86_64-x64-vc14-release:sip_endpoint.obj
 0001:00006850       pjsip_endpt_create_pool    0000000140007850 f   pjsip-core-x86_64-x64-vc14-release:sip_endpoint.obj
 0001:000068b0       pjsip_endpt_create_tdata   00000001400078b0 f   pjsip-core-x86_64-x64-vc14-release:sip_endpoint.obj
 0001:000068c0       pjsip_endpt_destroy        00000001400078c0 f   pjsip-core-x86_64-x64-vc14-release:sip_endpoint.obj
 0001:00006a30       pjsip_endpt_dump           0000000140007a30 f   pjsip-core-x86_64-x64-vc14-release:sip_endpoint.obj
 0001:00006b40       pjsip_endpt_get_ioqueue    0000000140007b40 f   pjsip-core-x86_64-x64-vc14-release:sip_endpoint.obj
 0001:00006b50       pjsip_endpt_get_request_headers 0000000140007b50 f   pjsip-core-x86_64-x64-vc14-release:sip_endpoint.obj
 0001:00006b60       pjsip_endpt_get_timer_heap 0000000140007b60 f   pjsip-core-x86_64-x64-vc14-release:sip_endpoint.obj
 0001:00006b70       pjsip_endpt_get_tpmgr      0000000140007b70 f   pjsip-core-x86_64-x64-vc14-release:sip_endpoint.obj
 0001:00006b80       pjsip_endpt_handle_events  0000000140007b80 f   pjsip-core-x86_64-x64-vc14-release:sip_endpoint.obj
 0001:00006b90       pjsip_endpt_handle_events2 0000000140007b90 f   pjsip-core-x86_64-x64-vc14-release:sip_endpoint.obj
 0001:00006c90       pjsip_endpt_log_error      0000000140007c90 f   pjsip-core-x86_64-x64-vc14-release:sip_endpoint.obj
 0001:00006dd0       pjsip_endpt_process_rx_data 0000000140007dd0 f   pjsip-core-x86_64-x64-vc14-release:sip_endpoint.obj
 0001:00006f90       pjsip_endpt_register_module 0000000140007f90 f   pjsip-core-x86_64-x64-vc14-release:sip_endpoint.obj
 0001:000070e0       pjsip_endpt_release_pool   00000001400080e0 f   pjsip-core-x86_64-x64-vc14-release:sip_endpoint.obj
 0001:00007100       pjsip_endpt_resolve        0000000140008100 f   pjsip-core-x86_64-x64-vc14-release:sip_endpoint.obj
 0001:00007110       pjsip_endpt_schedule_timer 0000000140008110 f   pjsip-core-x86_64-x64-vc14-release:sip_endpoint.obj
 0001:00007150       pjsip_endpt_unregister_module 0000000140008150 f   pjsip-core-x86_64-x64-vc14-release:sip_endpoint.obj
 0001:00007540       pjsip_endpt_create_ack     0000000140008540 f   pjsip-core-x86_64-x64-vc14-release:sip_util.obj
 0001:000077b0       pjsip_endpt_create_request_from_hdr 00000001400087b0 f   pjsip-core-x86_64-x64-vc14-release:sip_util.obj
 0001:00007a40       pjsip_endpt_create_response 0000000140008a40 f   pjsip-core-x86_64-x64-vc14-release:sip_util.obj
 0001:00007d00       pjsip_endpt_respond_stateless 0000000140008d00 f   pjsip-core-x86_64-x64-vc14-release:sip_util.obj
 0001:00007e80       pjsip_endpt_send_request_stateless 0000000140008e80 f   pjsip-core-x86_64-x64-vc14-release:sip_util.obj
 0001:00007fa0       pjsip_endpt_send_response  0000000140008fa0 f   pjsip-core-x86_64-x64-vc14-release:sip_util.obj
 0001:000080d0       pjsip_event_str            00000001400090d0 f   pjsip-core-x86_64-x64-vc14-release:sip_util.obj
 0001:000080e0       pjsip_get_dest_info        00000001400090e0 f   pjsip-core-x86_64-x64-vc14-release:sip_util.obj
 0001:000082a0       pjsip_get_response_addr    00000001400092a0 f   pjsip-core-x86_64-x64-vc14-release:sip_util.obj
 0001:000083f0       pjsip_process_route_set    00000001400093f0 f   pjsip-core-x86_64-x64-vc14-release:sip_util.obj
 0001:00008620       pjsip_restore_strict_route_set 0000000140009620 f   pjsip-core-x86_64-x64-vc14-release:sip_util.obj
 0001:00008f10       pjsip_calculate_branch_id  0000000140009f10 f   pjsip-core-x86_64-x64-vc14-release:sip_util_proxy.obj
 0001:000090d0       pjsip_endpt_create_request_fwd 000000014000a0d0 f   pjsip-core-x86_64-x64-vc14-release:sip_util_proxy.obj
 0001:00009360       pjsip_endpt_create_response_fwd 000000014000a360 f   pjsip-core-x86_64-x64-vc14-release:sip_util_proxy.obj
 0001:00009730       pjsip_udp_transport_start  000000014000a730 f   pjsip-core-x86_64-x64-vc14-release:sip_transport_udp.obj
 0001:00009800       pjsip_udp_transport_start2 000000014000a800 f   pjsip-core-x86_64-x64-vc14-release:sip_transport_udp.obj
 0001:0000b480       pjsip_name_addr_assign     000000014000c480 f   pjsip-core-x86_64-x64-vc14-release:sip_uri.obj
 0001:0000b4d0       pjsip_name_addr_create     000000014000c4d0 f   pjsip-core-x86_64-x64-vc14-release:sip_uri.obj
 0001:0000b500       pjsip_name_addr_init       000000014000c500 f   pjsip-core-x86_64-x64-vc14-release:sip_uri.obj
 0001:0000b520       pjsip_other_uri_create     000000014000c520 f   pjsip-core-x86_64-x64-vc14-release:sip_uri.obj
 0001:0000b550       pjsip_param_clone          000000014000c550 f   pjsip-core-x86_64-x64-vc14-release:sip_uri.obj
 0001:0000b5f0       pjsip_param_cmp            000000014000c5f0 f   pjsip-core-x86_64-x64-vc14-release:sip_uri.obj
 0001:0000b6d0       pjsip_param_find           000000014000c6d0 f   pjsip-core-x86_64-x64-vc14-release:sip_uri.obj
 0001:0000b730       pjsip_param_print_on       000000014000c730 f   pjsip-core-x86_64-x64-vc14-release:sip_uri.obj
 0001:0000b870       pjsip_param_shallow_clone  000000014000c870 f   pjsip-core-x86_64-x64-vc14-release:sip_uri.obj
 0001:0000b8f0       pjsip_sip_uri_assign       000000014000c8f0 f   pjsip-core-x86_64-x64-vc14-release:sip_uri.obj
 0001:0000b9d0       pjsip_sip_uri_create       000000014000c9d0 f   pjsip-core-x86_64-x64-vc14-release:sip_uri.obj
 0001:0000ba50       deinit_sip_parser          000000014000ca50 f   pjsip-core-x86_64-x64-vc14-release:sip_parser.obj
 0001:0000c3d0       init_sip_parser            000000014000d3d0 f   pjsip-core-x86_64-x64-vc14-release:sip_parser.obj
 0001:0000f020       pjsip_find_msg             0000000140010020 f   pjsip-core-x86_64-x64-vc14-release:sip_parser.obj
 0001:0000f350       pjsip_parse_end_hdr_imp    0000000140010350 f   pjsip-core-x86_64-x64-vc14-release:sip_parser.obj
 0001:0000f370       pjsip_parse_headers        0000000140010370 f   pjsip-core-x86_64-x64-vc14-release:sip_parser.obj
 0001:0000f600       pjsip_parse_param_imp      0000000140010600 f   pjsip-core-x86_64-x64-vc14-release:sip_parser.obj
 0001:0000f6f0       pjsip_parse_rdata          00000001400106f0 f   pjsip-core-x86_64-x64-vc14-release:sip_parser.obj
 0001:0000f770       pjsip_parser_const         0000000140010770 f   pjsip-core-x86_64-x64-vc14-release:sip_parser.obj
 0001:0000f780       pjsip_register_hdr_parser  0000000140010780 f   pjsip-core-x86_64-x64-vc14-release:sip_parser.obj
 0001:0000f870       pjsip_register_uri_parser  0000000140010870 f   pjsip-core-x86_64-x64-vc14-release:sip_parser.obj
 0001:0000fcc0       pjsip_resolve              0000000140010cc0 f   pjsip-core-x86_64-x64-vc14-release:sip_resolve.obj
 0001:00010310       pjsip_resolver_create      0000000140011310 f   pjsip-core-x86_64-x64-vc14-release:sip_resolve.obj
 0001:00010350       pjsip_resolver_destroy     0000000140011350 f   pjsip-core-x86_64-x64-vc14-release:sip_resolve.obj
 0001:000105a0       pjsip_strerror             00000001400115a0 f   pjsip-core-x86_64-x64-vc14-release:sip_errno.obj
 0001:00010b30       pjsip_tel_nb_cmp           0000000140011b30 f   pjsip-core-x86_64-x64-vc14-release:sip_tel_uri.obj
 0001:00010c40       pjsip_tel_uri_subsys_init  0000000140011c40 f   pjsip-core-x86_64-x64-vc14-release:sip_tel_uri.obj
 0001:000110d0       _get_startup_thread_locale_mode 00000001400120d0 f   MSVCRT:thread_locale.obj
 0001:000110d0       _get_startup_commit_mode   00000001400120d0 f   MSVCRT:commit_mode.obj
 0001:000110d0       __scrt_initialize_winrt    00000001400120d0 f   MSVCRT:utility_desktop.obj
 0001:000110d0       _matherr                   00000001400120d0 f   MSVCRT:matherr.obj
 0001:000110d0       _get_startup_new_mode      00000001400120d0 f   MSVCRT:new_mode.obj
 0001:000119f0       pjsip_rdata_get_tsx        00000001400129f0 f   pjsip-core-x86_64-x64-vc14-release:sip_transaction.obj
 0001:00011a00       pjsip_tsx_recv_msg         0000000140012a00 f   pjsip-core-x86_64-x64-vc14-release:sip_transaction.obj
 0001:00014720       pjsip_multipart_add_part   0000000140015720 f   pjsip-core-x86_64-x64-vc14-release:sip_multipart.obj
 0001:00014780       pjsip_multipart_create     0000000140015780 f   pjsip-core-x86_64-x64-vc14-release:sip_multipart.obj
 0001:000148f0       pjsip_multipart_parse      00000001400158f0 f   pjsip-core-x86_64-x64-vc14-release:sip_multipart.obj
 0001:00015240       pjsip_auth_init_parser     0000000140016240 f   pjsip-core-x86_64-x64-vc14-release:sip_auth_parser.obj
 0001:00015910       pjsip_authorization_hdr_create 0000000140016910 f   pjsip-core-x86_64-x64-vc14-release:sip_auth_msg.obj
 0001:00015990       pjsip_proxy_authenticate_hdr_create 0000000140016990 f   pjsip-core-x86_64-x64-vc14-release:sip_auth_msg.obj
 0001:00015a10       pjsip_proxy_authorization_hdr_create 0000000140016a10 f   pjsip-core-x86_64-x64-vc14-release:sip_auth_msg.obj
 0001:00015a90       pjsip_www_authenticate_hdr_create 0000000140016a90 f   pjsip-core-x86_64-x64-vc14-release:sip_auth_msg.obj
 0001:00016470       pjlib_util_init            0000000140017470 f   pjlib-util-x86_64-x64-vc14-release:errno.obj
 0001:00016490       pjlib_util_strerror        0000000140017490 f   pjlib-util-x86_64-x64-vc14-release:errno.obj
 0001:00016ed0       pj_getopt_long             0000000140017ed0 f   pjlib-util-x86_64-x64-vc14-release:getopt.obj
 0001:00016ef0       pj_str_unescape            0000000140017ef0 f   pjlib-util-x86_64-x64-vc14-release:string.obj
 0001:00017010       pj_strncpy2_escape         0000000140018010 f   pjlib-util-x86_64-x64-vc14-release:string.obj
 0001:00017420       pj_dns_parse_addr_response 0000000140018420 f   pjlib-util-x86_64-x64-vc14-release:resolver.obj
 0001:00017740       pj_dns_resolver_cancel_query 0000000140018740 f   pjlib-util-x86_64-x64-vc14-release:resolver.obj
 0001:000177c0       pj_dns_resolver_destroy    00000001400187c0 f   pjlib-util-x86_64-x64-vc14-release:resolver.obj
 0001:000179a0       pj_dns_resolver_dump       00000001400189a0 f   pjlib-util-x86_64-x64-vc14-release:resolver.obj
 0001:00017d20       pj_dns_resolver_start_query 0000000140018d20 f   pjlib-util-x86_64-x64-vc14-release:resolver.obj
 0001:00018ea0       pj_md5_final               0000000140019ea0 f   pjlib-util-x86_64-x64-vc14-release:md5.obj
 0001:00018f60       pj_md5_init                0000000140019f60 f   pjlib-util-x86_64-x64-vc14-release:md5.obj
 0001:00018f90       pj_md5_update              0000000140019f90 f   pjlib-util-x86_64-x64-vc14-release:md5.obj
 0001:00019080       pj_cis_add_alpha           000000014001a080 f   pjlib-util-x86_64-x64-vc14-release:scanner.obj
 0001:000190b0       pj_cis_add_cis             000000014001a0b0 f   pjlib-util-x86_64-x64-vc14-release:scanner.obj
 0001:00019100       pj_cis_add_num             000000014001a100 f   pjlib-util-x86_64-x64-vc14-release:scanner.obj
 0001:00019110       pj_cis_add_range           000000014001a110 f   pjlib-util-x86_64-x64-vc14-release:scanner.obj
 0001:00019210       pj_cis_add_str             000000014001a210 f   pjlib-util-x86_64-x64-vc14-release:scanner.obj
 0001:00019250       pj_cis_buf_init            000000014001a250 f   pjlib-util-x86_64-x64-vc14-release:scanner.obj
 0001:00019280       pj_cis_del_str             000000014001a280 f   pjlib-util-x86_64-x64-vc14-release:scanner.obj
 0001:000192c0       pj_cis_dup                 000000014001a2c0 f   pjlib-util-x86_64-x64-vc14-release:scanner.obj
 0001:00019360       pj_cis_init                000000014001a360 f   pjlib-util-x86_64-x64-vc14-release:scanner.obj
 0001:000193a0       pj_cis_invert              000000014001a3a0 f   pjlib-util-x86_64-x64-vc14-release:scanner.obj
 0001:000193f0       pj_scan_advance_n          000000014001a3f0 f   pjlib-util-x86_64-x64-vc14-release:scanner.obj
 0001:00019420       pj_scan_fini               000000014001a420 f   pjlib-util-x86_64-x64-vc14-release:scanner.obj
 0001:00019440       pj_scan_get                000000014001a440 f   pjlib-util-x86_64-x64-vc14-release:scanner.obj
 0001:000194b0       pj_scan_get_char           000000014001a4b0 f   pjlib-util-x86_64-x64-vc14-release:scanner.obj
 0001:00019500       pj_scan_get_n              000000014001a500 f   pjlib-util-x86_64-x64-vc14-release:scanner.obj
 0001:00019540       pj_scan_get_newline        000000014001a540 f   pjlib-util-x86_64-x64-vc14-release:scanner.obj
 0001:00019590       pj_scan_get_quote          000000014001a590 f   pjlib-util-x86_64-x64-vc14-release:scanner.obj
 0001:000196a0       pj_scan_get_until_ch       000000014001a6a0 f   pjlib-util-x86_64-x64-vc14-release:scanner.obj
 0001:000196f0       pj_scan_init               000000014001a6f0 f   pjlib-util-x86_64-x64-vc14-release:scanner.obj
 0001:00019770       pj_scan_peek               000000014001a770 f   pjlib-util-x86_64-x64-vc14-release:scanner.obj
 0001:000197e0       pj_scan_skip_line          000000014001a7e0 f   pjlib-util-x86_64-x64-vc14-release:scanner.obj
 0001:00019820       pj_scan_skip_whitespace    000000014001a820 f   pjlib-util-x86_64-x64-vc14-release:scanner.obj
 0001:00019900       pj_dns_get_type_name       000000014001a900 f   pjlib-util-x86_64-x64-vc14-release:dns.obj
 0001:000199d0       pj_dns_make_query          000000014001a9d0 f   pjlib-util-x86_64-x64-vc14-release:dns.obj
 0001:0001ab60       pj_dns_srv_cancel_query    000000014001bb60 f   pjlib-util-x86_64-x64-vc14-release:srv_resolver.obj
 0001:0001ac40       pj_dns_srv_resolve         000000014001bc40 f   pjlib-util-x86_64-x64-vc14-release:srv_resolver.obj
 0001:0001b070       pj_atexit                  000000014001c070 f   pjlib-x86_64-x64-vc14-release:os_core_win32.obj
 0001:0001b0a0       pj_atomic_create           000000014001c0a0 f   pjlib-x86_64-x64-vc14-release:os_core_win32.obj
 0001:0001b0e0       pj_atomic_dec_and_get      000000014001c0e0 f   pjlib-x86_64-x64-vc14-release:os_core_win32.obj
 0001:0001b140       pj_atomic_destroy          000000014001c140 f   pjlib-x86_64-x64-vc14-release:os_core_win32.obj
 0001:0001b150       pj_atomic_get              000000014001c150 f   pjlib-x86_64-x64-vc14-release:os_core_win32.obj
 0001:0001b1c0       pj_atomic_inc              000000014001c1c0 f   pjlib-x86_64-x64-vc14-release:os_core_win32.obj
 0001:0001b220       pj_atomic_inc_and_get      000000014001c220 f   pjlib-x86_64-x64-vc14-release:os_core_win32.obj
 0001:0001b290       pj_atomic_set              000000014001c290 f   pjlib-x86_64-x64-vc14-release:os_core_win32.obj
 0001:0001b300       pj_enter_critical_section  000000014001c300 f   pjlib-x86_64-x64-vc14-release:os_core_win32.obj
 0001:0001b370       pj_init                    000000014001c370 f   pjlib-x86_64-x64-vc14-release:os_core_win32.obj
 0001:0001b4d0       pj_leave_critical_section  000000014001c4d0 f   pjlib-x86_64-x64-vc14-release:os_core_win32.obj
 0001:0001b540       pj_mutex_create            000000014001c540 f   pjlib-x86_64-x64-vc14-release:os_core_win32.obj
 0001:0001b5c0       pj_mutex_create_simple     000000014001c5c0 f   pjlib-x86_64-x64-vc14-release:os_core_win32.obj
 0001:0001b5c0       pj_mutex_create_recursive  000000014001c5c0 f   pjlib-x86_64-x64-vc14-release:os_core_win32.obj
 0001:0001b640       pj_mutex_destroy           000000014001c640 f   pjlib-x86_64-x64-vc14-release:os_core_win32.obj
 0001:0001b6c0       pj_mutex_lock              000000014001c6c0 f   pjlib-x86_64-x64-vc14-release:os_core_win32.obj
 0001:0001b740       pj_mutex_trylock           000000014001c740 f   pjlib-x86_64-x64-vc14-release:os_core_win32.obj
 0001:0001b7d0       pj_mutex_unlock            000000014001c7d0 f   pjlib-x86_64-x64-vc14-release:os_core_win32.obj
 0001:0001b850       pj_rwmutex_create          000000014001c850 f   pjlib-x86_64-x64-vc14-release:os_core_win32.obj
 0001:0001b910       pj_rwmutex_destroy         000000014001c910 f   pjlib-x86_64-x64-vc14-release:os_core_win32.obj
 0001:0001b950       pj_rwmutex_lock_read       000000014001c950 f   pjlib-x86_64-x64-vc14-release:os_core_win32.obj
 0001:0001b9a0       pj_rwmutex_lock_write      000000014001c9a0 f   pjlib-x86_64-x64-vc14-release:os_core_win32.obj
 0001:0001b9c0       pj_rwmutex_unlock_read     000000014001c9c0 f   pjlib-x86_64-x64-vc14-release:os_core_win32.obj
 0001:0001ba10       pj_rwmutex_unlock_write    000000014001ca10 f   pjlib-x86_64-x64-vc14-release:os_core_win32.obj
 0001:0001ba30       pj_sem_create              000000014001ca30 f   pjlib-x86_64-x64-vc14-release:os_core_win32.obj
 0001:0001bb90       pj_sem_destroy             000000014001cb90 f   pjlib-x86_64-x64-vc14-release:os_core_win32.obj
 0001:0001bc40       pj_sem_post                000000014001cc40 f   pjlib-x86_64-x64-vc14-release:os_core_win32.obj
 0001:0001bcf0       pj_sem_trywait             000000014001ccf0 f   pjlib-x86_64-x64-vc14-release:os_core_win32.obj
 0001:0001bd60       pj_sem_wait                000000014001cd60 f   pjlib-x86_64-x64-vc14-release:os_core_win32.obj
 0001:0001bed0       pj_shutdown                000000014001ced0 f   pjlib-x86_64-x64-vc14-release:os_core_win32.obj
 0001:0001c050       pj_term_set_color          000000014001d050 f   pjlib-x86_64-x64-vc14-release:os_core_win32.obj
 0001:0001c150       pj_thread_check_stack      000000014001d150 f   pjlib-x86_64-x64-vc14-release:os_core_win32.obj
 0001:0001c1b0       pj_thread_create           000000014001d1b0 f   pjlib-x86_64-x64-vc14-release:os_core_win32.obj
 0001:0001c380       pj_thread_get_name         000000014001d380 f   pjlib-x86_64-x64-vc14-release:os_core_win32.obj
 0001:0001c3f0       pj_thread_init             000000014001d3f0 f   pjlib-x86_64-x64-vc14-release:os_core_win32.obj
 0001:0001c450       pj_thread_join             000000014001d450 f   pjlib-x86_64-x64-vc14-release:os_core_win32.obj
 0001:0001c550       pj_thread_local_alloc      000000014001d550 f   pjlib-x86_64-x64-vc14-release:os_core_win32.obj
 0001:0001c5c0       pj_thread_local_free       000000014001d5c0 f   pjlib-x86_64-x64-vc14-release:os_core_win32.obj
 0001:0001c620       pj_thread_local_get        000000014001d620 f   pjlib-x86_64-x64-vc14-release:os_core_win32.obj
 0001:0001c630       pj_thread_local_set        000000014001d630 f   pjlib-x86_64-x64-vc14-release:os_core_win32.obj
 0001:0001c680       pj_thread_register         000000014001d680 f   pjlib-x86_64-x64-vc14-release:os_core_win32.obj
 0001:0001c790       pj_thread_sleep            000000014001d790 f   pjlib-x86_64-x64-vc14-release:os_core_win32.obj
 0001:0001c7f0       pj_thread_this             000000014001d7f0 f   pjlib-x86_64-x64-vc14-release:os_core_win32.obj
 0001:0001c8b0       pj_errno_clear_handlers    000000014001d8b0 f   pjlib-x86_64-x64-vc14-release:errno.obj
 0001:0001c8d0       pj_perror                  000000014001d8d0 f   pjlib-x86_64-x64-vc14-release:errno.obj
 0001:0001c8f0       pj_perror_2                000000014001d8f0 f   pjlib-x86_64-x64-vc14-release:errno.obj
 0001:0001c920       pj_perror_3                000000014001d920 f   pjlib-x86_64-x64-vc14-release:errno.obj
 0001:0001c950       pj_perror_4                000000014001d950 f   pjlib-x86_64-x64-vc14-release:errno.obj
 0001:0001ca70       pj_register_strerror       000000014001da70 f   pjlib-x86_64-x64-vc14-release:errno.obj
 0001:0001cb90       pj_strerror                000000014001db90 f   pjlib-x86_64-x64-vc14-release:errno.obj
 0001:0001cd50       pj_list_erase              000000014001dd50 f   pjlib-x86_64-x64-vc14-release:list.obj
 0001:0001cd70       pj_list_find_node          000000014001dd70 f   pjlib-x86_64-x64-vc14-release:list.obj
 0001:0001cda0       pj_list_insert_after       000000014001dda0 f   pjlib-x86_64-x64-vc14-release:list.obj
 0001:0001cdc0       pj_list_insert_before      000000014001ddc0 f   pjlib-x86_64-x64-vc14-release:list.obj
 0001:0001cde0       pj_list_insert_nodes_before 000000014001dde0 f   pjlib-x86_64-x64-vc14-release:list.obj
 0001:0001ce00       pj_list_search             000000014001de00 f   pjlib-x86_64-x64-vc14-release:list.obj
 0001:0001ce60       pj_list_size               000000014001de60 f   pjlib-x86_64-x64-vc14-release:list.obj
 0001:0001ce80       pj_gethostname             000000014001de80 f   pjlib-x86_64-x64-vc14-release:sock_bsd.obj
 0001:0001cf20       pj_htonl                   000000014001df20 f   pjlib-x86_64-x64-vc14-release:sock_bsd.obj
 0001:0001cf30       pj_htons                   000000014001df30 f   pjlib-x86_64-x64-vc14-release:sock_bsd.obj
 0001:0001cf40       pj_inet_aton               000000014001df40 f   pjlib-x86_64-x64-vc14-release:sock_bsd.obj
 0001:0001cfd0       pj_inet_ntop               000000014001dfd0 f   pjlib-x86_64-x64-vc14-release:sock_bsd.obj
 0001:0001d100       pj_inet_pton               000000014001e100 f   pjlib-x86_64-x64-vc14-release:sock_bsd.obj
 0001:0001d230       pj_ntohl                   000000014001e230 f   pjlib-x86_64-x64-vc14-release:sock_bsd.obj
 0001:0001d240       pj_ntohs                   000000014001e240 f   pjlib-x86_64-x64-vc14-release:sock_bsd.obj
 0001:0001d250       pj_sock_accept             000000014001e250 f   pjlib-x86_64-x64-vc14-release:sock_bsd.obj
 0001:0001d2f0       pj_sock_bind               000000014001e2f0 f   pjlib-x86_64-x64-vc14-release:sock_bsd.obj
 0001:0001d3a0       pj_sock_close              000000014001e3a0 f   pjlib-x86_64-x64-vc14-release:sock_bsd.obj
 0001:0001d400       pj_sock_connect            000000014001e400 f   pjlib-x86_64-x64-vc14-release:sock_bsd.obj
 0001:0001d490       pj_sock_getsockname        000000014001e490 f   pjlib-x86_64-x64-vc14-release:sock_bsd.obj
 0001:0001d520       pj_sock_getsockopt         000000014001e520 f   pjlib-x86_64-x64-vc14-release:sock_bsd.obj
 0001:0001d5d0       pj_sock_recv               000000014001e5d0 f   pjlib-x86_64-x64-vc14-release:sock_bsd.obj
 0001:0001d670       pj_sock_recvfrom           000000014001e670 f   pjlib-x86_64-x64-vc14-release:sock_bsd.obj
 0001:0001d720       pj_sock_send               000000014001e720 f   pjlib-x86_64-x64-vc14-release:sock_bsd.obj
 0001:0001d7c0       pj_sock_sendto             000000014001e7c0 f   pjlib-x86_64-x64-vc14-release:sock_bsd.obj
 0001:0001d870       pj_sock_setsockopt         000000014001e870 f   pjlib-x86_64-x64-vc14-release:sock_bsd.obj
 0001:0001d920       pj_sock_setsockopt_params  000000014001e920 f   pjlib-x86_64-x64-vc14-release:sock_bsd.obj
 0001:0001da60       pj_sock_socket             000000014001ea60 f   pjlib-x86_64-x64-vc14-release:sock_bsd.obj
 0001:0001db70       pj_NO_MEMORY_EXCEPTION     000000014001eb70 f   pjlib-x86_64-x64-vc14-release:pool.obj
 0001:0001db80       pj_pool_alloc              000000014001eb80 f   pjlib-x86_64-x64-vc14-release:pool.obj
 0001:0001dbd0       pj_pool_allocate_find      000000014001ebd0 f   pjlib-x86_64-x64-vc14-release:pool.obj
 0001:0001dd10       pj_pool_calloc             000000014001ed10 f   pjlib-x86_64-x64-vc14-release:pool.obj
 0001:0001dd80       pj_pool_create             000000014001ed80 f   pjlib-x86_64-x64-vc14-release:pool.obj
 0001:0001de40       pj_pool_create_int         000000014001ee40 f   pjlib-x86_64-x64-vc14-release:pool.obj
 0001:0001df30       pj_pool_destroy_int        000000014001ef30 f   pjlib-x86_64-x64-vc14-release:pool.obj
 0001:0001df70       pj_pool_get_capacity       000000014001ef70 f   pjlib-x86_64-x64-vc14-release:pool.obj
 0001:0001df80       pj_pool_get_used_size      000000014001ef80 f   pjlib-x86_64-x64-vc14-release:pool.obj
 0001:0001dfc0       pj_pool_getobjname         000000014001efc0 f   pjlib-x86_64-x64-vc14-release:pool.obj
 0001:0001dfd0       pj_pool_init_int           000000014001efd0 f   pjlib-x86_64-x64-vc14-release:pool.obj
 0001:0001e070       pj_pool_release            000000014001f070 f   pjlib-x86_64-x64-vc14-release:pool.obj
 0001:0001e090       pj_pool_reset              000000014001f090 f   pjlib-x86_64-x64-vc14-release:pool.obj
 0001:0001e0b0       pj_pool_safe_release       000000014001f0b0 f   pjlib-x86_64-x64-vc14-release:pool.obj
 0001:0001e5c0       pj_caching_pool_destroy    000000014001f5c0 f   pjlib-x86_64-x64-vc14-release:pool_caching.obj
 0001:0001e6d0       pj_caching_pool_init       000000014001f6d0 f   pjlib-x86_64-x64-vc14-release:pool_caching.obj
 0001:0001e7e0       pj_str                     000000014001f7e0 f   pjlib-x86_64-x64-vc14-release:string.obj
 0001:0001e810       pj_strcat                  000000014001f810 f   pjlib-x86_64-x64-vc14-release:string.obj
 0001:0001e850       pj_strcat2                 000000014001f850 f   pjlib-x86_64-x64-vc14-release:string.obj
 0001:0001e8a0       pj_strcmp                  000000014001f8a0 f   pjlib-x86_64-x64-vc14-release:string.obj
 0001:0001e920       pj_strcpy                  000000014001f920 f   pjlib-x86_64-x64-vc14-release:string.obj
 0001:0001e950       pj_strcpy2                 000000014001f950 f   pjlib-x86_64-x64-vc14-release:string.obj
 0001:0001e990       pj_strdup                  000000014001f990 f   pjlib-x86_64-x64-vc14-release:string.obj
 0001:0001e9e0       pj_strdup2                 000000014001f9e0 f   pjlib-x86_64-x64-vc14-release:string.obj
 0001:0001ea60       pj_strdup_with_null        000000014001fa60 f   pjlib-x86_64-x64-vc14-release:string.obj
 0001:0001eab0       pj_stricmp                 000000014001fab0 f   pjlib-x86_64-x64-vc14-release:string.obj
 0001:0001eb40       pj_stricmp2                000000014001fb40 f   pjlib-x86_64-x64-vc14-release:string.obj
 0001:0001ebf0       pj_strncpy                 000000014001fbf0 f   pjlib-x86_64-x64-vc14-release:string.obj
 0001:0001ec40       pj_strncpy_with_null       000000014001fc40 f   pjlib-x86_64-x64-vc14-release:string.obj
 0001:0001ec90       pj_strnicmp                000000014001fc90 f   pjlib-x86_64-x64-vc14-release:string.obj
 0001:0001ece0       pj_strstr                  000000014001fce0 f   pjlib-x86_64-x64-vc14-release:string.obj
 0001:0001ed70       pj_strtol2                 000000014001fd70 f   pjlib-x86_64-x64-vc14-release:string.obj
 0001:0001ef50       pj_strtoul                 000000014001ff50 f   pjlib-x86_64-x64-vc14-release:string.obj
 0001:0001efe0       pj_strtrim                 000000014001ffe0 f   pjlib-x86_64-x64-vc14-release:string.obj
 0001:0001f080       pj_utoa                    0000000140020080 f   pjlib-x86_64-x64-vc14-release:string.obj
 0001:0001f090       pj_utoa_pad                0000000140020090 f   pjlib-x86_64-x64-vc14-release:string.obj
 0001:0001f150       pj_gethostip               0000000140020150 f   pjlib-x86_64-x64-vc14-release:sock_common.obj
 0001:0001f9f0       pj_getipinterface          00000001400209f0 f   pjlib-x86_64-x64-vc14-release:sock_common.obj
 0001:0001fca0       pj_sockaddr_cmp            0000000140020ca0 f   pjlib-x86_64-x64-vc14-release:sock_common.obj
 0001:0001fdf0       pj_sockaddr_cp             0000000140020df0 f   pjlib-x86_64-x64-vc14-release:sock_common.obj
 0001:0001fe40       pj_sockaddr_get_addr       0000000140020e40 f   pjlib-x86_64-x64-vc14-release:sock_common.obj
 0001:0001fe70       pj_sockaddr_get_len        0000000140020e70 f   pjlib-x86_64-x64-vc14-release:sock_common.obj
 0001:0001fea0       pj_sockaddr_get_port       0000000140020ea0 f   pjlib-x86_64-x64-vc14-release:sock_common.obj
 0001:0001fed0       pj_sockaddr_in_init        0000000140020ed0 f   pjlib-x86_64-x64-vc14-release:sock_common.obj
 0001:0001ff40       pj_sockaddr_in_set_str_addr 0000000140020f40 f   pjlib-x86_64-x64-vc14-release:sock_common.obj
 0001:00020020       pj_sockaddr_init           0000000140021020 f   pjlib-x86_64-x64-vc14-release:sock_common.obj
 0001:00020100       pj_sockaddr_print          0000000140021100 f   pjlib-x86_64-x64-vc14-release:sock_common.obj
 0001:00020270       pj_sockaddr_set_port       0000000140021270 f   pjlib-x86_64-x64-vc14-release:sock_common.obj
 0001:000202c0       pj_sockaddr_set_str_addr   00000001400212c0 f   pjlib-x86_64-x64-vc14-release:sock_common.obj
 0001:000203f0       pj_log                     00000001400213f0 f   pjlib-x86_64-x64-vc14-release:log.obj
 0001:00020980       pj_log_1                   0000000140021980 f   pjlib-x86_64-x64-vc14-release:log.obj
 0001:000209b0       pj_log_2                   00000001400219b0 f   pjlib-x86_64-x64-vc14-release:log.obj
 0001:000209e0       pj_log_3                   00000001400219e0 f   pjlib-x86_64-x64-vc14-release:log.obj
 0001:00020a10       pj_log_4                   0000000140021a10 f   pjlib-x86_64-x64-vc14-release:log.obj
 0001:00020a40       pj_log_5                   0000000140021a40 f   pjlib-x86_64-x64-vc14-release:log.obj
 0001:00020a70       pj_log_get_color           0000000140021a70 f   pjlib-x86_64-x64-vc14-release:log.obj
 0001:00020ae0       pj_log_get_decor           0000000140021ae0 f   pjlib-x86_64-x64-vc14-release:log.obj
 0001:00020af0       pj_log_get_level           0000000140021af0 f   pjlib-x86_64-x64-vc14-release:log.obj
 0001:00020b00       pj_log_init                0000000140021b00 f   pjlib-x86_64-x64-vc14-release:log.obj
 0001:00020b70       pj_log_pop_indent          0000000140021b70 f   pjlib-x86_64-x64-vc14-release:log.obj
 0001:00020ba0       pj_log_push_indent         0000000140021ba0 f   pjlib-x86_64-x64-vc14-release:log.obj
 0001:00020bd0       pj_log_set_level           0000000140021bd0 f   pjlib-x86_64-x64-vc14-release:log.obj
 0001:00021190       pj_enum_ip_interface       0000000140022190 f   pjlib-x86_64-x64-vc14-release:ip_helper_win32.obj
 0001:00021480       ioqueue_dispatch_exception_event 0000000140022480 f   pjlib-x86_64-x64-vc14-release:ioqueue_select.obj
 0001:000215e0       ioqueue_dispatch_read_event 00000001400225e0 f   pjlib-x86_64-x64-vc14-release:ioqueue_select.obj
 0001:00021870       ioqueue_dispatch_write_event 0000000140022870 f   pjlib-x86_64-x64-vc14-release:ioqueue_select.obj
 0001:00021c80       pj_ioqueue_create          0000000140022c80 f   pjlib-x86_64-x64-vc14-release:ioqueue_select.obj
 0001:00021e80       pj_ioqueue_destroy         0000000140022e80 f   pjlib-x86_64-x64-vc14-release:ioqueue_select.obj
 0001:00021f60       pj_ioqueue_get_user_data   0000000140022f60 f   pjlib-x86_64-x64-vc14-release:ioqueue_select.obj
 0001:00021f70       pj_ioqueue_is_pending      0000000140022f70 f   pjlib-x86_64-x64-vc14-release:ioqueue_select.obj
 0001:00021f80       pj_ioqueue_op_key_init     0000000140022f80 f   pjlib-x86_64-x64-vc14-release:ioqueue_select.obj
 0001:00021f90       pj_ioqueue_poll            0000000140022f90 f   pjlib-x86_64-x64-vc14-release:ioqueue_select.obj
 0001:00022420       pj_ioqueue_recvfrom        0000000140023420 f   pjlib-x86_64-x64-vc14-release:ioqueue_select.obj
 0001:000225e0       pj_ioqueue_register_sock2  00000001400235e0 f   pjlib-x86_64-x64-vc14-release:ioqueue_select.obj
 0001:00022750       pj_ioqueue_sendto          0000000140023750 f   pjlib-x86_64-x64-vc14-release:ioqueue_select.obj
 0001:00022970       pj_ioqueue_set_lock        0000000140023970 f   pjlib-x86_64-x64-vc14-release:ioqueue_select.obj
 0001:000229e0       pj_ioqueue_unregister      00000001400239e0 f   pjlib-x86_64-x64-vc14-release:ioqueue_select.obj
 0001:00022f20       pj_grp_lock_acquire        0000000140023f20 f   pjlib-x86_64-x64-vc14-release:lock.obj
 0001:00022f30       pj_grp_lock_add_handler    0000000140023f30 f   pjlib-x86_64-x64-vc14-release:lock.obj
 0001:00022fb0       pj_grp_lock_add_ref        0000000140023fb0 f   pjlib-x86_64-x64-vc14-release:lock.obj
 0001:00022fd0       pj_grp_lock_create         0000000140023fd0 f   pjlib-x86_64-x64-vc14-release:lock.obj
 0001:00023130       pj_grp_lock_dec_ref        0000000140024130 f   pjlib-x86_64-x64-vc14-release:lock.obj
 0001:00023170       pj_grp_lock_release        0000000140024170 f   pjlib-x86_64-x64-vc14-release:lock.obj
 0001:00023180       pj_grp_lock_tryacquire     0000000140024180 f   pjlib-x86_64-x64-vc14-release:lock.obj
 0001:00023190       pj_lock_acquire            0000000140024190 f   pjlib-x86_64-x64-vc14-release:lock.obj
 0001:000231b0       pj_lock_create_null_mutex  00000001400241b0 f   pjlib-x86_64-x64-vc14-release:lock.obj
 0001:000231d0       pj_lock_create_recursive_mutex 00000001400241d0 f   pjlib-x86_64-x64-vc14-release:lock.obj
 0001:000231e0       pj_lock_create_simple_mutex 00000001400241e0 f   pjlib-x86_64-x64-vc14-release:lock.obj
 0001:000231f0       pj_lock_destroy            00000001400241f0 f   pjlib-x86_64-x64-vc14-release:lock.obj
 0001:00023210       pj_lock_release            0000000140024210 f   pjlib-x86_64-x64-vc14-release:lock.obj
 0001:00023230       pj_lock_tryacquire         0000000140024230 f   pjlib-x86_64-x64-vc14-release:lock.obj
 0001:00023290       pj_exception_id_alloc      0000000140024290 f   pjlib-x86_64-x64-vc14-release:except.obj
 0001:00023300       pj_exception_id_free       0000000140024300 f   pjlib-x86_64-x64-vc14-release:except.obj
 0001:00023340       pj_exception_id_name       0000000140024340 f   pjlib-x86_64-x64-vc14-release:except.obj
 0001:00023390       pj_pop_exception_handler_  0000000140024390 f   pjlib-x86_64-x64-vc14-release:except.obj
 0001:000233d0       pj_push_exception_handler_ 00000001400243d0 f   pjlib-x86_64-x64-vc14-release:except.obj
 0001:00023430       pj_throw_exception_        0000000140024430 f   pjlib-x86_64-x64-vc14-release:except.obj
 0001:000234f0       pj_get_timestamp           00000001400244f0 f   pjlib-x86_64-x64-vc14-release:os_timestamp_win32.obj
 0001:00023550       pj_get_timestamp_freq      0000000140024550 f   pjlib-x86_64-x64-vc14-release:os_timestamp_win32.obj
 0001:000235b0       pj_hash_calc               00000001400245b0 f   pjlib-x86_64-x64-vc14-release:hash.obj
 0001:00023670       pj_hash_calc_tolower       0000000140024670 f   pjlib-x86_64-x64-vc14-release:hash.obj
 0001:000236f0       pj_hash_count              00000001400246f0 f   pjlib-x86_64-x64-vc14-release:hash.obj
 0001:00023700       pj_hash_create             0000000140024700 f   pjlib-x86_64-x64-vc14-release:hash.obj
 0001:00023770       pj_hash_first              0000000140024770 f   pjlib-x86_64-x64-vc14-release:hash.obj
 0001:000237b0       pj_hash_get                00000001400247b0 f   pjlib-x86_64-x64-vc14-release:hash.obj
 0001:000238e0       pj_hash_get_lower          00000001400248e0 f   pjlib-x86_64-x64-vc14-release:hash.obj
 0001:00023a40       pj_hash_next               0000000140024a40 f   pjlib-x86_64-x64-vc14-release:hash.obj
 0001:00023aa0       pj_hash_set                0000000140024aa0 f   pjlib-x86_64-x64-vc14-release:hash.obj
 0001:00023c40       pj_hash_set_lower          0000000140024c40 f   pjlib-x86_64-x64-vc14-release:hash.obj
 0001:00023df0       pj_hash_set_np             0000000140024df0 f   pjlib-x86_64-x64-vc14-release:hash.obj
 0001:00023f70       pj_hash_this               0000000140024f70 f   pjlib-x86_64-x64-vc14-release:hash.obj
 0001:000240f0       pj_timer_entry_running     00000001400250f0 f   pjlib-x86_64-x64-vc14-release:timer.obj
 0001:00024100       pj_timer_heap_cancel       0000000140025100 f   pjlib-x86_64-x64-vc14-release:timer.obj
 0001:00024190       pj_timer_heap_cancel_if_active 0000000140025190 f   pjlib-x86_64-x64-vc14-release:timer.obj
 0001:00024230       pj_timer_heap_count        0000000140025230 f   pjlib-x86_64-x64-vc14-release:timer.obj
 0001:00024240       pj_timer_heap_create       0000000140025240 f   pjlib-x86_64-x64-vc14-release:timer.obj
 0001:00024350       pj_timer_heap_destroy      0000000140025350 f   pjlib-x86_64-x64-vc14-release:timer.obj
 0001:00024380       pj_timer_heap_poll         0000000140025380 f   pjlib-x86_64-x64-vc14-release:timer.obj
 0001:00024500       pj_timer_heap_schedule     0000000140025500 f   pjlib-x86_64-x64-vc14-release:timer.obj
 0001:000245e0       pj_timer_heap_schedule_w_grp_lock 00000001400255e0 f   pjlib-x86_64-x64-vc14-release:timer.obj
 0001:00024610       pj_timer_heap_set_lock     0000000140025610 f   pjlib-x86_64-x64-vc14-release:timer.obj
 0001:00024670       pj_timer_heap_set_max_timed_out_per_poll 0000000140025670 f   pjlib-x86_64-x64-vc14-release:timer.obj
 0001:00024b50       pj_get_netos_error         0000000140025b50 f   pjlib-x86_64-x64-vc14-release:os_error_win32.obj
 0001:00024b80       platform_strerror          0000000140025b80 f   pjlib-x86_64-x64-vc14-release:os_error_win32.obj
 0001:00024cb0       pj_GUID_STRING_LENGTH      0000000140025cb0 f   pjlib-x86_64-x64-vc14-release:guid_win32.obj
 0001:00024cc0       pj_generate_unique_string  0000000140025cc0 f   pjlib-x86_64-x64-vc14-release:guid_win32.obj
 0001:00024da0       pj_create_unique_string    0000000140025da0 f   pjlib-x86_64-x64-vc14-release:guid.obj
 0001:00024dd0       pj_rand                    0000000140025dd0 f   pjlib-x86_64-x64-vc14-release:rand.obj
 0001:00024e10       pj_qos_get_params          0000000140025e10 f   pjlib-x86_64-x64-vc14-release:sock_qos_common.obj
 0001:00024e40       pj_sock_apply_qos          0000000140025e40 f   pjlib-x86_64-x64-vc14-release:sock_qos_common.obj
 0001:00024f30       pj_sock_apply_qos2         0000000140025f30 f   pjlib-x86_64-x64-vc14-release:sock_qos_common.obj
 0001:00025010       pj_gettimeofday            0000000140026010 f   pjlib-x86_64-x64-vc14-release:os_time_win32.obj
 0001:000250b0       pj_time_decode             00000001400260b0 f   pjlib-x86_64-x64-vc14-release:os_time_win32.obj
 0001:00025160       pj_getaddrinfo             0000000140026160 f   pjlib-x86_64-x64-vc14-release:addr_resolv_sock.obj
 0001:000252e0       pj_gethostbyname           00000001400262e0 f   pjlib-x86_64-x64-vc14-release:addr_resolv_sock.obj
 0001:000253a0       pj_time_val_normalize      00000001400263a0 f   pjlib-x86_64-x64-vc14-release:types.obj
 0001:00025450       pj_pool_create_on_buf      0000000140026450 f   pjlib-x86_64-x64-vc14-release:pool_buf.obj
 0001:000255c0       pj_log_write               00000001400265c0 f   pjlib-x86_64-x64-vc14-release:log_writer_stdout.obj
 0001:00025640       pj_gettickcount            0000000140026640 f   pjlib-x86_64-x64-vc14-release:os_timestamp_common.obj
 0001:00025700       PJ_FD_CLR                  0000000140026700 f   pjlib-x86_64-x64-vc14-release:sock_select.obj
 0001:000257b0       pjsip_resolver_get_resolver 00000001400267b0 f   pjsip-core-x86_64-x64-vc14-release:sip_resolve.obj
 0001:000257b0       PJ_FD_COUNT                00000001400267b0 f   pjlib-x86_64-x64-vc14-release:sock_select.obj
 0001:000257c0       PJ_FD_ISSET                00000001400267c0 f   pjlib-x86_64-x64-vc14-release:sock_select.obj
 0001:00025800       PJ_FD_SET                  0000000140026800 f   pjlib-x86_64-x64-vc14-release:sock_select.obj
 0001:00025890       PJ_FD_ZERO                 0000000140026890 f   pjlib-x86_64-x64-vc14-release:sock_select.obj
 0001:000258c0       pj_sock_select             00000001400268c0 f   pjlib-x86_64-x64-vc14-release:sock_select.obj
 0001:00025960       pj_sock_set_qos_params     0000000140026960 f   pjlib-x86_64-x64-vc14-release:sock_qos_bsd.obj
 0001:00025a90       pj_sock_set_qos_type       0000000140026a90 f   pjlib-x86_64-x64-vc14-release:sock_qos_bsd.obj
 0001:00025abe       __WSAFDIsSet               0000000140026abe f   ws2_32:WS2_32.dll
 0001:00025ac4       __GSHandlerCheck           0000000140026ac4 f   MSVCRT:_gshandler_.obj
 0001:00025ae4       __GSHandlerCheckCommon     0000000140026ae4 f   MSVCRT:_gshandler_.obj
 0001:00025b50       __security_check_cookie    0000000140026b50 f   MSVCRT:_amdsecgs_.obj
 0001:00025ddc       mainCRTStartup             0000000140026ddc f   MSVCRT:exe_main.obj
 0001:00025df0       __raise_securityfailure    0000000140026df0 f   MSVCRT:gs_report.obj
 0001:00025e24       __report_gsfailure         0000000140026e24 f   MSVCRT:gs_report.obj
 0001:00025ef8       __report_rangecheckfailure 0000000140026ef8 f   MSVCRT:gs_report.obj
 0001:00025f0c       __report_securityfailure   0000000140026f0c f   MSVCRT:gs_report.obj
 0001:0002608c       __isa_available_init       000000014002708c f   MSVCRT:_cpu_disp_.obj
 0001:00026260       __chkstk                   0000000140027260 f   MSVCRT:_chkstk_.obj
 0001:00026260       _alloca_probe              0000000140027260 f   MSVCRT:_chkstk_.obj
 0001:000262b4       __scrt_acquire_startup_lock 00000001400272b4 f   MSVCRT:utility.obj
 0001:000262f0       __scrt_initialize_crt      00000001400272f0 f   MSVCRT:utility.obj
 0001:0002633c       __scrt_initialize_onexit_tables 000000014002733c f   MSVCRT:utility.obj
 0001:00026408       __scrt_is_nonwritable_in_current_image 0000000140027408 f   MSVCRT:utility.obj
 0001:000264a4       __scrt_release_startup_lock 00000001400274a4 f   MSVCRT:utility.obj
 0001:000264c8       __scrt_uninitialize_crt    00000001400274c8 f   MSVCRT:utility.obj
 0001:000264f4       _onexit                    00000001400274f4 f   MSVCRT:utility.obj
 0001:00026544       atexit                     0000000140027544 f   MSVCRT:utility.obj
 0001:0002655c       __security_init_cookie     000000014002755c f   MSVCRT:gs_support.obj
 0001:00026608       _get_startup_argv_mode     0000000140027608 f   MSVCRT:argv_mode.obj
 0001:00026610       _get_startup_file_mode     0000000140027610 f   MSVCRT:file_mode.obj
 0001:00026618       ?__scrt_initialize_type_info@@YAXXZ 0000000140027618 f   MSVCRT:tncleanup.obj
 0001:00026628       _initialize_denormal_control 0000000140027628 f   MSVCRT:denormal_control.obj
 0001:00026628       _guard_check_icall_nop     0000000140027628 f   MSVCRT:guard_support.obj
 0001:00026628       _initialize_invalid_parameter_handler 0000000140027628 f   MSVCRT:invalid_parameter_handler.obj
 0001:0002662c       __local_stdio_scanf_options 000000014002762c f i MSVCRT:default_local_stdio_options.obj
 0001:00026634       __scrt_initialize_default_local_stdio_options 0000000140027634 f   MSVCRT:default_local_stdio_options.obj
 0001:00026650       __scrt_is_user_matherr_present 0000000140027650 f   MSVCRT:matherr_detection.obj
 0001:0002665c       __scrt_get_dyn_tls_init_callback 000000014002765c f   MSVCRT:dyn_tls_init.obj
 0001:00026664       __scrt_get_dyn_tls_dtor_callback 0000000140027664 f   MSVCRT:dyn_tls_dtor.obj
 0001:0002666c       __scrt_fastfail            000000014002766c f   MSVCRT:utility_desktop.obj
 0001:000267b4       __scrt_is_managed_app      00000001400277b4 f   MSVCRT:utility_desktop.obj
 0001:00026808       __scrt_set_unhandled_exception_filter 0000000140027808 f   MSVCRT:utility_desktop.obj
 0001:00026818       __scrt_unhandled_exception_filter 0000000140027818 f   MSVCRT:utility_desktop.obj
 0001:00026850       _RTC_Initialize            0000000140027850 f   MSVCRT:_initsect_.obj
 0001:0002689c       _RTC_Terminate             000000014002789c f   MSVCRT:_initsect_.obj
 0001:000268e8       _guard_check_icall         00000001400278e8 f i MSVCRT:checkcfg.obj
 0001:000268f0       __scrt_is_ucrt_dll_in_use  00000001400278f0 f   MSVCRT:ucrt_detection.obj
 0001:00026900       IsProcessorFeaturePresent  0000000140027900 f   kernel32:KERNEL32.dll
 0001:00026906       memset                     0000000140027906 f   vcruntime:VCRUNTIME140.dll
 0001:0002690c       memcmp                     000000014002790c f   vcruntime:VCRUNTIME140.dll
 0001:00026912       memcpy                     0000000140027912 f   vcruntime:VCRUNTIME140.dll
 0001:00026918       longjmp                    0000000140027918 f   vcruntime:VCRUNTIME140.dll
 0001:0002691e       __telemetry_main_invoke_trigger 000000014002791e f   vcruntime:VCRUNTIME140.dll
 0001:00026924       __telemetry_main_return_trigger 0000000140027924 f   vcruntime:VCRUNTIME140.dll
 0001:0002692a       __C_specific_handler       000000014002792a f   vcruntime:VCRUNTIME140.dll
 0001:00026930       _setjmp                    0000000140027930 f   vcruntime:VCRUNTIME140.dll
 0001:00026930       __intrinsic_setjmp         0000000140027930 f   vcruntime:VCRUNTIME140.dll
 0001:00026936       fmod                       0000000140027936 f   ucrt:api-ms-win-crt-math-l1-1-0.dll
 0001:0002693c       _seh_filter_exe            000000014002793c f   ucrt:api-ms-win-crt-runtime-l1-1-0.dll
 0001:00026942       _set_app_type              0000000140027942 f   ucrt:api-ms-win-crt-runtime-l1-1-0.dll
 0001:00026948       __setusermatherr           0000000140027948 f   ucrt:api-ms-win-crt-math-l1-1-0.dll
 0001:0002694e       _configure_narrow_argv     000000014002794e f   ucrt:api-ms-win-crt-runtime-l1-1-0.dll
 0001:00026954       _initialize_narrow_environment 0000000140027954 f   ucrt:api-ms-win-crt-runtime-l1-1-0.dll
 0001:0002695a       _get_initial_narrow_environment 000000014002795a f   ucrt:api-ms-win-crt-runtime-l1-1-0.dll
 0001:00026960       _initterm                  0000000140027960 f   ucrt:api-ms-win-crt-runtime-l1-1-0.dll
 0001:00026966       _initterm_e                0000000140027966 f   ucrt:api-ms-win-crt-runtime-l1-1-0.dll
 0001:0002696c       exit                       000000014002796c f   ucrt:api-ms-win-crt-runtime-l1-1-0.dll
 0001:00026972       _exit                      0000000140027972 f   ucrt:api-ms-win-crt-runtime-l1-1-0.dll
 0001:00026978       _set_fmode                 0000000140027978 f   ucrt:api-ms-win-crt-stdio-l1-1-0.dll
 0001:0002697e       __p___argc                 000000014002797e f   ucrt:api-ms-win-crt-runtime-l1-1-0.dll
 0001:00026984       __p___argv                 0000000140027984 f   ucrt:api-ms-win-crt-runtime-l1-1-0.dll
 0001:0002698a       _cexit                     000000014002798a f   ucrt:api-ms-win-crt-runtime-l1-1-0.dll
 0001:00026990       _c_exit                    0000000140027990 f   ucrt:api-ms-win-crt-runtime-l1-1-0.dll
 0001:00026996       _register_thread_local_exe_atexit_callback 0000000140027996 f   ucrt:api-ms-win-crt-runtime-l1-1-0.dll
 0001:0002699c       _configthreadlocale        000000014002799c f   ucrt:api-ms-win-crt-locale-l1-1-0.dll
 0001:000269a2       _set_new_mode              00000001400279a2 f   ucrt:api-ms-win-crt-heap-l1-1-0.dll
 0001:000269a8       __p__commode               00000001400279a8 f   ucrt:api-ms-win-crt-stdio-l1-1-0.dll
 0001:000269ae       _initialize_onexit_table   00000001400279ae f   ucrt:api-ms-win-crt-runtime-l1-1-0.dll
 0001:000269b4       _register_onexit_function  00000001400279b4 f   ucrt:api-ms-win-crt-runtime-l1-1-0.dll
 0001:000269ba       _crt_atexit                00000001400279ba f   ucrt:api-ms-win-crt-runtime-l1-1-0.dll
 0001:000269c0       terminate                  00000001400279c0 f   ucrt:api-ms-win-crt-runtime-l1-1-0.dll
 0001:000269c8       __scrt_stub_for_acrt_uninitialize 00000001400279c8 f   MSVCRT:ucrt_stubs.obj
 0001:000269c8       __vcrt_initialize          00000001400279c8 f   MSVCRT:ucrt_stubs.obj
 0001:000269c8       __vcrt_uninitialize        00000001400279c8 f   MSVCRT:ucrt_stubs.obj
 0001:000269c8       __acrt_initialize          00000001400279c8 f   MSVCRT:ucrt_stubs.obj
 0001:000269c8       __acrt_uninitialize        00000001400279c8 f   MSVCRT:ucrt_stubs.obj
 0001:000269c8       __scrt_stub_for_acrt_initialize 00000001400279c8 f   MSVCRT:ucrt_stubs.obj
 0001:000269e0       _guard_dispatch_icall_nop  00000001400279e0 f   MSVCRT:_guard_dispatch_.obj
 0002:00000000       __imp_RtlVirtualUnwind     0000000140028000     kernel32:KERNEL32.dll
 0002:00000008       __imp_GetModuleHandleW     0000000140028008     kernel32:KERNEL32.dll
 0002:00000010       __imp_IsDebuggerPresent    0000000140028010     kernel32:KERNEL32.dll
 0002:00000018       __imp_InitializeSListHead  0000000140028018     kernel32:KERNEL32.dll
 0002:00000020       __imp_GetSystemTimeAsFileTime 0000000140028020     kernel32:KERNEL32.dll
 0002:00000028       __imp_IsProcessorFeaturePresent 0000000140028028     kernel32:KERNEL32.dll
 0002:00000030       __imp_TerminateProcess     0000000140028030     kernel32:KERNEL32.dll
 0002:00000038       __imp_GetCurrentProcess    0000000140028038     kernel32:KERNEL32.dll
 0002:00000040       __imp_SetUnhandledExceptionFilter 0000000140028040     kernel32:KERNEL32.dll
 0002:00000048       __imp_UnhandledExceptionFilter 0000000140028048     kernel32:KERNEL32.dll
 0002:00000050       __imp_RtlLookupFunctionEntry 0000000140028050     kernel32:KERNEL32.dll
 0002:00000058       __imp_RtlCaptureContext    0000000140028058     kernel32:KERNEL32.dll
 0002:00000060       __imp_SystemTimeToFileTime 0000000140028060     kernel32:KERNEL32.dll
 0002:00000068       __imp_FileTimeToSystemTime 0000000140028068     kernel32:KERNEL32.dll
 0002:00000070       __imp_GetLocalTime         0000000140028070     kernel32:KERNEL32.dll
 0002:00000078       __imp_FormatMessageA       0000000140028078     kernel32:KERNEL32.dll
 0002:00000080       __imp_QueryPerformanceFrequency 0000000140028080     kernel32:KERNEL32.dll
 0002:00000088       __imp_QueryPerformanceCounter 0000000140028088     kernel32:KERNEL32.dll
 0002:00000090       __imp_LoadLibraryA         0000000140028090     kernel32:KERNEL32.dll
 0002:00000098       __imp_GetProcAddress       0000000140028098     kernel32:KERNEL32.dll
 0002:000000a0       __imp_FreeLibrary          00000001400280a0     kernel32:KERNEL32.dll
 0002:000000a8       __imp_SetConsoleTextAttribute 00000001400280a8     kernel32:KERNEL32.dll
 0002:000000b0       __imp_CreateSemaphoreA     00000001400280b0     kernel32:KERNEL32.dll
 0002:000000b8       __imp_TlsFree              00000001400280b8     kernel32:KERNEL32.dll
 0002:000000c0       __imp_TlsSetValue          00000001400280c0     kernel32:KERNEL32.dll
 0002:000000c8       __imp_TlsGetValue          00000001400280c8     kernel32:KERNEL32.dll
 0002:000000d0       __imp_TlsAlloc             00000001400280d0     kernel32:KERNEL32.dll
 0002:000000d8       __imp_GetCurrentThreadId   00000001400280d8     kernel32:KERNEL32.dll
 0002:000000e0       __imp_GetStdHandle         00000001400280e0     kernel32:KERNEL32.dll
 0002:000000e8       __imp_CloseHandle          00000001400280e8     kernel32:KERNEL32.dll
 0002:000000f0       __imp_GetLastError         00000001400280f0     kernel32:KERNEL32.dll
 0002:000000f8       __imp_InitializeCriticalSection 00000001400280f8     kernel32:KERNEL32.dll
 0002:00000100       __imp_EnterCriticalSection 0000000140028100     kernel32:KERNEL32.dll
 0002:00000108       __imp_LeaveCriticalSection 0000000140028108     kernel32:KERNEL32.dll
 0002:00000110       __imp_TryEnterCriticalSection 0000000140028110     kernel32:KERNEL32.dll
 0002:00000118       __imp_DeleteCriticalSection 0000000140028118     kernel32:KERNEL32.dll
 0002:00000120       __imp_ReleaseSemaphore     0000000140028120     kernel32:KERNEL32.dll
 0002:00000128       __imp_WaitForSingleObject  0000000140028128     kernel32:KERNEL32.dll
 0002:00000130       __imp_Sleep                0000000140028130     kernel32:KERNEL32.dll
 0002:00000138       __imp_GetCurrentProcessId  0000000140028138     kernel32:KERNEL32.dll
 0002:00000140       __imp_CreateThread         0000000140028140     kernel32:KERNEL32.dll
 0002:00000148       __imp_GetCurrentThread     0000000140028148     kernel32:KERNEL32.dll
 0002:00000150       \177KERNEL32_NULL_THUNK_DATA 0000000140028150     kernel32:KERNEL32.dll
 0002:00000158       __imp___intrinsic_setjmp   0000000140028158     vcruntime:VCRUNTIME140.dll
 0002:00000160       __imp___telemetry_main_return_trigger 0000000140028160     vcruntime:VCRUNTIME140.dll
 0002:00000168       __imp___telemetry_main_invoke_trigger 0000000140028168     vcruntime:VCRUNTIME140.dll
 0002:00000170       __imp_longjmp              0000000140028170     vcruntime:VCRUNTIME140.dll
 0002:00000178       __imp_strchr               0000000140028178     vcruntime:VCRUNTIME140.dll
 0002:00000180       __imp_memmove              0000000140028180     vcruntime:VCRUNTIME140.dll
 0002:00000188       __imp_memcpy               0000000140028188     vcruntime:VCRUNTIME140.dll
 0002:00000190       __imp_memcmp               0000000140028190     vcruntime:VCRUNTIME140.dll
 0002:00000198       __imp_memchr               0000000140028198     vcruntime:VCRUNTIME140.dll
 0002:000001a0       __imp_memset               00000001400281a0     vcruntime:VCRUNTIME140.dll
 0002:000001a8       __imp___C_specific_handler 00000001400281a8     vcruntime:VCRUNTIME140.dll
 0002:000001b0       \177VCRUNTIME140_NULL_THUNK_DATA 00000001400281b0     vcruntime:VCRUNTIME140.dll
 0002:000001b8       __imp_sendto               00000001400281b8     ws2_32:WS2_32.dll
 0002:000001c0       __imp_send                 00000001400281c0     ws2_32:WS2_32.dll
 0002:000001c8       __imp_recvfrom             00000001400281c8     ws2_32:WS2_32.dll
 0002:000001d0       __imp_recv                 00000001400281d0     ws2_32:WS2_32.dll
 0002:000001d8       __imp_ntohs                00000001400281d8     ws2_32:WS2_32.dll
 0002:000001e0       __imp_ntohl                00000001400281e0     ws2_32:WS2_32.dll
 0002:000001e8       __imp_inet_addr            00000001400281e8     ws2_32:WS2_32.dll
 0002:000001f0       __imp_htons                00000001400281f0     ws2_32:WS2_32.dll
 0002:000001f8       __imp_setsockopt           00000001400281f8     ws2_32:WS2_32.dll
 0002:00000200       __imp_getsockopt           0000000140028200     ws2_32:WS2_32.dll
 0002:00000208       __imp_getsockname          0000000140028208     ws2_32:WS2_32.dll
 0002:00000210       __imp_connect              0000000140028210     ws2_32:WS2_32.dll
 0002:00000218       __imp_closesocket          0000000140028218     ws2_32:WS2_32.dll
 0002:00000220       __imp_bind                 0000000140028220     ws2_32:WS2_32.dll
 0002:00000228       __imp_accept               0000000140028228     ws2_32:WS2_32.dll
 0002:00000230       __imp_WSAGetLastError      0000000140028230     ws2_32:WS2_32.dll
 0002:00000238       __imp_WSACleanup           0000000140028238     ws2_32:WS2_32.dll
 0002:00000240       __imp_WSAStartup           0000000140028240     ws2_32:WS2_32.dll
 0002:00000248       __imp_gethostname          0000000140028248     ws2_32:WS2_32.dll
 0002:00000250       __imp_WSAIoctl             0000000140028250     ws2_32:WS2_32.dll
 0002:00000258       __imp_WSASocketA           0000000140028258     ws2_32:WS2_32.dll
 0002:00000260       __imp_WSAAddressToStringA  0000000140028260     ws2_32:WS2_32.dll
 0002:00000268       __imp_WSAStringToAddressA  0000000140028268     ws2_32:WS2_32.dll
 0002:00000270       __imp_ioctlsocket          0000000140028270     ws2_32:WS2_32.dll
 0002:00000278       __imp_gethostbyname        0000000140028278     ws2_32:WS2_32.dll
 0002:00000280       __imp___WSAFDIsSet         0000000140028280     ws2_32:WS2_32.dll
 0002:00000288       __imp_select               0000000140028288     ws2_32:WS2_32.dll
 0002:00000290       __imp_htonl                0000000140028290     ws2_32:WS2_32.dll
 0002:00000298       \177WS2_32_NULL_THUNK_DATA 0000000140028298     ws2_32:WS2_32.dll
 0002:000002a0       __imp_atoi                 00000001400282a0     ucrt:api-ms-win-crt-convert-l1-1-0.dll
 0002:000002a8       \177api-ms-win-crt-convert-l1-1-0_NULL_THUNK_DATA 00000001400282a8     ucrt:api-ms-win-crt-convert-l1-1-0.dll
 0002:000002b0       __imp__set_new_mode        00000001400282b0     ucrt:api-ms-win-crt-heap-l1-1-0.dll
 0002:000002b8       __imp_free                 00000001400282b8     ucrt:api-ms-win-crt-heap-l1-1-0.dll
 0002:000002c0       __imp_malloc               00000001400282c0     ucrt:api-ms-win-crt-heap-l1-1-0.dll
 0002:000002c8       \177api-ms-win-crt-heap-l1-1-0_NULL_THUNK_DATA 00000001400282c8     ucrt:api-ms-win-crt-heap-l1-1-0.dll
 0002:000002d0       __imp__configthreadlocale  00000001400282d0     ucrt:api-ms-win-crt-locale-l1-1-0.dll
 0002:000002d8       \177api-ms-win-crt-locale-l1-1-0_NULL_THUNK_DATA 00000001400282d8     ucrt:api-ms-win-crt-locale-l1-1-0.dll
 0002:000002e0       __imp___setusermatherr     00000001400282e0     ucrt:api-ms-win-crt-math-l1-1-0.dll
 0002:000002e8       __imp_fmod                 00000001400282e8     ucrt:api-ms-win-crt-math-l1-1-0.dll
 0002:000002f0       \177api-ms-win-crt-math-l1-1-0_NULL_THUNK_DATA 00000001400282f0     ucrt:api-ms-win-crt-math-l1-1-0.dll
 0002:000002f8       __imp__crt_atexit          00000001400282f8     ucrt:api-ms-win-crt-runtime-l1-1-0.dll
 0002:00000300       __imp_terminate            0000000140028300     ucrt:api-ms-win-crt-runtime-l1-1-0.dll
 0002:00000308       __imp__initialize_onexit_table 0000000140028308     ucrt:api-ms-win-crt-runtime-l1-1-0.dll
 0002:00000310       __imp__cexit               0000000140028310     ucrt:api-ms-win-crt-runtime-l1-1-0.dll
 0002:00000318       __imp___p___argv           0000000140028318     ucrt:api-ms-win-crt-runtime-l1-1-0.dll
 0002:00000320       __imp__c_exit              0000000140028320     ucrt:api-ms-win-crt-runtime-l1-1-0.dll
 0002:00000328       __imp__register_onexit_function 0000000140028328     ucrt:api-ms-win-crt-runtime-l1-1-0.dll
 0002:00000330       __imp__seh_filter_exe      0000000140028330     ucrt:api-ms-win-crt-runtime-l1-1-0.dll
 0002:00000338       __imp__set_app_type        0000000140028338     ucrt:api-ms-win-crt-runtime-l1-1-0.dll
 0002:00000340       __imp__initterm_e          0000000140028340     ucrt:api-ms-win-crt-runtime-l1-1-0.dll
 0002:00000348       __imp__configure_narrow_argv 0000000140028348     ucrt:api-ms-win-crt-runtime-l1-1-0.dll
 0002:00000350       __imp__initialize_narrow_environment 0000000140028350     ucrt:api-ms-win-crt-runtime-l1-1-0.dll
 0002:00000358       __imp__get_initial_narrow_environment 0000000140028358     ucrt:api-ms-win-crt-runtime-l1-1-0.dll
 0002:00000360       __imp__initterm            0000000140028360     ucrt:api-ms-win-crt-runtime-l1-1-0.dll
 0002:00000368       __imp___p___argc           0000000140028368     ucrt:api-ms-win-crt-runtime-l1-1-0.dll
 0002:00000370       __imp_exit                 0000000140028370     ucrt:api-ms-win-crt-runtime-l1-1-0.dll
 0002:00000378       __imp__exit                0000000140028378     ucrt:api-ms-win-crt-runtime-l1-1-0.dll
 0002:00000380       __imp__register_thread_local_exe_atexit_callback 0000000140028380     ucrt:api-ms-win-crt-runtime-l1-1-0.dll
 0002:00000388       \177api-ms-win-crt-runtime-l1-1-0_NULL_THUNK_DATA 0000000140028388     ucrt:api-ms-win-crt-runtime-l1-1-0.dll
 0002:00000390       __imp___stdio_common_vsprintf 0000000140028390     ucrt:api-ms-win-crt-stdio-l1-1-0.dll
 0002:00000398       __imp___stdio_common_vfprintf 0000000140028398     ucrt:api-ms-win-crt-stdio-l1-1-0.dll
 0002:000003a0       __imp__set_fmode           00000001400283a0     ucrt:api-ms-win-crt-stdio-l1-1-0.dll
 0002:000003a8       __imp_puts                 00000001400283a8     ucrt:api-ms-win-crt-stdio-l1-1-0.dll
 0002:000003b0       __imp_fgets                00000001400283b0     ucrt:api-ms-win-crt-stdio-l1-1-0.dll
 0002:000003b8       __imp___p__commode         00000001400283b8     ucrt:api-ms-win-crt-stdio-l1-1-0.dll
 0002:000003c0       __imp___acrt_iob_func      00000001400283c0     ucrt:api-ms-win-crt-stdio-l1-1-0.dll
 0002:000003c8       \177api-ms-win-crt-stdio-l1-1-0_NULL_THUNK_DATA 00000001400283c8     ucrt:api-ms-win-crt-stdio-l1-1-0.dll
 0002:000003d0       __imp_isdigit              00000001400283d0     ucrt:api-ms-win-crt-string-l1-1-0.dll
 0002:000003d8       __imp_strncpy              00000001400283d8     ucrt:api-ms-win-crt-string-l1-1-0.dll
 0002:000003e0       __imp_isxdigit             00000001400283e0     ucrt:api-ms-win-crt-string-l1-1-0.dll
 0002:000003e8       __imp_strncmp              00000001400283e8     ucrt:api-ms-win-crt-string-l1-1-0.dll
 0002:000003f0       __imp_isspace              00000001400283f0     ucrt:api-ms-win-crt-string-l1-1-0.dll
 0002:000003f8       __imp_tolower              00000001400283f8     ucrt:api-ms-win-crt-string-l1-1-0.dll
 0002:00000400       __imp__strnicmp            0000000140028400     ucrt:api-ms-win-crt-string-l1-1-0.dll
 0002:00000408       __imp_toupper              0000000140028408     ucrt:api-ms-win-crt-string-l1-1-0.dll
 0002:00000410       \177api-ms-win-crt-string-l1-1-0_NULL_THUNK_DATA 0000000140028410     ucrt:api-ms-win-crt-string-l1-1-0.dll
 0002:00000418       __imp_rand                 0000000140028418     ucrt:api-ms-win-crt-utility-l1-1-0.dll
 0002:00000420       \177api-ms-win-crt-utility-l1-1-0_NULL_THUNK_DATA 0000000140028420     ucrt:api-ms-win-crt-utility-l1-1-0.dll
 0002:00000428       __imp_CoCreateGuid         0000000140028428     ole32:ole32.dll
 0002:00000430       \177ole32_NULL_THUNK_DATA  0000000140028430     ole32:ole32.dll
 0002:00000438       __guard_check_icall_fptr   0000000140028438     MSVCRT:guard_support.obj
 0002:00000440       __guard_dispatch_icall_fptr 0000000140028440     MSVCRT:guard_support.obj
 0002:00000448       __xc_a                     0000000140028448     MSVCRT:initializers.obj
 0002:00000458       __xc_z                     0000000140028458     MSVCRT:initializers.obj
 0002:00000460       __xi_a                     0000000140028460     MSVCRT:initializers.obj
 0002:00000478       __xi_z                     0000000140028478     MSVCRT:initializers.obj
 0002:00000480       __xp_a                     0000000140028480     MSVCRT:initializers.obj
 0002:00000488       __xp_z                     0000000140028488     MSVCRT:initializers.obj
 0002:00000490       __xt_a                     0000000140028490     MSVCRT:initializers.obj
 0002:00000498       __xt_z                     0000000140028498     MSVCRT:initializers.obj
 0002:000004a0       ??_C@_06DBKGGLMH@INVITE?$AA@ 00000001400284a0     pjsip-core-x86_64-x64-vc14-release:sip_msg.obj
 0002:000004a8       ??_C@_06JHILMIHF@CANCEL?$AA@ 00000001400284a8     pjsip-core-x86_64-x64-vc14-release:sip_msg.obj
 0002:000004b0       ??_C@_03JMECLKOM@ACK?$AA@  00000001400284b0     pjsip-core-x86_64-x64-vc14-release:sip_msg.obj
 0002:000004b4       ??_C@_03BMFBOCK@BYE?$AA@   00000001400284b4     pjsip-core-x86_64-x64-vc14-release:sip_msg.obj
 0002:000004b8       ??_C@_08EINEADGI@REGISTER?$AA@ 00000001400284b8     pjsip-core-x86_64-x64-vc14-release:sip_msg.obj
 0002:000004c8       ??_C@_07KDKMIPIP@OPTIONS?$AA@ 00000001400284c8     pjsip-core-x86_64-x64-vc14-release:sip_msg.obj
 0002:000004d0       ??_C@_06MDEHPNLG@Accept?$AA@ 00000001400284d0     pjsip-core-x86_64-x64-vc14-release:sip_msg.obj
 0002:000004d8       ??_C@_0BA@KDJCHKHJ@Accept?9Encoding?$AA@ 00000001400284d8     pjsip-core-x86_64-x64-vc14-release:sip_msg.obj
 0002:000004e8       ??_C@_0BA@POEGPCPD@Accept?9Language?$AA@ 00000001400284e8     pjsip-core-x86_64-x64-vc14-release:sip_msg.obj
 0002:000004f8       ??_C@_0L@DDNEKGOG@Alert?9Info?$AA@ 00000001400284f8     pjsip-core-x86_64-x64-vc14-release:sip_msg.obj
 0002:00000504       ??_C@_05IEPODGEO@Allow?$AA@ 0000000140028504     pjsip-core-x86_64-x64-vc14-release:sip_msg.obj
 0002:00000510       ??_C@_0BE@KPJFGFDH@Authentication?9Info?$AA@ 0000000140028510     pjsip-core-x86_64-x64-vc14-release:sip_msg.obj
 0002:00000528       ??_C@_0O@NAFGPKMI@Authorization?$AA@ 0000000140028528     pjsip-core-x86_64-x64-vc14-release:sip_msg.obj
 0002:00000538       ??_C@_07IKPMLMAJ@Call?9ID?$AA@ 0000000140028538     pjsip-core-x86_64-x64-vc14-release:sip_msg.obj
 0002:00000540       ??_C@_01KBJDNOO@i?$AA@     0000000140028540     pjsip-core-x86_64-x64-vc14-release:sip_msg.obj
 0002:00000548       ??_C@_09HCKFEBLC@Call?9Info?$AA@ 0000000140028548     pjsip-core-x86_64-x64-vc14-release:sip_msg.obj
 0002:00000558       ??_C@_07PMMFKIFM@Contact?$AA@ 0000000140028558     pjsip-core-x86_64-x64-vc14-release:sip_msg.obj
 0002:00000560       ??_C@_01GOHFPIOK@m?$AA@    0000000140028560     pjsip-core-x86_64-x64-vc14-release:sip_msg.obj
 0002:00000568       ??_C@_0BE@LMOOGHBG@Content?9Disposition?$AA@ 0000000140028568     pjsip-core-x86_64-x64-vc14-release:sip_msg.obj
 0002:00000580       ??_C@_0BB@KFPPKJHF@Content?9Encoding?$AA@ 0000000140028580     pjsip-core-x86_64-x64-vc14-release:sip_msg.obj
 0002:00000594       ??_C@_01KGKMHCOC@e?$AA@    0000000140028594     pjsip-core-x86_64-x64-vc14-release:sip_msg.obj
 0002:00000598       ??_C@_0BB@PICLCBPP@Content?9Language?$AA@ 0000000140028598     pjsip-core-x86_64-x64-vc14-release:sip_msg.obj
 0002:000005b0       ??_C@_0P@HOJGPHBA@Content?9Length?$AA@ 00000001400285b0     pjsip-core-x86_64-x64-vc14-release:sip_msg.obj
 0002:000005c0       ??_C@_01HHGOMJKL@l?$AA@    00000001400285c0     pjsip-core-x86_64-x64-vc14-release:sip_msg.obj
 0002:000005c8       ??_C@_0N@LAFFMKKA@Content?9Type?$AA@ 00000001400285c8     pjsip-core-x86_64-x64-vc14-release:sip_msg.obj
 0002:000005d8       ??_C@_01PAPGNFGE@c?$AA@    00000001400285d8     pjsip-core-x86_64-x64-vc14-release:sip_msg.obj
 0002:000005dc       ??_C@_04IHAOMLEL@CSeq?$AA@ 00000001400285dc     pjsip-core-x86_64-x64-vc14-release:sip_msg.obj
 0002:000005e4       ??_C@_04FMEGDJGD@Date?$AA@ 00000001400285e4     pjsip-core-x86_64-x64-vc14-release:sip_msg.obj
 0002:000005f0       ??_C@_0L@PGKFFKEH@Error?9Info?$AA@ 00000001400285f0     pjsip-core-x86_64-x64-vc14-release:sip_msg.obj
 0002:00000600       ??_C@_07DABPCBEH@Expires?$AA@ 0000000140028600     pjsip-core-x86_64-x64-vc14-release:sip_msg.obj
 0002:00000608       ??_C@_04LMIAFEOL@From?$AA@ 0000000140028608     pjsip-core-x86_64-x64-vc14-release:sip_msg.obj
 0002:00000610       ??_C@_01INIBCBCB@f?$AA@    0000000140028610     pjsip-core-x86_64-x64-vc14-release:sip_msg.obj
 0002:00000618       ??_C@_0M@OJFKFNND@In?9Reply?9To?$AA@ 0000000140028618     pjsip-core-x86_64-x64-vc14-release:sip_msg.obj
 0002:00000628       ??_C@_0N@KAKEBINL@Max?9Forwards?$AA@ 0000000140028628     pjsip-core-x86_64-x64-vc14-release:sip_msg.obj
 0002:00000638       ??_C@_0N@PNJFOFFK@MIME?9Version?$AA@ 0000000140028638     pjsip-core-x86_64-x64-vc14-release:sip_msg.obj
 0002:00000648       ??_C@_0M@BHCNHHNF@Min?9Expires?$AA@ 0000000140028648     pjsip-core-x86_64-x64-vc14-release:sip_msg.obj
 0002:00000658       ??_C@_0N@MHPBIIPD@Organization?$AA@ 0000000140028658     pjsip-core-x86_64-x64-vc14-release:sip_msg.obj
 0002:00000668       ??_C@_08KGEIBGG@Priority?$AA@ 0000000140028668     pjsip-core-x86_64-x64-vc14-release:sip_msg.obj
 0002:00000678       ??_C@_0BD@GKJFGNG@Proxy?9Authenticate?$AA@ 0000000140028678     pjsip-core-x86_64-x64-vc14-release:sip_msg.obj
 0002:00000690       ??_C@_0BE@DCLKKIPG@Proxy?9Authorization?$AA@ 0000000140028690     pjsip-core-x86_64-x64-vc14-release:sip_msg.obj
 0002:000006a8       ??_C@_0O@ICDCLCHE@Proxy?9Require?$AA@ 00000001400286a8     pjsip-core-x86_64-x64-vc14-release:sip_msg.obj
 0002:000006b8       ??_C@_0N@KJFPNEHF@Record?9Route?$AA@ 00000001400286b8     pjsip-core-x86_64-x64-vc14-release:sip_msg.obj
 0002:000006c8       ??_C@_08GBENDHCN@Reply?9To?$AA@ 00000001400286c8     pjsip-core-x86_64-x64-vc14-release:sip_msg.obj
 0002:000006d8       ??_C@_07KMMNJNOB@Require?$AA@ 00000001400286d8     pjsip-core-x86_64-x64-vc14-release:sip_msg.obj
 0002:000006e0       ??_C@_0M@CMFFKFHP@Retry?9After?$AA@ 00000001400286e0     pjsip-core-x86_64-x64-vc14-release:sip_msg.obj
 0002:000006ec       ??_C@_05DIKBIPM@Route?$AA@ 00000001400286ec     pjsip-core-x86_64-x64-vc14-release:sip_msg.obj
 0002:000006f4       ??_C@_06LGMEBDBC@Server?$AA@ 00000001400286f4     pjsip-core-x86_64-x64-vc14-release:sip_msg.obj
 0002:00000700       ??_C@_07GEKACEDI@Subject?$AA@ 0000000140028700     pjsip-core-x86_64-x64-vc14-release:sip_msg.obj
 0002:00000708       ??_C@_01LKDEMHDF@s?$AA@    0000000140028708     pjsip-core-x86_64-x64-vc14-release:sip_msg.obj
 0002:00000710       ??_C@_09GFDKPDGA@Supported?$AA@ 0000000140028710     pjsip-core-x86_64-x64-vc14-release:sip_msg.obj
 0002:0000071c       ??_C@_01DICPFPGM@k?$AA@    000000014002871c     pjsip-core-x86_64-x64-vc14-release:sip_msg.obj
 0002:00000720       ??_C@_09KDGENIOP@Timestamp?$AA@ 0000000140028720     pjsip-core-x86_64-x64-vc14-release:sip_msg.obj
 0002:0000072c       ??_C@_02IJGONHOJ@To?$AA@   000000014002872c     pjsip-core-x86_64-x64-vc14-release:sip_msg.obj
 0002:00000730       ??_C@_01PFHFFBPC@t?$AA@    0000000140028730     pjsip-core-x86_64-x64-vc14-release:sip_msg.obj
 0002:00000738       ??_C@_0M@BEECMOIL@Unsupported?$AA@ 0000000140028738     pjsip-core-x86_64-x64-vc14-release:sip_msg.obj
 0002:00000748       ??_C@_0L@DMPACEMJ@User?9Agent?$AA@ 0000000140028748     pjsip-core-x86_64-x64-vc14-release:sip_msg.obj
 0002:00000754       ??_C@_03LDNNKNE@Via?$AA@   0000000140028754     pjsip-core-x86_64-x64-vc14-release:sip_msg.obj
[...]
 0004:0000273c       $pdata$pj_ioqueue_create   000000014003e73c     pjlib-x86_64-x64-vc14-release:ioqueue_select.obj
 0004:00002748       $pdata$1$pj_ioqueue_create 000000014003e748     pjlib-x86_64-x64-vc14-release:ioqueue_select.obj
 0004:00002754       $pdata$4$pj_ioqueue_create 000000014003e754     pjlib-x86_64-x64-vc14-release:ioqueue_select.obj
 0004:00002760       $pdata$5$pj_ioqueue_create 000000014003e760     pjlib-x86_64-x64-vc14-release:ioqueue_select.obj
 0004:0000276c       $pdata$7$pj_ioqueue_create 000000014003e76c     pjlib-x86_64-x64-vc14-release:ioqueue_select.obj
 0004:00002778       $pdata$8$pj_ioqueue_create 000000014003e778     pjlib-x86_64-x64-vc14-release:ioqueue_select.obj
 0004:00002784       $pdata$pj_ioqueue_destroy  000000014003e784     pjlib-x86_64-x64-vc14-release:ioqueue_select.obj
 0004:00002790       $pdata$1$pj_ioqueue_destroy 000000014003e790     pjlib-x86_64-x64-vc14-release:ioqueue_select.obj
 0004:0000279c       $pdata$2$pj_ioqueue_destroy 000000014003e79c     pjlib-x86_64-x64-vc14-release:ioqueue_select.obj
 0004:000027a8       $pdata$pj_ioqueue_poll     000000014003e7a8     pjlib-x86_64-x64-vc14-release:ioqueue_select.obj
 0004:000027b4       $pdata$0$pj_ioqueue_poll   000000014003e7b4     pjlib-x86_64-x64-vc14-release:ioqueue_select.obj
 0004:000027c0       $pdata$1$pj_ioqueue_poll   000000014003e7c0     pjlib-x86_64-x64-vc14-release:ioqueue_select.obj
 0004:000027cc       $pdata$4$pj_ioqueue_poll   000000014003e7cc     pjlib-x86_64-x64-vc14-release:ioqueue_select.obj
 0004:000027d8       $pdata$5$pj_ioqueue_poll   000000014003e7d8     pjlib-x86_64-x64-vc14-release:ioqueue_select.obj
 0004:000027e4       $pdata$6$pj_ioqueue_poll   000000014003e7e4     pjlib-x86_64-x64-vc14-release:ioqueue_select.obj
 0004:000027f0       $pdata$7$pj_ioqueue_poll   000000014003e7f0     pjlib-x86_64-x64-vc14-release:ioqueue_select.obj
 0004:000027fc       $pdata$8$pj_ioqueue_poll   000000014003e7fc     pjlib-x86_64-x64-vc14-release:ioqueue_select.obj
 0004:00002808       $pdata$9$pj_ioqueue_poll   000000014003e808     pjlib-x86_64-x64-vc14-release:ioqueue_select.obj
 0004:00002814       $pdata$pj_ioqueue_recvfrom 000000014003e814     pjlib-x86_64-x64-vc14-release:ioqueue_select.obj
 0004:00002820       $pdata$2$pj_ioqueue_recvfrom 000000014003e820     pjlib-x86_64-x64-vc14-release:ioqueue_select.obj
 0004:0000282c       $pdata$4$pj_ioqueue_recvfrom 000000014003e82c     pjlib-x86_64-x64-vc14-release:ioqueue_select.obj
 0004:00002838       $pdata$5$pj_ioqueue_recvfrom 000000014003e838     pjlib-x86_64-x64-vc14-release:ioqueue_select.obj
 0004:00002844       $pdata$pj_ioqueue_register_sock2 000000014003e844     pjlib-x86_64-x64-vc14-release:ioqueue_select.obj
 0004:00002850       $pdata$pj_ioqueue_sendto   000000014003e850     pjlib-x86_64-x64-vc14-release:ioqueue_select.obj
 0004:0000285c       $pdata$2$pj_ioqueue_sendto 000000014003e85c     pjlib-x86_64-x64-vc14-release:ioqueue_select.obj
 0004:00002868       $pdata$3$pj_ioqueue_sendto 000000014003e868     pjlib-x86_64-x64-vc14-release:ioqueue_select.obj
 0004:00002874       $pdata$4$pj_ioqueue_sendto 000000014003e874     pjlib-x86_64-x64-vc14-release:ioqueue_select.obj
 0004:00002880       $pdata$6$pj_ioqueue_sendto 000000014003e880     pjlib-x86_64-x64-vc14-release:ioqueue_select.obj
 0004:0000288c       $pdata$7$pj_ioqueue_sendto 000000014003e88c     pjlib-x86_64-x64-vc14-release:ioqueue_select.obj
 0004:00002898       $pdata$pj_ioqueue_set_lock 000000014003e898     pjlib-x86_64-x64-vc14-release:ioqueue_select.obj
 0004:000028a4       $pdata$pj_ioqueue_unregister 000000014003e8a4     pjlib-x86_64-x64-vc14-release:ioqueue_select.obj
 0004:000028b0       $pdata$0$pj_ioqueue_unregister 000000014003e8b0     pjlib-x86_64-x64-vc14-release:ioqueue_select.obj
 0004:000028bc       $pdata$2$pj_ioqueue_unregister 000000014003e8bc     pjlib-x86_64-x64-vc14-release:ioqueue_select.obj
 0004:000028c8       $pdata$4$pj_ioqueue_unregister 000000014003e8c8     pjlib-x86_64-x64-vc14-release:ioqueue_select.obj
 0004:000028d4       $pdata$scan_closing_keys   000000014003e8d4     pjlib-x86_64-x64-vc14-release:ioqueue_select.obj
 0004:000028e0       $pdata$0$scan_closing_keys 000000014003e8e0     pjlib-x86_64-x64-vc14-release:ioqueue_select.obj
 0004:000028ec       $pdata$1$scan_closing_keys 000000014003e8ec     pjlib-x86_64-x64-vc14-release:ioqueue_select.obj
 0004:000028f8       $pdata$create_mutex_lock   000000014003e8f8     pjlib-x86_64-x64-vc14-release:lock.obj
 0004:00002904       $pdata$0$create_mutex_lock 000000014003e904     pjlib-x86_64-x64-vc14-release:lock.obj
 0004:00002910       $pdata$2$create_mutex_lock 000000014003e910     pjlib-x86_64-x64-vc14-release:lock.obj
 0004:0000291c       $pdata$3$create_mutex_lock 000000014003e91c     pjlib-x86_64-x64-vc14-release:lock.obj
 0004:00002928       $pdata$grp_lock_acquire    000000014003e928     pjlib-x86_64-x64-vc14-release:lock.obj
 0004:00002934       $pdata$grp_lock_destroy    000000014003e934     pjlib-x86_64-x64-vc14-release:lock.obj
 0004:00002940       $pdata$0$grp_lock_destroy  000000014003e940     pjlib-x86_64-x64-vc14-release:lock.obj
 0004:0000294c       $pdata$2$grp_lock_destroy  000000014003e94c     pjlib-x86_64-x64-vc14-release:lock.obj
 0004:00002958       $pdata$3$grp_lock_destroy  000000014003e958     pjlib-x86_64-x64-vc14-release:lock.obj
 0004:00002964       $pdata$4$grp_lock_destroy  000000014003e964     pjlib-x86_64-x64-vc14-release:lock.obj
 0004:00002970       $pdata$grp_lock_release    000000014003e970     pjlib-x86_64-x64-vc14-release:lock.obj
 0004:0000297c       $pdata$grp_lock_tryacquire 000000014003e97c     pjlib-x86_64-x64-vc14-release:lock.obj
 0004:00002988       $pdata$pj_grp_lock_add_handler 000000014003e988     pjlib-x86_64-x64-vc14-release:lock.obj
 0004:00002994       $pdata$pj_grp_lock_add_ref 000000014003e994     pjlib-x86_64-x64-vc14-release:lock.obj
 0004:000029a0       $pdata$pj_grp_lock_create  000000014003e9a0     pjlib-x86_64-x64-vc14-release:lock.obj
 0004:000029ac       $pdata$0$pj_grp_lock_create 000000014003e9ac     pjlib-x86_64-x64-vc14-release:lock.obj
 0004:000029b8       $pdata$6$pj_grp_lock_create 000000014003e9b8     pjlib-x86_64-x64-vc14-release:lock.obj
 0004:000029c4       $pdata$8$pj_grp_lock_create 000000014003e9c4     pjlib-x86_64-x64-vc14-release:lock.obj
 0004:000029d0       $pdata$9$pj_grp_lock_create 000000014003e9d0     pjlib-x86_64-x64-vc14-release:lock.obj
 0004:000029dc       $pdata$pj_grp_lock_dec_ref 000000014003e9dc     pjlib-x86_64-x64-vc14-release:lock.obj
 0004:000029e8       $pdata$exception_cleanup   000000014003e9e8     pjlib-x86_64-x64-vc14-release:except.obj
 0004:000029f4       $pdata$pj_exception_id_alloc 000000014003e9f4     pjlib-x86_64-x64-vc14-release:except.obj
 0004:00002a00       $pdata$pj_exception_id_free 000000014003ea00     pjlib-x86_64-x64-vc14-release:except.obj
 0004:00002a0c       $pdata$pj_exception_id_name 000000014003ea0c     pjlib-x86_64-x64-vc14-release:except.obj
 0004:00002a18       $pdata$pj_pop_exception_handler_ 000000014003ea18     pjlib-x86_64-x64-vc14-release:except.obj
 0004:00002a24       $pdata$pj_push_exception_handler_ 000000014003ea24     pjlib-x86_64-x64-vc14-release:except.obj
 0004:00002a30       $pdata$pj_throw_exception_ 000000014003ea30     pjlib-x86_64-x64-vc14-release:except.obj
 0004:00002a3c       $pdata$0$pj_throw_exception_ 000000014003ea3c     pjlib-x86_64-x64-vc14-release:except.obj
 0004:00002a48       $pdata$1$pj_throw_exception_ 000000014003ea48     pjlib-x86_64-x64-vc14-release:except.obj
 0004:00002a54       $pdata$pj_get_timestamp    000000014003ea54     pjlib-x86_64-x64-vc14-release:os_timestamp_win32.obj
 0004:00002a60       $pdata$pj_get_timestamp_freq 000000014003ea60     pjlib-x86_64-x64-vc14-release:os_timestamp_win32.obj
 0004:00002a6c       $pdata$pj_hash_calc        000000014003ea6c     pjlib-x86_64-x64-vc14-release:hash.obj
 0004:00002a78       $pdata$pj_hash_calc_tolower 000000014003ea78     pjlib-x86_64-x64-vc14-release:hash.obj
 0004:00002a84       $pdata$0$pj_hash_calc_tolower 000000014003ea84     pjlib-x86_64-x64-vc14-release:hash.obj
 0004:00002a90       $pdata$1$pj_hash_calc_tolower 000000014003ea90     pjlib-x86_64-x64-vc14-release:hash.obj
 0004:00002a9c       $pdata$pj_hash_create      000000014003ea9c     pjlib-x86_64-x64-vc14-release:hash.obj
 0004:00002aa8       $pdata$pj_hash_get         000000014003eaa8     pjlib-x86_64-x64-vc14-release:hash.obj
 0004:00002ab4       $pdata$pj_hash_get_lower   000000014003eab4     pjlib-x86_64-x64-vc14-release:hash.obj
 0004:00002ac0       $pdata$2$pj_hash_get_lower 000000014003eac0     pjlib-x86_64-x64-vc14-release:hash.obj
 0004:00002acc       $pdata$6$pj_hash_get_lower 000000014003eacc     pjlib-x86_64-x64-vc14-release:hash.obj
 0004:00002ad8       $pdata$7$pj_hash_get_lower 000000014003ead8     pjlib-x86_64-x64-vc14-release:hash.obj
 0004:00002ae4       $pdata$8$pj_hash_get_lower 000000014003eae4     pjlib-x86_64-x64-vc14-release:hash.obj
 0004:00002af0       $pdata$9$pj_hash_get_lower 000000014003eaf0     pjlib-x86_64-x64-vc14-release:hash.obj
 0004:00002afc       $pdata$10$pj_hash_get_lower 000000014003eafc     pjlib-x86_64-x64-vc14-release:hash.obj
 0004:00002b08       $pdata$pj_hash_set         000000014003eb08     pjlib-x86_64-x64-vc14-release:hash.obj
 0004:00002b14       $pdata$pj_hash_set_lower   000000014003eb14     pjlib-x86_64-x64-vc14-release:hash.obj
 0004:00002b20       $pdata$pj_hash_set_np      000000014003eb20     pjlib-x86_64-x64-vc14-release:hash.obj
 0004:00002b2c       $pdata$pj_hash_this        000000014003eb2c     pjlib-x86_64-x64-vc14-release:hash.obj
 0004:00002b38       $pdata$cancel              000000014003eb38     pjlib-x86_64-x64-vc14-release:timer.obj
 0004:00002b44       $pdata$grow_heap           000000014003eb44     pjlib-x86_64-x64-vc14-release:timer.obj
 0004:00002b50       $pdata$pj_timer_heap_cancel 000000014003eb50     pjlib-x86_64-x64-vc14-release:timer.obj
 0004:00002b5c       $pdata$0$pj_timer_heap_cancel 000000014003eb5c     pjlib-x86_64-x64-vc14-release:timer.obj
 0004:00002b68       $pdata$1$pj_timer_heap_cancel 000000014003eb68     pjlib-x86_64-x64-vc14-release:timer.obj
 0004:00002b74       $pdata$pj_timer_heap_cancel_if_active 000000014003eb74     pjlib-x86_64-x64-vc14-release:timer.obj
 0004:00002b80       $pdata$0$pj_timer_heap_cancel_if_active 000000014003eb80     pjlib-x86_64-x64-vc14-release:timer.obj
 0004:00002b8c       $pdata$1$pj_timer_heap_cancel_if_active 000000014003eb8c     pjlib-x86_64-x64-vc14-release:timer.obj
 0004:00002b98       $pdata$pj_timer_heap_create 000000014003eb98     pjlib-x86_64-x64-vc14-release:timer.obj
 0004:00002ba4       $pdata$1$pj_timer_heap_create 000000014003eba4     pjlib-x86_64-x64-vc14-release:timer.obj
 0004:00002bb0       $pdata$3$pj_timer_heap_create 000000014003ebb0     pjlib-x86_64-x64-vc14-release:timer.obj
 0004:00002bbc       $pdata$4$pj_timer_heap_create 000000014003ebbc     pjlib-x86_64-x64-vc14-release:timer.obj
 0004:00002bc8       $pdata$pj_timer_heap_destroy 000000014003ebc8     pjlib-x86_64-x64-vc14-release:timer.obj
 0004:00002bd4       $pdata$pj_timer_heap_poll  000000014003ebd4     pjlib-x86_64-x64-vc14-release:timer.obj
 0004:00002be0       $pdata$3$pj_timer_heap_poll 000000014003ebe0     pjlib-x86_64-x64-vc14-release:timer.obj
 0004:00002bec       $pdata$4$pj_timer_heap_poll 000000014003ebec     pjlib-x86_64-x64-vc14-release:timer.obj
 0004:00002bf8       $pdata$5$pj_timer_heap_poll 000000014003ebf8     pjlib-x86_64-x64-vc14-release:timer.obj
 0004:00002c04       $pdata$pj_timer_heap_schedule 000000014003ec04     pjlib-x86_64-x64-vc14-release:timer.obj
 0004:00002c10       $pdata$pj_timer_heap_schedule_w_grp_lock 000000014003ec10     pjlib-x86_64-x64-vc14-release:timer.obj
 0004:00002c1c       $pdata$pj_timer_heap_set_lock 000000014003ec1c     pjlib-x86_64-x64-vc14-release:timer.obj
 0004:00002c28       $pdata$reheap_down         000000014003ec28     pjlib-x86_64-x64-vc14-release:timer.obj
 0004:00002c34       $pdata$0$reheap_down       000000014003ec34     pjlib-x86_64-x64-vc14-release:timer.obj
 0004:00002c40       $pdata$1$reheap_down       000000014003ec40     pjlib-x86_64-x64-vc14-release:timer.obj
 0004:00002c4c       $pdata$reheap_up           000000014003ec4c     pjlib-x86_64-x64-vc14-release:timer.obj
 0004:00002c58       $pdata$0$reheap_up         000000014003ec58     pjlib-x86_64-x64-vc14-release:timer.obj
 0004:00002c64       $pdata$1$reheap_up         000000014003ec64     pjlib-x86_64-x64-vc14-release:timer.obj
 0004:00002c70       $pdata$remove_node         000000014003ec70     pjlib-x86_64-x64-vc14-release:timer.obj
 0004:00002c7c       $pdata$schedule_entry      000000014003ec7c     pjlib-x86_64-x64-vc14-release:timer.obj
 0004:00002c88       $pdata$0$schedule_entry    000000014003ec88     pjlib-x86_64-x64-vc14-release:timer.obj
 0004:00002c94       $pdata$1$schedule_entry    000000014003ec94     pjlib-x86_64-x64-vc14-release:timer.obj
 0004:00002ca0       $pdata$schedule_w_grp_lock 000000014003eca0     pjlib-x86_64-x64-vc14-release:timer.obj
 0004:00002cac       $pdata$pj_get_netos_error  000000014003ecac     pjlib-x86_64-x64-vc14-release:os_error_win32.obj
 0004:00002cb8       $pdata$platform_strerror   000000014003ecb8     pjlib-x86_64-x64-vc14-release:os_error_win32.obj
 0004:00002cc4       $pdata$pj_generate_unique_string 000000014003ecc4     pjlib-x86_64-x64-vc14-release:guid_win32.obj
 0004:00002cd0       $pdata$pj_create_unique_string 000000014003ecd0     pjlib-x86_64-x64-vc14-release:guid.obj
 0004:00002cdc       $pdata$pj_rand             000000014003ecdc     pjlib-x86_64-x64-vc14-release:rand.obj
 0004:00002ce8       $pdata$pj_sock_apply_qos   000000014003ece8     pjlib-x86_64-x64-vc14-release:sock_qos_common.obj
 0004:00002cf4       $pdata$pj_sock_apply_qos2  000000014003ecf4     pjlib-x86_64-x64-vc14-release:sock_qos_common.obj
 0004:00002d00       $pdata$get_base_time       000000014003ed00     pjlib-x86_64-x64-vc14-release:os_time_win32.obj
 0004:00002d0c       $pdata$pj_gettimeofday     000000014003ed0c     pjlib-x86_64-x64-vc14-release:os_time_win32.obj
 0004:00002d18       $pdata$pj_time_decode      000000014003ed18     pjlib-x86_64-x64-vc14-release:os_time_win32.obj
 0004:00002d24       $pdata$pj_getaddrinfo      000000014003ed24     pjlib-x86_64-x64-vc14-release:addr_resolv_sock.obj
 0004:00002d30       $pdata$0$pj_getaddrinfo    000000014003ed30     pjlib-x86_64-x64-vc14-release:addr_resolv_sock.obj
 0004:00002d3c       $pdata$5$pj_getaddrinfo    000000014003ed3c     pjlib-x86_64-x64-vc14-release:addr_resolv_sock.obj
 0004:00002d48       $pdata$7$pj_getaddrinfo    000000014003ed48     pjlib-x86_64-x64-vc14-release:addr_resolv_sock.obj
 0004:00002d54       $pdata$8$pj_getaddrinfo    000000014003ed54     pjlib-x86_64-x64-vc14-release:addr_resolv_sock.obj
 0004:00002d60       $pdata$9$pj_getaddrinfo    000000014003ed60     pjlib-x86_64-x64-vc14-release:addr_resolv_sock.obj
 0004:00002d6c       $pdata$pj_gethostbyname    000000014003ed6c     pjlib-x86_64-x64-vc14-release:addr_resolv_sock.obj
 0004:00002d78       $pdata$pj_time_val_normalize 000000014003ed78     pjlib-x86_64-x64-vc14-release:types.obj
 0004:00002d84       $pdata$pj_pool_create_on_buf 000000014003ed84     pjlib-x86_64-x64-vc14-release:pool_buf.obj
 0004:00002d90       $pdata$pool_buf_cleanup    000000014003ed90     pjlib-x86_64-x64-vc14-release:pool_buf.obj
 0004:00002d9c       $pdata$stack_alloc         000000014003ed9c     pjlib-x86_64-x64-vc14-release:pool_buf.obj
 0004:00002da8       $pdata$pj_log_write        000000014003eda8     pjlib-x86_64-x64-vc14-release:log_writer_stdout.obj
 0004:00002db4       $pdata$pj_gettickcount     000000014003edb4     pjlib-x86_64-x64-vc14-release:os_timestamp_common.obj
 0004:00002dc0       $pdata$0$pj_gettickcount   000000014003edc0     pjlib-x86_64-x64-vc14-release:os_timestamp_common.obj
 0004:00002dcc       $pdata$1$pj_gettickcount   000000014003edcc     pjlib-x86_64-x64-vc14-release:os_timestamp_common.obj
 0004:00002dd8       $pdata$PJ_FD_CLR           000000014003edd8     pjlib-x86_64-x64-vc14-release:sock_select.obj
 0004:00002de4       $pdata$PJ_FD_ISSET         000000014003ede4     pjlib-x86_64-x64-vc14-release:sock_select.obj
 0004:00002df0       $pdata$PJ_FD_SET           000000014003edf0     pjlib-x86_64-x64-vc14-release:sock_select.obj
 0004:00002dfc       $pdata$PJ_FD_ZERO          000000014003edfc     pjlib-x86_64-x64-vc14-release:sock_select.obj
 0004:00002e08       $pdata$pj_sock_select      000000014003ee08     pjlib-x86_64-x64-vc14-release:sock_select.obj
 0004:00002e14       $pdata$pj_sock_set_qos_params 000000014003ee14     pjlib-x86_64-x64-vc14-release:sock_qos_bsd.obj
 0004:00002e20       $pdata$pj_sock_set_qos_type 000000014003ee20     pjlib-x86_64-x64-vc14-release:sock_qos_bsd.obj
 0004:00002e2c       $pdata$__GSHandlerCheck    000000014003ee2c     MSVCRT:_gshandler_.obj
 0004:00002e38       $pdata$__GSHandlerCheckCommon 000000014003ee38     MSVCRT:_gshandler_.obj
 0004:00002e50       $pdata$?pre_c_initialization@@YAHXZ 000000014003ee50     MSVCRT:exe_main.obj
 0004:00002e5c       $pdata$?post_pgo_initialization@@YAHXZ 000000014003ee5c     MSVCRT:exe_main.obj
 0004:00002e68       $pdata$?pre_cpp_initialization@@YAXXZ 000000014003ee68     MSVCRT:exe_main.obj
 0004:00002e74       $pdata$?__scrt_common_main_seh@@YAHXZ 000000014003ee74     MSVCRT:exe_main.obj
 0004:00002e80       $pdata$mainCRTStartup      000000014003ee80     MSVCRT:exe_main.obj
 0004:00002e8c       $pdata$__raise_securityfailure 000000014003ee8c     MSVCRT:gs_report.obj
 0004:00002e98       $pdata$__report_gsfailure  000000014003ee98     MSVCRT:gs_report.obj
 0004:00002ea4       $pdata$__report_rangecheckfailure 000000014003eea4     MSVCRT:gs_report.obj
 0004:00002eb0       $pdata$__report_securityfailure 000000014003eeb0     MSVCRT:gs_report.obj
 0004:00002ebc       $pdata$capture_current_context 000000014003eebc     MSVCRT:gs_report.obj
 0004:00002ec8       $pdata$capture_previous_context 000000014003eec8     MSVCRT:gs_report.obj
 0004:00002ed4       $pdata$__isa_available_init 000000014003eed4     MSVCRT:_cpu_disp_.obj
 0004:00002eec       $pdata$__scrt_acquire_startup_lock 000000014003eeec     MSVCRT:utility.obj
 0004:00002ef8       $pdata$__scrt_initialize_crt 000000014003eef8     MSVCRT:utility.obj
 0004:00002f04       $pdata$__scrt_initialize_onexit_tables 000000014003ef04     MSVCRT:utility.obj
 0004:00002f10       $pdata$__scrt_is_nonwritable_in_current_image 000000014003ef10     MSVCRT:utility.obj
 0004:00002f1c       $pdata$__scrt_release_startup_lock 000000014003ef1c     MSVCRT:utility.obj
 0004:00002f28       $pdata$__scrt_uninitialize_crt 000000014003ef28     MSVCRT:utility.obj
 0004:00002f34       $pdata$_onexit             000000014003ef34     MSVCRT:utility.obj
 0004:00002f40       $pdata$atexit              000000014003ef40     MSVCRT:utility.obj
 0004:00002f4c       $pdata$__security_init_cookie 000000014003ef4c     MSVCRT:gs_support.obj
 0004:00002f58       $pdata$__scrt_initialize_default_local_stdio_options 000000014003ef58     MSVCRT:default_local_stdio_options.obj
 0004:00002f64       $pdata$__scrt_fastfail     000000014003ef64     MSVCRT:utility_desktop.obj
 0004:00002f70       $pdata$__scrt_is_managed_app 000000014003ef70     MSVCRT:utility_desktop.obj
 0004:00002f7c       $pdata$__scrt_unhandled_exception_filter 000000014003ef7c     MSVCRT:utility_desktop.obj
 0004:00002f88       $pdata$_RTC_Initialize     000000014003ef88     MSVCRT:_initsect_.obj
 0004:00002f94       $pdata$_RTC_Terminate      000000014003ef94     MSVCRT:_initsect_.obj
 0004:00002fac       $pdata$?filt$0@?0??__scrt_common_main_seh@@YAHXZ@4HA 000000014003efac     MSVCRT:exe_main.obj
 0004:00002fb8       $pdata$__scrt_is_nonwritable_in_current_image$filt$0 000000014003efb8     MSVCRT:utility.obj
