 streamutil

 Timestamp is 5a54749a (Tue Jan  9 15:51:54 2018)

 Preferred load address is 0000000140000000

 Start         Length     Name                   Class
 0001:00000000 0006175fH .text$mn                CODE
 0001:00061760 00000012H .text$mn$00             CODE
 0001:00061772 00000036H .text$x                 CODE
 0002:00000000 00000598H .idata$5                DATA
 0002:00000598 00000010H .00cfg                  DATA
 0002:000005a8 00000008H .CRT$XCA                DATA
 0002:000005b0 00000008H .CRT$XCAA               DATA
 0002:000005b8 00000008H .CRT$XCZ                DATA
 0002:000005c0 00000008H .CRT$XIA                DATA
 0002:000005c8 00000008H .CRT$XIAA               DATA
 0002:000005d0 00000008H .CRT$XIAC               DATA
 0002:000005d8 00000008H .CRT$XIZ                DATA
 0002:000005e0 00000008H .CRT$XPA                DATA
 0002:000005e8 00000008H .CRT$XPZ                DATA
 0002:000005f0 00000008H .CRT$XTA                DATA
 0002:000005f8 00000008H .CRT$XTZ                DATA
 0002:00000600 00000000H .gfids$x                DATA
 0002:00000600 000161b4H .rdata                  DATA
 0002:000167b4 00000254H .rdata$zzzdbg           DATA
 0002:00016a08 00000008H .rtc$IAA                DATA
 0002:00016a10 00000008H .rtc$IZZ                DATA
 0002:00016a18 00000008H .rtc$TAA                DATA
 0002:00016a20 00000008H .rtc$TZZ                DATA
 0002:00016a28 00006044H .xdata                  DATA
 0002:0001ca6c 00000000H .edata                  DATA
 0002:0001ca6c 00000104H .idata$2                DATA
 0002:0001cb70 00000014H .idata$3                DATA
 0002:0001cb88 00000598H .idata$4                DATA
 0002:0001d120 00000abeH .idata$6                DATA
 0003:00000000 00003fb4H .data                   DATA
 0003:00003fc0 00002398H .bss                    DATA
 0004:00000000 000049f8H .pdata                  DATA
 0005:00000000 00000b50H _RDATA                  DATA

  Address         Publics by Value              Rva+Base               Lib:Object

 0000:00000000       __guard_fids_count         0000000000000000     <absolute>
 0000:00000000       ___safe_se_handler_count   0000000000000000     <absolute>
 0000:00000000       ___safe_se_handler_table   0000000000000000     <absolute>
 0000:00000000       __guard_fids_table         0000000000000000     <absolute>
 0000:00000100       __guard_flags              0000000000000100     <absolute>
 0000:00000000       __ImageBase                0000000140000000     <linker-defined>
 0001:00000380       get_snd_options            0000000140001380 f   streamutil.obj
 0001:00000700       dump_pool_usage            0000000140001700 f   streamutil.obj
 0001:00001200       my_hex_string_to_octet_string 0000000140002200 f   streamutil.obj
 0001:00001880       main                       0000000140002880 f   streamutil.obj
 0001:000028e0       __local_stdio_printf_options 00000001400038e0 f i streamutil.obj
 0001:000028f0       printf                     00000001400038f0 f i streamutil.obj
 0001:00002950       sprintf                    0000000140003950 f i streamutil.obj
 0001:000029b0       pjmedia_codec_register_audio_codecs 00000001400039b0 f   pjmedia-codec-x86_64-x64-vc14-release:audio_codecs.obj
 0001:00002aa0       pjmedia_codec_l16_deinit   0000000140003aa0 f   pjmedia-codec-x86_64-x64-vc14-release:l16.obj
 0001:000031a0       pjmedia_codec_l16_init     00000001400041a0 f   pjmedia-codec-x86_64-x64-vc14-release:l16.obj
 0001:000032b0       pjmedia_codec_gsm_deinit   00000001400042b0 f   pjmedia-codec-x86_64-x64-vc14-release:gsm.obj
 0001:00003a30       pjmedia_codec_gsm_init     0000000140004a30 f   pjmedia-codec-x86_64-x64-vc14-release:gsm.obj
 0001:00003b30       pjmedia_codec_speex_deinit 0000000140004b30 f   pjmedia-codec-x86_64-x64-vc14-release:speex_codec.obj
 0001:000047d0       pjmedia_codec_speex_init   00000001400057d0 f   pjmedia-codec-x86_64-x64-vc14-release:speex_codec.obj
 0001:00004a20       pjmedia_codec_ilbc_deinit  0000000140005a20 f   pjmedia-codec-x86_64-x64-vc14-release:ilbc.obj
 0001:000053b0       _snprintf                  00000001400063b0 f i pjmedia-codec-x86_64-x64-vc14-release:ilbc.obj
 0001:00005410       pjmedia_codec_ilbc_init    0000000140006410 f   pjmedia-codec-x86_64-x64-vc14-release:ilbc.obj
 0001:000054e0       pjmedia_codec_g722_deinit  00000001400064e0 f   pjmedia-codec-x86_64-x64-vc14-release:g722.obj
 0001:00005db0       pjmedia_codec_g722_init    0000000140006db0 f   pjmedia-codec-x86_64-x64-vc14-release:g722.obj
 0001:000067c0       g722_enc_encode            00000001400077c0 f   pjmedia-codec-x86_64-x64-vc14-release:g722_enc.obj
 0001:000070d0       g722_dec_decode            00000001400080d0 f   pjmedia-codec-x86_64-x64-vc14-release:g722_dec.obj
 0001:00007310       g722_enc_init              0000000140008310 f   pjmedia-codec-x86_64-x64-vc14-release:g722_enc.obj
 0001:00007310       g722_dec_init              0000000140008310 f   pjmedia-codec-x86_64-x64-vc14-release:g722_dec.obj
 0001:00007550       pjmedia_aud_subsys_init    0000000140008550 f   pjmedia-audiodev-x86_64-x64-vc14-release:audiodev.obj
 0001:00007610       pjmedia_aud_subsys_shutdown 0000000140008610 f   pjmedia-audiodev-x86_64-x64-vc14-release:audiodev.obj
 0001:00007660       pjmedia_audiodev_strerror  0000000140008660 f   pjmedia-audiodev-x86_64-x64-vc14-release:errno.obj
 0001:00008e30       pjmedia_wmme_factory       0000000140009e30 f   pjmedia-audiodev-x86_64-x64-vc14-release:wmme_dev.obj
 0001:00009360       pjmedia_port_destroy       000000014000a360 f   pjmedia-x86_64-x64-vc14-release:port.obj
 0001:00009380       pjmedia_port_get_frame     000000014000a380 f   pjmedia-x86_64-x64-vc14-release:port.obj
 0001:000093b0       pjmedia_port_info_init     000000014000a3b0 f   pjmedia-x86_64-x64-vc14-release:port.obj
 0001:00009450       pjmedia_port_put_frame     000000014000a450 f   pjmedia-x86_64-x64-vc14-release:port.obj
 0001:00009480       pjmedia_codec_mgr_alloc_codec 000000014000a480 f   pjmedia-x86_64-x64-vc14-release:codec.obj
 0001:00009560       pjmedia_codec_mgr_dealloc_codec 000000014000a560 f   pjmedia-x86_64-x64-vc14-release:codec.obj
 0001:00009580       pjmedia_codec_mgr_destroy  000000014000a580 f   pjmedia-x86_64-x64-vc14-release:codec.obj
 0001:00009630       pjmedia_codec_mgr_find_codecs_by_id 000000014000a630 f   pjmedia-x86_64-x64-vc14-release:codec.obj
 0001:00009750       pjmedia_codec_mgr_get_codec_info 000000014000a750 f   pjmedia-x86_64-x64-vc14-release:codec.obj
 0001:00009800       pjmedia_codec_mgr_get_default_param 000000014000a800 f   pjmedia-x86_64-x64-vc14-release:codec.obj
 0001:00009a00       pjmedia_codec_mgr_init     000000014000aa00 f   pjmedia-x86_64-x64-vc14-release:codec.obj
 0001:00009a90       pjmedia_codec_mgr_register_factory 000000014000aa90 f   pjmedia-x86_64-x64-vc14-release:codec.obj
 0001:00009c50       pjmedia_codec_mgr_unregister_factory 000000014000ac50 f   pjmedia-x86_64-x64-vc14-release:codec.obj
 0001:00009d40       pjmedia_codec_param_clone  000000014000ad40 f   pjmedia-x86_64-x64-vc14-release:codec.obj
 0001:0000a090       pjmedia_endpt_atexit       000000014000b090 f   pjmedia-x86_64-x64-vc14-release:endpoint.obj
 0001:0000a120       pjmedia_endpt_create2      000000014000b120 f   pjmedia-x86_64-x64-vc14-release:endpoint.obj
 0001:0000a320       pjmedia_endpt_create_pool  000000014000b320 f   pjmedia-x86_64-x64-vc14-release:endpoint.obj
 0001:0000a340       pjmedia_endpt_destroy2     000000014000b340 f   pjmedia-x86_64-x64-vc14-release:endpoint.obj
 0001:0000a3d0       pj_pool_getobjname         000000014000b3d0 f   pjlib-x86_64-x64-vc14-release:pool.obj
 0001:0000a3d0       pjmedia_endpt_get_codec_mgr 000000014000b3d0 f   pjmedia-x86_64-x64-vc14-release:endpoint.obj
 0001:0000a3e0       pjmedia_endpt_get_ioqueue  000000014000b3e0 f   pjmedia-x86_64-x64-vc14-release:endpoint.obj
 0001:0000a3f0       pjmedia_endpt_stop_threads 000000014000b3f0 f   pjmedia-x86_64-x64-vc14-release:endpoint.obj
 0001:0000a5b0       pjmedia_master_port_create 000000014000b5b0 f   pjmedia-x86_64-x64-vc14-release:master_port.obj
 0001:0000a7f0       pjmedia_master_port_destroy 000000014000b7f0 f   pjmedia-x86_64-x64-vc14-release:master_port.obj
 0001:0000a880       pjmedia_master_port_start  000000014000b880 f   pjmedia-x86_64-x64-vc14-release:master_port.obj
 0001:0000a8b0       pjmedia_snd_port_connect   000000014000b8b0 f   pjmedia-x86_64-x64-vc14-release:sound_port.obj
 0001:0000a990       pjmedia_snd_port_create    000000014000b990 f   pjmedia-x86_64-x64-vc14-release:sound_port.obj
 0001:0000aa80       pjmedia_snd_port_create2   000000014000ba80 f   pjmedia-x86_64-x64-vc14-release:sound_port.obj
 0001:0000ac20       pjmedia_snd_port_create_player 000000014000bc20 f   pjmedia-x86_64-x64-vc14-release:sound_port.obj
 0001:0000acf0       pjmedia_snd_port_create_rec 000000014000bcf0 f   pjmedia-x86_64-x64-vc14-release:sound_port.obj
 0001:0000adc0       pjmedia_snd_port_destroy   000000014000bdc0 f   pjmedia-x86_64-x64-vc14-release:sound_port.obj
 0001:0000ae30       pjmedia_snd_port_set_ec    000000014000be30 f   pjmedia-x86_64-x64-vc14-release:sound_port.obj
 0001:0000caa0       pjmedia_stream_create      000000014000daa0 f   pjmedia-x86_64-x64-vc14-release:stream.obj
 0001:0000d4e0       pjmedia_stream_destroy     000000014000e4e0 f   pjmedia-x86_64-x64-vc14-release:stream.obj
 0001:0000d6f0       pjmedia_stream_get_port    000000014000e6f0 f   pjmedia-x86_64-x64-vc14-release:stream.obj
 0001:0000d700       pjmedia_stream_get_stat    000000014000e700 f   pjmedia-x86_64-x64-vc14-release:stream.obj
 0001:0000d7a0       pjmedia_stream_get_transport 000000014000e7a0 f   pjmedia-x86_64-x64-vc14-release:stream.obj
 0001:0000d7b0       pjmedia_stream_send_rtcp_sdes 000000014000e7b0 f   pjmedia-x86_64-x64-vc14-release:stream.obj
 0001:0000d8d0       pjmedia_stream_start       000000014000e8d0 f   pjmedia-x86_64-x64-vc14-release:stream.obj
 0001:0000fa00       echo_supp_destroy          0000000140010a00 f   pjmedia-x86_64-x64-vc14-release:echo_suppress.obj
 0001:0000fa00       srtp_err_reporting_init    0000000140010a00 f   libsrtp-x86_64-x64-vc14-release:srtp_err.obj
 0001:0000fa00       _get_startup_new_mode      0000000140010a00 f   MSVCRT:new_mode.obj
 0001:0000fa00       _get_startup_thread_locale_mode 0000000140010a00 f   MSVCRT:thread_locale.obj
 0001:0000fa00       _matherr                   0000000140010a00 f   MSVCRT:matherr.obj
 0001:0000fa00       srtp_ekt_stream_init_from_policy 0000000140010a00 f   libsrtp-x86_64-x64-vc14-release:ekt.obj
 0001:0000fa00       __scrt_initialize_winrt    0000000140010a00 f   MSVCRT:utility_desktop.obj
 0001:0000fa00       pjmedia_wsola_destroy      0000000140010a00 f   pjmedia-x86_64-x64-vc14-release:wsola.obj
 0001:0000fa00       _get_startup_commit_mode   0000000140010a00 f   MSVCRT:commit_mode.obj
 0001:00010120       get_libsrtp_errstr         0000000140011120 f   pjmedia-x86_64-x64-vc14-release:transport_srtp.obj
 0001:000104c0       pjmedia_srtp_init_lib      00000001400114c0 f   pjmedia-x86_64-x64-vc14-release:transport_srtp.obj
 0001:000105a0       pjmedia_srtp_setting_default 00000001400115a0 f   pjmedia-x86_64-x64-vc14-release:transport_srtp.obj
 0001:00010640       pjmedia_transport_srtp_create 0000000140011640 f   pjmedia-x86_64-x64-vc14-release:transport_srtp.obj
 0001:000109a0       pjmedia_transport_srtp_dtls_get_fingerprint 00000001400119a0 f   pjmedia-x86_64-x64-vc14-release:transport_srtp.obj
 0001:000109a0       pjmedia_transport_srtp_dtls_start_nego 00000001400119a0 f   pjmedia-x86_64-x64-vc14-release:transport_srtp.obj
 0001:000109b0       pjmedia_transport_srtp_start 00000001400119b0 f   pjmedia-x86_64-x64-vc14-release:transport_srtp.obj
 0001:00010f70       pjmedia_transport_srtp_stop 0000000140011f70 f   pjmedia-x86_64-x64-vc14-release:transport_srtp.obj
 0001:000121b0       pjmedia_transport_udp_attach 00000001400131b0 f   pjmedia-x86_64-x64-vc14-release:transport_udp.obj
 0001:000125a0       pjmedia_transport_udp_create 00000001400135a0 f   pjmedia-x86_64-x64-vc14-release:transport_udp.obj
 0001:000125e0       pjmedia_transport_udp_create3 00000001400135e0 f   pjmedia-x86_64-x64-vc14-release:transport_udp.obj
 0001:00012c60       pjmedia_wav_player_port_create 0000000140013c60 f   pjmedia-x86_64-x64-vc14-release:wav_player.obj
 0001:000134a0       pjmedia_wav_writer_port_create 00000001400144a0 f   pjmedia-x86_64-x64-vc14-release:wav_writer.obj
 0001:000137c0       pjmedia_codec_g711_deinit  00000001400147c0 f   pjmedia-x86_64-x64-vc14-release:g711.obj
 0001:00013fa0       pjmedia_codec_g711_init    0000000140014fa0 f   pjmedia-x86_64-x64-vc14-release:g711.obj
 0001:00014190       pjmedia_plc_create         0000000140015190 f   pjmedia-x86_64-x64-vc14-release:plc_common.obj
 0001:00014230       pjmedia_plc_generate       0000000140015230 f   pjmedia-x86_64-x64-vc14-release:plc_common.obj
 0001:00014260       pjmedia_plc_save           0000000140015260 f   pjmedia-x86_64-x64-vc14-release:plc_common.obj
 0001:00014290       pjmedia_calc_avg_signal    0000000140015290 f   pjmedia-x86_64-x64-vc14-release:silencedet.obj
 0001:000142d0       pjmedia_silence_det_apply  00000001400152d0 f   pjmedia-x86_64-x64-vc14-release:silencedet.obj
 0001:000144a0       pjmedia_silence_det_create 00000001400154a0 f   pjmedia-x86_64-x64-vc14-release:silencedet.obj
 0001:00014560       pjmedia_silence_det_detect 0000000140015560 f   pjmedia-x86_64-x64-vc14-release:silencedet.obj
 0001:000146e0       pjmedia_aud_dev_default_param 00000001400156e0 f   pjmedia-x86_64-x64-vc14-release:audiodev.obj
 0001:00014770       pjmedia_aud_dev_get_info   0000000140015770 f   pjmedia-x86_64-x64-vc14-release:audiodev.obj
 0001:000147d0       pjmedia_aud_driver_deinit  00000001400157d0 f   pjmedia-x86_64-x64-vc14-release:audiodev.obj
 0001:00014840       pjmedia_aud_driver_init    0000000140015840 f   pjmedia-x86_64-x64-vc14-release:audiodev.obj
 0001:00014a90       pjmedia_aud_stream_create  0000000140015a90 f   pjmedia-x86_64-x64-vc14-release:audiodev.obj
 0001:00014c40       pjmedia_aud_stream_destroy 0000000140015c40 f   pjmedia-x86_64-x64-vc14-release:audiodev.obj
 0001:00014c50       pjmedia_aud_stream_get_cap 0000000140015c50 f   pjmedia-x86_64-x64-vc14-release:audiodev.obj
 0001:00014c60       pjmedia_aud_stream_get_param 0000000140015c60 f   pjmedia-x86_64-x64-vc14-release:audiodev.obj
 0001:00014d20       pjmedia_aud_stream_set_cap 0000000140015d20 f   pjmedia-x86_64-x64-vc14-release:audiodev.obj
 0001:00014d30       pjmedia_aud_stream_start   0000000140015d30 f   pjmedia-x86_64-x64-vc14-release:audiodev.obj
 0001:00014d40       pjmedia_aud_stream_stop    0000000140015d40 f   pjmedia-x86_64-x64-vc14-release:audiodev.obj
 0001:00014d50       pjmedia_get_aud_subsys     0000000140015d50 f   pjmedia-x86_64-x64-vc14-release:audiodev.obj
 0001:00014d60       pjmedia_format_get_audio_format_detail 0000000140015d60 f   pjmedia-x86_64-x64-vc14-release:format.obj
 0001:00014d70       pjmedia_sdp_attr_create    0000000140015d70 f   pjmedia-x86_64-x64-vc14-release:sdp.obj
 0001:00014e20       pjmedia_sdp_attr_find      0000000140015e20 f   pjmedia-x86_64-x64-vc14-release:sdp.obj
 0001:00014ed0       pjmedia_sdp_media_deactivate 0000000140015ed0 f   pjmedia-x86_64-x64-vc14-release:sdp.obj
 0001:00014ef0       pjmedia_sdp_media_find_attr 0000000140015ef0 f   pjmedia-x86_64-x64-vc14-release:sdp.obj
 0001:00014f20       pjmedia_strerror           0000000140015f20 f   pjmedia-x86_64-x64-vc14-release:errno.obj
 0001:00015190       pjmedia_clock_create       0000000140016190 f   pjmedia-x86_64-x64-vc14-release:clock_thread.obj
 0001:000151f0       pjmedia_clock_create2      00000001400161f0 f   pjmedia-x86_64-x64-vc14-release:clock_thread.obj
 0001:00015350       pjmedia_clock_destroy      0000000140016350 f   pjmedia-x86_64-x64-vc14-release:clock_thread.obj
 0001:000153c0       pjmedia_clock_src_init     00000001400163c0 f   pjmedia-x86_64-x64-vc14-release:clock_thread.obj
 0001:00015400       pjmedia_clock_src_update   0000000140016400 f   pjmedia-x86_64-x64-vc14-release:clock_thread.obj
 0001:00015440       pjmedia_clock_start        0000000140016440 f   pjmedia-x86_64-x64-vc14-release:clock_thread.obj
 0001:000154f0       pjmedia_echo_capture       00000001400164f0 f   pjmedia-x86_64-x64-vc14-release:echo_common.obj
 0001:00015600       pjmedia_echo_create2       0000000140016600 f   pjmedia-x86_64-x64-vc14-release:echo_common.obj
 0001:00015870       pjmedia_echo_destroy       0000000140016870 f   pjmedia-x86_64-x64-vc14-release:echo_common.obj
 0001:000158b0       pjmedia_echo_playback      00000001400168b0 f   pjmedia-x86_64-x64-vc14-release:echo_common.obj
 0001:00016150       pjmedia_jbuf_create        0000000140017150 f   pjmedia-x86_64-x64-vc14-release:jbuf.obj
 0001:00016300       pjmedia_jbuf_destroy       0000000140017300 f   pjmedia-x86_64-x64-vc14-release:jbuf.obj
 0001:00016480       pjmedia_jbuf_get_frame2    0000000140017480 f   pjmedia-x86_64-x64-vc14-release:jbuf.obj
 0001:000164b0       pjmedia_jbuf_get_frame3    00000001400174b0 f   pjmedia-x86_64-x64-vc14-release:jbuf.obj
 0001:00016650       pjmedia_jbuf_get_state     0000000140017650 f   pjmedia-x86_64-x64-vc14-release:jbuf.obj
 0001:00016710       pjmedia_jbuf_put_frame2    0000000140017710 f   pjmedia-x86_64-x64-vc14-release:jbuf.obj
 0001:00016740       pjmedia_jbuf_put_frame3    0000000140017740 f   pjmedia-x86_64-x64-vc14-release:jbuf.obj
 0001:00016900       pjmedia_jbuf_reset         0000000140017900 f   pjmedia-x86_64-x64-vc14-release:jbuf.obj
 0001:00016990       pjmedia_jbuf_set_adaptive  0000000140017990 f   pjmedia-x86_64-x64-vc14-release:jbuf.obj
 0001:000169d0       pjmedia_rtp_decode_rtp     00000001400179d0 f   pjmedia-x86_64-x64-vc14-release:rtp.obj
 0001:00016a10       pjmedia_rtp_decode_rtp2    0000000140017a10 f   pjmedia-x86_64-x64-vc14-release:rtp.obj
 0001:00016b10       pjmedia_rtp_encode_rtp     0000000140017b10 f   pjmedia-x86_64-x64-vc14-release:rtp.obj
 0001:00016bc0       pjmedia_rtp_seq_init       0000000140017bc0 f   pjmedia-x86_64-x64-vc14-release:rtp.obj
 0001:00016bf0       pjmedia_rtp_seq_update     0000000140017bf0 f   pjmedia-x86_64-x64-vc14-release:rtp.obj
 0001:00016d10       pjmedia_rtp_session_init   0000000140017d10 f   pjmedia-x86_64-x64-vc14-release:rtp.obj
 0001:00016de0       pjmedia_rtp_session_init2  0000000140017de0 f   pjmedia-x86_64-x64-vc14-release:rtp.obj
 0001:00016e50       pjmedia_rtp_session_update2 0000000140017e50 f   pjmedia-x86_64-x64-vc14-release:rtp.obj
 0001:00017420       pjmedia_rtcp_build_rtcp    0000000140018420 f   pjmedia-x86_64-x64-vc14-release:rtcp.obj
 0001:00017640       pjmedia_rtcp_build_rtcp_bye 0000000140018640 f   pjmedia-x86_64-x64-vc14-release:rtcp.obj
 0001:00017770       pjmedia_rtcp_build_rtcp_sdes 0000000140018770 f   pjmedia-x86_64-x64-vc14-release:rtcp.obj
 0001:00017a70       pjmedia_rtcp_get_ntp_time  0000000140018a70 f   pjmedia-x86_64-x64-vc14-release:rtcp.obj
 0001:00017bc0       pjmedia_rtcp_init2         0000000140018bc0 f   pjmedia-x86_64-x64-vc14-release:rtcp.obj
 0001:00017cc0       pjmedia_rtcp_rx_rtcp       0000000140018cc0 f   pjmedia-x86_64-x64-vc14-release:rtcp.obj
 0001:00017d70       pjmedia_rtcp_rx_rtp2       0000000140018d70 f   pjmedia-x86_64-x64-vc14-release:rtcp.obj
 0001:00017f20       pjmedia_rtcp_session_setting_default 0000000140018f20 f   pjmedia-x86_64-x64-vc14-release:rtcp.obj
 0001:00017f30       pjmedia_rtcp_tx_rtp        0000000140018f30 f   pjmedia-x86_64-x64-vc14-release:rtcp.obj
 0001:00018db0       pjmedia_wsola_create       0000000140019db0 f   pjmedia-x86_64-x64-vc14-release:wsola.obj
 0001:00018fd0       pjmedia_wsola_discard      0000000140019fd0 f   pjmedia-x86_64-x64-vc14-release:wsola.obj
 0001:00019260       pjmedia_wsola_generate     000000014001a260 f   pjmedia-x86_64-x64-vc14-release:wsola.obj
 0001:00019330       pjmedia_wsola_save         000000014001a330 f   pjmedia-x86_64-x64-vc14-release:wsola.obj
 0001:00019840       echo_supp_cancel_echo      000000014001a840 f   pjmedia-x86_64-x64-vc14-release:echo_suppress.obj
 0001:00019b80       echo_supp_create           000000014001ab80 f   pjmedia-x86_64-x64-vc14-release:echo_suppress.obj
 0001:00019cf0       echo_supp_reset            000000014001acf0 f   pjmedia-x86_64-x64-vc14-release:echo_suppress.obj
 0001:0001a440       speex_aec_cancel_echo      000000014001b440 f   pjmedia-x86_64-x64-vc14-release:echo_speex.obj
 0001:0001a4c0       speex_aec_capture          000000014001b4c0 f   pjmedia-x86_64-x64-vc14-release:echo_speex.obj
 0001:0001a530       speex_aec_create           000000014001b530 f   pjmedia-x86_64-x64-vc14-release:echo_speex.obj
 0001:0001a690       speex_aec_destroy          000000014001b690 f   pjmedia-x86_64-x64-vc14-release:echo_speex.obj
 0001:0001a6e0       speex_aec_playback         000000014001b6e0 f   pjmedia-x86_64-x64-vc14-release:echo_speex.obj
 0001:0001a710       speex_aec_reset            000000014001b710 f   pjmedia-x86_64-x64-vc14-release:echo_speex.obj
 0001:0001a860       pjmedia_delay_buf_create   000000014001b860 f   pjmedia-x86_64-x64-vc14-release:delaybuf.obj
 0001:0001aa20       pjmedia_delay_buf_destroy  000000014001ba20 f   pjmedia-x86_64-x64-vc14-release:delaybuf.obj
 0001:0001aa90       pjmedia_delay_buf_get      000000014001ba90 f   pjmedia-x86_64-x64-vc14-release:delaybuf.obj
 0001:0001ac10       pjmedia_delay_buf_put      000000014001bc10 f   pjmedia-x86_64-x64-vc14-release:delaybuf.obj
 0001:0001b810       pj_getopt_long             000000014001c810 f   pjlib-util-x86_64-x64-vc14-release:getopt.obj
 0001:0001b830       pj_base64_decode           000000014001c830 f   pjlib-util-x86_64-x64-vc14-release:base64.obj
 0001:0001ba10       pj_base64_encode           000000014001ca10 f   pjlib-util-x86_64-x64-vc14-release:base64.obj
 0001:0001bc80       pj_atexit                  000000014001cc80 f   pjlib-x86_64-x64-vc14-release:os_core_win32.obj
 0001:0001bcb0       pj_atomic_dec_and_get      000000014001ccb0 f   pjlib-x86_64-x64-vc14-release:os_core_win32.obj
 0001:0001bd10       pj_atomic_destroy          000000014001cd10 f   pjlib-x86_64-x64-vc14-release:os_core_win32.obj
 0001:0001bd20       pj_atomic_inc              000000014001cd20 f   pjlib-x86_64-x64-vc14-release:os_core_win32.obj
 0001:0001bd80       pj_enter_critical_section  000000014001cd80 f   pjlib-x86_64-x64-vc14-release:os_core_win32.obj
 0001:0001bdf0       pj_init                    000000014001cdf0 f   pjlib-x86_64-x64-vc14-release:os_core_win32.obj
 0001:0001bf50       pj_leave_critical_section  000000014001cf50 f   pjlib-x86_64-x64-vc14-release:os_core_win32.obj
 0001:0001bfc0       pj_mutex_create            000000014001cfc0 f   pjlib-x86_64-x64-vc14-release:os_core_win32.obj
 0001:0001c040       pj_mutex_create_simple     000000014001d040 f   pjlib-x86_64-x64-vc14-release:os_core_win32.obj
 0001:0001c040       pj_mutex_create_recursive  000000014001d040 f   pjlib-x86_64-x64-vc14-release:os_core_win32.obj
 0001:0001c0c0       pj_mutex_destroy           000000014001d0c0 f   pjlib-x86_64-x64-vc14-release:os_core_win32.obj
 0001:0001c140       pj_mutex_lock              000000014001d140 f   pjlib-x86_64-x64-vc14-release:os_core_win32.obj
 0001:0001c1c0       pj_mutex_trylock           000000014001d1c0 f   pjlib-x86_64-x64-vc14-release:os_core_win32.obj
 0001:0001c250       pj_mutex_unlock            000000014001d250 f   pjlib-x86_64-x64-vc14-release:os_core_win32.obj
 0001:0001c2d0       pj_sem_destroy             000000014001d2d0 f   pjlib-x86_64-x64-vc14-release:os_core_win32.obj
 0001:0001c380       pj_sem_post                000000014001d380 f   pjlib-x86_64-x64-vc14-release:os_core_win32.obj
 0001:0001c430       pj_sem_trywait             000000014001d430 f   pjlib-x86_64-x64-vc14-release:os_core_win32.obj
 0001:0001c4a0       pj_sem_wait                000000014001d4a0 f   pjlib-x86_64-x64-vc14-release:os_core_win32.obj
 0001:0001c610       pj_shutdown                000000014001d610 f   pjlib-x86_64-x64-vc14-release:os_core_win32.obj
 0001:0001c790       pj_term_set_color          000000014001d790 f   pjlib-x86_64-x64-vc14-release:os_core_win32.obj
 0001:0001c890       pj_thread_check_stack      000000014001d890 f   pjlib-x86_64-x64-vc14-release:os_core_win32.obj
 0001:0001c8f0       pj_thread_create           000000014001d8f0 f   pjlib-x86_64-x64-vc14-release:os_core_win32.obj
 0001:0001cac0       pj_thread_destroy          000000014001dac0 f   pjlib-x86_64-x64-vc14-release:os_core_win32.obj
 0001:0001cb70       pj_thread_get_name         000000014001db70 f   pjlib-x86_64-x64-vc14-release:os_core_win32.obj
 0001:0001cbe0       pj_thread_get_prio_max     000000014001dbe0 f   pjlib-x86_64-x64-vc14-release:os_core_win32.obj
 0001:0001cbf0       pj_thread_init             000000014001dbf0 f   pjlib-x86_64-x64-vc14-release:os_core_win32.obj
 0001:0001cc50       pj_thread_join             000000014001dc50 f   pjlib-x86_64-x64-vc14-release:os_core_win32.obj
 0001:0001cd50       pj_thread_local_alloc      000000014001dd50 f   pjlib-x86_64-x64-vc14-release:os_core_win32.obj
 0001:0001cdc0       pj_thread_local_free       000000014001ddc0 f   pjlib-x86_64-x64-vc14-release:os_core_win32.obj
 0001:0001ce20       pj_thread_local_get        000000014001de20 f   pjlib-x86_64-x64-vc14-release:os_core_win32.obj
 0001:0001ce30       pj_thread_local_set        000000014001de30 f   pjlib-x86_64-x64-vc14-release:os_core_win32.obj
 0001:0001ce80       pj_thread_register         000000014001de80 f   pjlib-x86_64-x64-vc14-release:os_core_win32.obj
 0001:0001cf90       pj_thread_set_prio         000000014001df90 f   pjlib-x86_64-x64-vc14-release:os_core_win32.obj
 0001:0001cff0       pj_thread_sleep            000000014001dff0 f   pjlib-x86_64-x64-vc14-release:os_core_win32.obj
 0001:0001d050       pj_thread_this             000000014001e050 f   pjlib-x86_64-x64-vc14-release:os_core_win32.obj
 0001:0001d0f0       pj_time_val_normalize      000000014001e0f0 f   pjlib-x86_64-x64-vc14-release:types.obj
 0001:0001d1a0       pj_gethostname             000000014001e1a0 f   pjlib-x86_64-x64-vc14-release:sock_bsd.obj
 0001:0001d240       pj_htonl                   000000014001e240 f   pjlib-x86_64-x64-vc14-release:sock_bsd.obj
 0001:0001d250       pj_htons                   000000014001e250 f   pjlib-x86_64-x64-vc14-release:sock_bsd.obj
 0001:0001d260       pj_inet_aton               000000014001e260 f   pjlib-x86_64-x64-vc14-release:sock_bsd.obj
 0001:0001d2f0       pj_inet_ntop               000000014001e2f0 f   pjlib-x86_64-x64-vc14-release:sock_bsd.obj
 0001:0001d420       pj_inet_pton               000000014001e420 f   pjlib-x86_64-x64-vc14-release:sock_bsd.obj
 0001:0001d550       pj_ntohl                   000000014001e550 f   pjlib-x86_64-x64-vc14-release:sock_bsd.obj
 0001:0001d560       pj_ntohs                   000000014001e560 f   pjlib-x86_64-x64-vc14-release:sock_bsd.obj
 0001:0001d570       pj_sock_accept             000000014001e570 f   pjlib-x86_64-x64-vc14-release:sock_bsd.obj
 0001:0001d610       pj_sock_bind               000000014001e610 f   pjlib-x86_64-x64-vc14-release:sock_bsd.obj
 0001:0001d6c0       pj_sock_close              000000014001e6c0 f   pjlib-x86_64-x64-vc14-release:sock_bsd.obj
 0001:0001d720       pj_sock_connect            000000014001e720 f   pjlib-x86_64-x64-vc14-release:sock_bsd.obj
 0001:0001d7b0       pj_sock_getsockname        000000014001e7b0 f   pjlib-x86_64-x64-vc14-release:sock_bsd.obj
 0001:0001d840       pj_sock_getsockopt         000000014001e840 f   pjlib-x86_64-x64-vc14-release:sock_bsd.obj
 0001:0001d8f0       pj_sock_recv               000000014001e8f0 f   pjlib-x86_64-x64-vc14-release:sock_bsd.obj
 0001:0001d990       pj_sock_recvfrom           000000014001e990 f   pjlib-x86_64-x64-vc14-release:sock_bsd.obj
 0001:0001da40       pj_sock_send               000000014001ea40 f   pjlib-x86_64-x64-vc14-release:sock_bsd.obj
 0001:0001dae0       pj_sock_sendto             000000014001eae0 f   pjlib-x86_64-x64-vc14-release:sock_bsd.obj
 0001:0001db90       pj_sock_setsockopt         000000014001eb90 f   pjlib-x86_64-x64-vc14-release:sock_bsd.obj
 0001:0001dc40       pj_sock_socket             000000014001ec40 f   pjlib-x86_64-x64-vc14-release:sock_bsd.obj
 0001:0001dd50       pj_gethostip               000000014001ed50 f   pjlib-x86_64-x64-vc14-release:sock_common.obj
 0001:0001e5f0       pj_getipinterface          000000014001f5f0 f   pjlib-x86_64-x64-vc14-release:sock_common.obj
 0001:0001e8a0       pj_inet_ntop2              000000014001f8a0 f   pjlib-x86_64-x64-vc14-release:sock_common.obj
 0001:0001e8c0       pj_sockaddr_cmp            000000014001f8c0 f   pjlib-x86_64-x64-vc14-release:sock_common.obj
 0001:0001ea10       pj_sockaddr_copy_addr      000000014001fa10 f   pjlib-x86_64-x64-vc14-release:sock_common.obj
 0001:0001ea90       pj_sockaddr_cp             000000014001fa90 f   pjlib-x86_64-x64-vc14-release:sock_common.obj
 0001:0001eae0       pj_sockaddr_get_addr       000000014001fae0 f   pjlib-x86_64-x64-vc14-release:sock_common.obj
 0001:0001eb10       pj_sockaddr_get_addr_len   000000014001fb10 f   pjlib-x86_64-x64-vc14-release:sock_common.obj
 0001:0001eb40       pj_sockaddr_get_len        000000014001fb40 f   pjlib-x86_64-x64-vc14-release:sock_common.obj
 0001:0001eb70       pj_sockaddr_get_port       000000014001fb70 f   pjlib-x86_64-x64-vc14-release:sock_common.obj
 0001:0001eba0       pj_sockaddr_has_addr       000000014001fba0 f   pjlib-x86_64-x64-vc14-release:sock_common.obj
 0001:0001ec30       pj_sockaddr_in_init        000000014001fc30 f   pjlib-x86_64-x64-vc14-release:sock_common.obj
 0001:0001eca0       pj_sockaddr_in_set_str_addr 000000014001fca0 f   pjlib-x86_64-x64-vc14-release:sock_common.obj
 0001:0001ed80       pj_sockaddr_init           000000014001fd80 f   pjlib-x86_64-x64-vc14-release:sock_common.obj
 0001:0001ee60       pj_sockaddr_print          000000014001fe60 f   pjlib-x86_64-x64-vc14-release:sock_common.obj
 0001:0001efd0       pj_sockaddr_set_port       000000014001ffd0 f   pjlib-x86_64-x64-vc14-release:sock_common.obj
 0001:0001f020       pj_sockaddr_set_str_addr   0000000140020020 f   pjlib-x86_64-x64-vc14-release:sock_common.obj
 0001:0001f110       pj_sockaddr_synthesize     0000000140020110 f   pjlib-x86_64-x64-vc14-release:sock_common.obj
 0001:0001f250       pj_errno_clear_handlers    0000000140020250 f   pjlib-x86_64-x64-vc14-release:errno.obj
 0001:0001f270       pj_perror                  0000000140020270 f   pjlib-x86_64-x64-vc14-release:errno.obj
 0001:0001f290       pj_perror_4                0000000140020290 f   pjlib-x86_64-x64-vc14-release:errno.obj
 0001:0001f3b0       pj_register_strerror       00000001400203b0 f   pjlib-x86_64-x64-vc14-release:errno.obj
 0001:0001f4d0       pj_strerror                00000001400204d0 f   pjlib-x86_64-x64-vc14-release:errno.obj
 0001:0001f6d0       pj_log                     00000001400206d0 f   pjlib-x86_64-x64-vc14-release:log.obj
 0001:0001fc60       pj_log_1                   0000000140020c60 f   pjlib-x86_64-x64-vc14-release:log.obj
 0001:0001fc90       pj_log_2                   0000000140020c90 f   pjlib-x86_64-x64-vc14-release:log.obj
 0001:0001fcc0       pj_log_3                   0000000140020cc0 f   pjlib-x86_64-x64-vc14-release:log.obj
 0001:0001fcf0       pj_log_4                   0000000140020cf0 f   pjlib-x86_64-x64-vc14-release:log.obj
 0001:0001fd20       pj_log_5                   0000000140020d20 f   pjlib-x86_64-x64-vc14-release:log.obj
 0001:0001fd50       pj_log_get_color           0000000140020d50 f   pjlib-x86_64-x64-vc14-release:log.obj
 0001:0001fdc0       pj_log_get_decor           0000000140020dc0 f   pjlib-x86_64-x64-vc14-release:log.obj
 0001:0001fdd0       pj_log_get_level           0000000140020dd0 f   pjlib-x86_64-x64-vc14-release:log.obj
 0001:0001fde0       pj_log_init                0000000140020de0 f   pjlib-x86_64-x64-vc14-release:log.obj
 0001:0001fe50       pj_create_random_string    0000000140020e50 f   pjlib-x86_64-x64-vc14-release:string.obj
 0001:0001ffa0       pj_str                     0000000140020fa0 f   pjlib-x86_64-x64-vc14-release:string.obj
 0001:0001ffd0       pj_strcmp                  0000000140020fd0 f   pjlib-x86_64-x64-vc14-release:string.obj
 0001:00020050       pj_strcspn                 0000000140021050 f   pjlib-x86_64-x64-vc14-release:string.obj
 0001:000200b0       pj_strdup                  00000001400210b0 f   pjlib-x86_64-x64-vc14-release:string.obj
 0001:00020100       pj_strdup2                 0000000140021100 f   pjlib-x86_64-x64-vc14-release:string.obj
 0001:00020180       pj_strdup_with_null        0000000140021180 f   pjlib-x86_64-x64-vc14-release:string.obj
 0001:000201d0       pj_stricmp                 00000001400211d0 f   pjlib-x86_64-x64-vc14-release:string.obj
 0001:00020260       pj_stricmp2                0000000140021260 f   pjlib-x86_64-x64-vc14-release:string.obj
 0001:00020310       pj_strncpy_with_null       0000000140021310 f   pjlib-x86_64-x64-vc14-release:string.obj
 0001:00020360       pj_strnicmp2               0000000140021360 f   pjlib-x86_64-x64-vc14-release:string.obj
 0001:000203e0       pj_strspn                  00000001400213e0 f   pjlib-x86_64-x64-vc14-release:string.obj
 0001:00020450       pj_strtok                  0000000140021450 f   pjlib-x86_64-x64-vc14-release:string.obj
 0001:000204f0       pj_strtoul                 00000001400214f0 f   pjlib-x86_64-x64-vc14-release:string.obj
 0001:00020580       pj_strtoul2                0000000140021580 f   pjlib-x86_64-x64-vc14-release:string.obj
 0001:00020670       pj_utoa                    0000000140021670 f   pjlib-x86_64-x64-vc14-release:string.obj
 0001:00020680       pj_utoa_pad                0000000140021680 f   pjlib-x86_64-x64-vc14-release:string.obj
 0001:000207e0       pj_gettimeofday            00000001400217e0 f   pjlib-x86_64-x64-vc14-release:os_time_win32.obj
 0001:00020880       pj_time_decode             0000000140021880 f   pjlib-x86_64-x64-vc14-release:os_time_win32.obj
 0001:00020930       pj_pool_alloc              0000000140021930 f   pjlib-x86_64-x64-vc14-release:pool.obj
 0001:00020980       pj_pool_allocate_find      0000000140021980 f   pjlib-x86_64-x64-vc14-release:pool.obj
 0001:00020ac0       pj_pool_calloc             0000000140021ac0 f   pjlib-x86_64-x64-vc14-release:pool.obj
 0001:00020be0       pj_pool_create_int         0000000140021be0 f   pjlib-x86_64-x64-vc14-release:pool.obj
 0001:00020cd0       pj_pool_destroy_int        0000000140021cd0 f   pjlib-x86_64-x64-vc14-release:pool.obj
 0001:00020d10       pj_pool_get_capacity       0000000140021d10 f   pjlib-x86_64-x64-vc14-release:pool.obj
 0001:00020d20       pj_pool_get_used_size      0000000140021d20 f   pjlib-x86_64-x64-vc14-release:pool.obj
 0001:00020d60       pj_pool_init_int           0000000140021d60 f   pjlib-x86_64-x64-vc14-release:pool.obj
 0001:00020e00       pj_pool_release            0000000140021e00 f   pjlib-x86_64-x64-vc14-release:pool.obj
 0001:00020e20       pj_pool_reset              0000000140021e20 f   pjlib-x86_64-x64-vc14-release:pool.obj
 0001:00020e40       pj_pool_safe_release       0000000140021e40 f   pjlib-x86_64-x64-vc14-release:pool.obj
 0001:00021350       pj_caching_pool_destroy    0000000140022350 f   pjlib-x86_64-x64-vc14-release:pool_caching.obj
 0001:00021460       pj_caching_pool_init       0000000140022460 f   pjlib-x86_64-x64-vc14-release:pool_caching.obj
 0001:00021570       pj_rand                    0000000140022570 f   pjlib-x86_64-x64-vc14-release:rand.obj
 0001:000216c0       pj_list_erase              00000001400226c0 f   pjlib-x86_64-x64-vc14-release:list.obj
 0001:000216e0       pj_list_find_node          00000001400226e0 f   pjlib-x86_64-x64-vc14-release:list.obj
 0001:00021710       pj_list_insert_after       0000000140022710 f   pjlib-x86_64-x64-vc14-release:list.obj
 0001:00021730       pj_list_insert_before      0000000140022730 f   pjlib-x86_64-x64-vc14-release:list.obj
 0001:00021750       pj_get_netos_error         0000000140022750 f   pjlib-x86_64-x64-vc14-release:os_error_win32.obj
 0001:00021780       pj_get_os_error            0000000140022780 f   pjlib-x86_64-x64-vc14-release:os_error_win32.obj
 0001:000217b0       platform_strerror          00000001400227b0 f   pjlib-x86_64-x64-vc14-release:os_error_win32.obj
 0001:000218e0       pj_array_erase             00000001400228e0 f   pjlib-x86_64-x64-vc14-release:array.obj
 0001:00021a10       ioqueue_dispatch_exception_event 0000000140022a10 f   pjlib-x86_64-x64-vc14-release:ioqueue_select.obj
 0001:00021b70       ioqueue_dispatch_read_event 0000000140022b70 f   pjlib-x86_64-x64-vc14-release:ioqueue_select.obj
 0001:00021e00       ioqueue_dispatch_write_event 0000000140022e00 f   pjlib-x86_64-x64-vc14-release:ioqueue_select.obj
 0001:00022210       pj_ioqueue_create          0000000140023210 f   pjlib-x86_64-x64-vc14-release:ioqueue_select.obj
 0001:00022410       pj_ioqueue_destroy         0000000140023410 f   pjlib-x86_64-x64-vc14-release:ioqueue_select.obj
 0001:000224f0       pj_ioqueue_get_user_data   00000001400234f0 f   pjlib-x86_64-x64-vc14-release:ioqueue_select.obj
 0001:00022500       pj_ioqueue_lock_key        0000000140023500 f   pjlib-x86_64-x64-vc14-release:ioqueue_select.obj
 0001:00022520       pj_ioqueue_op_key_init     0000000140023520 f   pjlib-x86_64-x64-vc14-release:ioqueue_select.obj
 0001:00022530       pj_ioqueue_poll            0000000140023530 f   pjlib-x86_64-x64-vc14-release:ioqueue_select.obj
 0001:000229c0       pj_ioqueue_post_completion 00000001400239c0 f   pjlib-x86_64-x64-vc14-release:ioqueue_select.obj
 0001:00022b70       pj_ioqueue_recvfrom        0000000140023b70 f   pjlib-x86_64-x64-vc14-release:ioqueue_select.obj
 0001:00022d30       pj_ioqueue_register_sock   0000000140023d30 f   pjlib-x86_64-x64-vc14-release:ioqueue_select.obj
 0001:00022d60       pj_ioqueue_register_sock2  0000000140023d60 f   pjlib-x86_64-x64-vc14-release:ioqueue_select.obj
 0001:00022ed0       pj_ioqueue_sendto          0000000140023ed0 f   pjlib-x86_64-x64-vc14-release:ioqueue_select.obj
 0001:000230f0       pj_ioqueue_set_concurrency 00000001400240f0 f   pjlib-x86_64-x64-vc14-release:ioqueue_select.obj
 0001:00023110       pj_ioqueue_set_lock        0000000140024110 f   pjlib-x86_64-x64-vc14-release:ioqueue_select.obj
 0001:00023180       pj_ioqueue_unlock_key      0000000140024180 f   pjlib-x86_64-x64-vc14-release:ioqueue_select.obj
 0001:000231a0       pj_ioqueue_unregister      00000001400241a0 f   pjlib-x86_64-x64-vc14-release:ioqueue_select.obj
 0001:000236e0       pj_grp_lock_acquire        00000001400246e0 f   pjlib-x86_64-x64-vc14-release:lock.obj
 0001:000236f0       pj_grp_lock_add_ref        00000001400246f0 f   pjlib-x86_64-x64-vc14-release:lock.obj
 0001:00023710       pj_grp_lock_dec_ref        0000000140024710 f   pjlib-x86_64-x64-vc14-release:lock.obj
 0001:00023750       pj_grp_lock_release        0000000140024750 f   pjlib-x86_64-x64-vc14-release:lock.obj
 0001:00023760       pj_grp_lock_tryacquire     0000000140024760 f   pjlib-x86_64-x64-vc14-release:lock.obj
 0001:00023770       pj_lock_acquire            0000000140024770 f   pjlib-x86_64-x64-vc14-release:lock.obj
 0001:00023790       pj_lock_create_null_mutex  0000000140024790 f   pjlib-x86_64-x64-vc14-release:lock.obj
 0001:000237b0       pj_lock_create_recursive_mutex 00000001400247b0 f   pjlib-x86_64-x64-vc14-release:lock.obj
 0001:000237c0       pj_lock_create_simple_mutex 00000001400247c0 f   pjlib-x86_64-x64-vc14-release:lock.obj
 0001:000237d0       pj_lock_destroy            00000001400247d0 f   pjlib-x86_64-x64-vc14-release:lock.obj
 0001:000237f0       pj_lock_release            00000001400247f0 f   pjlib-x86_64-x64-vc14-release:lock.obj
 0001:00023810       pj_lock_tryacquire         0000000140024810 f   pjlib-x86_64-x64-vc14-release:lock.obj
 0001:00023830       pj_get_timestamp           0000000140024830 f   pjlib-x86_64-x64-vc14-release:os_timestamp_win32.obj
 0001:00023890       pj_get_timestamp_freq      0000000140024890 f   pjlib-x86_64-x64-vc14-release:os_timestamp_win32.obj
 0001:000238f0       pj_file_exists             00000001400248f0 f   pjlib-x86_64-x64-vc14-release:file_access_win32.obj
 0001:00023950       pj_file_size               0000000140024950 f   pjlib-x86_64-x64-vc14-release:file_access_win32.obj
 0001:00023a00       pj_file_close              0000000140024a00 f   pjlib-x86_64-x64-vc14-release:file_io_win32.obj
 0001:00023a50       pj_file_getpos             0000000140024a50 f   pjlib-x86_64-x64-vc14-release:file_io_win32.obj
 0001:00023b00       pj_file_open               0000000140024b00 f   pjlib-x86_64-x64-vc14-release:file_io_win32.obj
 0001:00023c90       pj_file_read               0000000140024c90 f   pjlib-x86_64-x64-vc14-release:file_io_win32.obj
 0001:00023d10       pj_file_setpos             0000000140024d10 f   pjlib-x86_64-x64-vc14-release:file_io_win32.obj
 0001:00023dc0       pj_file_write              0000000140024dc0 f   pjlib-x86_64-x64-vc14-release:file_io_win32.obj
 0001:00023e40       pj_exception_id_alloc      0000000140024e40 f   pjlib-x86_64-x64-vc14-release:except.obj
 0001:00023eb0       pj_exception_id_free       0000000140024eb0 f   pjlib-x86_64-x64-vc14-release:except.obj
 0001:00023ef0       pj_throw_exception_        0000000140024ef0 f   pjlib-x86_64-x64-vc14-release:except.obj
 0001:00023fb0       pj_elapsed_msec            0000000140024fb0 f   pjlib-x86_64-x64-vc14-release:os_timestamp_common.obj
 0001:00024020       pj_gettickcount            0000000140025020 f   pjlib-x86_64-x64-vc14-release:os_timestamp_common.obj
 0001:000240e0       pj_generate_unique_string  00000001400250e0 f   pjlib-x86_64-x64-vc14-release:guid_win32.obj
 0001:00024770       pj_enum_ip_interface       0000000140025770 f   pjlib-x86_64-x64-vc14-release:ip_helper_win32.obj
 0001:00024860       pj_getaddrinfo             0000000140025860 f   pjlib-x86_64-x64-vc14-release:addr_resolv_sock.obj
 0001:000249e0       pj_gethostbyname           00000001400259e0 f   pjlib-x86_64-x64-vc14-release:addr_resolv_sock.obj
 0001:00024aa0       pj_log_write               0000000140025aa0 f   pjlib-x86_64-x64-vc14-release:log_writer_stdout.obj
 0001:00024b20       pj_pool_create_on_buf      0000000140025b20 f   pjlib-x86_64-x64-vc14-release:pool_buf.obj
 0001:00024c90       PJ_FD_CLR                  0000000140025c90 f   pjlib-x86_64-x64-vc14-release:sock_select.obj
 0001:00024d40       PJ_FD_ISSET                0000000140025d40 f   pjlib-x86_64-x64-vc14-release:sock_select.obj
 0001:00024d80       PJ_FD_SET                  0000000140025d80 f   pjlib-x86_64-x64-vc14-release:sock_select.obj
 0001:00024e10       PJ_FD_ZERO                 0000000140025e10 f   pjlib-x86_64-x64-vc14-release:sock_select.obj
 0001:00024e40       pj_sock_select             0000000140025e40 f   pjlib-x86_64-x64-vc14-release:sock_select.obj
 0001:00024ee0       gsm_create                 0000000140025ee0 f   libgsmcodec-x86_64-x64-vc14-release:gsm_create.obj
 0001:00024f30       gsm_destroy                0000000140025f30 f   libgsmcodec-x86_64-x64-vc14-release:gsm_destroy.obj
 0001:00024f40       gsm_encode                 0000000140025f40 f   libgsmcodec-x86_64-x64-vc14-release:gsm_encode.obj
 0001:000253b0       gsm_decode                 00000001400263b0 f   libgsmcodec-x86_64-x64-vc14-release:gsm_decode.obj
 0001:000259f0       Gsm_Coder                  00000001400269f0 f   libgsmcodec-x86_64-x64-vc14-release:code.obj
 0001:00025c40       Gsm_Decoder                0000000140026c40 f   libgsmcodec-x86_64-x64-vc14-release:decode.obj
 0001:00026350       Gsm_Long_Term_Predictor    0000000140027350 f   libgsmcodec-x86_64-x64-vc14-release:long_term.obj
 0001:000263c0       Gsm_Long_Term_Synthesis_Filtering 00000001400273c0 f   libgsmcodec-x86_64-x64-vc14-release:long_term.obj
 0001:00026b60       Gsm_LPC_Analysis           0000000140027b60 f   libgsmcodec-x86_64-x64-vc14-release:lpc.obj
 0001:00027560       Gsm_Preprocess             0000000140028560 f   libgsmcodec-x86_64-x64-vc14-release:preprocess.obj
 0001:00027d60       Gsm_Short_Term_Analysis_Filter 0000000140028d60 f   libgsmcodec-x86_64-x64-vc14-release:short_term.obj
 0001:00027f00       Gsm_Short_Term_Synthesis_Filter 0000000140028f00 f   libgsmcodec-x86_64-x64-vc14-release:short_term.obj
 0001:00028770       Gsm_RPE_Decoding           0000000140029770 f   libgsmcodec-x86_64-x64-vc14-release:rpe.obj
 0001:000288b0       Gsm_RPE_Encoding           00000001400298b0 f   libgsmcodec-x86_64-x64-vc14-release:rpe.obj
 0001:00029090       gsm_add                    000000014002a090 f   libgsmcodec-x86_64-x64-vc14-release:add.obj
 0001:000290c0       gsm_asl                    000000014002a0c0 f   libgsmcodec-x86_64-x64-vc14-release:add.obj
 0001:00029120       gsm_asr                    000000014002a120 f   libgsmcodec-x86_64-x64-vc14-release:add.obj
 0001:00029160       gsm_div                    000000014002a160 f   libgsmcodec-x86_64-x64-vc14-release:add.obj
 0001:00029190       gsm_mult                   000000014002a190 f   libgsmcodec-x86_64-x64-vc14-release:add.obj
 0001:000291d0       gsm_norm                   000000014002a1d0 f   libgsmcodec-x86_64-x64-vc14-release:add.obj
 0001:00029250       gsm_sub                    000000014002a250 f   libgsmcodec-x86_64-x64-vc14-release:add.obj
 0001:00029280       iLBC_encode                000000014002a280 f   libilbccodec-x86_64-x64-vc14-release:iLBC_encode.obj
 0001:0002a6f0       initEncode                 000000014002b6f0 f   libilbccodec-x86_64-x64-vc14-release:iLBC_encode.obj
 0001:0002a810       Decode                     000000014002b810 f   libilbccodec-x86_64-x64-vc14-release:iLBC_decode.obj
 0001:0002b150       iLBC_decode                000000014002c150 f   libilbccodec-x86_64-x64-vc14-release:iLBC_decode.obj
 0001:0002ba40       initDecode                 000000014002ca40 f   libilbccodec-x86_64-x64-vc14-release:iLBC_decode.obj
 0001:0002bc20       LPCencode                  000000014002cc20 f   libilbccodec-x86_64-x64-vc14-release:LPCencode.obj
 0001:0002bd50       SimpleAnalysis             000000014002cd50 f   libilbccodec-x86_64-x64-vc14-release:LPCencode.obj
 0001:0002bf00       SimpleInterpolateLSF       000000014002cf00 f   libilbccodec-x86_64-x64-vc14-release:LPCencode.obj
 0001:0002c260       FrameClassify              000000014002d260 f   libilbccodec-x86_64-x64-vc14-release:FrameClassify.obj
 0001:0002c800       AbsQuantW                  000000014002d800 f   libilbccodec-x86_64-x64-vc14-release:StateSearchW.obj
 0001:0002c9e0       StateSearchW               000000014002d9e0 f   libilbccodec-x86_64-x64-vc14-release:StateSearchW.obj
 0001:0002ce60       StateConstructW            000000014002de60 f   libilbccodec-x86_64-x64-vc14-release:StateConstructW.obj
 0001:0002d190       dopack                     000000014002e190 f   libilbccodec-x86_64-x64-vc14-release:packing.obj
 0001:0002d220       packcombine                000000014002e220 f   libilbccodec-x86_64-x64-vc14-release:packing.obj
 0001:0002d240       packsplit                  000000014002e240 f   libilbccodec-x86_64-x64-vc14-release:packing.obj
 0001:0002d260       unpack                     000000014002e260 f   libilbccodec-x86_64-x64-vc14-release:packing.obj
 0001:0002d300       iCBSearch                  000000014002e300 f   libilbccodec-x86_64-x64-vc14-release:iCBSearch.obj
 0001:0002e480       iCBConstruct               000000014002f480 f   libilbccodec-x86_64-x64-vc14-release:iCBConstruct.obj
 0001:0002e890       index_conv_dec             000000014002f890 f   libilbccodec-x86_64-x64-vc14-release:iCBConstruct.obj
 0001:0002e8d0       index_conv_enc             000000014002f8d0 f   libilbccodec-x86_64-x64-vc14-release:iCBConstruct.obj
 0001:0002e910       hpInput                    000000014002f910 f   libilbccodec-x86_64-x64-vc14-release:hpInput.obj
 0001:0002eca0       anaFilter                  000000014002fca0 f   libilbccodec-x86_64-x64-vc14-release:anaFilter.obj
 0001:0002efb0       DecoderInterpolateLSF      000000014002ffb0 f   libilbccodec-x86_64-x64-vc14-release:LPCdecode.obj
 0001:0002f250       SimplelsfDEQ               0000000140030250 f   libilbccodec-x86_64-x64-vc14-release:LPCdecode.obj
 0001:0002f3c0       compCorr                   00000001400303c0 f   libilbccodec-x86_64-x64-vc14-release:doCPLC.obj
 0001:0002f660       doThePLC                   0000000140030660 f   libilbccodec-x86_64-x64-vc14-release:doCPLC.obj
 0001:0002fae0       LSF_check                  0000000140030ae0 f   libilbccodec-x86_64-x64-vc14-release:helpfun.obj
 0001:0002fc20       SplitVQ                    0000000140030c20 f   libilbccodec-x86_64-x64-vc14-release:helpfun.obj
 0001:0002ff00       autocorr                   0000000140030f00 f   libilbccodec-x86_64-x64-vc14-release:helpfun.obj
 0001:00030030       bwexpand                   0000000140031030 f   libilbccodec-x86_64-x64-vc14-release:helpfun.obj
 0001:00030100       interpolate                0000000140031100 f   libilbccodec-x86_64-x64-vc14-release:helpfun.obj
 0001:000302e0       levdurb                    00000001400312e0 f   libilbccodec-x86_64-x64-vc14-release:helpfun.obj
 0001:00030670       sort_sq                    0000000140031670 f   libilbccodec-x86_64-x64-vc14-release:helpfun.obj
 0001:000306e0       window                     00000001400316e0 f   libilbccodec-x86_64-x64-vc14-release:helpfun.obj
 0001:00030850       NearestNeighbor            0000000140031850 f   libilbccodec-x86_64-x64-vc14-release:enhancer.obj
 0001:00030950       enh_upsample               0000000140031950 f   libilbccodec-x86_64-x64-vc14-release:enhancer.obj
 0001:00030d40       enhancerInterface          0000000140031d40 f   libilbccodec-x86_64-x64-vc14-release:enhancer.obj
 0001:00031850       getsseq                    0000000140032850 f   libilbccodec-x86_64-x64-vc14-release:enhancer.obj
 0001:00031d30       refiner                    0000000140032d30 f   libilbccodec-x86_64-x64-vc14-release:enhancer.obj
 0001:000321e0       smath                      00000001400331e0 f   libilbccodec-x86_64-x64-vc14-release:enhancer.obj
 0001:00032d20       xCorrCoef                  0000000140033d20 f   libilbccodec-x86_64-x64-vc14-release:enhancer.obj
 0001:00032e30       hpOutput                   0000000140033e30 f   libilbccodec-x86_64-x64-vc14-release:hpOutput.obj
 0001:000331c0       syntFilter                 00000001400341c0 f   libilbccodec-x86_64-x64-vc14-release:syntFilter.obj
 0001:000334d0       a2lsf                      00000001400344d0 f   libilbccodec-x86_64-x64-vc14-release:lsf.obj
 0001:00033890       lsf2a                      0000000140034890 f   libilbccodec-x86_64-x64-vc14-release:lsf.obj
 0001:00033e40       AllPoleFilter              0000000140034e40 f   libilbccodec-x86_64-x64-vc14-release:filter.obj
 0001:00033f80       AllZeroFilter              0000000140034f80 f   libilbccodec-x86_64-x64-vc14-release:filter.obj
 0001:00034080       DownSample                 0000000140035080 f   libilbccodec-x86_64-x64-vc14-release:filter.obj
 0001:000343d0       ZeroPoleFilter             00000001400353d0 f   libilbccodec-x86_64-x64-vc14-release:filter.obj
 0001:00034420       gaindequant                0000000140035420 f   libilbccodec-x86_64-x64-vc14-release:gainquant.obj
 0001:000344b0       gainquant                  00000001400354b0 f   libilbccodec-x86_64-x64-vc14-release:gainquant.obj
 0001:00034610       createAugmentedVec         0000000140035610 f   libilbccodec-x86_64-x64-vc14-release:createCB.obj
 0001:000347c0       filteredCBvecs             00000001400357c0 f   libilbccodec-x86_64-x64-vc14-release:createCB.obj
 0001:00034920       searchAugmentedCB          0000000140035920 f   libilbccodec-x86_64-x64-vc14-release:createCB.obj
 0001:00034f70       getCBvec                   0000000140035f70 f   libilbccodec-x86_64-x64-vc14-release:getCBvec.obj
 0001:00035710       fprintf                    0000000140036710 f i libspeex-x86_64-x64-vc14-release:bits.obj
 0001:00035760       speex_bits_advance         0000000140036760 f   libspeex-x86_64-x64-vc14-release:bits.obj
 0001:000357a0       speex_bits_destroy         00000001400367a0 f   libspeex-x86_64-x64-vc14-release:bits.obj
 0001:000357c0       speex_bits_init            00000001400367c0 f   libspeex-x86_64-x64-vc14-release:bits.obj
 0001:00035810       speex_bits_insert_terminator 0000000140036810 f   libspeex-x86_64-x64-vc14-release:bits.obj
 0001:00035930       speex_bits_pack            0000000140036930 f   libspeex-x86_64-x64-vc14-release:bits.obj
 0001:00035a50       speex_bits_peek            0000000140036a50 f   libspeex-x86_64-x64-vc14-release:bits.obj
 0001:00035a90       speex_bits_read_from       0000000140036a90 f   libspeex-x86_64-x64-vc14-release:bits.obj
 0001:00035b90       speex_bits_remaining       0000000140036b90 f   libspeex-x86_64-x64-vc14-release:bits.obj
 0001:00035bb0       speex_bits_reset           0000000140036bb0 f   libspeex-x86_64-x64-vc14-release:bits.obj
 0001:00035bd0       speex_bits_unpack_unsigned 0000000140036bd0 f   libspeex-x86_64-x64-vc14-release:bits.obj
 0001:00035c60       speex_bits_write           0000000140036c60 f   libspeex-x86_64-x64-vc14-release:bits.obj
 0001:00035cf0       nb_mode_query              0000000140036cf0 f   libspeex-x86_64-x64-vc14-release:speex.obj
 0001:00035d80       speex_decode_int           0000000140036d80 f   libspeex-x86_64-x64-vc14-release:speex.obj
 0001:00035ec0       speex_decode_native        0000000140036ec0 f   libspeex-x86_64-x64-vc14-release:speex.obj
 0001:00035ed0       speex_decoder_ctl          0000000140036ed0 f   libspeex-x86_64-x64-vc14-release:speex.obj
 0001:00035ee0       speex_decoder_destroy      0000000140036ee0 f   libspeex-x86_64-x64-vc14-release:speex.obj
 0001:00035ef0       speex_decoder_init         0000000140036ef0 f   libspeex-x86_64-x64-vc14-release:speex.obj
 0001:00035f00       speex_encode_int           0000000140036f00 f   libspeex-x86_64-x64-vc14-release:speex.obj
 0001:00035fb0       speex_encode_native        0000000140036fb0 f   libspeex-x86_64-x64-vc14-release:speex.obj
 0001:00035fc0       speex_encoder_ctl          0000000140036fc0 f   libspeex-x86_64-x64-vc14-release:speex.obj
 0001:00035fd0       speex_encoder_destroy      0000000140036fd0 f   libspeex-x86_64-x64-vc14-release:speex.obj
 0001:00035fe0       pj_pool_create             0000000140036fe0 f   pjlib-x86_64-x64-vc14-release:pool.obj
 0001:00035fe0       speex_encoder_init         0000000140036fe0 f   libspeex-x86_64-x64-vc14-release:speex.obj
 0001:00035ff0       speex_mode_query           0000000140036ff0 f   libspeex-x86_64-x64-vc14-release:modes.obj
 0001:00036000       wb_mode_query              0000000140037000 f   libspeex-x86_64-x64-vc14-release:modes_wb.obj
 0001:00036090       speex_lib_get_mode         0000000140037090 f   libspeex-x86_64-x64-vc14-release:modes_wb.obj
 0001:000366d0       speex_echo_cancellation    00000001400376d0 f   libspeex-x86_64-x64-vc14-release:mdf.obj
 0001:00037eb0       speex_echo_capture         0000000140038eb0 f   libspeex-x86_64-x64-vc14-release:mdf.obj
 0001:00037fd0       speex_echo_ctl             0000000140038fd0 f   libspeex-x86_64-x64-vc14-release:mdf.obj
 0001:000380e0       speex_echo_get_residual    00000001400390e0 f   libspeex-x86_64-x64-vc14-release:mdf.obj
 0001:000383b0       speex_echo_playback        00000001400393b0 f   libspeex-x86_64-x64-vc14-release:mdf.obj
 0001:000384e0       speex_echo_state_destroy   00000001400394e0 f   libspeex-x86_64-x64-vc14-release:mdf.obj
 0001:00038610       speex_echo_state_init      0000000140039610 f   libspeex-x86_64-x64-vc14-release:mdf.obj
 0001:00038c20       speex_echo_state_reset     0000000140039c20 f   libspeex-x86_64-x64-vc14-release:mdf.obj
 0001:0003a130       speex_preprocess_ctl       000000014003b130 f   libspeex-x86_64-x64-vc14-release:preprocess.obj
 0001:0003a800       speex_preprocess_run       000000014003b800 f   libspeex-x86_64-x64-vc14-release:preprocess.obj
 0001:0003c120       speex_preprocess_state_destroy 000000014003d120 f   libspeex-x86_64-x64-vc14-release:preprocess.obj
 0001:0003c260       speex_preprocess_state_init 000000014003d260 f   libspeex-x86_64-x64-vc14-release:preprocess.obj
 0001:0003d4f0       nb_decode                  000000014003e4f0 f   libspeex-x86_64-x64-vc14-release:nb_celp.obj
 0001:0003e910       nb_decoder_ctl             000000014003f910 f   libspeex-x86_64-x64-vc14-release:nb_celp.obj
 0001:0003ee60       nb_decoder_destroy         000000014003fe60 f   libspeex-x86_64-x64-vc14-release:nb_celp.obj
 0001:0003eeb0       nb_decoder_init            000000014003feb0 f   libspeex-x86_64-x64-vc14-release:nb_celp.obj
 0001:0003f0c0       nb_encode                  00000001400400c0 f   libspeex-x86_64-x64-vc14-release:nb_celp.obj
 0001:00040b60       nb_encoder_ctl             0000000140041b60 f   libspeex-x86_64-x64-vc14-release:nb_celp.obj
 0001:00041230       nb_encoder_destroy         0000000140042230 f   libspeex-x86_64-x64-vc14-release:nb_celp.obj
 0001:00041300       nb_encoder_init            0000000140042300 f   libspeex-x86_64-x64-vc14-release:nb_celp.obj
 0001:00041600       forced_pitch_quant         0000000140042600 f   libspeex-x86_64-x64-vc14-release:ltp.obj
 0001:00041a80       forced_pitch_unquant       0000000140042a80 f   libspeex-x86_64-x64-vc14-release:ltp.obj
 0001:00041bf0       inner_prod                 0000000140042bf0 f   libspeex-x86_64-x64-vc14-release:ltp.obj
 0001:00041c50       open_loop_nbest_pitch      0000000140042c50 f   libspeex-x86_64-x64-vc14-release:ltp.obj
 0001:00043600       pitch_search_3tap          0000000140044600 f   libspeex-x86_64-x64-vc14-release:ltp.obj
 0001:00043a20       pitch_unquant_3tap         0000000140044a20 f   libspeex-x86_64-x64-vc14-release:ltp.obj
 0001:00044490       lsp_quant_high             0000000140045490 f   libspeex-x86_64-x64-vc14-release:quant_lsp.obj
 0001:00044ae0       lsp_quant_lbr              0000000140045ae0 f   libspeex-x86_64-x64-vc14-release:quant_lsp.obj
 0001:00045160       lsp_quant_nb               0000000140046160 f   libspeex-x86_64-x64-vc14-release:quant_lsp.obj
 0001:000458c0       lsp_unquant_high           00000001400468c0 f   libspeex-x86_64-x64-vc14-release:quant_lsp.obj
 0001:00045c60       lsp_unquant_lbr            0000000140046c60 f   libspeex-x86_64-x64-vc14-release:quant_lsp.obj
 0001:00046100       lsp_unquant_nb             0000000140047100 f   libspeex-x86_64-x64-vc14-release:quant_lsp.obj
 0001:00046c30       noise_codebook_quant       0000000140047c30 f   libspeex-x86_64-x64-vc14-release:cb_search.obj
 0001:00046e00       noise_codebook_unquant     0000000140047e00 f   libspeex-x86_64-x64-vc14-release:cb_search.obj
 0001:00046fa0       split_cb_search_shape_sign 0000000140047fa0 f   libspeex-x86_64-x64-vc14-release:cb_search.obj
 0001:00048dd0       split_cb_shape_sign_unquant 0000000140049dd0 f   libspeex-x86_64-x64-vc14-release:cb_search.obj
 0001:00049220       vbr_analysis               000000014004a220 f   libspeex-x86_64-x64-vc14-release:vbr.obj
 0001:00049a40       vbr_init                   000000014004aa40 f   libspeex-x86_64-x64-vc14-release:vbr.obj
 0001:00049ae0       sb_decode                  000000014004aae0 f   libspeex-x86_64-x64-vc14-release:sb_celp.obj
 0001:0004a5e0       sb_decoder_ctl             000000014004b5e0 f   libspeex-x86_64-x64-vc14-release:sb_celp.obj
 0001:0004ac70       sb_decoder_destroy         000000014004bc70 f   libspeex-x86_64-x64-vc14-release:sb_celp.obj
 0001:0004acf0       sb_decoder_init            000000014004bcf0 f   libspeex-x86_64-x64-vc14-release:sb_celp.obj
 0001:0004aeb0       sb_encode                  000000014004beb0 f   libspeex-x86_64-x64-vc14-release:sb_celp.obj
 0001:0004c1b0       sb_encoder_ctl             000000014004d1b0 f   libspeex-x86_64-x64-vc14-release:sb_celp.obj
 0001:0004cb60       sb_encoder_destroy         000000014004db60 f   libspeex-x86_64-x64-vc14-release:sb_celp.obj
 0001:0004cc00       sb_encoder_init            000000014004dc00 f   libspeex-x86_64-x64-vc14-release:sb_celp.obj
 0001:0004cec0       spx_fft                    000000014004dec0 f   libspeex-x86_64-x64-vc14-release:fftwrap.obj
 0001:0004cfb0       spx_fft_destroy            000000014004dfb0 f   libspeex-x86_64-x64-vc14-release:fftwrap.obj
 0001:0004cfd0       spx_fft_init               000000014004dfd0 f   libspeex-x86_64-x64-vc14-release:fftwrap.obj
 0001:0004d010       spx_ifft                   000000014004e010 f   libspeex-x86_64-x64-vc14-release:fftwrap.obj
 0001:0004d090       filterbank_compute_bank32  000000014004e090 f   libspeex-x86_64-x64-vc14-release:filterbank.obj
 0001:0004d130       filterbank_compute_psd16   000000014004e130 f   libspeex-x86_64-x64-vc14-release:filterbank.obj
 0001:0004d190       filterbank_destroy         000000014004e190 f   libspeex-x86_64-x64-vc14-release:filterbank.obj
 0001:0004d1e0       filterbank_new             000000014004e1e0 f   libspeex-x86_64-x64-vc14-release:filterbank.obj
 0001:0004d580       speex_default_user_handler 000000014004e580 f   libspeex-x86_64-x64-vc14-release:speex_callbacks.obj
 0001:0004d5b0       speex_inband_handler       000000014004e5b0 f   libspeex-x86_64-x64-vc14-release:speex_callbacks.obj
 0001:0004d660       bw_lpc                     000000014004e660 f   libspeex-x86_64-x64-vc14-release:filters.obj
 0001:0004d720       compute_impulse_response   000000014004e720 f   libspeex-x86_64-x64-vc14-release:filters.obj
 0001:0004dbf0       compute_rms                000000014004ebf0 f   libspeex-x86_64-x64-vc14-release:filters.obj
 0001:0004dcc0       compute_rms16              000000014004ecc0 f   libspeex-x86_64-x64-vc14-release:filters.obj
 0001:0004dcd0       filter_mem16               000000014004ecd0 f   libspeex-x86_64-x64-vc14-release:filters.obj
 0001:0004dfc0       fir_mem16                  000000014004efc0 f   libspeex-x86_64-x64-vc14-release:filters.obj
 0001:0004e1d0       highpass                   000000014004f1d0 f   libspeex-x86_64-x64-vc14-release:filters.obj
 0001:0004e530       iir_mem16                  000000014004f530 f   libspeex-x86_64-x64-vc14-release:filters.obj
 0001:0004e740       interp_pitch               000000014004f740 f   libspeex-x86_64-x64-vc14-release:filters.obj
 0001:0004eb10       multicomb                  000000014004fb10 f   libspeex-x86_64-x64-vc14-release:filters.obj
 0001:0004f0d0       qmf_decomp                 00000001400500d0 f   libspeex-x86_64-x64-vc14-release:filters.obj
 0001:0004f4f0       qmf_synth                  00000001400504f0 f   libspeex-x86_64-x64-vc14-release:filters.obj
 0001:0004fad0       residue_percep_zero16      0000000140050ad0 f   libspeex-x86_64-x64-vc14-release:filters.obj
 0001:0004fbd0       sanitize_values32          0000000140050bd0 f   libspeex-x86_64-x64-vc14-release:filters.obj
 0001:0004fc20       signal_div                 0000000140050c20 f   libspeex-x86_64-x64-vc14-release:filters.obj
 0001:0004fd60       signal_mul                 0000000140050d60 f   libspeex-x86_64-x64-vc14-release:filters.obj
 0001:0004fe90       syn_percep_zero16          0000000140050e90 f   libspeex-x86_64-x64-vc14-release:filters.obj
 0001:0004ffa0       _spx_autocorr              0000000140050fa0 f   libspeex-x86_64-x64-vc14-release:lpc.obj
 0001:000500e0       _spx_lpc                   00000001400510e0 f   libspeex-x86_64-x64-vc14-release:lpc.obj
 0001:000504a0       lpc_to_lsp                 00000001400514a0 f   libspeex-x86_64-x64-vc14-release:lsp.obj
 0001:00050bd0       lsp_enforce_margin         0000000140051bd0 f   libspeex-x86_64-x64-vc14-release:lsp.obj
 0001:00050da0       lsp_interpolate            0000000140051da0 f   libspeex-x86_64-x64-vc14-release:lsp.obj
 0001:00050f90       lsp_to_lpc                 0000000140051f90 f   libspeex-x86_64-x64-vc14-release:lsp.obj
 0001:000513b0       scal_quant                 00000001400523b0 f   libspeex-x86_64-x64-vc14-release:vq.obj
 0001:00051410       vq_nbest                   0000000140052410 f   libspeex-x86_64-x64-vc14-release:vq.obj
 0001:00051690       vq_nbest_sign              0000000140052690 f   libspeex-x86_64-x64-vc14-release:vq.obj
 0001:00057470       spx_drft_backward          0000000140058470 f   libspeex-x86_64-x64-vc14-release:smallft.obj
 0001:000574a0       spx_drft_clear             00000001400584a0 f   libspeex-x86_64-x64-vc14-release:smallft.obj
 0001:000574e0       spx_drft_forward           00000001400584e0 f   libspeex-x86_64-x64-vc14-release:smallft.obj
 0001:00057510       spx_drft_init              0000000140058510 f   libspeex-x86_64-x64-vc14-release:smallft.obj
 0001:00057570       __local_stdio_scanf_options 0000000140058570 f i libsrtp-x86_64-x64-vc14-release:srtp.obj
 0001:000575c0       srtp_add_stream            00000001400585c0 f   libsrtp-x86_64-x64-vc14-release:srtp.obj
 0001:00057930       srtp_create                0000000140058930 f   libsrtp-x86_64-x64-vc14-release:srtp.obj
 0001:000579f0       srtp_crypto_policy_set_aes_cm_256_hmac_sha1_32 00000001400589f0 f   libsrtp-x86_64-x64-vc14-release:srtp.obj
 0001:00057a20       srtp_crypto_policy_set_aes_cm_256_hmac_sha1_80 0000000140058a20 f   libsrtp-x86_64-x64-vc14-release:srtp.obj
 0001:00057a50       srtp_dealloc               0000000140058a50 f   libsrtp-x86_64-x64-vc14-release:srtp.obj
 0001:00057c70       srtp_event_reporter        0000000140058c70 f   libsrtp-x86_64-x64-vc14-release:srtp.obj
 0001:00057de0       srtp_get_session_keys      0000000140058de0 f   libsrtp-x86_64-x64-vc14-release:srtp.obj
 0001:00057eb0       srtp_init                  0000000140058eb0 f   libsrtp-x86_64-x64-vc14-release:srtp.obj
 0001:00057ee0       srtp_inject_mki            0000000140058ee0 f   libsrtp-x86_64-x64-vc14-release:srtp.obj
 0001:00058270       srtp_protect               0000000140059270 f   libsrtp-x86_64-x64-vc14-release:srtp.obj
 0001:00058580       srtp_protect_mki           0000000140059580 f   libsrtp-x86_64-x64-vc14-release:srtp.obj
 0001:00058ac0       srtp_protect_rtcp          0000000140059ac0 f   libsrtp-x86_64-x64-vc14-release:srtp.obj
 0001:00058cd0       srtp_protect_rtcp_mki      0000000140059cd0 f   libsrtp-x86_64-x64-vc14-release:srtp.obj
 0001:00059060       srtp_shutdown              000000014005a060 f   libsrtp-x86_64-x64-vc14-release:srtp.obj
 0001:00059070       srtp_stream_alloc          000000014005a070 f   libsrtp-x86_64-x64-vc14-release:srtp.obj
 0001:000592f0       srtp_stream_clone          000000014005a2f0 f   libsrtp-x86_64-x64-vc14-release:srtp.obj
 0001:00059530       srtp_stream_dealloc        000000014005a530 f   libsrtp-x86_64-x64-vc14-release:srtp.obj
 0001:000597e0       srtp_stream_init           000000014005a7e0 f   libsrtp-x86_64-x64-vc14-release:srtp.obj
 0001:00059910       srtp_stream_init_all_master_keys 000000014005a910 f   libsrtp-x86_64-x64-vc14-release:srtp.obj
 0001:000599b0       srtp_stream_init_keys      000000014005a9b0 f   libsrtp-x86_64-x64-vc14-release:srtp.obj
 0001:0005a340       srtp_unprotect             000000014005b340 f   libsrtp-x86_64-x64-vc14-release:srtp.obj
 0001:0005a650       srtp_unprotect_mki         000000014005b650 f   libsrtp-x86_64-x64-vc14-release:srtp.obj
 0001:0005ac50       srtp_unprotect_rtcp        000000014005bc50 f   libsrtp-x86_64-x64-vc14-release:srtp.obj
 0001:0005aec0       srtp_unprotect_rtcp_mki    000000014005bec0 f   libsrtp-x86_64-x64-vc14-release:srtp.obj
 0001:0005b3f0       srtp_crypto_alloc          000000014005c3f0 f   libsrtp-x86_64-x64-vc14-release:alloc.obj
 0001:0005b460       srtp_crypto_free           000000014005c460 f   libsrtp-x86_64-x64-vc14-release:alloc.obj
 0001:0005b4a0       bitvector_alloc            000000014005c4a0 f   libsrtp-x86_64-x64-vc14-release:datatypes.obj
 0001:0005b510       bitvector_dealloc          000000014005c510 f   libsrtp-x86_64-x64-vc14-release:datatypes.obj
 0001:0005b540       bitvector_left_shift       000000014005c540 f   libsrtp-x86_64-x64-vc14-release:datatypes.obj
 0001:0005b720       bitvector_set_to_zero      000000014005c720 f   libsrtp-x86_64-x64-vc14-release:datatypes.obj
 0001:0005b740       octet_string_is_eq         000000014005c740 f   libsrtp-x86_64-x64-vc14-release:datatypes.obj
 0001:0005b840       octet_string_set_to_zero   000000014005c840 f   libsrtp-x86_64-x64-vc14-release:datatypes.obj
 0001:0005b860       srtp_octet_string_hex_string 000000014005c860 f   libsrtp-x86_64-x64-vc14-release:datatypes.obj
 0001:0005b920       v128_copy_octet_string     000000014005c920 f   libsrtp-x86_64-x64-vc14-release:datatypes.obj
 0001:0005b990       v128_hex_string            000000014005c990 f   libsrtp-x86_64-x64-vc14-release:datatypes.obj
 0001:0005ba20       v128_left_shift            000000014005ca20 f   libsrtp-x86_64-x64-vc14-release:datatypes.obj
 0001:0005bb60       srtp_err_report            000000014005cb60 f   libsrtp-x86_64-x64-vc14-release:srtp_err.obj
 0001:0005bba0       srtp_index_guess           000000014005cba0 f   libsrtp-x86_64-x64-vc14-release:rdbx.obj
 0001:0005bc10       srtp_rdbx_add_index        000000014005cc10 f   libsrtp-x86_64-x64-vc14-release:rdbx.obj
 0001:0005bc90       srtp_rdbx_check            000000014005cc90 f   libsrtp-x86_64-x64-vc14-release:rdbx.obj
 0001:0005bcd0       srtp_rdbx_dealloc          000000014005ccd0 f   libsrtp-x86_64-x64-vc14-release:rdbx.obj
 0001:0005bcf0       srtp_rdbx_estimate_index   000000014005ccf0 f   libsrtp-x86_64-x64-vc14-release:rdbx.obj
 0001:0005bd10       srtp_rdbx_get_packet_index 000000014005cd10 f   libsrtp-x86_64-x64-vc14-release:rdbx.obj
 0001:0005bd10       PJ_FD_COUNT                000000014005cd10 f   pjlib-x86_64-x64-vc14-release:sock_select.obj
 0001:0005bd20       srtp_rdbx_get_window_size  000000014005cd20 f   libsrtp-x86_64-x64-vc14-release:rdbx.obj
 0001:0005bd30       srtp_rdbx_init             000000014005cd30 f   libsrtp-x86_64-x64-vc14-release:rdbx.obj
 0001:0005bd70       srtp_rdbx_set_roc          000000014005cd70 f   libsrtp-x86_64-x64-vc14-release:rdbx.obj
 0001:0005bdd0       srtp_rdbx_set_roc_seq      000000014005cdd0 f   libsrtp-x86_64-x64-vc14-release:rdbx.obj
 0001:0005be10       srtp_rdb_add_index         000000014005ce10 f   libsrtp-x86_64-x64-vc14-release:rdb.obj
 0001:0005be70       srtp_rdb_check             000000014005ce70 f   libsrtp-x86_64-x64-vc14-release:rdb.obj
 0001:0005beb0       srtp_rdb_get_value         000000014005ceb0 f   libsrtp-x86_64-x64-vc14-release:rdb.obj
 0001:0005bec0       srtp_rdb_increment         000000014005cec0 f   libsrtp-x86_64-x64-vc14-release:rdb.obj
 0001:0005bee0       srtp_rdb_init              000000014005cee0 f   libsrtp-x86_64-x64-vc14-release:rdb.obj
 0001:0005bef0       srtp_cipher_dealloc        000000014005cef0 f   libsrtp-x86_64-x64-vc14-release:cipher.obj
 0001:0005bf10       srtp_cipher_decrypt        000000014005cf10 f   libsrtp-x86_64-x64-vc14-release:cipher.obj
 0001:0005bf30       srtp_cipher_encrypt        000000014005cf30 f   libsrtp-x86_64-x64-vc14-release:cipher.obj
 0001:0005bf50       srtp_auth_get_tag_length   000000014005cf50 f   libsrtp-x86_64-x64-vc14-release:auth.obj
 0001:0005bf50       srtp_cipher_get_key_length 000000014005cf50 f   libsrtp-x86_64-x64-vc14-release:cipher.obj
 0001:0005bf60       srtp_cipher_get_tag        000000014005cf60 f   libsrtp-x86_64-x64-vc14-release:cipher.obj
 0001:0005bf90       srtp_cipher_init           000000014005cf90 f   libsrtp-x86_64-x64-vc14-release:cipher.obj
 0001:0005bfb0       srtp_cipher_output         000000014005cfb0 f   libsrtp-x86_64-x64-vc14-release:cipher.obj
 0001:0005c000       srtp_cipher_set_aad        000000014005d000 f   libsrtp-x86_64-x64-vc14-release:cipher.obj
 0001:0005c030       srtp_cipher_set_iv         000000014005d030 f   libsrtp-x86_64-x64-vc14-release:cipher.obj
 0001:0005c050       srtp_cipher_type_self_test 000000014005d050 f   libsrtp-x86_64-x64-vc14-release:cipher.obj
 0001:0005c060       srtp_cipher_type_test      000000014005d060 f   libsrtp-x86_64-x64-vc14-release:cipher.obj
 0001:0005ce20       srtp_auth_get_key_length   000000014005de20 f   libsrtp-x86_64-x64-vc14-release:auth.obj
 0001:0005ce30       srtp_auth_get_prefix_length 000000014005de30 f   libsrtp-x86_64-x64-vc14-release:auth.obj
 0001:0005ce40       srtp_auth_type_self_test   000000014005de40 f   libsrtp-x86_64-x64-vc14-release:auth.obj
 0001:0005ce50       srtp_auth_type_test        000000014005de50 f   libsrtp-x86_64-x64-vc14-release:auth.obj
 0001:0005d0f0       srtp_key_limit_clone       000000014005e0f0 f   libsrtp-x86_64-x64-vc14-release:key.obj
 0001:0005d110       srtp_key_limit_set         000000014005e110 f   libsrtp-x86_64-x64-vc14-release:key.obj
 0001:0005d130       srtp_key_limit_update      000000014005e130 f   libsrtp-x86_64-x64-vc14-release:key.obj
 0001:0005d170       srtp_crypto_kernel_alloc_auth 000000014005e170 f   libsrtp-x86_64-x64-vc14-release:crypto_kernel.obj
 0001:0005d1d0       srtp_crypto_kernel_alloc_cipher 000000014005e1d0 f   libsrtp-x86_64-x64-vc14-release:crypto_kernel.obj
 0001:0005d230       srtp_crypto_kernel_init    000000014005e230 f   libsrtp-x86_64-x64-vc14-release:crypto_kernel.obj
 0001:0005d350       srtp_crypto_kernel_list_debug_modules 000000014005e350 f   libsrtp-x86_64-x64-vc14-release:crypto_kernel.obj
 0001:0005d3d0       srtp_crypto_kernel_load_auth_type 000000014005e3d0 f   libsrtp-x86_64-x64-vc14-release:crypto_kernel.obj
 0001:0005d470       srtp_crypto_kernel_load_cipher_type 000000014005e470 f   libsrtp-x86_64-x64-vc14-release:crypto_kernel.obj
 0001:0005d510       srtp_crypto_kernel_load_debug_module 000000014005e510 f   libsrtp-x86_64-x64-vc14-release:crypto_kernel.obj
 0001:0005d5c0       srtp_crypto_kernel_shutdown 000000014005e5c0 f   libsrtp-x86_64-x64-vc14-release:crypto_kernel.obj
 0001:0005d6e0       srtp_crypto_kernel_status  000000014005e6e0 f   libsrtp-x86_64-x64-vc14-release:crypto_kernel.obj
 0001:0005d810       srtp_ekt_alloc             000000014005e810 f   libsrtp-x86_64-x64-vc14-release:ekt.obj
 0001:0005d820       srtp_ekt_octets_after_base_tag 000000014005e820 f   libsrtp-x86_64-x64-vc14-release:ekt.obj
 0001:0005d840       srtp_ekt_write_data        000000014005e840 f   libsrtp-x86_64-x64-vc14-release:ekt.obj
 0001:0005d9f0       srtp_stream_init_from_ekt  000000014005e9f0 f   libsrtp-x86_64-x64-vc14-release:ekt.obj
 0001:0005ee80       srtp_aes_decrypt           000000014005fe80 f   libsrtp-x86_64-x64-vc14-release:aes.obj
 0001:0005efd0       srtp_aes_encrypt           000000014005ffd0 f   libsrtp-x86_64-x64-vc14-release:aes.obj
 0001:0005f120       srtp_aes_expand_decryption_key 0000000140060120 f   libsrtp-x86_64-x64-vc14-release:aes.obj
 0001:0005f380       srtp_aes_expand_encryption_key 0000000140060380 f   libsrtp-x86_64-x64-vc14-release:aes.obj
 0001:0005f3c0       srtp_sha1_core             00000001400603c0 f   libsrtp-x86_64-x64-vc14-release:sha1.obj
 0001:0005f7f0       srtp_sha1_final            00000001400607f0 f   libsrtp-x86_64-x64-vc14-release:sha1.obj
 0001:0005fd20       srtp_sha1_init             0000000140060d20 f   libsrtp-x86_64-x64-vc14-release:sha1.obj
 0001:0005fd50       srtp_sha1_update           0000000140060d50 f   libsrtp-x86_64-x64-vc14-release:sha1.obj
 0001:0005fe66       __WSAFDIsSet               0000000140060e66 f   ws2_32:WS2_32.dll
 0001:0005fe6c       __GSHandlerCheck           0000000140060e6c f   MSVCRT:_gshandler_.obj
 0001:0005fe8c       __GSHandlerCheckCommon     0000000140060e8c f   MSVCRT:_gshandler_.obj
 0001:0005ff00       __security_check_cookie    0000000140060f00 f   MSVCRT:_amdsecgs_.obj
 0001:0006018c       mainCRTStartup             000000014006118c f   MSVCRT:exe_main.obj
 0001:000601a0       __isa_available_init       00000001400611a0 f   MSVCRT:_cpu_disp_.obj
 0001:00060364       __raise_securityfailure    0000000140061364 f   MSVCRT:gs_report.obj
 0001:00060398       __report_gsfailure         0000000140061398 f   MSVCRT:gs_report.obj
 0001:0006046c       __report_rangecheckfailure 000000014006146c f   MSVCRT:gs_report.obj
 0001:00060480       __report_securityfailure   0000000140061480 f   MSVCRT:gs_report.obj
 0001:00060600       __vdecl_cos2               0000000140061600 f   MSVCRT:_svml_dcos2_dispatch_.obj
 0001:00060620       _alloca_probe              0000000140061620 f   MSVCRT:_chkstk_.obj
 0001:00060620       __chkstk                   0000000140061620 f   MSVCRT:_chkstk_.obj
 0001:00060674       __scrt_acquire_startup_lock 0000000140061674 f   MSVCRT:utility.obj
 0001:000606b0       __scrt_initialize_crt      00000001400616b0 f   MSVCRT:utility.obj
 0001:000606fc       __scrt_initialize_onexit_tables 00000001400616fc f   MSVCRT:utility.obj
 0001:000607c8       __scrt_is_nonwritable_in_current_image 00000001400617c8 f   MSVCRT:utility.obj
 0001:00060864       __scrt_release_startup_lock 0000000140061864 f   MSVCRT:utility.obj
 0001:00060888       __scrt_uninitialize_crt    0000000140061888 f   MSVCRT:utility.obj
 0001:000608b4       _onexit                    00000001400618b4 f   MSVCRT:utility.obj
 0001:00060904       atexit                     0000000140061904 f   MSVCRT:utility.obj
 0001:0006091c       __security_init_cookie     000000014006191c f   MSVCRT:gs_support.obj
 0001:000609c8       _get_startup_argv_mode     00000001400619c8 f   MSVCRT:argv_mode.obj
 0001:000609d0       _get_startup_file_mode     00000001400619d0 f   MSVCRT:file_mode.obj
 0001:000609d8       ?__scrt_initialize_type_info@@YAXXZ 00000001400619d8 f   MSVCRT:tncleanup.obj
 0001:000609f0       _guard_check_icall_nop     00000001400619f0 f   MSVCRT:guard_support.obj
 0001:000609f0       _initialize_denormal_control 00000001400619f0 f   MSVCRT:denormal_control.obj
 0001:000609f0       vbr_destroy                00000001400619f0 f   libspeex-x86_64-x64-vc14-release:vbr.obj
 0001:000609f0       pjmedia_wave_hdr_file_to_host 00000001400619f0 f   pjmedia-x86_64-x64-vc14-release:wave.obj
 0001:000609f0       _initialize_invalid_parameter_handler 00000001400619f0 f   MSVCRT:invalid_parameter_handler.obj
 0001:000609f0       pjmedia_wave_hdr_host_to_file 00000001400619f0 f   pjmedia-x86_64-x64-vc14-release:wave.obj
 0001:000609f4       __scrt_initialize_default_local_stdio_options 00000001400619f4 f   MSVCRT:default_local_stdio_options.obj
 0001:00060a10       __scrt_is_user_matherr_present 0000000140061a10 f   MSVCRT:matherr_detection.obj
 0001:00060a1c       __scrt_get_dyn_tls_init_callback 0000000140061a1c f   MSVCRT:dyn_tls_init.obj
 0001:00060a24       __scrt_get_dyn_tls_dtor_callback 0000000140061a24 f   MSVCRT:dyn_tls_dtor.obj
 0001:00060a2c       __scrt_fastfail            0000000140061a2c f   MSVCRT:utility_desktop.obj
 0001:00060b74       __scrt_is_managed_app      0000000140061b74 f   MSVCRT:utility_desktop.obj
 0001:00060bc8       __scrt_set_unhandled_exception_filter 0000000140061bc8 f   MSVCRT:utility_desktop.obj
 0001:00060bd8       __scrt_unhandled_exception_filter 0000000140061bd8 f   MSVCRT:utility_desktop.obj
 0001:00060c10       _RTC_Initialize            0000000140061c10 f   MSVCRT:_initsect_.obj
 0001:00060c5c       _RTC_Terminate             0000000140061c5c f   MSVCRT:_initsect_.obj
 0001:00060ca8       _guard_check_icall         0000000140061ca8 f i MSVCRT:checkcfg.obj
 0001:000611b0       __sse2_cos2                00000001400621b0 f   MSVCRT:_svml_dcos2_sse2_.obj
 0001:00061650       __scrt_is_ucrt_dll_in_use  0000000140062650 f   MSVCRT:ucrt_detection.obj
 0001:00061660       IsProcessorFeaturePresent  0000000140062660 f   kernel32:KERNEL32.dll
 0001:00061666       memcpy                     0000000140062666 f   vcruntime:VCRUNTIME140.dll
 0001:0006166c       memset                     000000014006266c f   vcruntime:VCRUNTIME140.dll
[...]
 0004:000042a8       $pdata$3$srtp_stream_init  000000014008c2a8     libsrtp-x86_64-x64-vc14-release:srtp.obj
 0004:000042b4       $pdata$4$srtp_stream_init  000000014008c2b4     libsrtp-x86_64-x64-vc14-release:srtp.obj
 0004:000042c0       $pdata$6$srtp_stream_init  000000014008c2c0     libsrtp-x86_64-x64-vc14-release:srtp.obj
 0004:000042cc       $pdata$7$srtp_stream_init  000000014008c2cc     libsrtp-x86_64-x64-vc14-release:srtp.obj
 0004:000042d8       $pdata$srtp_stream_init_all_master_keys 000000014008c2d8     libsrtp-x86_64-x64-vc14-release:srtp.obj
 0004:000042e4       $pdata$srtp_stream_init_keys 000000014008c2e4     libsrtp-x86_64-x64-vc14-release:srtp.obj
 0004:000042f0       $pdata$2$srtp_stream_init_keys 000000014008c2f0     libsrtp-x86_64-x64-vc14-release:srtp.obj
 0004:000042fc       $pdata$3$srtp_stream_init_keys 000000014008c2fc     libsrtp-x86_64-x64-vc14-release:srtp.obj
 0004:00004308       $pdata$4$srtp_stream_init_keys 000000014008c308     libsrtp-x86_64-x64-vc14-release:srtp.obj
 0004:00004314       $pdata$srtp_unprotect_aead 000000014008c314     libsrtp-x86_64-x64-vc14-release:srtp.obj
 0004:00004320       $pdata$srtp_unprotect_mki  000000014008c320     libsrtp-x86_64-x64-vc14-release:srtp.obj
 0004:0000432c       $pdata$1$srtp_unprotect_mki 000000014008c32c     libsrtp-x86_64-x64-vc14-release:srtp.obj
 0004:00004338       $pdata$2$srtp_unprotect_mki 000000014008c338     libsrtp-x86_64-x64-vc14-release:srtp.obj
 0004:00004344       $pdata$srtp_unprotect_rtcp_aead 000000014008c344     libsrtp-x86_64-x64-vc14-release:srtp.obj
 0004:00004350       $pdata$srtp_unprotect_rtcp_mki 000000014008c350     libsrtp-x86_64-x64-vc14-release:srtp.obj
 0004:0000435c       $pdata$0$srtp_unprotect_rtcp_mki 000000014008c35c     libsrtp-x86_64-x64-vc14-release:srtp.obj
 0004:00004368       $pdata$1$srtp_unprotect_rtcp_mki 000000014008c368     libsrtp-x86_64-x64-vc14-release:srtp.obj
 0004:00004374       $pdata$2$srtp_unprotect_rtcp_mki 000000014008c374     libsrtp-x86_64-x64-vc14-release:srtp.obj
 0004:00004380       $pdata$3$srtp_unprotect_rtcp_mki 000000014008c380     libsrtp-x86_64-x64-vc14-release:srtp.obj
 0004:0000438c       $pdata$4$srtp_unprotect_rtcp_mki 000000014008c38c     libsrtp-x86_64-x64-vc14-release:srtp.obj
 0004:00004398       $pdata$5$srtp_unprotect_rtcp_mki 000000014008c398     libsrtp-x86_64-x64-vc14-release:srtp.obj
 0004:000043a4       $pdata$srtp_validate_rtp_header 000000014008c3a4     libsrtp-x86_64-x64-vc14-release:srtp.obj
 0004:000043b0       $pdata$srtp_crypto_alloc   000000014008c3b0     libsrtp-x86_64-x64-vc14-release:alloc.obj
 0004:000043bc       $pdata$srtp_crypto_free    000000014008c3bc     libsrtp-x86_64-x64-vc14-release:alloc.obj
 0004:000043c8       $pdata$bitvector_alloc     000000014008c3c8     libsrtp-x86_64-x64-vc14-release:datatypes.obj
 0004:000043d4       $pdata$bitvector_dealloc   000000014008c3d4     libsrtp-x86_64-x64-vc14-release:datatypes.obj
 0004:000043e0       $pdata$bitvector_left_shift 000000014008c3e0     libsrtp-x86_64-x64-vc14-release:datatypes.obj
 0004:000043ec       $pdata$0$bitvector_left_shift 000000014008c3ec     libsrtp-x86_64-x64-vc14-release:datatypes.obj
 0004:000043f8       $pdata$4$bitvector_left_shift 000000014008c3f8     libsrtp-x86_64-x64-vc14-release:datatypes.obj
 0004:00004404       $pdata$6$bitvector_left_shift 000000014008c404     libsrtp-x86_64-x64-vc14-release:datatypes.obj
 0004:00004410       $pdata$7$bitvector_left_shift 000000014008c410     libsrtp-x86_64-x64-vc14-release:datatypes.obj
 0004:0000441c       $pdata$8$bitvector_left_shift 000000014008c41c     libsrtp-x86_64-x64-vc14-release:datatypes.obj
 0004:00004428       $pdata$9$bitvector_left_shift 000000014008c428     libsrtp-x86_64-x64-vc14-release:datatypes.obj
 0004:00004434       $pdata$octet_string_is_eq  000000014008c434     libsrtp-x86_64-x64-vc14-release:datatypes.obj
 0004:00004440       $pdata$srtp_octet_string_hex_string 000000014008c440     libsrtp-x86_64-x64-vc14-release:datatypes.obj
 0004:0000444c       $pdata$v128_hex_string     000000014008c44c     libsrtp-x86_64-x64-vc14-release:datatypes.obj
 0004:00004458       $pdata$v128_left_shift     000000014008c458     libsrtp-x86_64-x64-vc14-release:datatypes.obj
 0004:00004464       $pdata$1$v128_left_shift   000000014008c464     libsrtp-x86_64-x64-vc14-release:datatypes.obj
 0004:00004470       $pdata$3$v128_left_shift   000000014008c470     libsrtp-x86_64-x64-vc14-release:datatypes.obj
 0004:0000447c       $pdata$6$v128_left_shift   000000014008c47c     libsrtp-x86_64-x64-vc14-release:datatypes.obj
 0004:00004488       $pdata$7$v128_left_shift   000000014008c488     libsrtp-x86_64-x64-vc14-release:datatypes.obj
 0004:00004494       $pdata$8$v128_left_shift   000000014008c494     libsrtp-x86_64-x64-vc14-release:datatypes.obj
 0004:000044a0       $pdata$9$v128_left_shift   000000014008c4a0     libsrtp-x86_64-x64-vc14-release:datatypes.obj
 0004:000044ac       $pdata$srtp_err_report     000000014008c4ac     libsrtp-x86_64-x64-vc14-release:srtp_err.obj
 0004:000044b8       $pdata$srtp_rdbx_add_index 000000014008c4b8     libsrtp-x86_64-x64-vc14-release:rdbx.obj
 0004:000044c4       $pdata$0$srtp_rdbx_add_index 000000014008c4c4     libsrtp-x86_64-x64-vc14-release:rdbx.obj
 0004:000044d0       $pdata$1$srtp_rdbx_add_index 000000014008c4d0     libsrtp-x86_64-x64-vc14-release:rdbx.obj
 0004:000044dc       $pdata$srtp_rdbx_dealloc   000000014008c4dc     libsrtp-x86_64-x64-vc14-release:rdbx.obj
 0004:000044e8       $pdata$srtp_rdbx_init      000000014008c4e8     libsrtp-x86_64-x64-vc14-release:rdbx.obj
 0004:000044f4       $pdata$srtp_rdbx_set_roc   000000014008c4f4     libsrtp-x86_64-x64-vc14-release:rdbx.obj
 0004:00004500       $pdata$srtp_rdbx_set_roc_seq 000000014008c500     libsrtp-x86_64-x64-vc14-release:rdbx.obj
 0004:0000450c       $pdata$srtp_rdb_add_index  000000014008c50c     libsrtp-x86_64-x64-vc14-release:rdb.obj
 0004:00004518       $pdata$srtp_cipher_output  000000014008c518     libsrtp-x86_64-x64-vc14-release:cipher.obj
 0004:00004524       $pdata$srtp_cipher_type_test 000000014008c524     libsrtp-x86_64-x64-vc14-release:cipher.obj
 0004:00004530       $pdata$2$srtp_cipher_type_test 000000014008c530     libsrtp-x86_64-x64-vc14-release:cipher.obj
 0004:0000453c       $pdata$3$srtp_cipher_type_test 000000014008c53c     libsrtp-x86_64-x64-vc14-release:cipher.obj
 0004:00004548       $pdata$srtp_auth_type_test 000000014008c548     libsrtp-x86_64-x64-vc14-release:auth.obj
 0004:00004554       $pdata$2$srtp_auth_type_test 000000014008c554     libsrtp-x86_64-x64-vc14-release:auth.obj
 0004:00004560       $pdata$3$srtp_auth_type_test 000000014008c560     libsrtp-x86_64-x64-vc14-release:auth.obj
 0004:0000456c       $pdata$srtp_crypto_kernel_alloc_auth 000000014008c56c     libsrtp-x86_64-x64-vc14-release:crypto_kernel.obj
 0004:00004578       $pdata$srtp_crypto_kernel_alloc_cipher 000000014008c578     libsrtp-x86_64-x64-vc14-release:crypto_kernel.obj
 0004:00004584       $pdata$srtp_crypto_kernel_init 000000014008c584     libsrtp-x86_64-x64-vc14-release:crypto_kernel.obj
 0004:00004590       $pdata$srtp_crypto_kernel_list_debug_modules 000000014008c590     libsrtp-x86_64-x64-vc14-release:crypto_kernel.obj
 0004:0000459c       $pdata$srtp_crypto_kernel_load_auth_type 000000014008c59c     libsrtp-x86_64-x64-vc14-release:crypto_kernel.obj
 0004:000045a8       $pdata$srtp_crypto_kernel_load_cipher_type 000000014008c5a8     libsrtp-x86_64-x64-vc14-release:crypto_kernel.obj
 0004:000045b4       $pdata$srtp_crypto_kernel_load_debug_module 000000014008c5b4     libsrtp-x86_64-x64-vc14-release:crypto_kernel.obj
 0004:000045c0       $pdata$0$srtp_crypto_kernel_load_debug_module 000000014008c5c0     libsrtp-x86_64-x64-vc14-release:crypto_kernel.obj
 0004:000045cc       $pdata$2$srtp_crypto_kernel_load_debug_module 000000014008c5cc     libsrtp-x86_64-x64-vc14-release:crypto_kernel.obj
 0004:000045d8       $pdata$4$srtp_crypto_kernel_load_debug_module 000000014008c5d8     libsrtp-x86_64-x64-vc14-release:crypto_kernel.obj
 0004:000045e4       $pdata$srtp_crypto_kernel_shutdown 000000014008c5e4     libsrtp-x86_64-x64-vc14-release:crypto_kernel.obj
 0004:000045f0       $pdata$srtp_crypto_kernel_status 000000014008c5f0     libsrtp-x86_64-x64-vc14-release:crypto_kernel.obj
 0004:000045fc       $pdata$srtp_ekt_write_data 000000014008c5fc     libsrtp-x86_64-x64-vc14-release:ekt.obj
 0004:00004608       $pdata$0$srtp_ekt_write_data 000000014008c608     libsrtp-x86_64-x64-vc14-release:ekt.obj
 0004:00004614       $pdata$1$srtp_ekt_write_data 000000014008c614     libsrtp-x86_64-x64-vc14-release:ekt.obj
 0004:00004620       $pdata$2$srtp_ekt_write_data 000000014008c620     libsrtp-x86_64-x64-vc14-release:ekt.obj
 0004:0000462c       $pdata$3$srtp_ekt_write_data 000000014008c62c     libsrtp-x86_64-x64-vc14-release:ekt.obj
 0004:00004638       $pdata$srtp_stream_init_from_ekt 000000014008c638     libsrtp-x86_64-x64-vc14-release:ekt.obj
 0004:00004644       $pdata$srtp_null_cipher_alloc 000000014008c644     libsrtp-x86_64-x64-vc14-release:null_cipher.obj
 0004:00004650       $pdata$srtp_null_cipher_dealloc 000000014008c650     libsrtp-x86_64-x64-vc14-release:null_cipher.obj
 0004:0000465c       $pdata$srtp_null_cipher_init 000000014008c65c     libsrtp-x86_64-x64-vc14-release:null_cipher.obj
 0004:00004668       $pdata$srtp_aes_icm_alloc  000000014008c668     libsrtp-x86_64-x64-vc14-release:aes_icm.obj
 0004:00004674       $pdata$0$srtp_aes_icm_alloc 000000014008c674     libsrtp-x86_64-x64-vc14-release:aes_icm.obj
 0004:00004680       $pdata$2$srtp_aes_icm_alloc 000000014008c680     libsrtp-x86_64-x64-vc14-release:aes_icm.obj
 0004:0000468c       $pdata$srtp_aes_icm_dealloc 000000014008c68c     libsrtp-x86_64-x64-vc14-release:aes_icm.obj
 0004:00004698       $pdata$srtp_aes_icm_context_init 000000014008c698     libsrtp-x86_64-x64-vc14-release:aes_icm.obj
 0004:000046a4       $pdata$4$srtp_aes_icm_context_init 000000014008c6a4     libsrtp-x86_64-x64-vc14-release:aes_icm.obj
 0004:000046b0       $pdata$5$srtp_aes_icm_context_init 000000014008c6b0     libsrtp-x86_64-x64-vc14-release:aes_icm.obj
 0004:000046bc       $pdata$6$srtp_aes_icm_context_init 000000014008c6bc     libsrtp-x86_64-x64-vc14-release:aes_icm.obj
 0004:000046c8       $pdata$8$srtp_aes_icm_context_init 000000014008c6c8     libsrtp-x86_64-x64-vc14-release:aes_icm.obj
 0004:000046d4       $pdata$srtp_aes_icm_set_iv 000000014008c6d4     libsrtp-x86_64-x64-vc14-release:aes_icm.obj
 0004:000046e0       $pdata$srtp_aes_icm_encrypt 000000014008c6e0     libsrtp-x86_64-x64-vc14-release:aes_icm.obj
 0004:000046ec       $pdata$0$srtp_aes_icm_encrypt 000000014008c6ec     libsrtp-x86_64-x64-vc14-release:aes_icm.obj
 0004:000046f8       $pdata$3$srtp_aes_icm_encrypt 000000014008c6f8     libsrtp-x86_64-x64-vc14-release:aes_icm.obj
 0004:00004704       $pdata$4$srtp_aes_icm_encrypt 000000014008c704     libsrtp-x86_64-x64-vc14-release:aes_icm.obj
 0004:00004710       $pdata$5$srtp_aes_icm_encrypt 000000014008c710     libsrtp-x86_64-x64-vc14-release:aes_icm.obj
 0004:0000471c       $pdata$srtp_aes_icm_advance 000000014008c71c     libsrtp-x86_64-x64-vc14-release:aes_icm.obj
 0004:00004728       $pdata$srtp_null_auth_alloc 000000014008c728     libsrtp-x86_64-x64-vc14-release:null_auth.obj
 0004:00004734       $pdata$srtp_null_auth_dealloc 000000014008c734     libsrtp-x86_64-x64-vc14-release:null_auth.obj
 0004:00004740       $pdata$srtp_hmac_alloc     000000014008c740     libsrtp-x86_64-x64-vc14-release:hmac.obj
 0004:0000474c       $pdata$srtp_hmac_dealloc   000000014008c74c     libsrtp-x86_64-x64-vc14-release:hmac.obj
 0004:00004758       $pdata$srtp_hmac_init      000000014008c758     libsrtp-x86_64-x64-vc14-release:hmac.obj
 0004:00004764       $pdata$srtp_hmac_update    000000014008c764     libsrtp-x86_64-x64-vc14-release:hmac.obj
 0004:00004770       $pdata$srtp_hmac_compute   000000014008c770     libsrtp-x86_64-x64-vc14-release:hmac.obj
 0004:0000477c       $pdata$0$srtp_hmac_compute 000000014008c77c     libsrtp-x86_64-x64-vc14-release:hmac.obj
 0004:00004788       $pdata$1$srtp_hmac_compute 000000014008c788     libsrtp-x86_64-x64-vc14-release:hmac.obj
 0004:00004794       $pdata$aes_128_expand_encryption_key 000000014008c794     libsrtp-x86_64-x64-vc14-release:aes.obj
 0004:000047a0       $pdata$aes_256_expand_encryption_key 000000014008c7a0     libsrtp-x86_64-x64-vc14-release:aes.obj
 0004:000047ac       $pdata$aes_inv_round       000000014008c7ac     libsrtp-x86_64-x64-vc14-release:aes.obj
 0004:000047b8       $pdata$aes_round           000000014008c7b8     libsrtp-x86_64-x64-vc14-release:aes.obj
 0004:000047c4       $pdata$srtp_aes_decrypt    000000014008c7c4     libsrtp-x86_64-x64-vc14-release:aes.obj
 0004:000047d0       $pdata$srtp_aes_encrypt    000000014008c7d0     libsrtp-x86_64-x64-vc14-release:aes.obj
 0004:000047dc       $pdata$srtp_aes_expand_decryption_key 000000014008c7dc     libsrtp-x86_64-x64-vc14-release:aes.obj
 0004:000047e8       $pdata$0$srtp_aes_expand_decryption_key 000000014008c7e8     libsrtp-x86_64-x64-vc14-release:aes.obj
 0004:000047f4       $pdata$1$srtp_aes_expand_decryption_key 000000014008c7f4     libsrtp-x86_64-x64-vc14-release:aes.obj
 0004:00004800       $pdata$srtp_aes_expand_encryption_key 000000014008c800     libsrtp-x86_64-x64-vc14-release:aes.obj
 0004:0000480c       $pdata$srtp_sha1_core      000000014008c80c     libsrtp-x86_64-x64-vc14-release:sha1.obj
 0004:00004818       $pdata$srtp_sha1_final     000000014008c818     libsrtp-x86_64-x64-vc14-release:sha1.obj
 0004:00004824       $pdata$srtp_sha1_update    000000014008c824     libsrtp-x86_64-x64-vc14-release:sha1.obj
 0004:00004830       $pdata$0$srtp_sha1_update  000000014008c830     libsrtp-x86_64-x64-vc14-release:sha1.obj
 0004:0000483c       $pdata$1$srtp_sha1_update  000000014008c83c     libsrtp-x86_64-x64-vc14-release:sha1.obj
 0004:00004848       $pdata$__GSHandlerCheck    000000014008c848     MSVCRT:_gshandler_.obj
 0004:00004854       $pdata$__GSHandlerCheckCommon 000000014008c854     MSVCRT:_gshandler_.obj
 0004:0000486c       $pdata$?pre_c_initialization@@YAHXZ 000000014008c86c     MSVCRT:exe_main.obj
 0004:00004878       $pdata$?post_pgo_initialization@@YAHXZ 000000014008c878     MSVCRT:exe_main.obj
 0004:00004884       $pdata$?pre_cpp_initialization@@YAXXZ 000000014008c884     MSVCRT:exe_main.obj
 0004:00004890       $pdata$?__scrt_common_main_seh@@YAHXZ 000000014008c890     MSVCRT:exe_main.obj
 0004:0000489c       $pdata$mainCRTStartup      000000014008c89c     MSVCRT:exe_main.obj
 0004:000048a8       $pdata$__isa_available_init 000000014008c8a8     MSVCRT:_cpu_disp_.obj
 0004:000048b4       $pdata$__raise_securityfailure 000000014008c8b4     MSVCRT:gs_report.obj
 0004:000048c0       $pdata$__report_gsfailure  000000014008c8c0     MSVCRT:gs_report.obj
 0004:000048cc       $pdata$__report_rangecheckfailure 000000014008c8cc     MSVCRT:gs_report.obj
 0004:000048d8       $pdata$__report_securityfailure 000000014008c8d8     MSVCRT:gs_report.obj
 0004:000048e4       $pdata$capture_current_context 000000014008c8e4     MSVCRT:gs_report.obj
 0004:000048f0       $pdata$capture_previous_context 000000014008c8f0     MSVCRT:gs_report.obj
 0004:00004908       $pdata$__scrt_acquire_startup_lock 000000014008c908     MSVCRT:utility.obj
 0004:00004914       $pdata$__scrt_initialize_crt 000000014008c914     MSVCRT:utility.obj
 0004:00004920       $pdata$__scrt_initialize_onexit_tables 000000014008c920     MSVCRT:utility.obj
 0004:0000492c       $pdata$__scrt_is_nonwritable_in_current_image 000000014008c92c     MSVCRT:utility.obj
 0004:00004938       $pdata$__scrt_release_startup_lock 000000014008c938     MSVCRT:utility.obj
 0004:00004944       $pdata$__scrt_uninitialize_crt 000000014008c944     MSVCRT:utility.obj
 0004:00004950       $pdata$_onexit             000000014008c950     MSVCRT:utility.obj
 0004:0000495c       $pdata$atexit              000000014008c95c     MSVCRT:utility.obj
 0004:00004968       $pdata$__security_init_cookie 000000014008c968     MSVCRT:gs_support.obj
 0004:00004974       $pdata$__scrt_initialize_default_local_stdio_options 000000014008c974     MSVCRT:default_local_stdio_options.obj
 0004:00004980       $pdata$__scrt_fastfail     000000014008c980     MSVCRT:utility_desktop.obj
 0004:0000498c       $pdata$__scrt_is_managed_app 000000014008c98c     MSVCRT:utility_desktop.obj
 0004:00004998       $pdata$__scrt_unhandled_exception_filter 000000014008c998     MSVCRT:utility_desktop.obj
 0004:000049a4       $pdata$_RTC_Initialize     000000014008c9a4     MSVCRT:_initsect_.obj
 0004:000049b0       $pdata$_RTC_Terminate      000000014008c9b0     MSVCRT:_initsect_.obj
 0004:000049e0       $pdata$?filt$0@?0??__scrt_common_main_seh@@YAHXZ@4HA 000000014008c9e0     MSVCRT:exe_main.obj
 0004:000049ec       $pdata$__scrt_is_nonwritable_in_current_image$filt$0 000000014008c9ec     MSVCRT:utility.obj
 0005:00000000       __spec_table               000000014008d000     MSVCRT:_svml_dcos2_sse2_.obj
 0005:00000980       dbA1                       000000014008d980     MSVCRT:_svml_dcos2_sse2_.obj
 0005:00000990       dbA2                       000000014008d990     MSVCRT:_svml_dcos2_sse2_.obj
 0005:000009a0       dbA3                       000000014008d9a0     MSVCRT:_svml_dcos2_sse2_.obj
 0005:000009b0       dbA4                       000000014008d9b0     MSVCRT:_svml_dcos2_sse2_.obj
 0005:000009c0       dbA5                       000000014008d9c0     MSVCRT:_svml_dcos2_sse2_.obj
 0005:000009d0       dbA6                       000000014008d9d0     MSVCRT:_svml_dcos2_sse2_.obj
 0005:000009e0       dbA7                       000000014008d9e0     MSVCRT:_svml_dcos2_sse2_.obj
 0005:000009f0       dbA8                       000000014008d9f0     MSVCRT:_svml_dcos2_sse2_.obj
 0005:00000a00       dbPi4                      000000014008da00     MSVCRT:_svml_dcos2_sse2_.obj
 0005:00000a10       dbPi3                      000000014008da10     MSVCRT:_svml_dcos2_sse2_.obj
 0005:00000a20       db05                       000000014008da20     MSVCRT:_svml_dcos2_sse2_.obj
 0005:00000a30       dbHUGE                     000000014008da30     MSVCRT:_svml_dcos2_sse2_.obj
 0005:00000a40       iABSMASK                   000000014008da40     MSVCRT:_svml_dcos2_sse2_.obj
 0005:00000a50       dbPi2                      000000014008da50     MSVCRT:_svml_dcos2_sse2_.obj
 0005:00000a60       dbInvPi                    000000014008da60     MSVCRT:_svml_dcos2_sse2_.obj
 0005:00000a70       dbPi1                      000000014008da70     MSVCRT:_svml_dcos2_sse2_.obj
 0005:00000a80       dbNegRS                    000000014008da80     MSVCRT:_svml_dcos2_sse2_.obj
 0005:00000a90       dbPio2                     000000014008da90     MSVCRT:_svml_dcos2_sse2_.obj
 0005:00000aa0       MMISIGNMASK                000000014008daa0     MSVCRT:_svml_dcos2_sse2_.obj
 0005:00000ab0       PI02C_4                    000000014008dab0     MSVCRT:_svml_dcos2_sse2_.obj
 0005:00000ac0       PI02C_3                    000000014008dac0     MSVCRT:_svml_dcos2_sse2_.obj
 0005:00000ad0       PI02C_2                    000000014008dad0     MSVCRT:_svml_dcos2_sse2_.obj
 0005:00000ae0       PI02C_1                    000000014008dae0     MSVCRT:_svml_dcos2_sse2_.obj
 0005:00000af0       PI02C_0                    000000014008daf0     MSVCRT:_svml_dcos2_sse2_.obj
 0005:00000b00       RS                         000000014008db00     MSVCRT:_svml_dcos2_sse2_.obj
 0005:00000b10       MMI_ONE                    000000014008db10     MSVCRT:_svml_dcos2_sse2_.obj
 0005:00000b20       THE_PI02_INV               000000014008db20     MSVCRT:_svml_dcos2_sse2_.obj
 0005:00000b30       flAllOnes                  000000014008db30     MSVCRT:_svml_dcos2_sse2_.obj
 0005:00000b40       TWO_POW_30                 000000014008db40     MSVCRT:_svml_dcos2_sse2_.obj
